2138492
2190695
2198659
2196551
4824160
5099989
5100020
5099318
5100000
5100000
5099989
5100000
5100000
5100000
5100010
5099979
5099989
5100020
5100000
5100010
5100000
5100000
5100000
5099989
5100010
5099989
5100000
5100000
5100000
5100010
5098436
5100010
5093092
5097682
5095270
5094986
5086522
5087146
5087323
5088752
5085684
5088344
5099989
5100010
5099989
5100010
5099979
5100010
5100010
5099989
5100000
5100000
5100000
5100000
5100000
5100010
5099989
5100020
5099989
5099989
5100020
5099989
5100000
5099989
5100000
5100000
5100020
5099989
5100000
5100000
5100000
5100000
5099989
5100000
5100010
5100000
5099989
5100000
5100010
5100000
5099989
5100010
5099989
5098507
5099198
5100000
5100010
5099989
5100010
5098557
5099989
5100000
5100000
5100000
5097830
5099395
5100010
5097740
5100000
5100000
5096091
5099989
5096123
5088013
5087836
5099563
5100000
5100000
5100010
5100000
5099989
5100000
5100000
5100000
5100010
5100000
5100000
5099989
5100000
5100000
5100000
5100010
5099989
5100020
5099979
5100010
5100000
5100000
5099989
5100000
5100000
5100000
5100010
5100000
5100000
5099989
5100000
5100000
5100000
5099989
5100010
5100010
5100000
5099989
5100010
5099989
5100000
5100000
5099989
5100010
5100000
5100000
5099989
5100010
5100010
5100000
5100000
5099989
5100010
5100000
5100000
5100000
5099989
5100000
5100000
5100010
5099989
5100000
5100000
5100000
5100010
5099989
5100000
5099989
5100010
5100000
5100000
5100000
5100010
5099989
5100000
5100010
5100010
5099989
5100010
5099989
5099989
5099989
5100020
5099989
5100000
5100000
5100010
5099989
5100000
5100010
5100000
5099989
5100010
5099989
5100000
5100010
5100000
5099989
5100000
5100000
5099989
5100010
5100000
5100000
5100010
5100000
5100000
5099989
5100010
5099989
5100010
5099969
5100020
5100010
5099989
5100020
5099979
5100000
5100000
5100000
5100000
5100010
5099989
5100010
5100000
5099989
5100010
5100000
5099989
5100000
5100010
5100000
5099989
5100010
5099979
5100010
5100010
5099989
5100000
5100010
5100000
5099989
5100010
5100000
5100000
5099989
5100010
5099989
5100000
5100000
5100000
5100000
5100000
5100010
5100000
5100000
5100000
5100000
5100000
5099989
5100010
5099989
5100010
5100000
5099989
5100010
5099979
5100010
5100020
5099979
5100000
5100000
5100000
5100000
5100010
5099989
5100010
5100000
5099989
5100000
5100000
5100010
5100000
5099283
5100000
5100010
5100000
5100000
5099969
5100020
5099989
5100020
5100000
5099989
5100010
5099989
5099989
5100030
5099979
5100010
5099979
5100010
5100000
5100000
5100000
5100000
5100000
5100010
5100000
5100000
5099989
5100000
5100010
5100000
5099989
5100010
5099979
5100010
5100000
5099989
5100030
5099979
5100000
5100000
5100010
5099989
5100000
5099989
5100010
5100000
5100000
5100000
5100010
5099989
5100000
5100000
5100010
5099989
5100000
5099989
5100000
5100020
5100010
5099969
5100010
5100010
5099989
5100010
5100010
5099989
5100000
5099989
5100000
5100010
5100000
5100000
5099989
5100000
5099989
5100000
5100010
5100000
5099989
5100000
5100010
5100000
5100000
5099989
5100010
5100010
5099989
5100010
5100000
5100000
5099989
5100000
5100010
5100000
5100000
5100000
5099989
5100010
5100000
5099989
5100010
5099989
5100000
5100000
5100000
5100000
5100000
5100000
5100000
5100000
5099989
5100010
5100000
5100000
5100000
5100010
5099989
5100010
5100000
5099979
5100020
5100000
5099989
5100000
5100010
5100000
5099989
5100000
5100000
5100010
5100000
5099979
5100020
5100000
5100000
5099989
5100000
5100010
5099989
5100000
5100000
5100000
5100000
5100000
5100000
5100000
5100010
5100000
5100000
5099989
5100010
5099989
5100000
5100000
5100000
5100010
5099989
5100010
5099979
5100010
5100010
5099989
5100010
5100000
5099989
5100000
5100010
5099979
5100020
5100000
5099989
5100000
5100000
5100000
5100000
5100010
5100000
5100000
5100000
5099989
5100000
5100000
5099989
5100010
5100000
5100000
5100000
5100000
5100000
5100010
5099989
5100000
5099989
5100010
5100000
5100010
5099979
5100020
5099989
5100000
5100000
5100000
5100000
5100010
5099989
5100010
5099989
5100010
5100000
5100000
5099989
5099989
5100000
5100020
5099989
5100000
5100010
5100000
5100000
5100000
5099989
5090617
5100000
5100010
5100000
5099989
5100000
5100010
5100000
5099969
5100030
5099989
5100000
5100000
5100000
5100000
5100010
5100000
5100000
5100000
5099989
5100000
5100000
5100000
5099989
5100020
5100000
5099989
5100010
5099989
5100000
5100000
5100010
5100000
5099989
5100000
5100000
5100010
5099989
5100010
5100000
5100000
5100000
5099979
5100010
5100010
5099989
5100000
5100010
5099989
5100000
5100000
5100000
5100020
5099989
5099989
5100010
5100000
5100000
5099989
5100000
5100010
5099989
5100010
5100000
5099989
5100000
5100010
5099989
5100010
5100000
5099979
5100020
5100000
5100000
5099989
5099989
5100020
5100010
5099989
5099979
5100010
5100010
5099989
5100000
5100000
5100000
5099989
5100010
5100000
5100000
5100000
5100020
5099989
5099989
5100000
5100000
5100000
5100000
5100020
5099989
5100000
5100000
5100000
5100000
5100000
5099989
5100000
5100010
5099989
5100010
5100000
5099989
5100000
5100010
5099989
5100010
5100000
5099989
5100010
5100000
5099989
5100010
5099989
5099989
5100030
5099989
5100000
5099989
5100000
5100000
5099989
5100020
5099989
5100000
5100010
5099989
5100010
5100000
5099989
5100000
5100010
5099989
5100000
5100000
5100000
5100000
5100010
5100000
5099979
5100020
5099989
5100000
5100010
5099989
5100010
5100000
5099989
5099989
5100010
5099989
5100010
5100000
5098791
5100010
5100000
5099989
5100000
5100000
5100010
5099989
5100000
5100010
5100000
5100000
5099989
5100000
5100010
5098222
5098637
5099557
5100010
5098600
5100000
5098002
5099989
5099398
5100000
5100000
5100000
5099989
5100020
5098943
5100000
5100000
5098581
5099843
5099989
5100010
5099624
5099788
5100000
5100000
5100000
5100010
5100000
5100000
5100000
5099989
5100010
5098156
5097660
5097512
5098027
5097529
5099236
5097843
5097541
5100010
5099989
5100000
5099989
5100000
5100010
5100000
5100000
5099989
5100010
5100000
5099979
5100010
5100010
5100000
5100000
5100000
5099989
5100000
5100000
5100010
5100000
5100000
5099989
5100010
5099989
5100000
5100010
5100000
5099989
5100010
5099989
5100010
5100010
5099989
5100000
5099989
5100010
5100000
5099989
5099989
5100020
5099989
5100010
5100010
5099989
5099989
5100000
5100000
5100010
5100000
5099979
5100020
5099989
5100010
5099989
5100010
5099989
5100000
5100000
5100000
5100010
5099989
5100000
5100010
5100000
5100000
5100000
5100000
5100000
5100000
5099989
5100000
5100000
5100010
5099989
5100010
5099979
5100020
5099989
5100000
5100010
5100000
5099979
5100020
5099989
5100010
5099989
5100010
5100000
5099989
5100010
5099989
5100000
5100000
5100010
5099989
5100000
5100010
5099989
5100010
5100000
5100000
5100000
5099989
5100000
5100010
5099989
5100000
5100000
5100010
5099989
5100000
5100000
5100010
5099989
5100000
5100000
5100020
5099989
5100000
5099989
5100010
5099989
5100010
5099989
5100010
5099989
5100010
5099989
5100010
5100000
5099989
5100000
5100000
5100000
5100000
5100000
5100000
5100000
5100010
5099989
5100010
5099989
5100010
5100000
5099989
5100010
5099989
5100010
5099989
5100000
5100000
5100000
5100010
5099989
5100010
5099989
5100000
5100000
5100010
5100000
5100000
5100000
5100000
5100000
5099989
5100010
5099989
5100010
5099989
5100010
5100000
5099989
5100010
5099989
5100000
5100000
5100000
5100000
5100010
5099989
5100010
5099989
5100000
5100000
5100010
5099989
5100010
5100000
5099989
5099989
5100010
5100010
5100000
5099989
5100000
5100000
5100000
5100020
5099989
5099979
5100020
5099979
5100020
5099989
5100010
5100000
5100000
5099989
5100010
5099989
5100010
5099989
5100000
5100010
5099989
5100010
5100000
5100000
5100010
5099989
5100000
5100000
5100000
5100000
5100000
5100000
5099989
5100000
5100000
5100000
5100000
5100010
5100000
5099989
5100000
5100010
5099989
5100010
5100000
5100000
5099989
5100010
5099989
5100000
5100000
5100010
5100000
5100000
5099989
5100000
5100000
5100020
5099989
5099989
5100010
5099989
5099989
5100020
5099989
5100000
5100010
5100000
5099989
5066944
5100000
5100000
5100000
5100000
5100000
5100010
5099989
5100000
5100010
5100000
5100000
5099989
5100000
5100010
5100000
5099989
5100010
5099989
5100000
5100010
5100000
5099989
5100010
5100000
5099989
5100000
5100000
5100010
5099989
5100010
5099989
5100000
5100010
5099989
5100000
5099989
5100010
5100000
5100010
5099989
5100000
5100010
5100000
5099989
5100010
5099989
5100010
5099989
5100000
5100000
5100000
5100000
5100000
5099989
5100020
5099989
5100000
5100000
5100000
5100010
5099989
5100000
5100000
5100000
5100010
5099979
5100020
5099989
5100000
5100010
5099989
5100010
5099989
5100000
5100010
5099989
5100020
5099989
5099989
5100010
5100000
5100000
5099989
5100000
5100020
5099989
5099989
5100000
5100000
5100000
5100000
5100010
5100000
5100000
5099989
5100010
5099989
5100000
5100000
5100000
5100010
5100000
5099989
5100000
5100010
5099989
5100000
5100000
5100020
5099989
5100000
5100010
5099989
5100000
5100000
5099989
5100010
5099989
5100000
5100000
5100000
5100000
5100000
5099989
5100020
5099989
5100010
5099989
5100010
5099989
5100000
5100010
5100000
5099979
5100010
5100000
5100000
5100000
5100000
5100010
5100000
5100000
5099989
5100010
5100000
5099989
5100000
5100010
5100000
5100010
5099989
5099989
5100000
5100010
5100000
5099989
5100010
5099989
5100010
5099989
5100010
5100000
5099989
5100010
5100000
5100010
5099979
5099989
5100020
5100000
5100000
5100000
5099989
5100010
5100000
5100000
5099989
5100000
5100000
5100010
5100000
5099989
5100000
5100010
5099989
5100020
5100000
5099979
5100010
5099989
5100010
5100000
5100000
5100000
5099989
5100000
5100000
5100000
5100010
5099989
5100000
5100000
5100010
5100010
5099979
5100010
5100000
5099989
5100000
5100020
5100000
5099979
5100010
5099989
5100000
5100000
5100000
5100000
5100010
5100000
5100000
5099991
5100010
5099989
5100010
5100000
5099989
5100000
5100020
5099979
5100000
5100000
5100000
5100000
5099989
5100020
5099989
5100000
5100000
5100000
5100000
5100010
5099979
5100020
5100000
5100000
5099979
5100020
5100000
5099989
5100010
5100000
5099989
5100010
5099989
5100000
5100000
5100000
5100000
5100000
5100010
5100000
5100000
5100000
5099989
5100010
5099989
5100000
5100010
5100000
5099989
5100010
5100000
5100000
5099989
5100000
5100010
5100000
5099989
5100010
5100000
5099989
5100010
5099989
5100010
5099989
5100000
5100000
5100000
5100010
5099989
5100000
5100010
5100000
5099989
5100000
5100010
5099989
5100010
5099989
5100000
5100010
5100000
5099989
5100000
5100000
5100010
5100000
5099989
5100010
5099989
5100010
5100010
5099989
5099989
5100010
5067379
5099989
5100000
5100000
5100010
5100000
5100000
5099989
5100000
5100010
5099989
5100000
5100000
5100000
5100010
5100000
5099989
5100010
5100000
5099979
5100020
5100000
5100000
5099979
5100010
5100000
5100010
5099989
5100000
5100000
5100010
5100000
5100000
5099989
5100010
5100000
5099989
5100000
5100000
5100010
5099989
5100000
5100000
5100010
5099989
5100000
5100010
5099989
5100010
5100000
5100000
5100000
5100000
5099989
5100010
5100000
5100000
5100000
5100000
5099989
5099989
5100010
5100000
5100010
5100000
5100000
5100000
5100000
5099989
5100000
5100010
5099989
5100010
5100000
5099979
5100000
5100020
5099989
5100010
5099979
5100000
5100000
5100010
5100010
5099989
5100000
5100000
5100010
5100000
5099989
5099989
5100010
5100000
5100010
5100000
5100010
5099989
5100000
5100000
5100000
5100000
5100000
5100000
5100000
5100000
5100000
5100010
5099989
5100000
5100000
5100000
5100000
5100000
5100000
5100000
5100010
5099989
5100010
5099989
5100000
5100000
5100010
5099989
5100000
5099989
5100010
5100000
5100000
5100000
5099989
5100010
5100000
5100000
5100000
5099989
5100010
5100010
5100000
5099989
5100000
5100000
5100000
5100000
5099979
5100020
5100000
5100000
5100010
5099989
5100000
5099989
5100000
5100010
5100010
5100000
5099989
5100000
5100000
5100000
5100000
5100000
5100000
5099989
5100000
5100010
5100000
5100000
5100000
5100010
5099989
5100000
5100000
5100000
5100000
5100000
5100010
5099989
5100000
5100000
5100000
5100000
5100000
5100010
5099989
5100000
5100000
5100000
5100000
5100000
5100000
5100000
5100010
5099989
5100000
5100000
5100000
5100000
5100000
5100000
5100000
5100000
5100000
5100000
5100000
5100010
5099989
5100000
5100000
5100000
5100000
5099373
5100010
5099989
5100000
5100000
5100000
5100000
5100000
5100000
5099811
5097881
5100000
5100000
5098314
5099373
5100010
5100000
5097477
5097675
5100000
5097692
5097692
5100000
5100000
5097214
5100000
5097531
5097019
5099863
5097319
5100000
5100000
5100010
5097682
5099611
5098906
5095363
5099426
5096337
5097604
5096477
5100010
5097568
5099699
5096486
5099247
5100000
5097697
5095866
5095369
5100000
5091022
5093279
5100000
5097688
5093145
5093572
5096076
5097933
5100000
5100010
5099119
5097178
5095238
5094283
5095879
5094875
5097371
5097195
5095121
5100000
5100000
5098600
5096262
5100000
5100000
5097690
5099509
5096601
5098217
5096797
5097698
5097151
5092711
5095321
5092858
5093641
5097285
5098425
5097077
5098534
5099989
5099287
5097069
5093484
5099709
5096459
5092825
5097694
5096071
5093837
5096587
5094214
5099583
5094019
5095585
5097428
5096360
5099336
5099588
5100000
5097975
5099825
5097715
5098560
5098559
5100000
5096202
5100000
5097399
5099312
5098813
5098535
5099614
5093858
5097764
5099104
5097384
5099989
5099532
5096863
5091852
5099039
5097433
5099979
5100010
5098595
5099444
5098695
5099450
5099662
5098448
5096765
5099274
5098778
5099286
5100010
5100000
5099989
5098563
5099301
5098571
5099944
5098690
5094175
5096193
5089295
5097227
5098861
5100020
5099989
5100000
5099989
5099302
5100000
5100010
5099989
5100000
5099989
5100010
5100000
5100000
5100010
5099979
5100010
5100000
5100000
5100000
5100000
5099989
5100010
5100000
5100000
5100000
5100000
5100010
5099979
5100010
5100000
5100000
5100000
5100000
5100000
5099989
5100020
5099989
5100000
5100000
5100000
5100000
5100000
5100000
5100000
5100000
5099989
5100010
5100000
5100000
5099989
5100010
5100000
5100000
5100000
5100000
5100000
5100010
5099989
5100000
5099989
5100010
5100000
5100010
5099989
5100000
5100000
5100000
5100000
5100000
5100000
5100000
5097837
5100000
5100000
5092061
5083333
5096567
5099989
5100010
5100010
5099989
5097804
5092072
5094333
5083333
5089472
5086262
5085675
5088018
5090370
5091576
5089502
5091174
5086042
5087664
5091738
5091308
5085692
5083333
5080740
5062050
5083756
5087703
5084096
5083332
5090317
5100000
5098655
5096748
5095165
5096324
5094909
5088206
5099989
5100010
5100000
5099280
5100000
5099277
5100000
5099989
5100010
5100000
5100000
5100000
5100000
5100000
5100000
5100000
5100000
5099989
5100010
5100010
5099989
5100000
5100000
5100000
5099989
5100010
5100000
5100000
5100000
5100000
5100000
5100000
5100010
5099979
5100020
5099989
5100000
5100000
5100000
5100010
5099989
5100000
5100010
5099989
5100000
5100000
5100000
5100000
5100000
5100010
5099989
5100000
5100000
5100000
5100000
5100000
5100000
5100000
5100000
5100010
5099989
5100000
5100000
5100000
5100000
5100010
5099989
5100000
5100000
5100000
5100000
5100000
5100000
5100000
5099989
5100010
5100000
5100000
5100000
5100000
5100000
5100000
5100000
5100000
5099979
5100020
5100000
5100000
5100000
5100000
5100000
5100000
5100000
5100000
5100000
5100000
5100000
5100000
5100000
5100010
5100000
5099989
5100000
5100000
5100000
5100000
5100000
5100000
5099989
5100000
5100010
5100010
5099989
5100000
5100000
5100000
5100000
5100000
5100000
5100000
5100010
5099989
5100000
5100000
5100000
5100000
5100000
5100000
5100000
5100010
5099989
5100000
5100000
5099989
5100010
5100000
5100010
5099989
5100000
5099989
5100010
5100000
5100000
5100000
5100010
5099989
5100000
5100000
5100000
5100000
5100000
5100000
5100000
5100010
5099979
5100010
5100000
5099989
5100010
5100000
5100000
5100010
5099989
5100000
5100000
5100000
5100010
5099989
5100000
5099979
5100020
5100000
5100000
5100000
5100000
5100000
5100000
5100000
5100000
5100000
5100010
5099989
5100000
5100000
5100000
5099989
5100000
5100010
5100000
5100000
5100000
5100000
5100000
5100000
5100000
5100000
5100000
5100000
5100000
5100000
5100000
5100000
5100000
5100000
5100000
5100000
5100000
5100000
5100000
5100000
5100000
5100000
5100000
5100000
5100000
5100000
5100000
5100000
5100000
5100000
5100000
5100010
5099989
5100000
5100010
5099989
5100000
5100000
5100000
5100000
5100010
5099989
5100000
5100000
5100000
5100000
5100000
5100010
5099989
5100010
5099989
5100000
5100000
5100000
5100000
5100000
4912104
5099989
5100010
5100000
5100000
5100000
5100000
5100000
5100000
5100000
5100000
5100000
5100010
5099979
5100010
5100000
5100000
5100010
5099989
5100000
5100010
5099989
5100010
5099989
5100000
5100010
5099989
5100010
5099989
5100000
5100000
5100000
5099989
5100010
5100000
5100000
5100000
5100000
5100000
5100000
5100010
5098513
5099605
5100000
5100000
5100000
5100010
5099989
5100000
5100000
5100000
5100010
5099989
5100000
5098367
5097693
5100000
5084474
5100000
5098290
5098019
5098473
5095229
5096777
5097199
5100010
5097431
5097509
5095660
5099319
5094808
5098360
5099765
5096406
5098410
5100000
5097807
5097123
5100000
5096762
5099495
5099498
5097360
5097681
5100000
5100000
5092910
5096182
5100000
5097309
5092823
5094675
5092202
5095392
5100000
5097654
5097671
5098740
5096033
5099870
5100000
5098563
5100000
5100010
5099989
5100000
5100000
5100000
5098069
5095179
5094749
5099658
5100000
5100000
5100000
5100000
5100000
5100000
5095365
5090743
5095386
5097524
5093061
5093917
5097282
5095665
5097673
5100000
5100000
5097692
5097222
5097549
5093079
5097222
5090340
5092652
5096494
5094467
5093643
5098428
5093055
5093093
5087072
5094364
4906291
5097697
5092561
5094984
5089300
4968801
5100000
5095273
5087994
5092706
5091572
5095369
5090559
5094912
5090773
5093065
5093083
5095369
5093046
5090798
5092977
5093059
5094335
5090352
5092137
5088545
5092689
5092714
5085667
4961596
5090716
5093031
5092956
5093857
5090336
5085682
5083333
5092253
5083785
5085673
5085674
5089074
5084603
5089825
5086057
4895822
5097065
5088962
5086521
5083343
5089481
5088012
5089042
5086450
5091890
5085695
5088029
5087999
5088350
5087833
5088286
5092874
5091367
5089613
5091400
4901733
5091950
5093759
5091717
5092723
5097884
4972307
5098396
4974126
5099989
4904315
5100010
5099989
5100000
5100010
5099989
5100000
5100000
5100000
5100000
5100000
5100000
5100000
5100000
5100000
5100000
5100010
5099979
5100010
5100000
5100000
5100000
5100000
5100000
4987367
5082958
5100000
5095146
4971832
5099139
5099989
5100010
5100000
5100000
5100000
5100000
5100000
5100000
5100010
5099979
5100010
5100010
4926126
5013173
5050392
5099989
5100010
5099812
5100000
5100000
5099371
5098485
5100000
4973494
4959412
5094473
5089368
5092350
5001560
5061915
5094104
5097123
5096862
5100000
4958551
5088544
5096327
5097828
5099254
5097086
5097113
5100000
5097849
5094544
5092832
5100000
5095665
5097800
5084019
4977538
5094790
5100010
5099979
5100020
5099989
5100000
5094263
5092841
5096552
5094125
5098596
5099989
5090297
5097707
5099979
5097857
5091254
5100000
5096262
5098402
5098125
5100000
5100000
5095614
5100000
5099989
5098524
5100000
5099246
5099283
4967888
5095727
5100010
4967244
5100000
4901591
5099989
5099263
5096363
5100000
5076634
4925008
5097677
4919643
5093543
5099304
5078846
4933061
4900683
5099152
5100000
5100000
5097113
5059119
5013395
4972958
5099989
4900768
5091439
4986876
5084365
5100000
5100010
5099989
4971064
5093959
5098471
4905589
5100000
4977312
5100000
4967007
5100000
4972592
4968913
5093042
5100000
4899986
5093695
4954935
5098062
4912023
5100000
5100000
5100000
4964910
4943511
5059413
4969144
5100000
5100010
5100000
4914592
5099979
4904463
5100000
4960145
4913809
5100010
5099989
4918170
5100000
4963930
5094961
4973651
5092085
4903065
5070998
4996699
4972820
5099379
4976848
5098812
4904792
5099466
4975031
5094958
4897617
5097185
4970426
5098931
4969173
5099283
4963730
5024271
4986126
4968121
4941786
5072349
4972320
5003755
5052158
4974299
5100000
5002286
5006445
4972919
4925717
5082539
4959768
4969085
5100000
4978702
5100000
4900782
5034911
5035883
4965020
4978724
5098396
4917735
4914016
5099428
4907110
4911021
5099773
4966765
4964221
5073813
4991186
4904557
4909715
5100000
4968320
5100000
4917910
4913426
5099055
4969086
4909594
5097929
4909841
5097928
4963254
4905464
5096826
4972142
4990049
5075179
4904369
5099514
4901127
4905858
5020363
5046599
4908112
4917030
5097928
4914955
4960463
5019740
5040391
4977219
4973995
4904459
5065952
4935216
4909474
5023569
4967305
5033489
5037440
4907773
5021532
5035996
4911418
4969294
5100000
4969802
4955646
4911463
5062488
5006166
4972935
4907613
5083239
4931499
4840916
4974948
5100000
4912932
5100010
4901900
4969701
5057835
4938620
4912079
4907911
5099722
4971539
4911506
4966820
5025927
5001813
4947575
4909117
5060306
4952493
4964951
4978738
4920058
4981910
5023358
4916045
4906721
5034253
4979089
4905783
4896897
5071553
4932565
4967042
4966907
4913614
5047781
5028154
4903487
4905308
4905251
5100000
4974908
4967443
4901840
4903559
4959761
5007401
4937823
4967311
4977473
4974037
5010375
5055732
4961933
4965808
4961311
4901786
4902506
4998223
5062016
4965171
4919083
4977641
4980493
4899239
4975416
5006298
5062285
4979666
4920900
4915721
4906284
4975248
5026225
5041047
4965745
4916531
4966067
4963395
4963732
4960998
4955960
4894466
4991423
4983087
4934730
4896918
4958850
4962287
4907204
4912804
4913238
4956524
5018381
4933334
4964213
4912400
5027771
4965038
4983287
4967070
4971219
4912347
4895665
4970118
4847206
4916817
4909492
4990166
5027476
4972010
4913156
4975038
4903618
4957778
4966024
4915231
4981482
5012277
4969990
4917286
4898662
4951352
4958083
4907422
4905734
4913399
4958281
4914393
4895342
4988731
4926840
4958985
5055967
4967487
4970056
4969775
4904572
4905101
4940315
4971840
4972653
4950476
4909704
4963744
4911810
4990706
5050449
5002602
4903724
4911163
4898212
4965981
4958302
4925036
4905469
4985128
5013117
4921059
4910985
4900618
4912520
4902871
4979136
4911395
4906338
4912522
4960657
5004074
4957593
4958476
4971596
4969587
4897550
4917547
4964290
4968210
4946220
5013750
4964231
4910598
4980957
4966282
4909684
4902943
4962549
4971073
4916002
4908015
4968375
4994867
5078424
4973280
4927901
4940263
4912034
4969646
4904135
4916417
4910238
4906013
5007139
4988365
4931771
4953811
4973299
4963152
4919043
4921387
4915519
4903490
4976278
4907500
4931239
5006500
5034124
4962447
4904279
4920389
4908700
4907530
4906219
4914583
5001414
4991629
4969110
4935914
4935770
4911724
4975929
4846990
4907441
4896101
4905993
4908641
4933177
4885997
4965347
5058991
5004792
4972815
4907507
4906902
4953094
4902265
4963741
4901161
4912970
4971711
4851690
4929422
5007702
4979040
4915171
4884078
4995725
4945757
4904610
4891511
4903977
4965776
4905238
4970465
4968897
5006289
4934023
4983159
4975461
4962629
4902516
4913545
4907679
5006526
4949153
4895957
5033654
4971126
4907455
4971685
4968119
4965440
4961293
4915456
4966160
4909590
4958493
4899325
4906730
4958368
5009084
5010153
4956855
4903012
4899416
4971907
4975364
4908220
4902946
4972388
4906469
4932934
5003676
4961323
4916073
4903613
4911856
4961289
4963903
4959634
4908991
4907827
4974679
4963139
4906022
4963354
4971006
4903793
4934477
5009655
5001188
4923317
4900293
4962526
4872659
4933128
4902719
4971006
4911521
4956966
4962788
4910540
4967133
4909295
4910271
4952680
4903003
4907218
4930346
4895362
4960420
4903828
4988863
4894897
4902915
4967862
4898090
4991616
4946518
4956428
4964158
4910419
4942411
4887473
4962275
4913537
4897793
4959036
4904355
4953384
4898154
4964457
4948100
4974671
4891903
4968589
4903397
4896758
4953718
4914783
4906455
4903829
4902348
4951111
4953620
4902232
4906343
4899815
4969196
4945001
4894899
4882111
4934098
4912884
4907053
4955541
4951465
4903374
4911135
4958979
4893027
4903601
4963943
4899808
4960874
4950427
4911012
4923765
4957312
4903541
4968420
4901771
4964251
4896124
4826344
4866892
4903507
4906477
4904133
4964975
4898547
4903758
4892880
4894942
4917495
4953138
4971706
5007503
4910251
4869174
4874818
4952811
4898483
4961492
4943081
4900577
4947494
4900640
4905335
4969821
4948357
4898597
4961948
4892049
4914275
4879236
4963473
4960339
4898435
4904893
4905517
4892319
4895020
4952616
4953674
4899711
4960798
4942666
4816032
4873623
4904839
4893000
4965035
4955502
4965379
4898106
4903548
4945580
4899285
4951160
4868996
4874527
4877695
4951249
4888711
4903447
4966366
4961526
4944467
4870557
4824985
4928132
4952120
4948661
4884567
4896249
4895963
4962437
4905824
4873250
4910482
4945562
4896957
4895434
4947382
4950689
4948867
4844999
4816791
4941812
4887787
4923877
4951410
4944076
4894383
4943934
4885829
4852202
4818083
4836357
4985372
4809856
4981717
4858719
4913052
4947116
4903002
4990539
4944031
4931595
4871496
4806450
4916799
4938066
4893911
4933723
4901432
4897860
4842785
4832567
4901873
4906594
4883283
4952189
4872489
4959076
4947728
4938710
4917324
4862088
4870111
4873011
4899722
4946894
4881131
4931832
4893791
4944204
4809562
4822924
4909269
4889202
4889393
4951406
4889282
4929976
4888673
4911911
4853307
4949291
4938857
4891448
4890944
4887110
4926316
4856659
4958905
4930457
4891396
4930087
4935444
4855798
4859757
4863053
4943510
4929557
4880181
4890704
4892311
4944281
4944889
4883191
4849477
4920069
4885268
4950091
4881420
4874956
4944663
4881644
4859329
4851444
4950531
4889663
4937011
4928841
4878185
4877427
4883403
4866419
4889222
4948925
4955883
4898209
4928326
4930839
4819702
4862346
4857468
4856685
4892556
4948688
4884405
4890417
4918631
4802534
4863726
4940100
4937792
4936034
4883537
4880933
4893162
4902965
4786876
4859984
4887103
4950396
4942135
4884402
4892523
4882258
4869110
4812437
4837489
4901122
4930186
4897737
4890644
4941909
4848446
4862831
4856008
4902924
4872923
4934558
4948892
4931674
4933932
4863837
4858312
4908151
4923287
4881373
4932587
4878778
4876798
4903191
4809080
4888022
4894662
4923991
4925553
4875069
4918068
4848851
4809526
4798626
4876730
4942359
4868764
4879854
4876874
4837171
4837126
4852717
4866898
4929385
4922241
4925227
4919759
4762729
4858530
4931174
4929374
4868381
4921013
4915782
4868345
4862056
4871756
4796482
4925817
4930656
4860680
4921161
4877375
4926903
4808044
4911095
4982989
4866456
4827673
4801043
4824552
4929232
4864064
4878652
4872936
4909832
4920967
4861058
4783547
4863769
4919028
4875295
4871174
4920364
4876357
4869586
4858586
4841717
4845204
4930360
4921480
4882761
4873198
4874585
4892449
4827860
4854641
4855315
4920467
4932302
4864266
4908593
4863864
4928238
4847241
4834511
4825132
4861712
4923396
4920298
4935768
4873232
4925532
4892280
4789499
4819419
4923465
4869204
4908220
4874282
4917188
4866723
4868198
4860624
4856762
4918827
4890758
4866504
4897608
4920653
4833078
4859157
4881090
4868479
4895127
4872169
4905260
4871035
4872042
4875960
4905388
4847506
4928660
4909690
4879876
4869334
4875539
4817638
4914185
4861963
4866436
4908770
4865694
4876789
4847754
4848319
4933067
4874463
4908652
4867778
4868609
4911250
4897858
4848235
4797628
4969126
4910146
4841922
4775691
4870937
4910278
4922251
4921498
4854855
4874890
4855783
4837084
4869548
4911806
4914940
4913217
4911675
4840808
4808965
4853188
4932961
4903043
4915879
4904441
4857317
4917854
4837074
4838978
4906029
4874834
4858762
4916928
4901986
4868918
4923938
4804652
4860419
4905729
4871850
4871388
4853371
4867403
4864608
4832503
4779283
4902185
4902624
4851716
4867987
4862913
4912197
4830236
4852719
4905569
4919066
4877639
4929496
4853118
4911742
4904287
4917382
4866582
4921698
4789271
4843873
4918544
4822753
4864339
4916740
4911663
4905217
4846591
4912411
4828284
4872510
4862795
4865475
4868768
4895167
4785741
4794606
4903337
4912193
4864661
4901809
4871068
4915022
4878239
4794563
4788564
4891457
4869107
4919171
4856562
4878094
4851706
4789798
4865024
4911118
4825454
4907115
4853224
4810492
4836701
4877138
4918648
4876338
4864387
4907858
4853494
4810753
4901425
4917336
4908033
4903095
4804736
4837688
4905494
4864917
4902961
4857009
4915052
4895499
4754953
4857580
4873195
4868907
4903247
4849841
4769310
4910599
4869237
4861419
4872869
4838053
4831110
4849394
4911200
4912750
4849742
4852638
4805297
4848877
4788564
4856591
4898838
4904092
4775609
4880723
4918492
4856385
4893258
4894526
4838093
4829675
4834046
4905059
4847093
4906087
4901465
4900649
4845511
4834627
4835128
4845580
4848964
4900379
4865293
4895248
4875815
4791921
4866078
4855902
4859815
4900519
4818194
4804639
4915812
4910189
4799132
4785653
4870814
4854106
4858350
4853901
4851043
4928980
4829860
4895309
4867011
4901100
4900905
4904188
4826610
4757034
4866992
4898868
4906422
4858364
4897577
4832868
4812934
4910384
4845591
4883738
4770665
4862649
4857521
4800433
4854774
4816499
4785913
4780151
4867113
4860134
4902199
4903501
4896913
4833673
4832815
4873613
4870589
4893129
4851428
4850742
4832321
4812332
4904875
4843195
4858120
4836122
4902649
4896235
4851590
4844971
4702607
4848559
4852555
4861988
4897402
4834087
4860115
4848797
4858230
4826881
4901614
4808963
4824419
4784651
4865675
4896670
4852273
4852712
4835451
4824429
4815704
4890327
4898278
4817756
4851578
4887975
4883650
4847679
4808058
4817212
4902322
4929910
4899859
4800402
4817726
4852700
4890237
4841623
4844736
4894884
4851978
4829765
4829474
4833550
4845403
4854022
4887721
4817888
4845352
4704151
4845027
4890863
4854077
4822269
4732339
4852647
4895433
4825613
4776043
4799533
4946464
4855318
4783383
4797687
4892361
4853542
4837439
4885215
4798376
4881786
4845107
4897959
4879131
4791459
4812487
4852398
4819603
4834518
4801573
4753907
4892669
4895569
4742896
4841093
4887416
4845904
4740749
4887154
4821591
4885141
4816178
4842310
4820568
4772349
4895469
4795791
4892600
4831306
4755609
4839639
4846567
4839476
4799157
4830098
4885603
4730801
4875446
4854417
4797800
4792429
4844698
4844021
4839506
4769780
4822582
4844073
4820408
4740729
4826537
4829855
4881464
4840448
4716353
4834977
4848023
4816761
4887682
4723028
4874173
4845202
4818878
4731867
4819879
4853120
4848134
4749759
4819708
4822600
4865919
4798839
4819757
4817495
4807413
4839506
4818106
4861506
4786434
4843196
4815817
4792101
4843087
4699012
4849831
4864876
4727854
4893440
4691806
4959217
4842418
4833055
4730602
4894440
4793942
4821430
4770983
4834801
4789660
4772505
4870996
4872552
4753953
4793296
4892244
5000000
4741232
4835043
4810186
4822752
4732070
4821769
4818969
4779181
4777048
4834558
4765030
4776098
4895857
4811861
4774032
4870593
4793145
4841739
4798258
4815539
4840596
4873999
4790642
4758579
4894531
4838064
4683512
4826318
4832994
4811951
4778344
4851160
4678166
4827407
4874135
4786512
4788726
4839359
4810844
4655253
4885180
4873866
4778761
4848080
4787169
4808060
4894511
4750245
4810794
4840358
4837576
4711886
4882375
4811026
4771696
4767573
4812802
4835859
4810792
4700565
4840795
4776681
4878060
4771180
4842035
4729759
4850634
4795255
4838097
4844208
4704901
4889886
4777727
4847902
4841464
4739282
4742684
4889648
4732098
4824611
4838800
4783870
4724763
4808157
4880656
4826172
4815007
4776091
4873531
4749914
4827430
4840362
4679822
4845725
4672401
4941126
4799470
4775505
4769791
4849576
4786140
4888385
4673581
4842988
4740666
4885579
4737565
4869747
4820753
4748634
4836000
4745240
4779295
4868752
4742183
4782914
4894445
4738139
4834974
4775699
4842637
4824780
4770452
4856375
4706886
4884477
4740281
4852593
4762760
4868562
4697589
4807490
4834097
4789363
4856730
4726011
4895435
4773082
4895388
4784629
4780718
4802314
4806300
4731220
4834887
4841512
4782726
4869605
4746338
4835947
4746036
4842972
4828913
4695880
4756292
4841052
4820648
4743867
4756427
4807808
4821695
4760744
4835463
4758859
4778848
4809572
4742945
4844058
4813464
4807019
4814396
4770566
4847113
4745652
4874438
4723829
4890480
4784675
4833449
4765580
4863347
4780309
4785083
4811933
4771472
4830907
4794251
4846842
4767623
4838978
4728588
4890877
4828395
4728518
4819769
4813559
4856703
4846777
4831669
4812597
4858863
4780539
4836724
4798736
4723168
4823016
4838738
4667927
4899027
4741088
4891857
4781191
4774571
4766142
4800592
4810768
4759021
4804748
4834341
4684920
4850651
4739415
4821388
4811420
4808920
4702189
4781670
4851299
4780203
4837730
4778746
4868061
4400000
4362729
4200000
4200008
4199991
4200000
4007715
3999992
4000000
4000007
3999992
4000000
4000007
4000000
3999992
