1806876
2213895
4572286
5100000
5100010
5100000
5100000
5100000
5100000
5099989
5100020
5099969
5100020
5100000
5100000
5100000
5100000
5100000
5100000
5100000
5100000
5100000
5100010
5099979
5093059
5094478
5093988
5095394
5090972
5095174
5090190
5088976
5089418
5094364
5088605
5090522
5085578
5085663
5095948
5100010
5098211
5087753
5085671
5086888
5095778
5100000
5100000
5100000
5100000
5100000
5099267
5099267
5097813
5099989
5100000
5100000
5100000
5100000
5100010
5100000
5099989
5100000
5100000
5100010
5099989
5100000
5100000
5100000
5100000
5099989
5100010
5100000
5100000
5100000
5100000
5100000
5100000
5100010
5099979
5100010
5100000
5100010
5099989
5100000
5100010
5099989
5100000
5100000
5099989
5100010
5100000
5100010
5099989
5099989
5100010
5100000
5100000
5100010
5099989
5100000
5100000
5100000
5100000
5100000
5098554
5099718
5099989
5100010
5099989
5095625
5099343
5097702
5097690
5098013
5097716
5099788
5097885
5093554
5095365
5100000
5097692
5100000
5100000
5099989
5095615
5096652
5097693
5099313
5099453
5098869
5098387
5100000
5097809
5093853
5098755
5093807
5090933
5096707
5090357
5089716
5100000
5097413
5094918
5092549
5094335
5099629
5094295
5092289
5093886
5095382
5098138
5099267
5097215
5100000
5099989
5098647
5098131
5099989
5098574
5100000
5100000
5099289
5100010
5099989
5100010
5099989
5094291
5092575
5086525
5090736
5089104
5088030
5088090
5085579
5086501
5095371
5086818
5085674
5088053
5090325
5083961
5090052
5089521
5088937
5085683
5083324
5083343
5083323
5083332
5087454
5083877
5097184
5098215
5100000
5100010
5100000
5099989
5100000
5100000
5100000
5100000
5100000
5100010
5099989
5100000
5100000
5100000
5099989
5099989
5100030
5099989
5100000
5100000
5100000
5100000
5100000
5100000
5100000
5100000
5100000
5100010
5099989
5100000
5100000
5100000
5100010
5099989
5100010
5099969
5100010
5100010
5099989
5100010
5100010
5099989
5100010
5100000
5099979
5100010
5100000
5100000
5100000
5100000
5100000
5100010
5099989
5100000
5100000
5100010
5099989
5099989
5100020
5099989
5100000
5100000
5100000
5100000
5100010
5099989
5100000
5100000
5100000
5100000
5100010
5099989
5100000
5100000
5100000
5100000
5100000
5100000
5100000
5099989
5100010
5100010
5099989
5100000
5100000
5100000
5100000
5100000
5099989
5100020
5099989
5100000
5100000
5100000
5100000
5100000
5100010
5099989
5100000
5100000
5100000
5100000
5100000
5100000
5100000
5100000
5100000
5100000
5099979
5100020
5100000
5100000
5099979
5100020
5100000
5100010
5099989
5100000
5099979
5100030
5100000
5099989
5100000
5100000
5100000
5100000
5100000
5100000
5100010
5099989
5100000
5099979
5100020
5100010
5099989
5100000
5100000
5100000
5100000
5100000
5099979
5100020
5100010
5099989
5100000
5099989
5100010
5100000
5099989
5100010
5100000
5100010
5099989
5100000
5100000
5100000
5100000
5100000
5099979
5100030
5100000
5099989
5100000
5100010
5099989
5100000
5100010
5099989
5100000
5100000
5100010
5100000
5099989
5100010
5100000
5099989
5100010
5099989
5100000
5100000
5100010
5099989
5099989
5100010
5100000
5100000
5100000
5100000
5100000
5099979
5100020
5100000
5100000
5100000
5100000
5100000
5100000
5100000
5100010
5099989
5100000
5100000
5100000
5099979
5100020
5100000
5100010
5100000
5099989
5100000
5100000
5100000
5100000
5100000
5100000
5100000
5100000
5100000
5100000
5100000
5100000
5099989
5100020
5099989
5100000
5100000
5100000
5100000
5100000
5100000
5100000
5100000
5100010
5099989
5100000
5100000
5100000
5100010
5100000
5099989
5099989
5100010
5100000
5100000
5099989
5100010
5100000
5100000
5100000
5099989
5100010
5100000
5100000
5100010
5099989
5100000
5100000
5100000
5100000
5100000
5099989
5100010
5100000
5100010
5099989
5099989
5100010
5099989
5100010
5100000
5100000
5099898
5100101
5100000
5100000
5100000
5098577
5100010
5099989
5099989
5100010
5100010
5099979
5100000
5100010
5099989
5100010
5100000
5100000
5100000
5100010
5099989
5100010
5099100
5098589
5100000
5100000
5100000
5100000
5100000
5099754
5097707
5099989
5100000
5099480
5100000
5098959
5100010
5100000
5100000
5098440
5099989
5100000
5099332
5100000
5100010
5099989
5099352
5098083
5097827
5100000
5099989
5099960
5099306
5100000
5100000
5099668
5099853
5099969
5098827
5098807
5100000
5099454
5100000
5100000
5096465
5099899
5100000
5099598
5100000
5100000
5100010
5099479
5100000
5099234
5098861
5100000
5100000
5099155
5100000
5099266
5100010
5099989
5099989
5100010
5100000
5099283
5096666
5100010
5099169
5100000
5097635
5100000
5100000
5100000
5100000
5100000
5096591
5099663
5099103
5096759
5099340
5099970
5098551
5097447
5097403
5097798
5100000
5096214
5100000
5099979
5099304
5100000
5098219
5099281
5099534
5097679
5100000
5095860
5097957
5098089
5097322
5097987
5100000
5100000
5096924
5100010
5096584
5100000
5098842
5100010
5099279
5100000
5099267
5100000
5097436
5098803
5100010
5100000
5100000
5097604
5100000
5100000
5100010
5099023
5100010
5099658
5098186
5100000
5099273
5100000
5098270
5098394
5099372
5098538
5100000
5100000
5100000
5099280
5100000
5099290
5099208
5098661
5100000
5100000
5100000
5100000
5099301
5099434
5099117
5100010
5100000
5099989
5100000
5100000
5099979
5100020
5100000
5100000
5100000
5100000
5100000
5100000
5100000
5100000
5100000
5100000
5100000
5100000
5100010
5099989
5100000
5100000
5100000
5100000
5100000
5100000
5100000
5100000
5100000
5099989
5100020
5099989
5100000
5100000
5100010
5099989
5100000
5100000
5100000
5099989
5100010
5100010
5099979
5100010
5100000
5100000
5099989
5099989
5100020
5100000
5100000
5100010
5100000
5099989
5100000
5100000
5100000
5100010
5099989
5100000
5100010
5099989
5099989
5100010
5100000
5100000
5100010
5099989
5100010
5099989
5100010
5100000
5099989
5100000
5100000
5100000
5100000
5099989
5100010
5100000
5100000
5100000
5100000
5100000
5100000
5100000
5100010
5099989
5100000
5100000
5100000
5100010
5099989
5100000
5100000
5100000
5100000
5100010
5099989
5100000
5099989
5100010
5100000
5100000
5100000
5100010
5099989
5100000
5100000
5100010
5099989
5100000
5099989
5100010
5100000
5100000
5099989
5100010
5100000
5099979
5100020
5100000
5100010
5099989
5100000
5100000
5100010
5100000
5099989
5100000
5100000
5100010
5099989
5100000
5100000
5100000
5100000
5100000
5099989
5100020
5099989
5100010
5099989
5100010
5099979
5100010
5099989
5100010
5100000
5100000
5100000
5100000
5099989
5100010
5100000
5100000
5100010
5099989
5100010
5099989
5100000
5100010
5099989
5100000
5099989
5100010
5100000
5100000
5100000
5100000
5100000
5100000
5100000
5100000
5100010
5099989
5100010
5099989
5100000
5100000
5100000
5100000
5100000
5100000
5100010
5099989
5100010
5099989
5100000
5100000
5100000
5100000
5099989
5100010
5100000
5100000
5100000
5100010
5099989
5100000
5100000
5100000
5100010
5099989
5100000
5100010
5099989
5100000
5100000
5100000
5100000
5099979
5100030
5099989
5100000
5100000
5100000
5100000
5100000
5100000
5100000
5100000
5100000
5099989
5100010
5100000
5100000
5100000
5099989
5100010
5100000
5100000
5100000
5100000
5100010
5100000
5100000
5100000
5099989
5100000
5100000
5100000
5100010
5099989
5100000
5099979
5100030
5099989
5100000
5100000
5100010
5100000
5099989
5100000
5100000
5100010
5099989
5100000
5100000
5100000
5099979
5100020
5100000
5100000
5100000
5100000
5100000
5100000
5100010
5099989
5100000
5100000
5100000
5100000
5100010
5099989
5100000
5100000
5100000
5100000
5100000
5100000
5100010
5099979
5100010
5100000
5100010
5099989
5100000
5100000
5100000
5100000
5100000
5100000
5100000
5100000
5100000
5100010
5100000
5099989
5100000
5100000
5100010
5100000
5099989
5100000
5100000
5100000
5100000
5100000
5100000
5100000
5100000
5100000
5100000
5100000
5100000
5100000
5100000
5100010
5099989
5100000
5100000
5100000
5100000
5100000
5100000
5100000
5100000
5100000
5100000
5100000
5100000
5100000
5099989
5100010
5100000
5100000
5100010
5099989
5100000
5100000
5100000
5100000
5100000
5100000
5100000
5100000
5100000
5100000
5100000
5100000
5100000
5100000
5100000
5100000
5100000
5100000
5100000
5100000
5100000
5100000
5100000
5100000
5100010
5099989
5100000
5100000
5100000
5100010
5100000
5100000
5099989
5100000
5100000
5100000
5100000
5100000
5100000
5100000
5100000
5100000
5100000
5100000
5100000
5100000
5100010
5099989
5100010
5099989
5099989
5100010
5100000
5100000
5100000
5100000
5100000
5100000
5100000
5099979
5100020
5100000
5100010
5099989
5099989
5100010
5100000
5100000
5100010
5099989
5099989
5100010
5100000
5100000
5100000
5100010
5099989
5099979
5100020
5100000
5100000
5100000
5100000
5100000
5100000
5100000
5100010
5099989
5100000
5099989
5100010
5099979
5100020
5100000
5100000
5100000
5099979
5100020
5100000
5100000
5100000
5100000
5100000
5100000
5100000
5100000
5100010
5099989
5100000
5099989
5100010
5100010
5099989
5100000
5100000
5100000
5100000
5100000
5099979
5100020
5100010
5099989
5100000
5100000
5100000
5100010
5099989
5100000
5100010
5099989
5100000
5100000
5100000
5100000
5100000
5100010
5099969
5100020
5100000
5100000
5100000
5100000
5100000
5100000
5100000
5100000
5100000
5100000
5100000
5100000
5100010
5099989
5100000
5100000
5100000
5100010
5099989
5099979
5100020
5100000
5100000
5100000
5100000
5099170
5100000
5100000
5100000
5099989
5100010
5099989
5099989
5100020
5100000
5100000
5100000
5100000
5098197
5097780
5099989
5100010
5100000
5099989
5100000
5100000
5100000
5100000
5100000
5100000
5100000
5100000
5100000
5100000
5100000
5099989
5100010
5100010
5100000
5099989
5100000
5099989
5100010
5100000
5100000
5100010
5099989
5100010
5099969
5100020
5100000
5100000
5100000
5100000
5100010
5100000
5100000
5099989
5100010
5099979
5100010
5100000
5100000
5100000
5100000
5100000
5100010
5100000
5099989
5100010
5099989
5100010
5099989
5100000
5100000
5100000
5100000
5100010
5099989
5099989
5100010
5100010
5099969
5100020
5100010
5099989
5100010
5099989
5100000
5100000
5100000
5100000
5100000
5099989
5100010
5099989
5100010
5100000
5100000
5100000
5100000
5100000
5100000
5100000
5100000
5100010
5099989
5100000
5100010
5099989
5100000
5100000
5100000
5100010
5099989
5100000
5099989
5100010
5100010
5099989
5100000
5100000
5100000
5100000
5100010
5099989
5100000
5100000
5100000
5100010
5099979
5100010
5100000
5100000
5100010
5099989
5100010
5099989
5100000
5099989
5100020
5099989
5100000
5100000
5100000
5100000
5100000
5100000
5100000
5100000
5100000
5100000
5100000
5100010
5099989
5100000
5100000
5100000
5100000
5100000
5099989
5100010
5100010
5099989
5100010
5100000
5099989
5100000
5100000
5100010
5099989
5100000
5100000
5100010
5099979
5100010
5100000
5100000
5100000
5100000
5100000
5100000
5100000
5100000
5100000
5100000
5100000
5099989
5100010
5099989
5100010
5100000
5100010
5099989
5100010
5099989
5100000
5100000
5100000
5100000
5100000
5100010
5100000
5099989
5100000
5100000
5100000
5100000
5100000
5100000
5100010
5099989
5071561
5100000
5100000
5100000
5100000
5100000
5100000
5100000
5100000
5100000
5100010
5099989
5100010
5099989
5100000
5100000
5100000
5100010
5099989
5100000
5100000
5100010
5099989
5100000
5100000
5100000
5100000
5100000
5100000
5100000
5099989
5100010
5100000
5100000
5100010
5099989
5100000
5100000
5100010
5099989
5100000
5099989
5100010
5100000
5100000
5100000
5100010
5099989
5100000
5100000
5100000
5100010
5099989
5100010
5099979
5100010
5100000
5100000
5100010
5099989
5100000
5100010
5099989
5100010
5099989
5100010
5099989
5100000
5100000
5100010
5100000
5099989
5100000
5100010
5099989
5100010
5099989
5100010
5099989
5099979
5100020
5100000
5100000
5100010
5099989
5100000
5100000
5099989
5100010
5100000
5100000
5100000
5100000
5100000
5100000
5100000
5100000
5100000
5100000
5100000
5100000
5100000
5100000
5100000
5100000
5100000
5100000
5100000
5100000
5100010
5099989
5100000
5100000
5100000
5100000
5100000
5100000
5100010
5100000
5100000
5099989
5100000
5100000
5100000
5100010
5100000
5099989
5100000
5100000
5100010
5099989
5100000
5100010
5099989
5100000
5100000
5100000
5100000
5099989
5100010
5100010
5100000
5099989
5100000
5100000
5100010
5100000
5099989
5100000
5100000
5099989
5100010
5100000
5100000
5100000
5100000
5100000
5100010
5099989
5100000
5100000
5100000
5100000
5100000
5100000
5099979
5100030
5099989
5100000
5100000
5100000
5100000
5100000
5100000
5100000
5100000
5100000
5100000
5100000
5100000
5100000
5100000
5100000
5100000
5100000
5100000
5100000
5100000
5100010
5099989
5100000
5100000
5100000
5100000
5100000
5100000
5100000
5100000
5100000
5100000
5100000
5100000
5100000
5100000
5099989
5100010
5100000
5100000
5100010
5100000
5099989
5100000
5100000
5100000
5100000
5100000
5100000
5100000
5100000
5100000
5100000
5100000
5100000
5100000
5100000
5100000
5100010
5099989
5100010
5099989
5100010
5099989
5100000
5100000
5100010
5100000
5099989
5100000
5100000
5100000
5100000
5099979
5100020
5100000
5100010
5099989
5100000
5100000
5100000
5100000
5100000
5100000
5100000
5100000
5100000
5100010
5099989
5100000
5100000
5100000
5100000
5100000
5100000
5100000
5100000
5100000
5100000
5100000
5100000
5100010
5099989
5100000
5100000
5100010
5099989
5100010
5100000
5100000
5100000
5099989
5100000
5099989
5100010
5100000
5100000
5100000
5100000
5100000
5100000
5100000
5100010
5099989
5100000
5100010
5099989
5100000
5100010
5100000
5099979
5100010
5100000
5100000
5100010
5099989
5100000
5100000
5100000
5100010
5099989
5100000
5100000
5100000
5100010
5099979
5100010
5100000
5100000
5100000
5100000
5100010
5099989
5100000
5099989
5100010
5100000
5100000
5100000
5100000
5100000
5100000
5100000
5100000
5100000
5100000
5100000
5100010
5099989
5100010
5099989
5100010
5099989
5100000
5100010
5099989
5100000
5100000
5100010
5100000
5100000
5100000
5099989
5100000
5099989
5100010
5100000
5100010
5099989
5100010
5099979
5100010
5100000
5100000
5100000
5100000
5099989
5100010
5100000
5100000
5100010
5099989
5099989
5100020
5100000
5099989
5100000
5100000
5100000
5100000
5100000
5100000
5100000
5100000
5100000
5100000
5100000
5100000
5100010
5099989
5100000
5100000
5099989
5100010
5100000
5100000
5100000
5100010
5099989
5100010
5099989
5100000
5100000
5100010
5099989
5100000
5100000
5100000
5100000
5100000
5100000
5100010
5100000
5099989
5100000
5100000
5100000
5100000
5100000
5100000
5100000
5100000
5100000
5099979
5100020
5100000
5100000
5099979
5100020
5100000
5100000
5100000
5100000
5100000
5100000
5100000
5100000
5100000
5100010
5099989
5100000
5100000
5100000
5100000
5100000
5100000
5100000
5100010
5100000
5100000
5099989
5100000
5100000
5100000
5100010
5099989
5100000
5100000
5099989
5100010
5100000
5099989
5100010
5099979
5100020
5100000
5100000
5100000
5100000
5100000
5100000
5099979
5100020
5100010
5099989
5100000
5100000
5100000
5100010
5099989
5100000
5100000
5100000
5100000
5100000
5100000
5100000
5100000
5100000
5100010
5099989
5100000
5100000
5100000
5100000
5100000
5100000
5100000
5100000
5100010
5099989
5100010
5100000
5100000
5099989
5100000
5100000
5100000
5100000
5100010
5099989
5100010
5099989
5100000
5100000
5100010
5099989
5100010
5099989
5100000
5100000
5100000
5100000
5100010
5099989
5100000
5100000
5100000
5100000
5100000
5100000
5100000
5100000
5100000
5100000
5100010
5099989
5100000
5100010
5099979
5100020
5099989
5100000
5100000
5100000
5100000
5100000
5099989
5100010
5100000
5100000
5100000
5100000
5100000
5100000
5100000
5100000
5100000
5100000
5100000
5100000
5100000
5100000
5100000
5100000
5100000
5100000
5100000
5100010
5100000
5099989
5100000
5100010
5099989
5100000
5100000
5100010
5099989
5100000
5100010
5099989
5100010
5099989
5100000
5100000
5100000
5100000
5100000
5100000
5100000
5100000
5100000
5100000
5100000
5100000
5100010
5099989
5100000
5100010
5099989
5100000
5100000
5100000
5100000
5100000
5100000
5100000
5100000
5100000
5100000
5100000
5100000
5100010
5100000
5099989
5100000
5100000
5100000
5100000
5099989
5100010
5100000
5100010
5099989
5100000
5100000
5100000
5100000
5100000
5100000
5100000
5100010
5099989
5100000
5100000
5099969
5100040
5100000
5099989
5099989
5100010
5100000
5100000
5100000
5100000
5100010
5099989
5100010
5100000
5100000
5099969
5100030
5100000
5099989
5100010
5099979
5100010
5100010
5099989
5100000
5100000
5099989
5100010
5100000
5100000
5100010
5099989
5100010
5100000
5100000
5099989
5100000
5100000
5100000
5100000
5100000
5100000
5099989
5100010
5100000
5100000
5100000
5100000
5100000
5100000
5100010
5099989
5100000
5100000
5100000
5100000
5100000
5100000
5100000
5100000
5100000
5100000
5100000
5100000
5100000
5100000
5100000
5099989
5100020
5099989
5100000
5100010
5100000
5099989
5100000
5100000
5100000
5100000
5100000
5100000
5100000
5100000
5100000
5100010
5099989
5100000
5100000
5100000
5100000
5100000
5100000
5100000
5100000
5100010
5099989
5099989
5100020
5099989
5100000
5100000
5099979
5100020
5099938
5100060
5100000
5100010
5100000
5099989
5100000
5100000
5100010
5099989
5100010
5099989
5100000
5099989
5100010
5100000
5100000
5100000
5100010
5099989
5099938
5100050
5100000
5100010
5100000
5100000
5099989
5100010
5100000
5100000
5100000
5100000
5100000
5100000
5100000
5100000
5100010
5099989
5100000
5100010
5099989
5100000
5100000
5100000
5100000
5100000
5100000
5099989
5100020
5099989
5067192
5100000
5100000
5100000
5100010
5099989
5100000
5100000
5100000
5100000
5100000
5100000
5100000
5100010
5099989
5100000
5100000
5100000
5100000
5100000
5099989
5100010
5100000
5099979
5100030
5099989
5100000
5100000
5100000
5100000
5100000
5100000
5100010
5099989
5100000
5100010
5099989
5100010
5099989
5100000
5100000
5100000
5100000
5099989
5100020
5099989
5100000
5100000
5100010
5099989
5100000
5100010
5099989
5100000
5100000
5100000
5100000
5100000
5100000
5100010
5099989
5100000
5100000
5100000
5100000
5100000
5100010
5100000
5100000
5099989
5100000
5100000
5100010
5099989
5100000
5100000
5100010
5099989
5100000
5100000
5100000
5099989
5100000
5100010
5100000
5099989
5100010
5100000
5100000
5100000
5100010
5100000
5099989
5100000
5100000
5100000
5100000
5100000
5100000
5100010
5099989
5100000
5100000
5100010
5099989
5100000
5100000
5100000
5100000
5100000
5100000
5100010
5099989
5100000
5100000
5099989
5100010
5100000
5100010
5099989
5100010
5099989
5100000
5100000
5100000
5100010
5099989
5100000
5100000
5100000
5100000
5100010
5099989
5100000
5100000
5100000
5100000
5100010
5099979
5100010
5100000
5100000
5100010
5099989
5100000
5100000
5100010
5099989
5100000
5100000
5100000
5100010
5099989
5100000
5100000
5100000
5100000
5100000
5100000
5100010
5100000
5100000
5099989
5100000
5100010
5099989
5100010
5099979
5100010
5100010
5099989
5100000
5100000
5100000
5100000
5100000
5100000
5100010
5099989
5100000
5100010
5099989
5100000
5100000
5100000
5100000
5100000
5100000
5100000
5100000
5100000
5100010
5099989
5100000
5100000
5100000
5100010
5099989
5100000
5100000
5100000
5100000
5100000
5100000
5100010
5099989
5100000
5100000
5100000
5100000
5100000
5100000
5100000
5100000
5100000
5099979
5100020
5100000
5100000
5100000
5099979
5100020
5100000
5100000
5100000
5100000
5100000
5099989
5100010
5100000
5100000
5100000
5100010
5099989
5100000
5100010
5099989
5100000
5100000
5100000
5100000
5100000
5100000
5099989
5100010
5100000
5100010
5099989
5100000
5100000
5100000
5100000
5100000
5100000
5100000
5100010
5099989
5100010
5099989
5100010
5099989
5100010
5099989
5100010
5099991
5100000
5100000
5100000
5100000
5100000
5100000
5100010
5100000
5099979
5100010
5100000
5100000
5100010
5099989
5100010
5099989
5100000
5100000
5099989
5100010
5100010
5099989
5100000
5099989
5100010
5100000
5100000
5100000
5100000
5100000
5100000
5100000
5100000
5100000
5100000
5099989
5100020
5099989
5100000
5100000
5099989
5100010
5100000
5100000
5100010
5099989
5100000
5100000
5100010
5099989
5100000
5099989
5075519
5100000
5100000
5100000
5100000
5100000
5100010
5100000
5099989
5100000
5100000
5100000
5100000
5100010
5100000
5099989
5100010
5099989
5100000
5100000
5100000
5100000
5100000
5100010
5099989
5100000
5099989
5100010
5100000
5100000
5100010
5099989
5100000
5100000
5100000
5100000
5100000
5100010
5099969
5100020
5100000
5100010
5100000
5099989
5100010
5099989
5100000
5100000
5099989
5100010
5100000
5100000
5100000
5100000
5100000
5100000
5100000
5099979
5100020
5100000
5100000
5100000
5100000
5100000
5100000
5100010
5099989
5100010
5100000
5099989
5100000
5100000
5100000
5100000
5100000
5100000
5100010
5099989
5100000
5100000
5100000
5100000
5100010
5099989
5100000
5099989
5100010
5100000
5100010
5099989
5099979
5100020
5100000
5099989
5100010
5100000
5100010
5099989
5100000
5099989
5100000
5100010
5100000
5100000
5100000
5100000
5100010
5099989
5099989
5100010
5100000
5100010
5099989
5100000
5100000
5100000
5100000
5099989
5100000
5099989
5100010
5100010
5100010
5099989
5099989
5100010
5100000
5100000
5100010
5100000
5100000
5099979
5099989
5100020
5100010
5099979
5100020
5100000
5099979
5100020
5099979
5100010
5100000
5100000
5100000
5100000
5100010
5099969
5100020
5099989
5100010
5100000
5100000
5100000
5100000
5099989
5100010
5100000
5100000
5100000
5100000
5100000
5100000
5100000
5100000
5099989
5100010
5100000
5100000
5100000
5100000
5100000
5100000
5100000
5100010
5100000
5099969
5100020
5100000
5100000
5100010
5099989
5100000
5100010
5100000
5099989
5100000
5100010
5099989
5100010
5100000
5099989
5100010
5099989
5100010
5099979
5100010
5100000
5099979
5100030
5099989
5100000
5100000
5100000
5100000
5100000
5100000
5100000
5100000
5100000
5100000
5100000
5100000
5100010
5099989
5100000
5100000
5100010
5099989
5100000
5100000
5100010
5099989
5100000
5100010
5099989
5100000
5100000
5100000
5099989
5100010
5099989
5100010
5100000
5100000
5100010
5099989
5100000
5100000
5100000
5100000
5100000
5099989
5100020
5099989
5100000
5100000
5100000
5100000
5100000
5100010
5099989
5100010
5099989
5099989
5100010
5100000
5100000
5100000
5099989
5100010
5100000
5099989
5100000
5100010
5099979
5100030
5099989
5100000
5099989
5100010
5099989
5100010
5100000
5100000
5099989
5100000
5100000
5100020
5099989
5100000
5100000
5099989
5100020
5099989
5099989
5100000
5100020
5099989
5100000
5099989
5100000
5100000
5100010
5100000
5100010
5099989
5099989
5100010
5100000
5100000
5100000
5099989
5100010
5100000
5100000
5099989
5100010
5100000
5100010
5100000
5100000
5099989
5099989
5100000
5100000
5100000
5100000
5100000
5100000
5100010
5100000
5100010
5100000
5099989
5100000
5100000
5099989
5100020
5099979
5100020
5099989
5100000
5100010
5099989
5099989
5100010
5100000
5100010
5099989
5100000
5100010
5099989
5100010
5100000
5099989
5100000
5100000
5100000
5100000
5100010
5100000
5099989
5100000
5100000
5099989
5100010
5100000
5100000
5100010
5099989
5100000
5100000
5100000
5099989
5100010
5100000
5100000
5100010
5099989
5100000
5100000
5100000
5100000
5100000
5100000
5100000
5100000
5100000
5100010
5099989
5100000
5099989
5099989
5100010
5100010
5100000
5100000
5100000
5100000
5100000
5100000
5100000
5100010
5100000
5100000
5099979
5100010
5100000
5100010
5099989
5100000
5099989
5100000
5100010
5099989
5100010
5100000
5100000
5100000
5099989
5100010
5099989
5100010
5100000
5100010
5099989
5100000
5100000
5100000
5100000
5100000
5100010
5099979
5100010
5100000
5099989
5100010
5099989
5100020
5100000
5099989
5100000
5100000
5100000
5100000
5100000
5100000
5099989
5100010
5100000
5100000
5099989
5100000
5100000
5100010
5100010
5099979
5100010
5100000
5100010
5099989
5100000
5100000
5100000
5100000
5100010
5099989
5099989
5100010
5099989
5100010
5100010
5099989
5100010
5099979
5100000
5100010
5100000
5100000
5100000
5099989
5100000
5099989
5100020
5100000
5100000
5099989
5100010
5100010
5099989
5100000
5078379
5100000
5100020
5100000
5099989
5099989
5100010
5099989
5100010
5100010
5099989
5100010
5099989
5100000
5100000
5100000
5100010
5099989
5100000
5100000
5100000
5100000
5100010
5099989
5099989
5100010
5100000
5100000
5100010
5099989
5100000
5100000
5100000
5100000
5100010
5100000
5099989
5100000
5100000
5100000
5100010
5099989
5100000
5100010
5099989
5100010
5099989
5099655
5099408
5100000
5099989
5100020
5099979
5100010
5100000
5100000
5100000
5100010
5099608
5099526
5099382
5100010
5100000
5099635
5100010
5100000
5100000
5100010
5099989
5099989
5100010
5100000
5100000
5100000
5099979
5099445
5100000
5100010
5099989
5100000
5100000
5100010
5099989
5099048
5100010
5100000
5100000
5099989
5099950
5100000
5100000
5100010
5099989
5100010
5099989
5100000
5098515
5099989
5100020
5097702
5099989
5100010
5099989
5100010
5099989
5100000
5100000
5100000
5100000
5100000
5100000
5100000
5100010
5099989
5100000
5100000
5099408
5098274
5100000
5100000
5100000
5100000
5100000
5100010
5099556
5097742
5100000
5100000
5099562
5100000
5099271
5100000
5100000
5100010
5099989
5100000
5100000
5100000
5100000
5100000
5100000
5100010
5100000
5099989
5100000
5100000
5100000
5099989
5100010
5100000
5100000
5100010
5099989
5100010
5099989
5100000
5100010
5099989
5100010
5099989
5100010
5099989
5100000
5100000
5100000
5100000
5100010
5099989
5100000
5100000
5100010
5099989
5100000
5100000
5100000
5100000
5100000
5100000
5100000
5100000
5100000
5099969
5100030
5100010
5100000
5099989
5100000
5100000
5100000
5100000
5100000
5100000
5100000
5100000
5100000
5100000
5100000
5100000
5100000
5100000
5099989
5100010
5100000
5100000
5100000
5100000
5100010
5099989
5100000
5100000
5100000
5100000
5100000
5100010
5099989
5099989
5100010
5100010
5099979
5100010
5100000
5100000
5100000
5100010
5099979
5100020
5099989
5100000
5100000
5100000
5100000
5100000
5100000
5100000
5100010
5099989
5100000
5100000
5100000
5100000
5099979
5100020
5100000
5100000
5100000
5100000
5100000
5100000
5100010
5099989
5100000
5100000
5100000
5100000
5100010
5100000
5099989
5100010
5099989
5100010
5099989
5099989
5100010
5100000
5100010
5100000
5099989
5100000
5100000
5100010
5100000
5099989
5100000
5100000
5100000
5100000
5100000
5100000
5100000
5100010
5099969
5100020
5100000
5099989
5100010
5100000
5100000
5099989
5100010
5100000
5100010
5100000
5100000
5099989
5100000
5100000
5100000
5100010
5099969
5100020
5100010
5099989
5100000
5100000
5100000
5100000
5100000
5100000
5100000
5100010
5100000
5099989
5100010
5099989
5099989
5100010
5080676
5100000
5100000
5100010
5100000
5099989
5100000
5100000
5100000
5100000
5100000
5100000
5100010
5099989
5100000
5100000
5100000
5100000
5099989
5100010
5100000
5099989
5100010
5100000
5100000
5100000
5100000
5100010
5099989
5100000
5100010
5099989
5100000
5100000
5100000
5100000
5100000
5100000
5100000
5100010
5099989
5100000
5100000
5100000
5100000
5100010
5099989
5100000
5100000
5100000
5099979
5100010
5100010
5100000
5100010
5099989
5100000
5100010
5099979
5100010
5100000
5100000
5099989
5100020
5099989
5100000
5100000
5100010
5099989
5100000
5099989
5100010
5100000
5100000
5099989
5100010
5100000
5100000
5100010
5099989
5100000
5100000
5100000
5100000
5100000
5099989
5100010
5100000
5100000
5100000
5100000
5100000
5100000
5100000
5100000
5100000
5100010
5099989
5100000
5100000
5100000
5100000
5100010
5099989
5100000
5100000
5100000
5100000
5100000
5100000
5100000
5100000
5100000
5100010
5099989
5100010
5100000
5100000
5099989
5100000
5100000
5100000
5100010
5100000
5100000
5099989
5100010
5099989
5100010
5099989
5100000
5100000
5100010
5099989
5100000
5100000
5100000
5100000
5099989
5100010
5100000
5100000
5100000
5100000
5100010
5099989
5100000
5100000
5100010
5099989
5100000
5100000
5100000
5100010
5099989
5100000
5100000
5099989
5100010
5100000
5100000
5100000
5100010
5099989
5100000
5100000
5100000
5100000
5099989
5100010
5099989
5100010
5100000
5100000
5100000
5100000
5100000
5100000
5100000
5100000
5100000
5100000
5100010
5099989
5100000
5100000
5100010
5100000
5099989
5100000
5100000
5100000
5100010
5099989
5100000
5100000
5100010
5099979
5100010
5100000
5100000
5100000
5100000
5100010
5099989
5100000
5100000
5100000
5100000
5100000
5100000
5100000
5100000
5100000
5100010
5099989
5100000
5100000
5100000
5100000
5100000
5100000
5099989
5100010
5100000
5100000
5100000
5100000
5100000
5100000
5100000
5100000
5100000
5100000
5100000
5099989
5100010
5100000
5100000
5100000
5100000
5100000
5100000
5100000
5100000
5100000
5100000
5100000
5100010
5100000
5099989
5100000
5100000
5100000
5100010
5099989
5100010
5099989
5099989
5100010
5100000
5099989
5100000
5100010
5100000
5100000
5100000
5100010
5100000
5099989
5100000
5100000
5100000
5100000
5100010
5099989
5100000
5100010
5100000
5099989
5100010
5100000
5099989
5099989
5100020
5099989
5100000
5100000
5100000
5100010
5099989
5100000
5099989
5100000
5100010
5099989
5100010
5099989
5100010
5100000
5100010
5099989
5100000
5099989
5099989
5100020
5100000
5100000
5100000
5100000
5100000
5100000
5100000
5100000
5100000
5099989
5100020
5100000
5099989
5100000
5100000
5100000
5100000
5100000
5100000
5099979
5100020
5100000
5100000
5099979
5100020
5100000
5100000
5099979
5100020
5100000
5099989
5100010
5100010
5099989
5100000
5100000
5100000
5100000
5100000
5100000
5100000
5100000
5100000
5100000
5100000
5100000
5100000
5100000
5100010
5099989
5100010
5099989
5100000
5100000
5100010
5099989
5100000
5100000
5100000
5100000
5100000
5100000
5100000
5100000
5100000
5100010
5099989
5100000
5100000
5100000
5099989
5100000
5099989
5100020
5100010
5100000
5099989
5100000
5100000
5100000
5100010
5100000
5099989
5100000
5100000
5100000
5100000
5100000
5100000
5100010
5100000
5099989
5099979
5100030
5099989
5100010
5099989
5100000
5100000
5100000
5100000
5100000
5100000
5100000
5100000
5100000
5099989
5100020
5099989
5100000
5100000
5100000
5100010
5099989
5100000
5100000
5100000
5100000
5100000
5100000
5100000
5099989
5100010
5100000
5100000
5100000
5100000
5100000
5100000
5100000
5100010
5100000
5099989
5100000
5100000
5100000
5100000
5100000
5100000
5099989
5100010
5100000
5100000
5100010
5099989
5100000
5100000
5100000
5100000
5100000
5100000
5100000
5100000
5100000
5100000
5100000
5100000
5100000
5100000
5100000
5100000
5100000
5100000
5075529
5100020
5100000
5100000
5100000
5100000
5100010
5099989
5100000
5100000
5100000
5100000
5100000
5099989
5100020
5099989
5100000
5100010
5099989
5100000
5100000
5100010
5099989
5100000
5100000
5100000
5100000
5100000
5100000
5100010
5100000
5099989
5100000
5100000
5100000
5100000
5100000
5100000
5100000
5100010
5099989
5100000
5100000
5100000
5100010
5100000
5099989
5100000
5100000
5100000
5100000
5099979
5100030
5099989
5100000
5100010
5099989
5100000
5100000
5100000
5100010
5099969
5100030
5099989
5100010
5099989
5100000
5100000
5100000
5100010
5099989
5100000
5100010
5099989
5100000
5100010
5100000
5099989
5100000
5100000
5100000
5100010
5099989
5100010
5099989
5100000
5100000
5100000
5100000
5099989
5100010
5100000
5100000
5100000
5100000
5100010
5099989
5100000
5100000
5100000
5100000
5100010
5099989
5100010
5099989
5099989
5100010
5100010
5099989
5100010
5099989
5100000
5100010
5099989
5100010
5099989
5100000
5100000
5100000
5100000
5100000
5099989
5099989
5100020
5100000
5100000
5100000
5100000
5100000
5100000
5100000
5100000
5100000
5100000
5100010
5099989
5100000
5100010
5100000
5099989
5100000
5100000
5100000
5100010
5099989
5100010
5099989
5100010
5099989
5100000
5100010
5099989
5100000
5100000
5100000
5100000
5100000
5100000
5100010
5099979
5100020
5100000
5100000
5099979
5100010
5100010
5099989
5100010
5099989
5100000
5100000
5100000
5100000
5100010
5099989
5100000
5100000
5100000
5100010
5099989
5100000
5100000
5100000
5100000
5100010
5099989
5100010
5099989
5100010
5099989
5100000
5100000
5100010
5099989
5100000
5100000
5100000
5100000
5100000
5100000
5100000
5100000
5100000
5100010
5099989
5100000
5100000
5100000
5100000
5100000
5100010
5099989
5100000
5100000
5100000
5100000
5100000
5100000
5100000
5100000
5100000
5100000
5100000
5100000
5100010
5099969
5100020
5100000
5100000
5100000
5100000
5100000
5100010
5099989
5100000
5100000
5100000
5100000
5100000
5100000
5100000
5100000
5099989
5100010
5100010
5099989
5100000
5100000
5100000
5100010
5099989
5100000
5100010
5100000
5100000
5099989
5100000
5100000
5100000
5099979
5100020
5100000
5100000
5100000
5100000
5100000
5100000
5100000
5100010
5099989
5100000
5100000
5100000
5100010
5100000
5099989
5100000
5100000
5100000
5100010
5099989
5099399
5100000
5100000
5100000
5100000
5100010
