2069143
2522076
5042890
5097997
5100010
5099989
5100020
5100000
5100000
5100000
5099989
5100010
5097702
5099619
5099989
5100000
5100020
5099989
5100000
5100000
5100000
5099979
5100010
5100010
5100000
5100000
5100000
5099989
5100000
5100010
5100000
5099979
5100020
5100010
5099989
5099989
5100010
5100000
5100010
5099989
5100000
5099979
5100010
5100000
5100010
5098020
5100010
5098631
5100010
5098025
5100000
5096039
5098252
5099738
5097921
5099314
5099619
5100000
5100000
5100010
5099989
5099989
5100010
5099989
5100000
5100010
5100000
5099989
5100010
5100000
5100000
5100000
5100000
5100000
5100010
5099979
5100010
5100000
5100000
5100000
5100000
5100000
5100000
5100010
5099989
5100010
5099989
5100000
5100000
5100000
5100000
5100000
5100000
5100000
5100000
5100000
5100000
5099989
5100010
5100010
5099989
5100000
5100010
5099989
5100000
5100000
5100000
5100000
5100000
5100000
5100000
5100010
5099989
5100000
5100000
5100000
5100000
5099989
5100010
5100000
5100000
5100000
5100000
5100010
5099989
5100000
5100000
5100000
5100000
5100000
5100000
5100010
5099989
5100000
5100000
5099989
5100020
5099989
5100000
5100000
5100000
5100000
5100010
5099989
5100000
5100000
5100000
5100000
5100000
5100000
5100000
5100000
5100000
5100000
5100000
5100000
5100000
5100000
5099989
5100020
5100000
5099989
5100010
5099989
5100010
5099989
5100000
5100000
5100000
5100000
5100010
5099989
5100000
5100010
5099989
5100000
5100000
5100000
5100000
5100000
5100000
5100000
5100000
5100000
5100010
5099989
5100010
5100000
5099989
5100000
5100000
5100000
5099989
5100010
5100000
5099989
5100020
5099989
5100000
5100010
5099989
5100000
5100000
5099979
5100020
5100010
5099989
5100000
5100000
5100000
5100010
5099989
5100000
5100000
5100000
5100000
5100000
5100000
5100000
5100000
5100000
5100010
5099989
5100000
5100010
5099989
5100000
5100000
5100000
5100000
5100000
5100000
5100000
5100000
5099989
5100020
5099989
5100000
5100000
5100000
5100000
5100000
5100000
5100000
5100000
5100000
5100010
5099989
5100000
5100000
5100000
5099989
5100010
5100010
5099989
5100000
5100000
5100000
5100000
5100000
5100000
5100000
5100000
5100000
5100000
5100000
5100000
5100000
5100000
5100000
5100010
5099989
5100000
5100010
5099989
5099989
5100010
5100000
5100000
5100000
5100010
5099989
5100000
5100000
5100000
5100000
5100000
5100000
5100000
5100000
5100000
5100000
5100000
5100010
5099979
5100010
5100000
5100010
5099989
5100000
5100000
5100010
5099979
5100000
5100010
5100000
5100000
5100000
5100000
5100000
5100000
5100000
5100000
5099989
5100010
5100010
5099989
5100000
5100000
5100000
5100010
5099989
5100000
5099979
5100000
5100000
5100020
5100000
5100010
5099989
5100010
5099979
5100010
5100000
5099989
5100020
5099989
5100000
5100000
5100000
5100010
5099989
5100000
5100000
5100000
5100010
5099989
5100000
5100000
5100000
5100000
5100000
5100010
5099989
5100000
5100000
5100000
5100000
5100010
5099989
5100000
5100000
5100000
5100010
5099989
5100000
5100000
5100000
5100000
5100000
5100010
5099989
5100000
5100000
5100000
5100000
5100000
5100000
5100000
5100000
5100000
5099989
5100010
5100000
5100000
5100000
5100000
5100000
5100000
5100000
5100000
5100000
5100000
5100000
5100000
5100000
5100000
5100010
5099989
5100010
5099989
5100000
5100000
5100000
5100000
5100000
5100000
5100000
5099989
5100000
5100010
5100000
5100010
5099989
5100000
5100010
5099989
5100000
5099989
5100010
5100000
5100000
5100010
5099989
5100000
5100000
5100000
5100000
5100000
5100000
5100000
5100000
5100000
5099989
5100000
5100020
5099989
5100000
5100000
5100000
5100000
5100000
5100000
5100000
5100000
5100010
5099989
5100000
5100000
5100000
5100000
5100000
5100000
5100010
5100000
5099989
5100000
5100000
5100000
5100000
5100000
5100000
5100010
5099989
5100000
5100000
5100000
5100000
5100000
5100000
5100000
5100000
5099989
5100010
5100000
5100010
5100000
5099989
5100000
5100000
5100000
5100010
5099989
5100000
5100000
5100000
5100010
5099979
5100010
5100000
5100000
5099989
5100010
5100000
5100000
5100000
5099989
5100010
5100000
5100000
5100000
5100000
5100010
5099989
5100010
5097903
5099989
5100000
5099622
5100000
5099989
5097770
5100010
5100000
5099502
5099329
5100000
5100010
5100000
5100000
5100010
5097559
5099989
5100000
5100010
5099979
5098585
5097857
5099245
5100000
5100000
5100000
5099989
5100000
5100010
5100010
5099989
5099989
5100010
5100000
5098984
5098708
5099294
5100000
5100000
5099804
5097060
5099989
5100010
5099989
5100000
5100000
5100010
5099989
5098320
5099544
5099989
5100000
5100010
5100000
5099989
5100000
5100000
5100000
5100000
5100000
5100000
5100000
5100000
5100000
5100000
5100000
5100000
5100010
5099989
5100000
5100000
5099989
5100000
5100010
5100000
5100000
5100000
5100010
5099989
5100000
5100000
5099979
5100030
5099989
5100000
5100000
5100010
5099989
5100010
5100000
5099989
5100000
5099989
5100010
5100000
5100000
5100000
5100000
5100000
5099989
5100010
5099989
5100010
5100000
5100000
5100010
5099989
5100000
5100000
5100000
5100000
5100000
5100000
5100000
5100000
5100000
5100000
5100000
5100000
5100000
5100000
5100000
5100000
5100000
5100000
5100000
5100000
5100000
5099989
5100010
5100000
5100000
5100000
5100000
5100000
5100010
5099989
5100000
5100000
5100010
5099989
5100000
5100010
5099989
5100000
5099989
5100010
5100000
5100010
5100000
5099979
5100020
5099989
5100000
5100000
5099989
5100010
5099979
5100020
5099989
5100010
5100000
5100000
5100000
5100000
5099989
5100010
5100000
5100000
5100000
5100010
5099989
5100010
5099989
5100000
5100010
5099989
5100000
5100000
5100000
5100000
5100000
5100000
5100000
5100000
5100010
5100000
5100000
5099979
5100010
5100000
5100000
5100000
5100000
5100000
5100000
5100000
5100000
5100010
5099989
5100000
5100000
5100000
5100000
5100000
5100000
5100000
5100000
5100000
5100010
5099989
5100000
5100000
5100000
5100000
5100000
5100000
5100000
5100000
5099989
5100010
5100000
5100000
5100000
5099989
5100010
5100000
5100010
5099989
5100010
5099989
5100000
5100000
5100000
5100000
5100000
5100000
5100010
5099979
5100010
5100000
5100010
5099989
5100000
5100000
5100000
5100000
5100000
5100000
5100000
5100000
5100000
5100010
5099989
5099989
5100010
5100000
5100000
5100000
5100000
5100000
5100010
5099989
5100000
5100000
5100000
5100000
5100000
5100000
5100000
5100000
5100000
5100000
5100000
5100000
5100000
5100000
5100000
5100000
5100000
5100000
5100000
5100000
5100000
5099989
5100010
5099989
5100010
5100000
5100000
5100000
5100000
5100000
5100000
5099989
5100010
5100000
5100000
5100000
5100000
5099989
5100010
5100000
5100000
5099989
5100020
5099989
5100000
5099979
5100020
5100000
5100000
5100000
5100000
5100000
5100000
5100010
5099989
5100000
5100000
5100000
5100000
5100000
5100000
5100000
5100000
5100000
5099979
5100030
5100000
5100000
5099989
5100000
5100010
5099989
5099989
5100010
5100000
5100000
5100000
5100010
5099979
5100010
5099989
5100010
5100000
5099989
5100010
5100000
5100000
5100010
5099989
5100010
5099989
5100000
5100000
5100010
5099989
5100010
5100000
5100000
5099979
5100020
5099989
5100000
5100000
5100000
5100000
5100000
5099989
5100010
5100000
5099989
5100010
5100000
5100010
5099989
5100000
5100000
5100000
5100000
5100010
5100000
5099989
5100000
5100000
5099989
5100010
5099989
5100010
5100000
5100000
5100000
5100000
5100000
5100000
5100000
5100010
5099989
5100000
5100000
5100000
5099989
5100010
5100000
5100010
5099989
5099989
5100010
5100000
5100000
5100000
5100000
5100000
5100000
5100000
5100000
5100000
5100000
5100000
5100000
5100000
5100000
5100000
5100000
5100000
5100000
5100000
5100000
5100000
5065398
5100000
5100000
5100000
5100000
5099989
5100010
5100000
5100000
5100000
5100000
5100000
5100010
5099989
5100000
5100000
5100010
5099989
5100000
5100000
5100000
5100010
5099989
5100010
5099989
5100000
5100010
5099989
5099989
5100010
5100000
5100000
5100000
5100000
5100000
5100010
5099989
5100000
5100000
5100000
5099989
5100010
5100000
5100010
5099989
5100000
5100000
5100000
5100000
5100010
5099979
5100010
5100000
5100000
5100000
5100000
5099989
5100010
5100000
5100000
5100000
5099989
5100010
5100000
5100000
5100000
5100000
5100000
5099989
5100010
5099989
5100000
5100010
5100000
5099989
5100010
5100000
5100000
5100010
5099989
5100000
5100010
5099989
5100000
5100000
5100000
5100000
5100010
5100000
5099979
5100010
5100000
5100000
5100000
5100000
5100000
5100010
5099989
5100000
5099989
5100000
5100010
5100000
5100000
5100000
5100000
5100000
5100000
5100000
5100000
5100000
5100000
5100000
5100000
5100000
5100000
5100000
5100000
5100000
5100000
5100000
5100000
5100000
5100000
5099989
5100020
5099989
5100000
5100000
5100000
5100000
5100000
5100010
5100000
5099989
5100000
5100000
5100000
5100000
5100000
5100000
5100010
5099959
5100020
5100010
5100000
5100000
5100000
5100000
5100000
5100010
5100000
5099979
5100010
5100000
5100000
5100000
5099989
5100020
5100000
5099989
5100000
5100010
5099989
5099989
5100010
5100010
5099989
5100000
5100000
5099989
5100010
5100000
5100000
5100000
5100000
5100000
5100000
5100000
5099989
5100010
5100010
5099979
5100010
5100000
5100010
5099989
5099989
5100010
5100000
5100000
5100010
5099989
5100010
5099989
5099989
5100010
5099989
5100010
5099989
5100000
5100010
5100000
5100010
5099989
5100000
5100000
5099989
5100020
5099989
5100000
5100000
5100000
5099989
5100010
5100010
5099989
5100000
5099989
5100010
5100000
5100000
5100000
5100010
5099989
5099989
5100010
5100000
5100000
5100000
5100010
5099989
5100000
5099989
5100010
5100000
5099989
5100010
5100000
5099989
5100010
5100000
5100010
5099989
5100000
5100000
5100000
5100000
5100000
5100000
5100000
5100010
5099979
5100010
5100010
5099979
5100010
5100000
5100000
5100000
5100000
5100000
5100000
5100010
5099989
5099989
5100010
5099989
5100000
5099158
5099979
5100010
5100000
5100000
5100000
5100000
5100000
5100000
5100000
5100000
5100000
5100000
5100000
5100000
5100010
5099989
5100010
5099989
5099989
5100010
5100000
5097697
5100000
5100000
5100000
5100000
5097682
5098302
5100000
5099989
5100010
5098826
5098363
5097201
5099448
5098840
5098342
5096092
5098464
5100010
5099541
5097682
5099298
5098698
5094289
5099989
5096385
5095735
5100000
5093593
5097216
5100000
5096828
5098602
5097697
5099989
5099262
5097697
5099269
5100010
5099989
5097511
5098431
5099507
5097486
5099488
5097934
5100000
5097685
5097697
5097473
5096161
5097786
5099541
5098729
5100000
5095586
5096076
5097255
5094715
5099831
5097998
5099576
5094641
5096768
5095537
5099587
5098010
5098822
5095139
5100000
5099437
5092300
5100010
5099940
5099291
5098243
5091667
5080349
5098615
5100010
5097971
5094797
5093439
5097618
5094617
5099805
5096555
5099375
5099407
5095342
5098032
5093658
5094674
5094466
5093009
5093071
5099292
5093469
5100000
5098572
5098562
5099640
5071531
5098000
5096266
5098613
5097463
5098738
5094774
5096410
5095531
5097690
5100010
5099294
5098769
5099989
5098870
5095788
5090735
5099288
5096299
5098549
5099989
5097943
5098567
5099008
5098310
5100000
5094801
5097645
5090321
5092661
5093046
5092616
5093895
5090906
5095304
5093747
5090197
5090126
5094968
5100000
5095931
5088713
5088742
5089689
5092708
5090360
5089338
5089297
5094586
5088426
5090719
5087734
5085768
5087431
5095390
5095968
5092653
5085665
5086787
5088292
5089006
5090365
5083492
5092572
5090352
5090390
5091956
5093040
5092990
5090788
5094545
5086871
5086811
5088012
5090379
5095001
5088783
5087254
5089542
5088294
5095376
5085845
5083825
5092255
5091585
5089101
5088013
5088027
5090350
5087984
5092711
5091858
5088797
5092682
5092655
5095007
5086839
5092252
5089962
5093025
5083562
5096035
5096497
5094883
5100010
5091723
5090353
5085668
5090246
5083333
5093602
5091775
5090638
5090463
5090784
5083324
5087597
5093102
5087088
5097242
5098385
5096352
5099989
5100010
5100010
5099989
5100000
5100000
5098146
5096550
5085361
5092970
5099758
5100000
5100000
5100010
5099989
5100000
5090193
5090780
5091359
5083333
5085660
5098265
5100020
5097023
5100000
5095074
5099822
5089999
5100000
5095603
5100010
5086046
5100000
5099989
5097262
5095432
5100000
5097056
5100000
5100000
5100000
5100000
5099989
5100010
5100000
5100000
5100000
5100010
5099989
5100000
5099989
5100010
5099989
5100010
5100000
5099989
5100010
5100000
5100010
5099989
5100000
5100000
5099989
5100010
5100000
5100000
5100010
5099989
5100000
5100000
5100000
5100010
5099989
5100000
5100000
5100000
5100000
5100010
5099989
5099989
5100010
5100000
5100000
5100000
5100000
5100000
5100000
5100000
5100000
5100000
5100000
5100000
5100010
5099989
5100000
5100000
5100000
5100000
5100000
5100000
5099989
5100020
5099979
5100010
5099989
5100010
5100000
5100010
5099989
5100000
5100000
5099989
5100010
5100000
5100000
5100000
5100000
5100000
5100000
5100000
5099989
5100010
5100000
5100000
5100000
5100010
5100000
5100000
5099989
5100000
5099989
5100000
5100000
5100010
5100010
5099989
5100000
5100000
5100000
5100000
5100000
5100000
5100000
5100000
5100000
5100000
5100000
5100010
5099989
5100010
5099989
5100010
5099989
5100000
5100000
5099989
5100020
5099989
5100000
5100000
5100000
5099989
5100020
5099989
5100000
5100000
5099989
5100020
5099989
5100000
5100000
5100000
5100000
5100000
5100000
5100000
5100000
5100010
5100000
5099979
5100000
5100010
5100000
5099989
5100010
5100000
5100000
5100000
5100000
5100000
5100000
5100010
5099989
5100000
5100000
5100000
5100000
5100000
5100000
5100000
5100000
5100000
5100010
5099989
5100000
5099989
5100010
5099989
5100010
5100000
5100000
5100000
5100000
5100000
5100000
5099989
5100010
5100010
5099989
5100000
5100000
5100000
5100000
5100010
5099989
5100010
5099989
5100000
5100000
5099989
5100010
5100000
5100010
5099989
5100000
5100010
5099989
5100000
5100000
5100000
5100000
5100000
5100000
5100000
5099989
5100010
5100000
5100000
5100000
5100000
5100010
5099989
5100000
5100000
5100000
5100000
5099989
5100010
5100010
5099989
5100000
5100000
5100000
5099989
5100020
5099989
5100000
5099989
5100010
5100000
5100000
5100000
5100000
5100000
5100000
5100000
5100000
5100000
5099989
5100010
5100000
5100010
5100000
5075877
5091734
5100000
5098413
5100000
5099989
5100010
5099523
5100000
5100000
5098843
5098982
5100000
5097706
5098934
5099989
5097866
5100000
5099989
5097543
5100000
5100010
5099989
5097695
5099989
5100000
5097513
5100000
5100000
5097723
5097947
5099754
5097524
5100010
5095935
5098734
5100030
5098347
5097541
5097980
5100000
5096389
5096403
5097697
5098629
5093557
5095603
5100000
5100010
5099989
5098984
5099295
5096800
5099989
5098959
5096645
5097008
5100010
5097253
5092987
5096075
5095371
5098856
5090979
5094087
5097686
5093353
5092149
5099311
5100000
5099349
5100000
5097042
5096249
5094450
5095384
5097692
5100000
5092409
5092472
5100000
5095954
5097397
5097927
5099989
5097940
5092666
5092683
5092390
5099989
5099826
5096467
5097856
5099989
5097364
5100000
5096253
5097010
5100010
5099989
5100000
5100000
5100010
5099989
5100000
5100000
5100000
5100010
5099989
5100000
5100010
5099989
5100000
5100000
5100000
5100000
5100000
5100010
5099989
5100010
5025507
5046121
5100000
5100000
5100000
5100000
5100010
5099989
5100000
5099979
5100020
5100000
5100000
5100000
5100000
5018940
4990496
5098471
5091491
5088024
5092485
5088185
5085674
5091251
5088415
5089075
5090327
5090334
5088070
5083322
5086668
5084786
5088896
5087985
5090404
5085674
5086459
5090752
5086073
5091085
5085731
5087380
5087662
5085675
5088012
5087481
5090865
5088281
5087766
5086723
5086965
5085174
5094233
5088009
5083725
5088223
5089161
5094363
5088513
5090360
5086501
5091962
5091107
5087472
5089825
5092285
5093401
5097081
5094474
5088882
4961909
5094864
5088350
5090390
5091479
5087254
5090758
5088726
5094648
4890299
5093171
5092107
5091711
5095727
5093942
5094642
5090778
5095352
5084974
5087479
5090123
5094319
5097376
5093207
5091809
5100000
5096379
5094062
5092884
5089818
5096079
5100000
5098727
5096227
5091094
5092113
5091986
5097680
5100010
5099979
4958546
5089949
5090099
5092914
5097209
5097812
5097461
5095562
5099727
5096330
5098011
5096171
5096997
5100010
5099656
5096397
5097856
5097801
5099989
5100010
5100000
5091901
5032946
5036830
5095245
5099209
5094109
5094898
5100000
5032027
4983038
5100000
5100000
5100000
5100000
5100010
5099979
5100010
5100010
5099989
5100000
4982429
5091182
5095392
4960135
5039599
4960188
4994457
5065047
5098147
4969212
5100000
4961004
5097513
5090619
4924313
5093204
5099276
4965536
5046970
4952472
5090835
5013194
5053263
4912637
5100010
4980385
5100010
5092860
5050851
5015188
5015077
4999693
5099989
5032461
5099989
4983467
5099479
4963362
5098928
4915698
5100000
4966625
5092552
4899469
5097613
4977748
5092329
5092314
5096440
5062150
4943496
5095570
4911958
5100000
4968876
4916417
5094148
4909718
5097057
5099989
4961407
5090306
4920998
5095597
4980222
5098997
4903652
4947415
5060203
5099989
4916216
5057013
4959468
4987808
5100000
4926819
5099653
4935275
5082322
5100000
4925140
5100000
4973793
5093930
4965165
5099181
4970452
4973571
5099449
4975152
4927646
5100000
5099989
4905420
5064161
4934006
5091031
4971208
5100010
4906726
5035000
4985217
4959298
5100010
4920474
4912175
5097365
4922654
5095980
4921478
5099394
4980489
4922108
5089987
4906467
5099241
4909340
5098407
4966652
5100000
4963069
4957181
5077016
4921024
4905361
5098830
4964033
4966376
5098767
4898423
4969734
5038929
4922513
5096306
4965006
4962731
4902444
5097027
4964996
4963416
4968566
4957481
5037530
4967720
4903325
5011020
5057865
4910686
4964423
5044791
5014959
4910054
4902869
5100010
4957881
5100010
4905826
4968049
5100010
4907407
4900728
5092252
4976755
4989870
5005022
4979901
4918298
5100010
4905357
5049400
4960641
4971795
4903855
5093524
4914883
4973999
4967306
4917029
4924505
5093289
4901837
4900520
5098365
4970821
4978909
4909222
4946137
5061711
4928331
4914984
4910448
5097876
4967713
4903430
5078488
4994447
4956332
4969950
4903472
4969824
4913950
5100000
4966511
4969883
4965409
4913110
5003573
5065659
4900074
4935833
5070431
4920947
4895301
5098343
4972369
4980434
4973961
4920782
5096078
4979136
4968254
4922937
5099449
4967217
4909904
4966384
4982119
4968823
5013801
5057883
4919812
4964243
4902641
5100000
4907796
4977185
4967394
4972162
5014812
5039995
4965094
4971875
4907914
4960488
4898502
4904554
4982115
4985838
5006229
4923669
4984209
4925119
4971804
4947255
5001069
4908221
4971353
4905772
4922861
4839865
4938443
5010031
4958033
4938713
4910350
4913107
5025664
4915143
4908192
5012442
5013739
4996956
4967023
4896642
4962469
4901603
4934758
5072891
4963682
4894334
4905422
4968849
4973296
4993278
5019567
4965033
4903821
4906257
4969735
4980282
4962944
4978597
4910924
4963918
4974432
5037915
4890978
5044163
4972962
4905840
4898409
4969219
4926342
4969465
4980868
4911489
4912248
4932832
5067063
4919189
4920607
4916322
4966451
4907166
4978310
5055119
4995610
4964670
4908934
4980542
4909579
4962010
4921842
4911616
4947995
4938584
4950598
4882851
5058611
4964584
4917167
4966524
4969983
4920803
4902485
4958950
4953961
4920289
4959093
4898761
4912456
5004065
4982065
4901702
4905447
4901871
4903367
4903685
4923911
4935385
5010718
4998472
4958146
4914642
4977300
4968478
4920238
4914426
4966319
4978421
4923742
4902888
4926349
5000252
5031504
4970514
4905724
4903670
4963367
4927525
4902158
4974471
4985690
4986677
4996563
4885483
5018119
4941265
4975455
4977892
4970596
4976277
4904950
4962026
4910186
4974358
4910716
4908221
4852312
4971344
4924869
5014951
5003636
4938021
4907612
4917237
4961195
4972102
4914594
4961186
4971795
4914281
4974743
4976236
4903178
4911350
4975294
4981581
4907855
4968025
4900824
4900729
4959850
4961377
4911807
4975521
4959145
4907616
5009373
4994684
4964187
4943745
4988381
4908179
4900340
4899510
4908846
4961236
4947842
5051381
4964990
4963165
4956885
4890483
4999735
4960743
4978501
4905761
4965135
4971315
4910564
4917245
4968789
4896705
4916410
4910933
4996128
4878334
4998809
5004550
4972716
4964453
4970425
4907126
4906629
4916990
4962505
4969778
4900776
4903329
4914765
4901733
5024853
4889746
5003082
4886915
4911576
4967611
4920576
4992360
5000265
4915737
4904387
4968433
4908257
4959511
4909525
4970859
4909395
4907398
5007218
4880002
5010372
4865363
5006945
4850544
4960992
4919963
4996810
4948430
4971607
4899453
4970847
4954224
4828658
5014496
4876479
4990707
4871310
4941589
4872803
4964806
4859886
4960602
4967306
4966334
4951060
4965300
4903773
4906839
4941101
4882566
4830785
4891531
4883564
4906823
5011325
4980111
4903722
5027131
4896451
4976975
4901824
4890301
5003830
4889425
4878538
4971614
4904319
4917217
4951646
4910822
4958944
4893415
4857337
4851580
5007292
5001536
4879745
4858237
4970154
5002861
4821060
4892352
4899002
4909946
4909841
4906659
4903350
4964380
4965143
4913991
4901111
4963083
4912163
4944302
4909889
4910644
4965247
4842675
4830044
4849004
4922360
4976597
4908810
4970086
4903077
4966741
4907720
4958739
4952872
4895053
4912120
4909904
4915760
4908290
4871649
4951875
4963444
4968380
4895937
4972151
4952222
4842117
4956219
4902849
4898566
4951343
4898225
4973271
4966343
4967755
4943819
4886897
4862802
4903913
4902828
4908160
4960099
4950307
4922225
4872702
4867418
4967286
4954750
4959173
4904036
4950273
4960784
4886722
4866388
4948625
4905769
4965971
4955636
4882696
4963396
4890108
5062008
4901696
4946714
4953918
4848121
4876164
4842778
4897643
4971046
4962998
4903470
4958526
4870981
4819891
4890175
4909312
4959241
4907371
4912620
4902070
4887535
4877313
4880431
4954594
4965494
4954956
4894209
4948910
4894754
4891222
4899056
4824686
4814937
4880233
4968008
4896143
4963855
4942589
4893812
4896578
4914039
4892192
4885735
4963189
4876993
4901496
4900879
4957361
4884988
4900947
4951634
4897576
4845933
4938682
4960243
4960653
4954473
4881430
4945757
4905940
4819709
4913914
4963698
4892394
4916252
4950979
4889893
4912649
4883006
4863043
4893951
4964331
4955184
4880883
4891583
4900014
4889435
4890136
4956153
4966482
4949042
4895751
4950355
4898012
4950078
4915656
4870193
4940191
4953940
4885161
4901675
4953235
4898068
4927457
4885575
4861017
4874775
4896551
4893111
4937578
4906489
4945597
4898582
4857336
4888538
4946832
4885082
4935244
4935349
4883167
4862947
4809744
4874889
4898796
4892627
4942016
4941714
4891544
4871288
4815084
4863361
4876511
4895507
4950830
4943238
4891601
4900011
4941312
4912549
4853220
4922880
4939020
4873256
4891347
4932780
4888126
4816385
4856158
4880422
4932566
4929810
4941956
4874307
4929583
4817646
4824025
4888399
4939663
4927369
4935758
4887963
4837950
4804712
4857208
4850084
4883802
4891487
4942308
4923240
4893943
4862610
4861685
4859122
4810068
4966358
4870309
4876859
4893481
4936457
4902781
4862176
4852540
4898271
4936765
4874355
4879387
4875567
4929196
4873397
4869593
4804366
4856290
4934777
4938033
4881770
4949708
4941670
4882399
4935585
4805514
4853579
4917933
4942128
4951834
4929195
4922652
4806492
4924466
4927390
4886271
4926592
4854100
4869195
4813584
4883809
4897801
4947630
4872373
4933610
4836612
4911404
4929885
4941911
4937656
4920305
4933008
4791083
4854326
4931245
4865571
4885567
4871780
4930132
4879430
4847143
4800253
4826557
4944959
4937815
4926072
4920388
4888028
4877753
4800856
4881899
4932542
4911389
4924508
4918614
4849915
4799296
4849422
4931570
4934090
4932686
4859942
4793162
4853742
4942475
4929735
4916161
4880021
4923791
4890746
4815402
4854528
4876658
4945898
4864414
4924961
4872453
4815327
4844194
4889505
4931725
4914675
4876635
4887356
4925638
4810481
4850432
4854654
4933164
4919950
4899752
4777710
4872248
4922628
4867264
4913443
4844164
4784256
4920320
4945907
4860600
4915648
4925373
4865668
4847211
4814570
4868431
4872395
4867344
4867562
4872158
4912888
4930398
4867897
4813548
4863727
4889782
4913245
4914611
4871279
4861609
4851439
4866028
4847690
4886970
4899133
4873761
4930434
4922311
4870286
4822550
4934911
4880710
4940251
4924314
4915958
4893026
4841090
4962113
4924744
4883407
4926584
4877313
4821249
4856399
4933178
4871888
4875293
4941802
4886111
4743817
4879637
4937705
4920521
4846616
4803371
4873957
4874256
4927202
4921045
4913649
4787700
4834377
4877452
4917120
4910601
4844024
4833041
4791275
4855595
4854723
4880803
4925715
4874252
4874224
4838389
4854614
4838710
4872996
4970546
4868552
4800684
4817201
4861350
4871237
4883681
4852473
4920533
4863454
4861017
4798005
4821285
4880342
4924252
4857636
4911503
4861936
4859279
4873397
4787732
4837091
4816804
4920546
4861255
4853745
4919929
4798472
4925286
4911403
4852084
4912668
4792381
4753882
4922215
4875701
4913295
4906927
4747054
4816963
4872538
4853639
4868276
4917777
4880474
4867642
4814645
4930328
4915748
4837154
4783576
4843268
4912103
4808873
4871191
4866158
4827988
4789815
4897754
4937964
4849557
4908416
4866295
4785849
4842147
4863232
4865146
4916481
4886135
4834052
4867100
4869786
4891904
4774209
4873441
4903854
4920193
4846097
4864173
4910227
4910699
4810690
4866433
4903391
4852419
4892863
4836638
4840922
4912365
4884255
4906594
4868198
4894414
4826835
4824542
4913803
4862744
4854459
4846429
4855068
4877258
4921413
4849341
4824077
4912474
4862662
4856621
4819114
4820587
4835488
4862234
4907505
4840266
4748183
4898879
4916009
4832639
4901981
4796509
4878495
4903379
4914137
4759757
4912342
4863985
4720442
4900718
4864071
4916077
4784007
4909493
4858654
4903166
4825527
4809604
4912120
4911347
4895782
4814069
4805288
4745355
4908869
4863149
4853205
4907027
4879463
4828195
4905375
4896749
4852058
4854470
4851602
4832224
4808959
4867468
4853009
4862892
4900457
4881250
4791179
4832788
4910322
4896584
4842498
4896521
4846818
4801729
4910782
4845520
4911727
4775851
4871295
4855956
4832143
4827496
4816642
4811157
4913731
4901861
4910323
4770551
4873022
4882743
4846750
4847587
4852975
4817233
4788258
4855763
4910020
4895515
4850380
4777446
4851354
4862184
4806703
4908660
4898654
4801959
4876866
4873939
4889380
4847128
4827774
4729310
4851507
4860700
4893497
4818697
4772622
4819704
4865017
4850806
4736441
4900140
4892149
4847093
4894782
4775907
4912592
4856152
4770366
4914665
4804492
4847486
4895164
4844430
4791092
4880043
4907557
4876805
4859691
4756683
4859761
4886899
4909743
4795628
4904661
4836192
4786778
4811817
4890676
4847852
4892386
4829099
4782895
4861877
4859286
4760129
4887916
4851845
4759156
4826238
4862716
4747402
4903937
4746207
4781459
4832171
4903983
4823365
4751063
4791122
4896805
4856708
4841223
4858332
4875192
4875851
4817501
4895586
4770538
4848771
4858279
4748754
4888788
4844067
4855978
4797737
5000000
4894207
4739176
4768054
4832210
4828565
4818714
4852330
4828540
4796991
4775500
4865002
4887402
4854373
4758228
4776190
4904124
4847774
4769839
4804939
4848865
4838752
4722216
4817766
4829818
4842176
4801912
4855780
4837722
4834954
4867037
4814353
4719693
4807969
4896169
4888985
4684860
4879301
4848442
4767239
4797415
4842869
4872738
4841813
4839035
4766027
4816270
4760513
4860642
4897358
4803501
4841795
4774802
4899015
4685561
4881387
4859637
4808865
4834307
4779409
4779704
4879529
4842428
4839474
4712428
4878814
4853150
4777031
4826150
4808853
4829411
4849711
4740675
4858250
4786864
4845785
4845149
4790756
4876491
4846846
4719826
4856926
4696221
4908256
4732841
4830291
4843043
4845357
4749075
4869151
4726422
4874728
4782559
4853111
4733282
4820820
4832781
4811309
4766739
4829478
4738739
4829748
4887353
4823635
4810844
4799632
4837648
4851813
4823759
4889964
4807728
4684249
4835351
4826031
4858810
4772764
4822927
4939692
4745610
4847615
4818239
4744286
4756557
4784432
4790406
4852132
4783406
4839465
4725035
4831068
4859100
4812432
4774339
4794644
4834727
4747718
4745088
4890654
4734995
4830787
4842080
4818437
4744265
4814564
4873659
4839041
4838342
4822956
4797607
4734356
4857552
4686044
4898143
4833976
4729720
4853554
4767073
4847475
4808048
4762609
4861228
4710055
4862350
4853259
4740002
4862686
4823919
4853500
4743421
4892049
4817259
4795697
4827294
4738415
4821315
4785969
4802587
4820300
4726573
4898299
4843398
4758264
4838379
4717908
4824054
4903914
4732384
4815193
4795973
4786798
4845898
4736812
4883752
4767336
4820593
4782439
4803344
4822651
4856247
4741020
4887297
4841138
4765169
4901830
4738897
4867381
4858814
4785189
4738929
4836326
4831520
4784051
4890671
4666665
4883167
4846653
4770159
4852454
4838370
4751342
4835385
4770198
4788899
4803033
4829763
4748532
4775394
4771373
4854269
4783872
4789360
4833708
4707844
4886076
4712110
4821285
4713627
4826049
4821526
4808667
4814779
4855622
4755525
4821612
4792646
4794097
4777432
4828514
4797113
4832770
4783472
4839763
4782608
4647968
4813387
4815615
4771770
4796685
4841194
4764160
4871304
4858074
4785361
4824899
4817092
4770592
4803355
4731393
4839678
4742913
4854174
4777483
4754894
4877224
4775733
4820248
4769929
4855312
4776620
4855544
4832992
4745816
4726699
4807825
4769217
4766537
4837070
4725322
4898571
4887183
4708732
4896321
4785500
4865219
4748258
4745383
4790020
4804830
4778128
4765860
4803824
4883355
4737905
4846242
4806637
4754035
4690143
4881160
4697799
4865954
4758407
4887960
4684369
4886631
4730922
4831591
4732980
4839906
4737958
4895157
4783528
4709940
4880620
4775776
4735620
4786737
4792858
4794795
4705148
4899316
4812136
4783981
4837190
4781665
4891487
4776724
4835702
4799043
4687076
4827996
4744954
4787549
4772381
4804821
4807484
4767302
4753172
4833315
4751579
4831031
4775459
4888545
4745737
4880595
4713157
4885376
4779022
4890533
4735422
4847971
4726580
4865747
4666188
4816414
4742071
4780240
4752336
4856778
4720847
4849266
4746255
4811136
4759651
4807115
4763739
4814232
4772484
4891013
4723918
4884136
4726709
4867465
4774409
4783715
4737050
4843980
4780203
4882991
4746242
4845239
4731489
4833349
4682564
4820115
4838534
4675718
4894086
4712842
4869891
4739360
4873961
4714268
4833103
4719577
4836444
4765163
4879874
4688404
4879183
4734023
4841235
4735273
4805645
4711581
4838180
4704734
4871259
4708909
4860678
4730922
4842427
4726289
4843316
4760567
4789190
4745810
4767906
4811003
4805042
4775767
4794681
4818171
4780085
4716261
4791523
4739216
4834350
4717854
4821113
4760006
4805450
4781811
4786797
4819910
4685166
4887114
4637239
4847489
4780914
4844523
4724597
4833917
4724846
4850539
4699889
4828206
4743946
4873408
4807285
4741357
4815063
4759959
4772747
4747617
4863894
4701122
4817392
4844414
4796771
4818616
4855401
4744614
4869174
4783233
4800163
4825987
4795760
4755605
4777170
4866666
4726138
4839746
4722436
4830052
4835314
4749626
4805895
4761437
4807352
4770157
4767661
4863300
4697975
4832740
4734483
4840455
4687278
4837763
4701334
4809375
4761486
4843130
4766985
4788600
4747251
4785923
4725943
4842574
4808265
4718962
4837884
4725877
4881800
4738525
4811738
4748448
4887359
4747846
4842215
4681571
4890514
4704070
4874114
4726187
4824225
4719794
4890324
4721943
4842801
4696634
4883995
4724766
4870368
4721613
4853907
4722390
4836669
4737797
4844174
4767342
4797878
4726486
4815106
4746110
4822468
4789650
4848768
4672208
4811272
4783245
4853640
4689536
4745592
4775438
4716202
4805373
4776251
4862227
4754404
4824553
4776294
4788293
4737778
4808246
4716496
4837173
4788467
4797689
4822251
4662149
4814393
4763571
4802268
4772216
4848560
4701397
4838215
4756894
4816539
4792956
4795385
4809161
4733045
4869009
4713924
4723145
4874616
4716546
4849594
4727119
4777210
4736659
4853593
4805915
4752630
4798217
4843483
4787397
4759265
4782344
4784156
4741994
4747144
4799096
4770630
4750089
4803759
4835886
4738165
4793812
4772403
4773212
4822743
4700659
4842568
4680571
4886898
4648630
4831224
4781574
4777500
4759935
4866071
4682347
4827916
4639471
4811020
4762440
4877029
4694084
4804282
4734008
4813228
4756684
4860915
4717271
4809625
4632589
4892871
4717997
4872855
5000000
4647503
4892793
4769515
4821348
4694874
4818504
4765720
4882899
4689160
4869586
4630747
4889466
4759831
4875200
4704389
4803343
4706475
4850023
4693991
4805318
4703996
4888526
4692211
4814148
4692502
4878324
4743467
4784881
4718066
4827266
4761531
4854420
4777298
4748008
4732655
4852840
4724601
4763982
4744409
4820003
4819879
4773903
4697087
4765478
4812120
4821183
4760381
4759279
4760121
4718192
4833086
4707567
4818536
4749290
4809752
4712767
4849901
4763866
4806809
4756518
4789134
4787415
4807872
4781625
4791038
4728856
4755906
4807688
4762214
4760943
4750119
4782000
4729520
4790817
4766615
4765662
4741556
4746170
4733510
4400000
4348977
4200000
4200000
4200000
4200000
4007062
4000007
3999992
4000000
4000007
4000000
3999992
4000000
4000007
4000000
4000000
3999992
4000007
3999992
4000000
4000000
4000000
4000000
4000000
4000000
4000000
4000000
4000000
4000000
4000007
3999992
4000007
3999992
4000000
4000007
3999992
4000007
3999992
4000000
4000007
4000000
3999992
4000000
4000000
4000000
4000000
4000007
4000000
3878332
3900000
3900000
3900000
3900000
3900007
3899992
3900000
3900000
3900000
3900000
3900000
3900000
3900000
3900000
3973016
3999992
4000000
4000000
4000000
4000000
4000007
3999984
4000007
4000007
4000000
3999992
4000007
3999992
4000000
4000000
4000000
4000000
3999992
4000000
4000007
4000000
4000000
4000007
3999992
4000007
4000000
4000000
3999306
3997307
3998763
3999992
4000007
3999000
3999550
3999347
3997959
4000007
3998477
4000007
3999992
3999359
3998159
3999529
4000000
3999837
3994094
3999487
3999992
4000000
4000000
3995896
3999263
3959319
4000000
4000007
3998392
4000015
4000000
4000000
4000000
4000000
4000000
4000000
4000000
4000007
3999992
4000007
3999992
4000000
4000000
4000000
3999992
4000007
4000007
3999992
4000000
4000000
4000007
3999992
4000007
4000000
3999992
4000000
4000000
4000007
3999992
4000000
4000007
3999992
4000000
4000000
4000000
4000000
4000000
4000000
4000007
3999992
4000000
4000000
4000000
4000007
3999992
4000000
4000007
3999992
4000000
4000007
3999992
4000007
3999992
4000000
4000000
4000007
3999992
4000000
4000000
4000007
3999992
4000000
4000000
4000000
4000007
3999992
4000007
4000000
3999992
3999992
4000007
4000000
4000007
3999992
4000007
3999992
4000000
4000000
4000000
4000000
4000007
3999992
4000000
4000000
4000007
3999992
4000000
4000007
3999992
4000007
3999992
4000000
4000000
4000000
3999992
4000015
4000000
3999992
4000000
4000000
4000000
3999992
4000007
4000000
4000007
4000000
3999992
4000007
3999992
4000000
4000000
4000000
4000007
4000000
3999992
4000000
4000000
4000007
4000000
3999992
4000000
4000000
4000000
4000000
4000007
3999992
4000007
3999992
4000000
4000000
4000007
3999992
4000007
4000000
4042939
4100008
4099991
4100008
4100000
4099991
4100008
4100000
3979697
3989658
4000007
4000000
3999992
3999992
4000007
4000000
4000000
4000000
4000000
3999992
4000015
4000000
4000000
4000000
4000000
3999992
4000000
4000000
4000000
4000000
4000000
4000000
3999992
4000007
4000000
4000007
4000000
4000000
3999992
3999992
4000000
4000007
3999992
4000000
4000015
4000000
4000000
3999992
4000000
4000000
4000000
4000000
3999992
4000007
4000000
4000007
4000000
3999992
3999992
4000007
4000000
3999992
4000015
3999992
4000000
4000000
4000000
4000007
3999992
4000000
4000000
4000000
4000000
4000000
4000000
4000007
3999992
4000000
4000000
4000007
3999992
4000000
3999992
4000015
4070016
4099991
4100008
4100000
4099991
4100008
4100000
4100000
3919310
4000000
4000000
4000000
4000000
3999992
4000000
4000007
4000007
3999992
4000007
4000000
3999992
4000000
4000000
4000000
4000000
4000007
3999992
4000007
4000000
3999992
4000000
4000000
4000007
3999992
4000007
3999992
4000007
3999984
4000015
3999992
4000000
4000000
4000000
3971415
4000007
3999984
4000015
4000000
4000000
3999984
4000007
4000007
3999992
4000000
4000000
4000000
4000000
4000007
3999992
4000000
4000007
3999992
4000007
3999984
4034672
4100000
4100008
4100000
4100000
4100000
4099991
4100008
4002986
3985639
4000007
4000000
4000000
4000000
4000000
4000000
4000007
3999992
4000007
3999992
4000000
4000000
4000007
3999992
4000000
4000000
4000000
4000007
3999992
4000000
4000000
4000007
3999992
4000000
4000000
4000000
4000000
3999992
4000000
4000007
4000000
4000000
4000000
4000000
4000007
3999984
4000007
4000000
4000007
3999992
4000007
3999992
4000000
4000000
4000000
4000000
4000000
4000007
4000000
3999992
4000000
4000000
4000007
3999992
4000000
4000000
4000007
3999984
4098465
4100016
4099991
4100000
4100000
4100008
4100000
4071050
3917869
4000000
4000000
4000000
4000000
4000007
3999992
4000000
4000007
3999992
4000000
4000007
4000000
3999992
4000000
4000007
4000000
3999984
4000015
3999984
4000007
4000000
4000007
3999992
4000007
3999992
4000000
4000000
4000007
3999992
3966013
4000000
4000000
4000000
4000000
4000000
3999992
4000015
3999992
4000007
3999992
4000000
4000007
4000000
3999992
4000000
4000000
4000000
3999992
4000000
4000007
4000007
4012220
4100008
4100000
4099991
4100008
4099991
4100016
4099991
4082111
3922609
4000015
3999992
4000000
3999992
4000000
4000007
3999992
4000007
4000000
4000007
3999992
4000007
4000000
3999984
4000007
4000007
3999992
4000000
4746263
5079380
4755828
4399982
4327422
4199991
4199991
4200008
4200008
4194764
3999992
4000007
3999984
4000007
4006434
4100000
4100000
4100000
4099991
4100000
4100000
4100000
4077067
3905246
4000007
3999992
4000000
4000000
4000007
4000000
4000000
3999976
4000015
4000000
4000000
4000000
4000007
3999992
4000000
4000000
4000007
3999992
4000000
3999992
4000007
4000007
4000000
4000000
3999992
4000007
3999992
3999992
4000007
4000007
3999992
4000000
4000000
4000007
3999992
3999984
4000023
3999992
4000000
4000000
3999992
4000000
4000015
4000000
3999992
4000000
4000007
3999992
4000000
4000000
4000000
4000000
4000000
4000000
4033741
4099991
4100008
4100000
4100000
4099991
4100008
4099991
4008525
3965687
4000000
4000000
4000000
3999992
4000007
4000000
3999992
4000015
3999984
4000007
4000000
4000000
4000000
4000000
3999992
4000007
3999992
4000015
4000000
3999992
4000000
4000000
3999992
4000007
3999992
4000015
3999992
4000000
4000007
3999992
4000000
4000000
4000000
4000000
4000000
4000000
4000000
4000000
4000000
4000000
4000000
3999984
4000007
4000007
4000000
4000000
4000007
3999992
4000007
3999992
4026054
4100000
4100000
4099991
4100008
4100000
4100000
4100000
4037778
3960330
4000000
4000000
4000000
4000007
3999992
4000000
4000000
4000007
3999992
3999992
4000007
4000000
4000000
4000000
4000007
3999992
4000000
4000000
4000000
4000000
4000000
4000000
4000007
3999992
4000000
4000000
4000000
4000007
4000000
3999992
4000007
4000000
3999992
4000007
3999992
4000000
4000000
4000000
4000000
4000000
4000000
4000007
3999992
4000000
4000007
3999992
4000007
4079715
4099991
4100008
4100000
4099991
4100008
4099991
4100008
3947298
3962817
4000000
4000000
4000000
4000000
4000000
4000000
4000000
4000000
4000000
4000000
4000000
3999992
4000015
4000000
3999992
4000007
3999992
4000000
4000000
4000000
4000000
4000000
4000007
3999992
4000000
4000000
3999992
4000007
4000000
4000000
4000000
4000007
3999992
4000000
4000000
4000000
4000007
3999992
4000000
4000007
4079093
4100008
4099991
4100008
4100000
4099991
4100000
4100008
3971554
3931742
4000007
3999992
3999992
4000015
3999992
4000000
4000000
4000000
4000000
4000000
4000007
4000000
3999992
4000000
4000007
4000000
3999992
4000000
4000007
4000000
3999992
4000007
4000000
3999984
4000007
4000007
4000000
3999992
4000000
4000000
4000007
3999992
4000000
4000007
3999992
4000000
4000000
4000000
4000000
4038300
4100008
4100000
4100000
4100000
4099991
4100000
4100008
4032539
3962665
3999992
4000000
4000007
4000000
4000007
3999992
4000007
4000000
4000000
4000000
3999992
4000007
3999992
4000007
3999992
4000000
4000000
4000000
4000007
3999992
4000000
4000000
4000000
4000000
4000000
3999992
4000007
4000007
3999992
4000000
4000007
4000000
3999992
4000000
4000000
4000000
4000000
4034556
4100000
4100008
4099991
4100000
4100008
4100000
4099991
4048127
3931285
4000000
4000000
4000000
3963199
4000000
4000000
4000000
4000000
4000000
4000007
3999992
4000000
4000007
3999992
4000007
4000000
3999992
4000007
3999992
4000007
3999992
4000007
3999992
3999992
4000007
4000000
4000007
3999992
4000000
3999992
4000007
4000007
4000000
3999992
4000000
4000007
3999992
4000000
4000000
4000007
4007120
4100000
4099991
4100008
4100000
4100000
4100000
4100000
4085627
3912184
4000000
4000000
4000015
3999992
4000007
3999992
4000000
4000007
3999992
4000000
4000000
4000000
4000007
3999992
4000007
3999992
4000000
4000000
4000000
4000000
4000000
4000000
4000000
4000000
4000000
4000000
4000000
4000007
4000000
4000000
4000000
3999992
4000007
4000000
3999992
4000000
4000000
4000007
3999992
4000000
4003188
4100000
4100000
4100000
4099991
4100000
4100000
4100008
4099991
3937446
4000007
3999992
4000000
4000007
3999992
4000007
3999992
4000000
4000000
4000007
3999992
4000000
4000000
4000007
4000000
3999992
4000007
4000000
3999992
4000000
4000000
4000000
4000007
3999984
4000007
4000000
4000000
4000000
4000000
4000000
4000000
4000007
4000000
3999992
3999992
4086862
4100000
4100000
4100000
4100000
4100000
4100000
4100000
3970267
4000007
4000007
4000000
3999992
4000000
4000000
4000007
3999992
4000000
3999992
4000007
4000000
4000000
4000000
3999992
4000007
4000007
4000000
4000000
4000000
3999992
4000000
4000000
4000007
3999992
3999984
4000015
4000000
4000000
4000000
4000000
4000007
3999992
3999992
4000007
4000007
4011706
4099991
4100008
4100000
4099991
4100000
4100000
4100008
4100000
3905011
3965874
4000007
3999992
3999992
4000000
4000015
4000000
3999992
4000000
4000000
3999992
4000000
4000007
4000000
4000000
4000000
4000000
4000000
4000000
4000007
4000000
3999992
4000007
4000000
3999992
3999992
4000007
4000000
4000000
4000000
4000007
3999992
4000007
3999992
4000000
4000000
3999984
4009815
4100008
4100000
4100000
4100000
4100000
4099991
4100008
4092279
3914557
4000000
4000000
4000000
4000000
4000007
4000000
3999992
4000000
3999992
4000007
4000007
3999992
4000007
3999992
4000007
3999992
4000000
4000007
3999992
4000000
4000000
4000007
3999992
4000000
4000007
4000000
3999992
4000000
4000000
4000000
4000000
4000000
4000000
4000000
4000000
4000007
4019666
4100008
4100000
4100000
4100000
4100000
4100000
4099991
4100008
3945198
4000000
4000000
4000007
3999992
4000000
4000007
5056760
5064773
4450647
4400000
4265693
4200000
4200000
4200000
4199991
4105419
4000000
4000000
3999992
4000007
4000000
3999992
4026801
4100000
4100000
4099991
4100008
4099991
4100000
4100008
4045422
3899992
3983103
3999992
4000000
4000007
3999984
4000007
4000000
4000000
4000000
4000007
3999992
4000000
4000007
3999984
4000007
4000007
4000000
4000000
4000000
3999992
4000007
3999992
4000000
4000000
4000000
4000000
4000000
4000000
4000000
4000007
3999992
4000000
4000000
4000000
4000000
4000000
4000000
3999992
4000000
4000015
4000000
3999992
4000007
3999992
4000007
4000000
4000000
4000000
4075670
4099991
4100000
4100008
4099991
4100008
4100000
4100000
3981023
3974768
4000000
3999992
4000007
3999992
4000007
3999992
4000000
4000000
4000000
3999992
4000007
4000000
4000000
4000000
4000007
3999992
4000000
3999992
4000015
3999992
4000007
3999984
4000007
4000007
4000000
3999992
4000000
3999992
4000007
4000000
4000000
4000000
4000000
4000000
4000000
4000000
4000000
4000000
4000007
3999992
4000007
3999992
4025347
4100008
4100000
4100000
4100000
4099991
4100000
4100000
4068239
3900007
3988507
4000000
4000007
3999992
4000007
3999992
4000007
3999984
4000007
4000007
4000000
3999992
4000000
4000000
4000000
4000000
4000007
3999992
4000000
4000000
4000007
4000000
3999984
4000015
3999992
4000007
3999992
4000007
3999992
4000000
4000000
4000000
4000000
4000000
4000007
3999992
4000000
4000000
4000000
4000000
4000007
4018515
4100008
4100000
4100000
4100000
4100000
4100000
4099991
4071319
3943831
4000000
4000000
4000000
4000007
3999992
3999992
4000015
3999992
3999992
4000015
4000000
4000000
4000000
3999984
4000007
3999992
4000007
4000000
4000000
4000007
3999992
3999992
4000007
4000000
4000000
4000007
3999992
4000000
4000000
3999992
4000007
4000000
4000000
4000000
3999992
4000015
3999992
4000007
3999992
4009502
4100000
4100000
4099991
4100008
4100000
4100000
4100000
4099991
3903322
3985551
4000000
4000000
4000000
3999992
4000007
3999992
4000000
3999992
4000015
3999992
4000000
4000007
4000000
3999992
4000007
3999992
4000007
3999992
4000000
4000000
4000007
3999992
4000000
4000007
4000000
4000000
3999992
4000007
3999984
4000015
3999992
4000007
3999992
4000000
4000000
4000000
4000000
4000000
4000007
3999992
4000007
4000000
4092366
4100000
4100000
4099991
4100016
4099991
4100000
4099991
3936219
4000000
4000000
4000000
4000000
4000000
4000007
3999992
4000007
4000000
3999992
4000000
4000000
4000007
4000000
3999992
4000000
4000000
4000007
4000000
4000000
3999992
4000007
3999992
4000007
4000000
3999992
4000000
4000000
4000007
3999992
4000007
3999992
4000000
4000007
4000000
3999992
4000000
4000007
4000000
3999992
4000000
4000000
4000000
4000000
4000000
3999992
4066743
4100000
4100000
4100000
4099991
4100008
4100000
4099991
3991983
3926582
4000007
4000000
3999992
4000007
4000000
3999992
4000000
4000007
3999992
4000000
4000007
4000000
3999992
4000000
4000000
4000007
3999992
4000007
3999992
4000000
4000007
3999984
4000007
4000000
4000007
3999992
4000000
4000007
4000000
3999992
4000000
4000000
4000000
4000007
4000000
3999992
4000000
4000000
4000007
3999992
4000000
4000000
4000000
4000000
4000000
4000000
4060204
4100000
4100000
4099991
4100008
4100000
4100000
4099991
3993241
3943302
4000000
4000000
4000000
4000000
4000000
4000000
4000007
3999992
4000007
3999992
4000000
4000000
3999992
4000015
3999992
4000000
4000007
4000000
3999992
4000000
4000000
4000007
4000000
3999992
4000000
4000000
4000000
4000007
4000000
4000000
3999992
4000000
4000007
3999992
4000000
4000007
3999992
4000000
4000000
4000007
3999992
4015116
4100008
4100000
4100000
4100000
4100000
4100000
4099991
4080771
3911593
4000000
4000000
4000000
4000000
4000007
3999992
4000000
4000000
4000000
4000007
4000000
4000000
4000000
3999992
3999992
4000007
4000000
4000000
4000007
3999992
4000007
3999992
4000000
4000007
3999992
4000000
4000000
4000000
4000007
4000000
4000000
3999992
4000007
4000000
4000000
3999992
4000000
4000007
4000000
3999992
4000000
4034032
4100008
4100000
4099991
4099991
4100016
4100000
4100000
4010064
3939391
4000000
3999992
4000007
4000000
3999992
4000000
4000000
4000000
4000007
4000000
3999992
4000007
4000000
3999992
4000007
3999992
4000007
4000000
4000000
3999992
4000000
4000000
4000007
3999992
4000000
4000007
3999992
4000007
4000000
4000000
3999992
4000000
4000007
4000000
3999992
4000000
4000000
4000007
3999992
4000000
4000000
4000000
4000000
4000000
4000007
3999992
4000000
4082184
4100000
4100000
4099991
4100000
4100008
4100000
4100000
3927272
3971687
4000000
4000000
4000000
3999984
4000023
4000000
4000000
4000000
4000000
3999992
4000007
4000000
3999992
4000000
4000000
4000000
4000000
4000000
4000000
4000007
3999992
4000007
4000000
3999992
4000007
3999992
4000000
4000000
4000000
4000007
3999992
4000007
3999992
4000000
4000007
3999992
4000007
3999992
4000000
4000007
3999992
4000000
4000000
4000000
4000007
4000000
4000000
4000000
4000000
3999992
4000007
4000000
4043165
4100000
4100000
4100000
4100000
4100000
4100000
4100000
4036310
3930717
4000000
4000000
4000000
4000000
4000007
3999992
4000000
4000000
4000000
4000000
4000000
4000000
4000000
4000000
4000000
4000007
4000000
3999992
4000000
4000000
4124081
5078851
5035979
4495976
4400000
4224130
4200008
4200000
4200008
4199991
4153941
4000007
3999992
4000000
4000000
4000000
4000007
4000000
4000000
3999992
4047003
4100008
4100000
4099983
4100016
4100000
4100000
4100000
3978214
3972462
3999992
4000007
4000000
4000000
3999992
4000000
4000000
4000000
4000000
4000000
4000000
4000000
4000000
4000000
4000007
3999992
4000000
4000000
4000007
4000000
4000000
3999992
4000000
4000000
4000000
4000007
3999992
4000000
4000000
4000007
3999992
4000000
4000000
4000007
4000000
4000000
3999992
4000007
3999984
4000007
4000000
4000007
3999992
4000000
4000000
3999992
4000015
3999992
4000000
4000000
4000007
3999992
4000000
4000007
4000000
3999992
4000000
4000007
3999992
4000007
4000000
3999992
4041078
4099983
4100016
4100000
4100000
4100000
4100000
4100000
4043397
3913802
4000000
4000007
4000000
3999992
4000007
3999984
4000007
4000007
3999992
4000007
3999992
4000000
4000000
4000000
4000007
3999992
4000000
4000000
4000000
4000007
3999992
4000007
4000000
4000000
3999992
4000007
3999992
4000000
4000007
4000000
3999992
4000000
4000007
4000000
4000000
3999992
4000000
4000000
4000007
4000000
3999992
4000000
4000000
4000000
4000007
4000000
3999992
4000007
4000000
4000000
4000000
3999992
4000000
4000000
4000000
4000000
4000000
4000000
4000000
4000000
4000000
4000000
4007458
4100000
4100000
4099991
4100008
4100000
4100000
4100000
4100000
3908261
3965702
3999992
4000000
4000007
3999992
4000007
3999992
4000000
4000000
4000000
4000000
4000007
3999992
4000007
3999992
4000000
4000000
4000000
4000000
4000000
4000000
4000000
4000000
4000000
4000000
4000000
4000007
3999992
4000007
3999992
4000007
3999992
4000007
3999992
4000000
4000000
4000000
4000000
4000000
4000000
4000000
4000007
3999992
4000000
4000007
3999992
4000000
4000007
3999992
4000000
4000007
3999992
4000000
4000000
4000000
4000000
4000000
4000007
4000000
4044278
4100000
4100000
4100000
4100000
4100000
4100000
4100000
4029996
3900934
3999992
4000007
4000000
3999992
4000000
4000000
4000000
4000000
4000000
4000000
4000007
3999992
4000007
3999984
4000007
4000000
4000000
4000000
4000000
4000000
4000000
3956681
3999992
4000000
4000000
4000007
3999992
4000000
4000007
3999992
4000000
4000000
4000000
4000000
4000000
4000007
4000000
3999992
4000000
4000007
3999992
4000000
4000000
4000007
4000000
4000000
4000000
3999984
4000015
4000000
3999992
4000000
4000007
4000000
3999992
4000007
4000000
4000000
4000000
3999992
4000007
3999992
4000007
3999992
4000000
4000000
4000007
4065260
4100000
4100000
4100000
4100000
4100000
4100000
4100000
3985184
3920449
4000007
4000000
3999992
4000000
4000000
4000000
4000000
4000007
3999992
4000000
4000000
4000007
3999992
3999992
4000007
3999984
4000023
3999992
4000000
4000000
4000000
4000007
3999992
3999992
4000007
4000000
4000000
4000000
4000007
3999992
4000000
4000007
3999992
4000000
4000007
3999992
4000000
4000007
4000000
3999992
4000000
4000000
4000007
4000000
3999992
4000000
4000007
3999992
4000000
4000007
3999992
4000000
4000007
4000000
3999992
4000007
4000000
4000000
3999992
4000000
4000007
4000000
4028987
4100000
4100000
4099991
4100000
4100008
4099991
4100008
4062417
3900007
3972461
4000000
4000000
4000000
4000000
3999992
4000007
4000000
4000000
4000000
4000000
3999992
4000007
4000000
4000007
3999992
4000000
4000000
4000007
3999992
4000007
3999992
4000000
4000000
4000000
4000000
4000000
4000000
4000007
3999984
4000015
4000000
3999992
4000007
3999992
4000007
3999992
4000000
4000000
4000000
4000000
4000007
3999992
4000000
4000007
4000000
3999992
4000000
4000000
4000000
4000007
3999992
4000007
3999992
4000007
4000000
3999984
4000007
4000007
3999992
4000007
3999992
4000000
4000000
4000000
4000007
3999992
4000000
4000007
3999992
4000007
3999992
4000000
4058638
4100008
4100000
4099991
4100000
4100008
4099993
4099688
3929694
4000007
3999992
4000000
4000007
4000000
4000007
4000000
3999992
4000000
4000000
4000000
4000000
4000007
4000000
4000000
3999992
4000007
3999992
4000007
4000000
4000000
3999992
4000007
3999992
4000000
4000000
4000000
4000007
4000000
3999992
4000000
4000007
3999992
4000007
3999992
4000007
3999992
4000000
4000000
3999992
4000015
3999992
4000007
3999992
4000007
3999992
4000000
4000007
3999992
4000000
4000000
4000000
4000000
4000000
4000000
4000007
4000000
3999992
4000007
4000000
3999992
4000000
3999992
4000007
4000007
4000000
3999992
3999992
4000000
4000015
3999984
4000007
4084762
4100000
4099991
4100000
4099991
4100008
4100000
4100008
3958610
4000015
3999992
4000007
3999992
4000000
4000000
3999992
4000015
3999992
4000000
4000000
4000000
3999992
4000007
4000000
4000000
4000000
4000000
4000000
4000000
4000000
4000007
3999992
4000000
4000000
4000000
4000000
4000000
4000000
4000007
3999992
4000007
3999984
4000000
4000015
3999992
4000000
4000000
4000000
4000007
3999992
4000000
4000000
4000000
4000000
4000007
4000000
3999992
4000000
4000000
3999976
4000031
3999992
4000000
4000000
3999992
4000007
4000000
4000000
4000000
4000000
4000000
4000007
3999992
4000000
4000000
4000007
4000000
3999992
4000007
3999984
4000007
4000000
4000000
4000007
4092641
4100008
4100000
4100000
4100000
4100000
4100000
4100000
3918397
4000000
4017018
5074150
4964292
4400000
4389297
4200000
4200000
4199991
4200008
4199983
4098841
4000023
3999984
4000015
4000000
4000000
4000007
3999992
4000000
3999992
4000015
3999992
4000007
3999992
4000000
4000000
4000000
4000000
4000000
4000000
4000007
4085228
4100000
4099991
4100000
4100008
4100000
4100000
4100000
3956140
3921298
4000000
4000007
4000000
3999992
4000000
4000007
4000000
3999992
4000000
4000007
4000000
3999992
4000000
4000000
4000000
4000000
3999992
4000015
4000000
3999992
4000000
4000000
4000000
3999984
4000015
4000000
4000000
4000000
4000007
3999992
4000007
3999984
4000015
3999992
4000000
4000000
4000000
4000000
4000000
4000000
4000000
3999992
4000007
4000000
3999992
4000007
4000000
4000000
4000007
3999992
4000000
4000000
4000000
3999992
4000007
4000000
4000000
4000000
4000000
4000007
3999992
4000000
4000000
4000000
4000000
4000000
4000000
4000000
4000007
3999992
4000000
4000000
4074963
4100000
4100000
4100000
4099991
4100008
4100000
4100000
3928495
3997312
4000000
4000000
4000007
3999992
4000000
4000007
3999992
4000000
4000000
3999992
4000015
3999992
4000000
4000000
4000000
3999992
4000007
4000000
4000000
4000000
4000000
4000007
4000000
4000000
3999992
4000000
3999992
4000015
3999984
4000007
4000007
4000000
3999992
4000007
3999984
4000007
4000000
4000000
4000000
4000000
4000000
4000007
3999992
4000007
3999992
4000007
3999992
4000007
3999992
3999992
4000007
4000007
3999992
4000007
3999992
4000000
4000000
4000000
4000000
4000000
4000000
4000000
4000000
4000000
3999992
4000000
4000015
3999984
4000007
4000007
3999992
4000007
4000000
4000000
4072795
4100008
4100000
4100000
4099991
4100000
4099991
4100016
3961085
3937794
4000007
3999984
4000007
4000000
4000000
4000000
3999992
4000007
4000000
4000007
3999976
4000007
4000007
4000007
3999992
4000007
3999992
4000000
3999992
4000007
4000007
3999992
4000007
3999992
4000000
4000000
3999992
4000007
4000000
4000007
3999992
4000000
4000007
3999992
4000000
4000000
4000000
4000000
4000007
4000000
3999976
4000015
4000000
4000000
4000000
4000000
4000000
4000000
4000000
4000007
4000000
3999984
4000015
3999992
4000000
4000007
4000000
3999984
4000007
4000000
4000000
4000000
3999992
4000007
4000000
4000000
4000000
3999992
4000007
3999992
4000007
4000000
4000000
4000000
4000007
3980931
4090750
4099991
4100000
4100008
4100000
4099991
4100008
4100000
3921791
4000000
4000000
3999992
4000007
3999992
4000000
4000000
4000000
4000000
4000000
4000007
4000000
3999992
3999992
4000007
4000000
4000000
4000000
4000000
4000000
4000000
4000007
3999992
4000000
4000000
4000007
3999992
4000000
4000000
4000000
4000000
4000007
3999984
4000015
3999992
4000000
3999992
4000007
4000000
4000007
3999992
3999992
4000007
4000000
4000000
4000000
4000007
3999992
4000000
4000000
4000000
4000007
3999992
4000000
4000000
4000007
3999992
4000000
3999992
4000000
4000015
4000000
4000000
4000000
4000000
4000000
3999992
3999984
4000015
4000000
4000000
3999992
4000015
3999992
4099821
4100008
4100000
4099983
4100008
4100008
4100000
4100000
3924485
3915105
4000007
3999992
4000007
3999992
4000000
3999992
4000007
4000007
3999992
4000000
4000007
3999992
4000007
4000000
4000000
3999992
4000000
4000000
4000007
3999992
4000007
3999992
4000000
4000000
3999992
4000015
3999992
4000000
4000000
4000007
3999992
4000000
4000007
3971973
4000007
3999992
4000000
4000000
4000000
3999992
4000015
3999984
4000015
3999992
4000007
3999984
4000015
3999992
4000007
4000000
4000000
4000000
4000000
3999984
4000015
3999992
4000000
4000000
4000000
4000000
4000000
4000007
3999992
4000007
3999992
4000000
4000000
4000000
4000000
4000000
4000007
4000000
4000000
4023900
4100000
4099991
4100008
4100000
4099991
4100008
4100000
4081301
3900007
3957295
4000007
4000000
4000000
4000000
4000000
3999992
4000007
4000000
4000000
4000000
4000000
4000000
4000000
4000000
4000000
3999992
4000000
4000007
4000000
4000000
4000007
4000000
3999992
3999992
4000007
4000000
4000000
4000007
4000000
3999992
4000007
3999992
4000007
3999992
4000000
4000000
4000000
4000000
4000000
4000000
4000000
4000000
3999992
4000007
4000007
4000000
3999992
4000000
4000000
4000000
4000000
4000007
3999984
4000015
4000000
3999992
4000000
3999992
4000007
4000000
4000000
4000000
4000000
4000007
3999992
4000007
3999992
4000000
4000007
3999992
4000000
4000000
4000000
4000000
4000000
4000007
3999992
4080225
4099991
4100008
4099991
4100000
4100008
4099991
4100000
3915562
3999992
4000000
4000000
4000007
3999992
4000000
4000000
4000000
4000007
3999992
4000007
3999992
4000000
4000000
4000007
3999992
4000000
4000000
4000000
4000007
4000000
4000000
3999992
4000000
4000000
4000007
3999992
4000007
3999992
4000007
3999992
4000000
4000007
4000000
3999992
4000000
4000000
4000000
4000000
4000000
4000007
4000000
3999992
4000007
3999984
4000015
3999992
4000007
3999992
4000000
4000007
3999992
4000000
4000000
4000007
3999992
4000007
4000000
3999984
4000007
4000007
4000000
3999992
4000007
4000000
3999992
4000000
4000000
3999992
4000015
3999992
4000000
4000000
4000007
3999992
4000007
4023688
4100008
4100000
4099991
4100008
4099983
4100016
4100000
4035633
3943239
4000000
4000007
3999992
4000000
4000000
4000000
4000000
4000000
4000000
4702340
5031959
4619366
4399991
4271943
4200008
4200000
4199991
4200008
4181608
3999992
4000007
4000000
4000007
3999992
4000000
4000000
4000000
4000007
3999992
4000000
4000000
4000000
4000000
4000000
4000007
3999992
4000000
4000000
4000000
4000000
4000000
4000007
3999984
4000007
3999992
4000000
4000007
4000000
4000000
4000000
4000000
4000000
4000000
4000000
4000000
4000000
3999992
4000007
4000000
4000000
4000000
4000007
3999984
4000015
4044568
4100008
4099991
4100008
4099991
4100000
4100008
4099991
4002000
4000000
4000007
4000000
3999992
4000007
3999992
4000007
3999992
4000000
4000000
4000000
4000000
4000007
3999992
4000000
4000000
4000000
4000000
3999992
4000007
4000000
4000000
3999984
4000015
4000000
4000000
4000000
4000000
4000007
3999992
4000007
3999984
4000007
3999992
4000007
4000000
4000000
4000000
4000000
4000000
4000000
4000000
4000000
4000000
4000000
4000000
4000007
3999992
4000000
4000000
4000007
4000000
3999992
4000000
4000007
3999992
4000007
3999992
4000007
3999984
4000007
4000000
4000000
4000000
4000000
4000000
4000007
3999992
4000000
4000000
4000000
4000007
3999992
4000000
4000000
4000000
4097037
4099975
4100024
4100000
4100000
4099991
4100008
4098378
3929178
4000000
4000000
3999992
4000015
4000000
4000000
3999992
4000000
4000000
4000000
4000000
3982562
3988895
4000000
4000007
3999992
4000007
3999992
4000000
4000007
4000000
3999992
4000007
3999992
4000007
3999992
3999992
4000015
4000000
4000000
3999992
4000000
4000000
4000000
4000000
4000007
3999992
4000000
4000000
4000000
4000000
4000000
4000000
4000007
4000000
4000000
4000000
3999992
4000000
4000007
4000000
3999992
4000000
4000007
4000000
4000000
3999992
4000000
4000000
4000000
4000000
4000000
4000007
3999992
4000000
4000000
4000000
4000007
3999984
4000015
4000000
4000000
3999992
4000000
4058694
4099991
4100008
4100000
4100000
4100000
4100000
4100000
3970122
3995664
4000007
4000000
3999992
4000000
4000000
4000000
4000007
4000000
4000000
3999992
4000000
4000007
4000000
4000000
4000000
3999992
4000000
4000000
4000007
3999992
4000000
4000000
4000007
3999992
4000000
4000007
3999992
4000007
3999992
4000000
4000007
3999992
4000000
4000000
4000000
4000000
4000000
4000007
3999992
4000007
4000000
3999992
4000000
4000007
4000000
3999992
4000000
4000007
3999992
4000007
4000000
3999992
4000000
4000000
4000007
3999992
4000000
4000000
4000007
3999992
4000000
4000007
4000000
4000000
3999992
4000007
3999992
4000000
4000000
4000000
4000000
4000000
4000000
4000000
4092671
4100000
4100000
4100000
4099991
4100000
4100000
4100008
3925786
3972138
3999992
4000000
4000000
3999992
4000007
3999992
4000007
4000007
3999992
4000000
4000000
4000000
4000007
3999992
4000000
4000000
4000007
3999992
4000000
4000007
3999992
4000000
4000000
4000007
3999992
4000007
3999992
4000000
4000007
4000000
3999992
4000000
4000007
3999992
4000000
4000000
4000000
4000007
3999992
4000000
4000000
4000000
4000000
4000007
3999992
4000007
4000000
4000000
3999992
4000007
3999992
4000000
4000000
3999994
4000007
4000000
4000000
4000007
4000000
3999992
4000000
4000007
3999992
4000007
3999992
4000007
3999992
4000000
4000000
4000000
4000000
4000000
4000000
4088205
4100000
4099991
4100008
4099991
4100008
4100000
4099991
3932284
3969539
3999992
4000000
4000000
4000000
4000000
4000007
3999992
4000000
4000000
4000000
4000000
4000000
4000000
4000000
4000000
4000000
4000007
4000000
3999992
4000000
4000000
4000000
4000007
3999992
4000000
4000000
3990983
4000000
4000000
4000000
4000007
3999992
4000000
4000000
4000007
4000000
3999992
4000007
3999992
4000000
4000007
3999992
4000007
4000000
3999992
4000000
4000007
4000000
3999992
4000007
4000000
4000000
3999992
4000007
4000000
3999992
3999992
4000007
4000000
4000000
4000000
4000007
3999992
4000007
4000000
3999992
4000000
4000000
4000000
4000000
4000007
3999992
4000000
4000000
4000000
4000000
4049581
4100000
4099991
4100008
4100008
4099991
4100000
4100000
3982128
3972059
4000007
4000000
3999992
4000000
4000000
4000007
4000000
3999992
4000007
3999992
4000000
4000000
4000007
4000000
4000000
4000000
3999992
4000000
4000000
4000000
4000000
4000000
4000007
3999992
4000007
3999992
4000000
4000000
4000000
4000007
4000000
3999992
4000000
4000000
4000000
4000007
4000000
3999992
4000000
4000007
3999992
4000000
4000000
4000000
4000000
4000000
3999992
4000007
4000000
4000000
4000000
4000000
4000007
3999992
4000000
4000007
3999992
4000000
4000000
4000000
4000007
4000000
3999992
4000000
4000000
4000007
3999992
4000007
3999992
4000007
3999992
4000000
4000000
4000000
4064565
4100000
4100000
4100000
4100000
4099991
4100000
4100008
3974627
4000000
4000000
4000000
4000000
4000000
4000007
4000000
3999992
4000000
4000007
3999992
4000007
4000000
3999992
4000000
4000000
4000007
3999992
4000000
4000007
3999992
4000000
4000000
3999992
4000007
4000000
4000000
4000007
3999992
4000000
4000007
3999992
4000000
4000000
4000000
4000000
4000007
3999992
4000000
4000000
4000000
4000000
4000007
4000000
3999992
4000000
4000007
3999992
4000000
4000000
4000000
4000000
4000000
4000000
4000007
4000000
4000000
3999992
4000007
3999992
4000007
4000000
3999984
4000007
4000000
4000000
4000000
4000000
4000007
4000000
3999992
4429202
5012363
5000009
4460743
4400008
4263095
4200000
4200000
4199983
4200016
4057560
3999992
4000000
4000007
3999992
4000000
3999992
4000007
4000007
4000000
3999992
4000007
4000000
4000000
3999992
4000007
3999992
4000007
3999992
4000000
4000000
4000000
4000007
3999992
4000007
3999992
4000000
4000007
3999992
4000000
4000000
4000000
4000007
3999992
4000000
4000000
4000007
3999992
4000000
4000007
3999992
4000000
3999992
4000015
3999992
4000000
4000007
3999992
4000000
4000007
3999992
4000000
4000007
4000000
3999992
4000000
4000007
3999992
4000000
4000000
4000000
4000000
4000000
4000000
4000000
4000007
3999992
4000000
4000000
4000000
4000007
3999992
4000000
3999984
4000023
4000000
4000000
3999992
4000007
3999984
4000007
3999992
4000000
4000000
4000015
3999992
4000000
3999992
4000007
4000007
3999984
4000000
4000007
3999992
4000007
4000007
3999992
4000007
3999992
4000000
3999992
4000000
4000015
3999984
4000000
4000007
3999992
4000000
3999992
4000007
4000000
4000000
4000007
4000000
4000000
3999976
4000015
4000015
3999992
4000000
3999992
4000007
4000000
3999992
4000007
3999992
4000007
3999992
4000007
4000000
4000000
3999992
4000015
3999984
4000000
4000000
4000000
4000007
3999992
4000000
4000015
3999984
4000000
4000000
4000000
4000007
4000000
4000000
3999992
4000007
3999992
4000007
4000000
4000000
3999992
4000007
3999992
4000000
4000000
4000007
3999992
4000000
4000015
3999992
3999992
4000007
3999992
4000007
3999992
3966850
4000000
4000007
3999992
4000000
4000000
4000000
4000007
3999992
4000000
4000000
4000007
4000000
3999992
4000007
4000000
3999992
4000000
4000007
4000000
3999992
4000000
4000000
4000007
4000000
4000000
4000000
3999992
4000007
4000007
3999992
4000007
3999984
4000007
3999992
4000000
4000000
4000007
4000000
3999992
4000000
4000007
3999992
4000000
4000000
4000007
4000000
4000007
3999984
4000007
4000000
3999992
4000000
4000000
4000000
4000000
4000000
4000007
4000000
3999984
4000015
4000000
3999992
4000000
4000000
4000000
4000000
4000007
3999992
4000000
4000000
4000000
4000007
