1800239
2232049
4153968
5100010
5100000
5100000
5100000
5100000
5100000
5100000
5100000
5100000
5100000
5100000
5100000
5100000
5100000
5100000
5100000
5097691
5100010
5099989
5100000
5100000
5097841
5096781
5099271
5099300
5098580
5098272
5093934
5096416
5098014
5095128
5099989
5100010
5099989
5100010
5099989
5100010
5099989
5100000
5100000
5100010
5099989
5100000
5100000
5100010
5100000
5099989
5100000
5100000
5100000
5100010
5099989
5100000
5100010
5099989
5100000
5100000
5100010
5099989
5100010
5099989
5100000
5100000
5100010
5099989
5100010
5099989
5100000
5100000
5100000
5100000
5100000
5100010
5100000
5099979
5100010
5100010
5099989
5100000
5100000
5100000
5100000
5100000
5100000
5100000
5100000
5100000
5099989
5100010
5100000
5100000
5100010
5099989
5100000
5100000
5100010
5099989
5100000
5100000
5100000
5100000
5100000
5099989
5100010
5100000
5100000
5099989
5100020
5099979
5100010
5100000
5100000
5100010
5099989
5100000
5100000
5100000
5100000
5099989
5100010
5099989
5100010
5099989
5100000
5100010
5099989
5100000
5100000
5100010
5100000
5100010
5100000
5099989
5100000
5099989
5100000
5100010
5100000
5100000
5100010
5100000
5099989
5100000
5100000
5100010
5099989
5100010
5099969
5100020
5100010
5100000
5099989
5097696
5099989
5100000
5100000
5100000
5100000
5100000
5097856
5100010
5100000
5099989
5097688
5097682
5099231
5100010
5099563
5100000
5100000
5099989
5100020
5099979
5100010
5097140
5100000
5095999
5100020
5100000
5100000
5100010
5099989
5100000
5099989
5100010
5100000
5100000
5100000
5100000
5100000
5095347
5100000
5097569
5100000
5098590
5100000
5100000
5100010
5099989
5099889
5099757
5099989
5100000
5100010
5100000
5099989
5099441
5100000
5099476
5100000
5096396
5100000
5100000
5099278
5100020
5097816
5100000
5100000
5100000
5098558
5099989
5100000
5100000
5099699
5099451
5099428
5100000
5099979
5100020
5100010
5099989
5100000
5097641
5099880
5100000
5100000
5100000
5100000
5100000
5100000
5100000
5100000
5100000
5100000
5100000
5100000
5100000
5100000
5100000
5100010
5099989
5100000
5100000
5100000
5100000
5100000
5100000
5100000
5100000
5100010
5099969
5100020
5100000
5100000
5100000
5100010
5099989
5100000
5100000
5100000
5100000
5100000
5100000
5100000
5100000
5100000
5100000
5100000
5100000
5100000
5100010
5099989
5100000
5100000
5100000
5100000
5100000
5100000
5100010
5100000
5099989
5099979
5100020
5099979
5100020
5100000
5100010
5100000
5099989
5100000
5100000
5100000
5100000
5100000
5100000
5100000
5100010
5100000
5100000
5099989
5100000
5100000
5100000
5100000
5100000
5100000
5100000
5100000
5100000
5100010
5100000
5099969
5100020
5100010
5099989
5100000
5100000
5100000
5100000
5100010
5099989
5100010
5100000
5099989
5100000
5100000
5100010
5099989
5100000
5100000
5100010
5099989
5100000
5100010
5100000
5099989
5100000
5100000
5100000
5100000
5100010
5099989
5100000
5100000
5100000
5100000
5100000
5100000
5099979
5100020
5100000
5100000
5100000
5100010
5099989
5100000
5100000
5100010
5099989
5100000
5100000
5099989
5100010
5100000
5100000
5100000
5100000
5100000
5099989
5100020
5100000
5099989
5100000
5100000
5100000
5100000
5100000
5100000
5100000
5100000
5100000
5100000
5100000
5100000
5100000
5100000
5100000
5100000
5100000
5100000
5100010
5099989
5100000
5100000
5100000
5100010
5099989
5100010
5099989
5100000
5100000
5100000
5100000
5099989
5100010
5100000
5100000
5100000
5100000
5100000
5100010
5099989
5100000
5100000
5100010
5100000
5099989
5100000
5100010
5099989
5100000
5100000
5100000
5100010
5099989
5100000
5100000
5100000
5100000
5100000
5100000
5100000
5100010
5100000
5100000
5099989
5100000
5100000
5099989
5100010
5100010
5099989
5100000
5100000
5100000
5100010
5099989
5100000
5100000
5100000
5100000
5100010
5099989
5100000
5100000
5100000
5100000
5100000
5100000
5100010
5099989
5100000
5100010
5099989
5100000
5099989
5100000
5100010
5100000
5100010
5099989
5100000
5100000
5100000
5100010
5100000
5100000
5099989
5100000
5100000
5100000
5099989
5100020
5100000
5099989
5100000
5100010
5099989
5100000
5100000
5100000
5100000
5100000
5100010
5099989
5100000
5100000
5100000
5100000
5100000
5100000
5100000
5100000
5100000
5100000
5100000
5100010
5099989
5100000
5100000
5100000
5100000
5100000
5100000
5100000
5092085
5100010
5100000
5100000
5100000
5100000
5100000
5100000
5100000
5100000
5100000
5100000
5100000
5100000
5100000
5100000
5100000
5100000
5100000
5100000
5100000
5100000
5100010
5099979
5100010
5100000
5100000
5100000
5100000
5100000
5100000
5100000
5100000
5100000
5100000
5100000
5099989
5100020
5100000
5099989
5100000
5100010
5100000
5099989
5100000
5100000
5100000
5100000
5100000
5100000
5100000
5100000
5100000
5100000
5100000
5100000
5100000
5100000
5100010
5099989
5100000
5100000
5100010
5099989
5100000
5100010
5099989
5100000
5100000
5099989
5100010
5100000
5100010
5099989
5100000
5100000
5100000
5100000
5100010
5099989
5100000
5100000
5100000
5100000
5100000
5100000
5100000
5100000
5100000
5100000
5100000
5100000
5100000
5100000
5100000
5100000
5100000
5100000
5100000
5100000
5100000
5100000
5100000
5100000
5100000
5100010
5100000
5099989
5100000
5100000
5100010
5099989
5100010
5099989
5100000
5100010
5100000
5099989
5100000
5100000
5100000
5100000
5100000
5100000
5100000
5100010
5099989
5100010
5099989
5100000
5100000
5100010
5099989
5100000
5100000
5100010
5100000
5099989
5100000
5100010
5099989
5100000
5100010
5099989
5100000
5100000
5100000
5100000
5100000
5100010
5099989
5100000
5100000
5100010
5099989
5100000
5100000
5100000
5100000
5100000
5099989
5100010
5100000
5100000
5100000
5099989
5100010
5100000
5100000
5100010
5099989
5100000
5100000
5099979
5100020
5100000
5100000
5100000
5100000
5100000
5100000
5100010
5100000
5100000
5099989
5100000
5100000
5100000
5100000
5100010
5099989
5100000
5099989
5100010
5100010
5099989
5100000
5100000
5100010
5099989
5100000
5100010
5100000
5099989
5100010
5099989
5100000
5100000
5100000
5100000
5100000
5100000
5099989
5100010
5100000
5100000
5100000
5100000
5100010
5099989
5100000
5100000
5100000
5100000
5100000
5100000
5100010
5099989
5100000
5100000
5100000
5100000
5100000
5100000
5100000
5100000
5100000
5100000
5100000
5100010
5100000
5099989
5100000
5100000
5100000
5100000
5100010
5099989
5099989
5100010
5100000
5100000
5100000
5100000
5100000
5100000
5100010
5100000
5099989
5100000
5100000
5100000
5100000
5100000
5100000
5100010
5099989
5100000
5100000
5100000
5100010
5099989
5100000
5100010
5100000
5100000
5099989
5100010
5099989
5100000
5100000
5100000
5100000
5100010
5099989
5100010
5100000
5099989
5100000
5100000
5099989
5100010
5100010
5099989
5100010
5099989
5100000
5100000
5100010
5100000
5099989
5100000
5100000
5100000
5100000
5100010
5099989
5100000
5100000
5100000
5100000
5100000
5100000
5100000
5100000
5100000
5100000
5100000
5099979
5100030
5099989
5100000
5099989
5100010
5100000
5100000
5100000
5100000
5100010
5099989
5100000
5100010
5099989
5100000
5100000
5100000
5100000
5099979
5100000
5100020
5100000
5100010
5099989
5100000
5100010
5099989
5100000
5099979
5100020
5100000
5100010
5099989
5100010
5099989
5100000
5100010
5099989
5100000
5100000
5100000
5100000
5100000
5100000
5100000
5100000
5100010
5099989
5100000
5100010
5099989
5100000
5100000
5100010
5099989
5100000
5100000
5100000
5100000
5100000
5100010
5099989
5100010
5099989
5100000
5100000
5100000
5100000
5100000
5100000
5100000
5100000
5100000
5100000
5100010
5100000
5099989
5100000
5100000
5100000
5100000
5100000
5100010
5099989
5100000
5100010
5066521
5100000
5100000
5100000
5100000
5100000
5100010
5099989
5100000
5100010
5099989
5100000
5100000
5100000
5100000
5100000
5100000
5100000
5100010
5099989
5100000
5099546
5099989
5100010
5100000
5099989
5100000
5100010
5099989
5100000
5100000
5100000
5100000
5100000
5100000
5100000
5100010
5099989
5100000
5100000
5100000
5100010
5099038
5100000
5100000
5100000
5100010
5099989
5100000
5100000
5100000
5100000
5100000
5100010
5100000
5100000
5099989
5100010
5099989
5100000
5100000
5100000
5100010
5099989
5100000
5100000
5097607
5100020
5100000
5099989
5100010
5100000
5100000
5097470
5099989
5100000
5100010
5100000
5099989
5099097
5098834
5100010
5099989
5100000
5100000
5100000
5099851
5096670
5099989
5100000
5099187
5098146
5100000
5099772
5099558
5099651
5100000
5099280
5099577
5098686
5100000
5100010
5099115
5100000
5098437
5100000
5100000
5100010
5099989
5100000
5100000
5100000
5100000
5097688
5098682
5099360
5099989
5100010
5098445
5099474
5099989
5100000
5100000
5097708
5099558
5100000
5100010
5099989
5100010
5100000
5097757
5100000
5097697
5100000
5100000
5098412
5096720
5097707
5098104
5099077
5099700
5095361
5100000
5100000
5100000
5097848
5100000
5097892
5099403
5098880
5099989
5098173
5097047
5097839
5097803
5097655
5099079
5100000
5094646
5096674
5100000
5099013
5098209
5100000
5099060
5098454
5099471
5096402
5097489
5099715
5097267
5100000
5098428
5098235
5097863
5099380
5099878
5099613
5098666
5099388
5099884
5097879
5097887
5099989
5099323
5098553
5100000
5099286
5097817
5098555
5099989
5100000
5097747
5099989
5099874
5098864
5099277
5100000
5100000
5100000
5100000
5100000
5100000
5100000
5100000
5100000
5100000
5100000
5100000
5100000
5100000
5099979
5100030
5099989
5100010
5099989
5099703
5098899
5099163
5099293
5099272
5099255
5098775
5098592
5100000
5100000
5099456
5099514
5100000
5100000
5099940
5098719
5097622
5098984
5098756
5098627
5098753
5099080
5097638
5099237
5097991
5100000
5099719
5098571
5099536
5099989
5099287
5099476
5098942
5098609
5099741
5098918
5100000
5098568
5096646
5095709
5096536
5096526
5096244
5098679
5099279
5096240
5099355
5100010
5099224
5099143
5097921
5098617
5099874
5099370
5096952
5097669
5097581
5097207
5098422
5097259
5100010
5099640
5097752
5099291
5099373
5099295
5100000
5098578
5099989
5099319
5099118
5097204
5100000
5100000
5100000
5100000
5099274
5099979
5100020
5100000
5099385
5100010
5099989
5099147
5099669
5100010
5100000
5099989
5100010
5099989
5100000
5100000
5100000
5100000
5100000
5100010
5099620
5099282
5100000
5099989
5100000
5098558
5100000
5100000
5100010
5099250
5100000
5100000
5100000
5100000
5100000
5100000
5100000
5100000
5100000
5100000
5100000
5100000
5100010
5100000
5099989
5100000
5100010
5099989
5100000
5100000
5100000
5100000
5100010
5099989
5100000
5100000
5100000
5100000
5100000
5100010
5099989
5100000
5100010
5099989
5100000
5100010
5099989
5100000
5100000
5100000
5099979
5100020
5100000
5100000
5100000
5100010
5099989
5100010
5099989
5100000
5100000
5100000
5100000
5100000
5100000
5100000
5100000
5100000
5100010
5099989
5100000
5100000
5100010
5099989
5100010
5100000
5099989
5100000
5100000
5100000
5100000
5100000
5100000
5100000
5100000
5100010
5099989
5099989
5100010
5100000
5100000
5100000
5100000
5100000
5087795
5100010
5100000
5100010
5100000
5099989
5100000
5100010
5099989
5100000
5100000
5100000
5100010
5099989
5100000
5100010
5099989
5100010
5099989
5100000
5100010
5099989
5100000
5100010
5099989
5100010
5099989
5100010
5099989
5099989
5100010
5100000
5100000
5100000
5100000
5100000
5100010
5099989
5100000
5100000
5100000
5100000
5100010
5099989
5100010
5099989
5100010
5099989
5100000
5100000
5100010
5099979
5100010
5100000
5100000
5100000
5100000
5100000
5100000
5100000
5100000
5100000
5100000
5100010
5099989
5100010
5099989
5100000
5100000
5100000
5100000
5100000
5100000
5100010
5099989
5100010
5100000
5099989
5100010
5100000
5099989
5100000
5100000
5100000
5100000
5100010
5099989
5100010
5099989
5100000
5099989
5100010
5100010
5099989
5100000
5100000
5100000
5100000
5099979
5100020
5100000
5100000
5100000
5100010
5100000
5099989
5100000
5100000
5100000
5100000
5100000
5100000
5100010
5099989
5100000
5100010
5099989
5100010
5099989
5100000
5100000
5100000
5100010
5099989
5100000
5099989
5100020
5099989
5100010
5100000
5099989
5100000
5100010
5100000
5099989
5100010
5099989
5100000
5100000
5100000
5100000
5100010
5099989
5100010
5100000
5099989
5100000
5100010
5100000
5100000
5100000
5099989
5100000
5100000
5100010
5099989
5100010
5100000
5099979
5100010
5100000
5099979
5100020
5100000
5100000
5100000
5100000
5100000
5099979
5100020
5100010
5099989
5100000
5100000
5100000
5100000
5100000
5100010
5099989
5100010
5100000
5099989
5100010
5099989
5100000
5100000
5100000
5100000
5100000
5100000
5100000
5100010
5100000
5100000
5099979
5100020
5100000
5099989
5100000
5100000
5100000
5099989
5100020
5099989
5100000
5100000
5100000
5100000
5100010
5099989
5100000
5100000
5100000
5100010
5099989
5100000
5100000
5100010
5099989
5100000
5100000
5100000
5100000
5100000
5100000
5100000
5100000
5100010
5099989
5100000
5100010
5100000
5100000
5099989
5100000
5100000
5100000
5099989
5100010
5100000
5100000
5100000
5100000
5100010
5099989
5100000
5100000
5100000
5100000
5100000
5100010
5099989
5100000
5100000
5100000
5100000
5100010
5099989
5100000
5100000
5100000
5100010
5099989
5100000
5100010
5099989
5100000
5100000
5100000
5100000
5100000
5100000
5100000
5100000
5100000
5100010
5099989
5100000
5100000
5100000
5099979
5100020
5100000
5100000
5100000
5100000
5100010
5099979
5100010
5100000
5100000
5100000
5100010
5099989
5100000
5100010
5100000
5099989
5100000
5100000
5100000
5100000
5100000
5100000
5100000
5099989
5100010
5100000
5100000
5100000
5100000
5100000
5100010
5099979
5100010
5100010
5099989
5099989
5100010
5100000
5100010
5099989
5100000
5100000
5100010
5099989
5100000
5100010
5099989
5100000
5100000
5100000
5100000
5100010
5099989
5100000
5100000
5100000
5100000
5100000
5100010
5099989
5100000
5100000
5100000
5100000
5100010
5099989
5100000
5100000
5100000
5100000
5100000
5100000
5100000
5100010
5100000
5099989
5100000
5100000
5100000
5100000
5100000
5100000
5100000
5100010
5099989
5100010
5099989
5100000
5100000
5100000
5100000
5100010
5099989
5100000
5100000
5100010
5099989
5100000
5100000
5100000
5100000
5100000
5100000
5100000
5100000
5100000
5100000
5100010
5100000
5099989
5099989
5100010
5100000
5100000
5100000
5100000
5100010
5099989
5100000
5100010
5099989
5100010
5100000
5074447
5100010
5100000
5100000
5100000
5100000
5100000
5100000
5099989
5100010
5100000
5100000
5100000
5100010
5099989
5100010
5100000
5099989
5100000
5100000
5100000
5100000
5100010
5099989
5100000
5100000
5100010
5099989
5100000
5100010
5099989
5100000
5100000
5099979
5100020
5100000
5100000
5100000
5100000
5100000
5100010
5099989
5100000
5100000
5100000
5100000
5100000
5100010
5099989
5100000
5099989
5100010
5100000
5100000
5100000
5100000
5100000
5100000
5100000
5100010
5099989
5100000
5100000
5100010
5099989
5100000
5100010
5099989
5100000
5100000
5100010
5099989
5100000
5100010
5099989
5100000
5100000
5099989
5100010
5100000
5100010
5099989
5100000
5100000
5100000
5100000
5100000
5100000
5100000
5100000
5100000
5099989
5100010
5100000
5100000
5100000
5100000
5100000
5100000
5100000
5100010
5099979
5100010
5100010
5099989
5100010
5099989
5100000
5100000
5100000
5100000
5100000
5100000
5100000
5100000
5100000
5100000
5100000
5100000
5100000
5100000
5100000
5100000
5100000
5100000
5099979
5100020
5100000
5100000
5100000
5100010
5099989
5100000
5100000
5100000
5100000
5100000
5100000
5100000
5100000
5100000
5100000
5100000
5100000
5100000
5100000
5100010
5100000
5099989
5100010
5100000
5099989
5100010
5099979
5100010
5099989
5100010
5100010
5099989
5100000
5100000
5100000
5100000
5100000
5100000
5100010
5099989
5100000
5100000
5100010
5099989
5100000
5100000
5100010
5099989
5100000
5100000
5100000
5100000
5100000
5099130
5100000
5100000
5099777
5100010
5099989
5100010
5098886
5100000
5100000
5097416
5099989
5100000
5099715
5098078
5100010
5099989
5098261
5100000
5099989
5099617
5100000
5098522
5099705
5099350
5099692
5099291
5100000
5100000
5099820
5099567
5096979
5099835
5099835
5096723
5099587
5100000
5100000
5100000
5097533
5099326
5099989
5100000
5100000
5100000
5098693
5099989
5100000
5100000
5100010
5099780
5100000
5100000
5100000
5099894
5100010
5100010
5098591
5097787
5099673
5100010
5098883
5099654
5099518
5098425
5099197
5099679
5100000
5100000
5099744
5099559
5099989
5100000
5100010
5099989
5100000
5099694
5100000
5100000
5100010
5099989
5100000
5100000
5100000
5100000
5099520
5100000
5100000
5100000
5100000
5100000
5100010
5099989
5099364
5097568
5099903
5100000
5100000
5100000
5100000
5100010
5099989
5100010
5099989
5100010
5100000
5099989
5100010
5099989
5100010
5099989
5100000
5100000
5100000
5100000
5100000
5100000
5100010
5099989
5099989
5100010
5100000
5100000
5100000
5100010
5099997
5100000
5100000
5099989
5100010
5100000
5100000
5100000
5100000
5100000
5100000
5100010
5099989
5100000
5100005
5099979
5100010
5100000
5100010
5099989
5100000
5100000
5100000
5100000
5100000
5100000
5100000
5099979
5100020
5100000
5100000
5100000
5100000
5100000
5100000
5100000
5100010
5099979
5100000
5100020
5100000
5099989
5100010
5099989
5100000
5099989
5100010
5100000
5100000
5100000
5100000
5100010
5100000
5099989
5100000
5100010
5100000
5099989
5100000
5100000
5100000
5100000
5100000
5100000
5100000
5100010
5099989
5100000
5100000
5100000
5100000
5100010
5099989
5100000
5100000
5100000
5100000
5100000
5100000
5100010
5099989
5100000
5100000
5100000
5100000
5100000
5100000
5100000
5100000
5100000
5100000
5099989
5100000
5100010
5100000
5100000
5100000
5090093
5098123
5099989
5100000
5100000
5100000
5100000
5100000
5099989
5100010
5100010
5099989
5100000
5100000
5099989
5100010
5100000
5099989
5100020
5099989
5100000
5100000
5099979
5100010
5100020
5100000
5099989
5100000
5099989
5100010
5100000
5100000
5099979
5100030
5099979
5100010
5100000
5100010
5099979
5100010
5099989
5100010
5100010
5099989
5100010
5099979
5100010
5099979
5100010
5100020
5099989
5100000
5100000
5099989
5100020
5099989
5100000
5100000
5100000
5099989
5100010
5099989
5100010
5100000
5100000
5100000
5100000
5100000
5099989
5100000
5100020
5099979
5100020
5099989
5100000
5100000
5100000
5099989
5100000
5100000
5100010
5099989
5100010
5100000
5100010
5099979
5100020
5099979
5100010
5100000
5100000
5100000
5100000
5100010
5099989
5100000
5100000
5100000
5100000
5100000
5100000
5100000
5100000
5100000
5100000
5100010
5099989
5100010
5099989
5100000
5100010
5099989
5100000
5100000
5100010
5099989
5100000
5100000
5099989
5100010
5100000
5100000
5100000
5100000
5100010
5099989
5100000
5100000
5100000
5100000
5100000
5100000
5100000
5100000
5100000
5100000
5100000
5100010
5099979
5100020
5099969
5100020
5100010
5099989
5100000
5100000
5100000
5100000
5100000
5100000
5100000
5099989
5100010
5100000
5100000
5100010
5099989
5100000
5100000
5100010
5099989
5100000
5100000
5100000
5100010
5099989
5100000
5100000
5100000
5100010
5099989
5100000
5100000
5100010
5099989
5100000
5100010
5099989
5100000
5100000
5100010
5100000
5099989
5100000
5099979
5100000
5100020
5100000
5100000
5100000
5100000
5100000
5100000
5100000
5100000
5100000
5100000
5100000
5100000
5100000
5100000
5100000
5100000
5100010
5099989
5100000
5100000
5100000
5100000
5100000
5100000
5100000
5100000
5100000
5100000
5099989
5100020
5099989
5100000
5100000
5100000
5099979
5100020
5100000
5100000
5100000
5100000
5100000
5100000
5100000
5100000
5100000
5100000
5100000
5100000
5100000
5100000
5100000
5100000
5100000
5100000
5100000
5100000
5100000
5100000
5100000
5100000
5100000
5100000
5100000
5100010
5099989
5100010
5099989
5100000
5100000
5100000
5100000
5100000
5100010
5099989
5100000
5100000
5100000
5100000
5100000
5100000
5100000
5100010
5099989
5099989
5100010
5100000
5100000
5100010
5099989
5100000
5099989
5100010
5100000
5100000
5100000
5100000
5100000
5100000
5099989
5100010
5100000
5100000
5100000
5100010
5099989
5081099
5100000
5100000
5100000
5100000
5100000
5100000
5100000
5100000
5100000
5100000
5100000
5100000
5100000
5100000
5100000
5100000
5100000
5099969
5100030
5100000
5100000
5100000
5100000
5100000
5100000
5100000
5100010
5099989
5100010
5099989
5100000
5100000
5100000
5100000
5100000
5100000
5100000
5100000
5100000
5100000
5100010
5099989
5100000
5100000
5100000
5100000
5100000
5100010
5100000
5099989
5100000
5099979
5100020
5100010
5099989
5100000
5100000
5100000
5100000
5100000
5099989
5100010
5100000
5100000
5100000
5100000
5100000
5100000
5100000
5100010
5099979
5100010
5100000
5100000
5100000
5100000
5100010
5099989
5100000
5100000
5100000
5100010
5099989
5100000
5100010
5099989
5100000
5100000
5100000
5100000
5100010
5099989
5100000
5100000
5100000
5100000
5099989
5100010
5100010
5099989
5100000
5100000
5100000
5100010
5099989
5100000
5100010
5099989
5100000
5100010
5099989
5100000
5100000
5080086
5100010
5100000
5100000
5100000
5100000
5100000
5100000
5100000
5100000
5100000
5100000
5100000
5100000
5100000
5100000
5100000
5100000
5100000
5100000
5100000
5100000
5100000
5100000
5100000
5100000
5100000
5100000
5100000
5100000
5100000
5100000
5100000
5100000
5100000
5100000
5100000
5100000
5100000
5100000
5100000
5100000
5100000
5100000
5100000
5100000
5099989
5100010
5100000
5100000
5100000
5100000
5100000
5100000
5100010
5099989
5100000
5100010
5099989
5100010
5099989
5100000
5100000
5100010
5099989
5100000
5100000
5100000
5100000
5100000
5100000
5100000
5100000
5100000
5100000
5099989
5100010
5100000
5100000
5100000
5100000
5100010
5100000
5099989
5100000
5100010
5100000
5099989
5100000
5100000
5100010
5099989
5099989
5100020
5099989
5100000
5100000
5100010
5099969
5100020
5100000
5100000
5100010
5099989
5100010
5100000
5100000
5099989
5100000
5100000
5100000
5100000
5100010
5100000
5100000
5099989
5100000
5100000
5100000
5100000
5100000
5100010
5099989
5099989
5100020
5099989
5100000
5100000
5100010
5100000
5099989
5100000
5100000
5100000
5100000
5100000
5100000
5099989
5100010
5100000
5100000
5100000
5100000
5100000
5100010
5099989
5100000
5100000
5100000
5100000
5100010
5100000
5099989
5100000
5100000
5100000
5100000
5100000
5100000
5100000
5100000
5100000
5100000
5100000
5100010
5099989
5100000
5100000
5100000
5100000
5100000
5100000
5100000
5100000
5100010
5099989
5100000
5100010
5099989
5100000
5100010
5099989
5100000
5100010
5099989
5100000
5100010
5099989
5100000
5100000
5100000
5100000
5100000
5100000
5100000
5100000
5100000
5100000
5100000
5100000
5100000
5100000
5100000
5100000
5100000
5099989
5100010
5100000
5100010
5099989
5100000
5100000
5100000
5100010
5099979
5100020
5100000
5099989
5100010
5099989
5100000
5100010
5099989
5100000
5100000
5099989
5100010
5100000
5099989
5100020
5099989
5100010
5099989
5100000
5100000
5100000
5100000
5100000
5100000
5100010
5100000
5099989
5100010
5100000
5097509
5100020
5099969
5100030
5100000
5099979
5100020
5099989
5100000
5100000
5100000
5097854
5099848
5099090
5100000
5100000
5100000
5100000
5098234
5099704
5100000
5097825
5097832
5100000
5100000
5100000
5100000
5100000
5099989
5100020
5096884
5100000
5096427
5100000
5100010
5099989
5097843
5099804
5100000
5100000
5100000
5100000
5100000
5100010
5098263
5097975
5100000
5100000
5090030
5100000
5099612
5100010
5100000
5100000
5099166
5099355
5099983
5099636
5099989
5097692
5098463
5098008
5097538
5100000
5099989
5100000
5098620
5100010
5099989
5100000
5097690
5099027
5098124
5100000
5100000
5099989
5099677
5100010
5099989
5100000
5099441
5098734
5100000
5098304
5099598
5098041
5099200
5098714
5096318
5094780
5097691
5095116
5100000
5100000
5097201
5095675
5096183
5099084
5097283
5099258
5095381
5098815
5092208
5096061
5096259
5094646
5096547
5092696
5098421
5097688
5094220
5098797
5097492
5099660
5097439
5097085
5095547
5099654
5097707
5099989
5095379
5092096
5093882
5095035
5100000
5096105
5095461
5098950
5097263
5095040
5098050
5095468
5099566
5097566
5097856
5098850
5097580
5097701
5097811
5098798
5099867
5096413
5098593
5097254
5096565
5096411
5092031
5093351
5100000
5095475
5097669
5097569
5098159
5098632
5097692
5094949
5095843
5093529
5095584
5097318
5092330
5094563
5072244
5092950
5098782
5095372
5097505
5095324
5097764
5090765
5100000
5097693
5096476
5096785
5100000
5100010
5098555
5096379
5094034
5100000
5094613
5097199
5098624
5097695
5099054
5095974
5097822
5098561
5099989
5097673
5098562
5098555
5092611
5097701
5099162
5097530
5096894
5097675
5096861
5097789
5098885
5100010
5091944
5095828
5100010
5099989
5097600
5097868
5098289
5096088
5099728
5099928
5099344
5099989
5095075
5099321
5096539
5097614
5096130
5099276
5099035
5096249
5098749
5097239
5097120
5100000
5098571
5099124
5100020
5099375
5097771
5099151
5100000
5097715
5100010
5095864
5099291
5099399
5098875
5099696
5098500
5100000
5099989
5096683
5100010
5099507
5096477
5099051
5096850
5099324
5099989
5096333
5098593
5099572
5096150
5092558
5097354
5097743
5097739
5095411
5099277
5094131
5097230
5097291
5097484
5096040
5097311
5098510
5096147
5099862
5096976
5098554
5097938
5098210
5097309
5099341
5098962
5099244
5099350
5100000
5099286
5098851
5097922
5099117
5099830
5098166
5097997
5100000
5097804
5100000
5098388
5098620
5099301
5100000
5100000
5099989
5099531
5100000
5099989
5098214
5096667
5098537
5099782
5098541
5098598
5100000
5096882
5095908
5095003
5088001
5091244
5090740
5091422
5090318
5092236
5090761
5087553
5088014
5089902
5100000
5100000
5100000
5099245
5100000
5099287
5100010
5099989
5100010
5099285
5099490
5100010
5099989
5099592
5097183
5100000
5100000
5100000
5099285
5100000
5100000
5100000
5098561
5100000
5100000
5100000
5100000
5100000
5100000
5100000
5100000
5099289
5099616
5099261
5100010
5099989
5099989
5100010
5100000
5100010
5099989
5100000
5100000
5100010
5099989
5100000
5100000
5100000
5099989
5100010
5100000
5100000
5100000
5099979
5100020
5100000
5100000
5100000
5100000
5100000
5100000
5100000
5099989
5100010
5100010
5099989
5100000
5100010
5099989
5100000
5100000
5100000
5100000
5100010
5100000
5099989
5100000
5100000
5100000
5100000
5100000
5100000
5100000
5100000
5100010
5099989
5100000
5100000
5100000
5100000
5100010
5100000
5099989
5100000
5100000
5100010
5099989
5100010
5099989
5099979
5100020
5100000
5100010
5100000
5100000
5099989
5099989
5100020
5099989
5100000
5100000
5100000
5100000
5100000
5100000
5100000
5100010
5100000
5100000
5099989
5100010
5099989
5063581
5100000
5100000
5100000
5100000
5100000
5100000
5100000
5100000
5100000
5100000
5100000
5100000
5100000
5100000
5100010
5100000
5099989
5100000
5099989
5100010
5100010
5099989
5100000
5100000
5100000
5100000
5100000
5100000
5100010
5099989
5100000
5100000
5100010
5099989
5100000
5100000
5100000
5100010
5099989
5100000
5100000
5099989
5100010
5100000
5100000
5100000
5100010
5099989
5100010
5100000
5099989
5100000
5100000
5100010
5099989
5100010
5099989
5100010
5100000
5099989
5100000
5100010
5099979
5100020
5099989
5100000
5100000
5100000
5100000
5100000
5100000
5100000
5100000
5100000
5100000
5100000
5099979
5100020
5100000
5100010
5099989
5100000
5100000
5100000
5100010
5099989
5100010
5100000
5099989
5100000
5100000
5100000
5100000
5100010
5099989
5100000
5100000
5100000
5100000
5100000
5100010
5099989
5100000
5100010
5099989
5100000
5100000
5100000
5100000
5100000
5100000
5100010
5099979
5100010
5100010
5099989
5100000
5100000
5100010
5099989
5100000
5100010
5099989
5100000
5100000
5073959
5100000
5100000
5100000
5100000
5100000
5100000
5100010
5100000
5099989
5100010
5099989
5100000
5100000
5100000
5099989
5100010
5100010
5100000
5099989
5100000
5100000
5100000
5100000
5100000
5100000
5100000
5100000
5100000
5100000
5100000
5100010
5099989
5100000
5100000
5100000
5100010
5099989
5100000
5100000
5100000
5100000
5100000
5099989
5100010
5100000
5100000
5100010
5100000
5099989
5100000
5100000
5100000
5100000
5100000
5100010
5099989
5100010
5099989
5100000
5100000
5100000
5100000
5100000
5100010
5099989
5100000
5100010
5099989
5100000
5100000
5100000
5100000
5100000
5100000
5100000
5100000
5100000
5100000
5100000
5100010
5100000
5099989
5100000
5100010
5099989
5100000
5100000
5099989
5100010
5100000
5100000
5100000
5100000
5100010
5100000
5099989
5100000
5100010
5099989
5100000
5099979
5100020
5100000
5100000
5100010
5100000
5099989
5100000
5100000
5100000
5100000
5100000
5100010
5099989
5100000
5100010
5099989
5100010
5099989
5100000
5100000
5100000
5100000
5100000
5100000
5100000
5100000
5099979
5100020
5100000
5100000
5100000
5100000
5100000
5100000
5100000
5100010
5099989
5100000
5100000
5100010
5099989
5100000
5100000
5100000
5100000
5100010
5099989
5100000
5100000
5100000
5100000
5100000
5100010
5099989
5100000
5100000
5100000
5100000
5100000
5100000
5100000
5100010
5100000
5099989
5100000
5099979
5100020
5100000
5100000
5100010
5099979
5100010
5100000
5100000
5100010
5099989
5100010
5100000
5100000
5099989
5100000
5100000
5100000
5100000
5100000
5100000
5100000
5100010
5099989
5100000
5100000
5100000
5100000
5100000
5100000
5100000
5100000
5100000
5100000
5100000
5100000
5100000
5100000
5100000
5100000
5100000
5100000
5099989
5100010
5100000
5100010
5099989
5099979
5100020
5100010
5099989
5100000
5100000
5100010
5100000
5099979
5100010
5100000
5100000
5100000
5100000
5100000
5100000
5100000
5100000
5100000
5100000
5100010
5099989
5100000
5100000
5099989
5100010
5100000
5100010
5100000
5099989
5100010
5099989
5100000
5100010
5099989
5100000
5100000
5100000
5100000
5100000
5100000
5100000
5100000
5100000
5100000
5100010
5099989
5100000
5100000
5100000
5100000
5100000
5078296
5094460
5100000
5100000
5100000
5100000
5100000
5100000
5100000
5100000
5100000
5100000
5100000
5100000
5100000
5100000
5100000
5100000
5100000
5100000
5100000
5100010
5099989
5099979
5100020
5099979
5100020
5100000
5100000
5100010
5099989
5100000
5100010
5099989
5100000
5100000
5099989
5100010
5100000
5100000
5099979
5100020
5100000
5100000
5100000
5100000
5100000
5100000
5100000
5100000
5100000
5100000
5100000
5100000
5100000
5100010
5099989
5100000
5100000
5100000
5100000
5100000
5100010
5099989
5100000
5100000
5100000
5100000
5100000
5100000
5100000
5100000
5100000
5100010
5099989
5100010
5099989
5100010
5099969
5100020
5100000
5100000
5100000
5100000
5100000
5100000
5100000
5100000
5100000
5100000
5100010
5099989
5100000
5100000
5100010
5099989
5100000
5100010
5100000
5099989
5100000
5100010
5100000
5099989
5100000
5100010
5099989
5100000
5100000
5100010
5100000
5099989
5100000
5100000
5100010
5099989
5100000
5100000
5100000
5100010
5099989
5100010
5100000
5099989
5100000
5100000
5100000
5100010
5099989
5100000
5100000
5100010
5099989
5100000
5100010
5100000
5099989
5100000
5100000
5100000
5076615
5099989
5100010
5100000
5100000
5100000
5100000
5100000
5100010
5099989
5099989
5100020
5099989
5100010
5099989
5100000
5100000
5100000
5100000
5100010
5099989
5100010
5099989
5100010
5099989
5100000
5100000
5100000
5100000
5100000
5100000
5100000
5100000
5100010
5099989
5100000
5100000
5100000
5100010
5099989
5100000
5100000
5100000
5100000
5100000
5100000
5100010
5099989
5100010
5100000
5099989
5100000
5099979
5100020
5100000
5100000
5100000
5100000
5100000
5100000
5100000
5100000
5100010
5099989
5100010
5099989
5100010
5099979
5100010
5100000
5099989
5100000
5100010
5100000
5100000
5100000
5100000
5100000
5100000
5100010
5099989
5100000
5100000
5100000
5100010
5099989
5100000
5100000
5100000
5099989
5100020
5100000
5099989
5100000
5100010
5099989
5100000
5100000
5100000
5100000
5100000
5100000
5100010
5100000
5099989
5100000
5100010
5099989
5100010
5100000
5099989
5100000
5100000
5100010
5099989
5100000
5100000
5100000
5100010
5099989
5100000
5100010
5099989
5100000
5100000
5100000
5100010
5099989
5100010
5099989
5100000
5100010
5100000
5099989
5100000
5100000
5100000
5100000
5100000
5100000
5100000
5100010
5099989
5100000
5100000
5100000
5100000
5100000
5100000
5100000
5100000
5100010
5099989
5100010
5099989
5100000
5100000
5100000
5099989
5100000
5100010
5100000
5100010
5099989
5100000
5099989
5100020
5099989
5100000
5100010
5099989
5100000
5100010
5099989
5100000
5100000
5100000
5100000
5100000
5100000
5100010
5099989
5100000
5100000
5100000
5100000
5100000
5100000
5100000
5100000
5100000
5100000
5100010
5099989
5100000
5100000
5100000
5100000
5099989
5100010
5100000
5100000
5100000
5100000
5100000
5100000
5100000
5100000
5100000
5100000
5099456
5100010
5099989
5100000
5100000
5100000
5100000
5100010
5099979
5100010
5100010
5099989
5100010
5099989
5100000
5100000
5100010
5099989
5100000
5100000
5100000
5100000
5100010
5099989
5100000
5100000
5100000
5100000
5100010
5099989
5100000
5100000
5100000
5100000
5100000
5099809
5100010
5100000
5099989
5100010
5099989
5100000
5100000
5100000
5100000
5099979
5100020
5100000
5100000
5099710
5100000
5100000
5099470
5100000
5100000
5100000
5099618
5098351
5100000
5100000
5100000
5100000
5098683
5100000
5100000
5099476
5100000
5099921
5098857
5100010
5100000
5099979
5100010
5099639
5100000
5099703
5098703
5098787
5097397
5097576
5096701
5100000
5100000
5100000
5093726
5095294
5099598
5097708
5100000
5096051
5093913
5099058
5095576
5098741
5096449
5097387
5099667
5098369
5098942
5100000
5097696
5096975
5097621
5096697
5096960
5096010
5099726
5098062
5099989
5100000
5096835
5099183
5098890
5096094
5099798
5098213
5097969
5099655
5098568
5097126
5097681
5099398
5097535
5092686
5096815
5087685
5097570
5100000
5098511
5095900
5099431
5097539
5096008
5097263
5099989
5100020
5097702
5099400
5098893
5092895
5099441
5099363
5099615
5098238
5097405
5092917
5095870
5096130
5098363
5096770
5098586
5097968
5093468
5097697
5096820
5096388
5097266
5099712
5095710
5092871
5097707
5094950
5097487
5095954
5094889
5100000
5094222
5099865
5098534
5099989
5100010
5099546
5099669
5098457
5097948
5100000
5095491
5092899
5097330
5097685
5100000
5097128
5097757
5100010
5098558
5095003
5097532
5099850
5098658
5100000
5098714
5096016
5092450
5089312
5094128
5080525
5092093
5097965
5095354
5094182
5093042
5096061
5098427
5098007
5096312
5093999
5095103
5098112
5100000
5100000
5100000
5094687
5100000
5097695
5099186
5092487
5093380
5094937
5097685
5099476
5095638
5097815
5099660
5099492
5099979
5100010
5100000
5100000
5100000
5100000
5100010
5099989
5100000
5100000
5099290
5100000
5100000
5100000
5100000
5100010
5100000
5100000
5099989
5100000
5099091
5096983
5099576
5098433
5100010
5092275
5096997
5092854
5097130
5097702
5098332
5092983
5094794
5100020
5097834
5096319
5099422
5096399
5088311
5094372
5097692
5095371
5094824
5095939
5095385
5095338
5098109
5097838
5098449
5100020
5096591
5098241
5096830
5095466
5099014
5100010
5099989
5100000
5097717
5098237
5095001
5097092
5090359
5096976
5098785
5098160
5090636
5098247
5100000
5094641
5100000
5093416
5098958
5095353
5097103
5100000
5096500
5098330
5095031
5100000
5091208
5098395
5100000
5096348
5099628
5092172
5098584
5097155
5093048
5100000
5098752
5100000
5092431
5091427
5098838
5091321
5097162
5100000
5089796
5093054
5090542
5089022
5095650
5099989
5098659
5094303
5100000
5100000
5100000
5097531
5088409
5092567
5092064
5084800
5089101
5097053
5092478
5093430
5100000
5100000
5100000
5098515
5092521
5094064
5100000
5084830
5090365
5094544
5088331
5091250
5099989
5100000
5100000
5094221
5087999
5095619
5092521
5100000
5100000
5098394
5089891
5083792
5087161
5090374
5089113
5089396
5088983
5090160
5095575
5092059
5090325
5090352
5092657
5090339
5092687
5083343
5090325
5087890
5093044
5094906
5091348
5092846
5091192
5091593
5086713
5096573
5095374
5090396
5091019
5094100
5097561
5100010
5099989
5100010
5099989
5100010
5099989
5100000
5100000
5100010
5099989
5100000
5100000
5099989
5100010
5100000
5100000
5099989
5100010
5100000
5100000
5100000
5100000
5100000
5100000
5100000
5100000
5100000
5100000
5100000
5100000
5100000
5100000
5100000
5100000
5099979
5100020
5100000
5100000
5100000
5100000
5100000
5100000
5100000
5100010
5100000
5099989
5100000
5100000
5100000
5100000
5100000
5100000
5100000
5100010
5099989
5100010
5100000
5099989
5100000
5100000
5099979
5100020
5100000
5100000
5100010
5100000
5099989
5100000
5100000
5100000
5100000
5100000
5100000
5100000
5100000
5100000
5100000
5100000
5100000
5099989
5100010
5100000
5100000
5100000
5100000
5100000
5100010
5099989
5100010
5099989
5100000
5099979
5100030
5100000
5099989
5100000
5100000
5100010
5100000
5099989
5100000
5100000
5100000
5100000
5100000
5100010
5099989
5100000
5100000
5100000
5100010
5099989
5100000
5100000
5100010
5100000
5099989
5100000
5100010
5099989
5100010
5099989
5100000
5100000
5100010
5099989
5100000
5100010
5099989
5100000
5100000
5100010
5100000
5099989
5100000
5100000
5100000
5100000
5100000
5100000
5100010
5099989
5100000
5100000
5100000
5100010
5099989
5100000
5100000
5100000
5100000
5099989
5100010
5100000
5100000
5100000
5100000
5100000
5100000
5100000
5100000
5100000
5100000
5100000
5100010
5099989
5100000
5100000
5100010
5099989
5100000
5100010
5099979
5100010
5100010
5100000
5099989
5100000
5100000
5100000
5100000
5100000
5100000
5100000
5100000
5100000
5100000
5100000
5100000
5100000
5100000
5100000
5100000
5099989
5100020
5099989
5100000
5100000
5100000
5100010
5100000
5099979
5100000
5100020
5100000
5099989
5085117
5100000
5100000
5100000
5100000
5100010
5099989
5100000
5100000
5100010
5099989
5100000
5100000
5100000
5100000
5100000
5100000
5099979
5100020
5100000
5100010
5099989
5100000
5100000
5100000
5100000
5100000
5100000
5100000
5100000
5100000
5100010
5099989
5100000
5100000
5100000
5100000
5100000
5100000
5100000
5100000
5100000
5100000
5100000
5100010
5099989
5100000
5100000
5100000
5100000
5100010
5099989
5099979
5100020
5100000
5100000
5100000
5100000
5100000
5100000
5100000
5100000
5099979
5100020
5100000
5100000
5100010
5099989
5100010
5099989
5100000
5100010
5099989
5100010
5099989
5100000
5100000
5100000
5100000
5100000
5100000
5100000
5100000
5100010
5099989
5100000
5100000
5100000
5100010
5099989
5100010
5099989
5100000
5100010
5099989
5100010
5100000
5100000
5099989
5100000
5100000
5100000
5100000
5100000
5100000
5100000
5100000
5100000
5100000
5100000
5100000
5100010
5099989
5100010
5099989
5100000
5100000
5100000
5100000
5100000
5099989
5100010
5099989
5100010
5100000
5100000
5100000
5100000
5100000
5100000
5100000
5100010
5099989
5100010
5099979
5100010
5100000
5100010
5099989
5100000
5100000
5100000
5100000
5100000
5100010
5099989
5100000
5100000
5100000
5100000
5100010
5099989
5100000
5100010
5099989
5100000
5100000
5100000
5100000
5100000
5100000
5100000
5100000
5100010
5099989
5100000
5100000
5100000
5100000
5100010
5099989
5100010
5099989
5100000
5100010
5099989
5100000
5100000
5100000
5100000
5100000
5100000
5100000
5100010
5099989
5100010
5099989
5100000
5100000
5100010
5099989
5100010
5100000
5100000
5099989
5100000
5100010
5099989
5100000
5100010
5099979
5100010
5100010
5099989
5100010
5099989
5100000
5100000
5100000
5100010
5099989
5100000
5100000
5100000
5100010
5099989
5100000
5100000
5100000
5100010
5099989
5100000
5100000
5100000
5100010
5100000
5099969
5100020
5100000
5100000
5100000
5100000
5100000
5100000
5100000
5099989
5100010
5100010
5099989
5100000
5100000
5100010
5099989
5100000
5100010
5099989
5100000
5100000
5100010
5099989
5100000
5100000
5100000
5100000
5100000
5100000
5100000
5100000
5100000
5100000
5100000
5100000
5100010
5099989
5100010
5099989
5100000
5100000
5100000
5100000
5100000
5100000
5100010
5099989
5100000
5100010
5099989
5099989
5100010
5100000
5100000
5100000
5100000
5100000
5100000
5100010
5099989
5100010
5099989
5100000
5100000
5100010
5100000
5099989
5100010
5100000
5100000
5099989
5100010
5099989
5100010
5099989
5100000
5100010
5099989
5100000
5100000
5100000
5100000
5100000
5100000
5099979
5100030
5100000
5099989
5099989
5100020
5099989
5100010
5099979
5100010
5100000
5100010
5099989
5100010
5099989
5100010
5099989
5100000
5100000
5100000
5100000
5100000
5099979
5100030
5099989
5100000
5100000
5100000
5100000
5100000
5100000
5100000
5100000
5100000
5100000
5100010
5099989
5100010
5099989
5099989
5100010
5100010
5100000
5100000
5099989
5100000
5100010
5099989
5100000
5100000
5100000
5100000
5100000
5100000
5100000
5100000
5100010
5099989
5100010
5099989
5100000
5100000
5100000
5100010
5099989
5100010
5099989
5100000
5100000
5100000
5100000
5100000
5100000
5100000
5100000
5099979
5100012
5100010
5099989
5100000
5100000
5100000
5100010
5099989
5100000
5100000
5100010
5099989
5100000
5100000
5100000
5100000
5100000
5100000
5076323
5100000
5100000
5100000
5100000
5100000
5100000
5100000
5100000
5100010
5099989
5100010
5099989
5100000
5100000
5100010
5099989
5100010
5099989
5100000
5100010
5099989
5100000
5100000
5100000
5100000
5100010
5100000
5099989
5100010
5099989
5100000
5100000
5100000
5100010
5099989
5100000
5100000
5100010
5099989
5100000
5100000
5100000
5100010
5099989
5100010
5099989
5099989
5100010
5100000
5100000
5100000
5100000
5100000
5100000
5100000
5100000
5100010
5099989
5100010
5099989
5100010
5100000
5099989
5100000
5100000
5100010
5099989
5100010
5099989
5100000
5100010
5099989
5100000
5100000
5100000
5100010
5100000
5099989
5100000
5100000
5100000
5100000
5100000
5100000
5100000
5100010
5100000
5099989
5100000
5100000
5100010
5099989
5100000
5100010
5099989
5100000
5100000
5100000
5100000
5100000
5100000
5100000
5100000
5100000
5100000
5100000
5100000
5100010
5099989
5100000
5100000
5100000
5100010
5099989
5100000
5100000
5100000
5100000
5100010
5100000
5099989
5100010
5099989
5100000
5100000
5100000
5100000
5100000
5100000
5100000
5100010
5099989
5100010
5099989
5100000
5100000
5100000
5100000
5100000
5100000
5100000
5100010
5099989
5100000
5100010
5093480
5100010
5095802
5095776
5100000
5100010
5099275
5099595
5100000
5100000
5100000
5100010
5099989
5100010
5100000
5098433
5095804
5100000
5097692
5095212
5100010
5099989
5100010
5099989
5100000
5099524
5099989
5100000
5100000
5094396
5095825
5099989
5095854
5099969
5091683
5091139
5090170
5093801
5094467
5098116
5095845
5100000
5095815
5100000
5096444
5095474
5100000
5100010
5090967
5094180
5090766
5092928
5095843
5097674
5090133
5089884
5093449
5097428
5100010
5090131
5100010
5087156
5100010
5099989
5100000
5093444
5097505
5100010
5097681
5091397
5100000
5097639
5095742
5100000
5100010
5098898
5092349
5091188
5097692
5100000
5080791
5093986
5091179
5095752
5089511
5097700
5099989
5100000
5095765
5091608
5091473
5083629
5090113
5082955
5093137
5091608
5095778
5082058
5089141
5085339
5087810
5084504
5081862
5091381
5089408
5093859
5090567
5086356
5081900
5091371
5087419
5081261
5079029
5093621
5083914
5081595
5089037
5083836
5087452
5087325
5085143
5084428
5081567
5075736
5083873
5079163
5089330
5079505
5085620
5083311
5079605
5087430
5089340
5084216
5079050
5076718
5080281
5085120
5074896
5089379
5086183
5076818
5093754
5089707
5087456
5076775
5080209
5076513
5092245
5084664
5082247
5083161
5087262
5078911
5082193
5072307
5087274
5083203
5081254
5091574
5079156
5085307
5085132
5084358
5083520
5089724
5076334
5072482
5085094
5074640
5080025
5086052
5090501
5086173
5076597
5091541
5090623
5087085
5074275
5082573
5080313
5093295
5083156
5082404
5082134
5086483
5091724
5079014
5083990
5083294
5077493
5093009
5070539
5079092
5082611
5082199
5078135
5082935
5071347
5075372
5085353
5081888
5089092
5077515
5077436
5085818
5088885
5084091
5077363
5079413
5083424
5075093
5089696
5083213
5086986
5079155
5085363
5082344
5081365
5072160
5072835
5089067
5075431
5088049
5085799
5088987
5069573
5094620
5076130
5085133
5086391
5063431
5080944
5073595
5077073
5078600
5062568
5072980
5068772
5072343
5074023
5070717
5056565
5075767
5067248
5074993
5071406
5066193
5078409
5071475
5071481
5073548
5065264
5070351
5069445
5066264
5078939
5070621
5073748
5065651
5070075
5062564
5079165
5066529
5066342
5075930
5071478
5065892
5069050
5068524
5068852
5075501
5064650
5068296
5072724
5058613
5076291
5077028
5071044
5069919
5070214
5069921
5064082
5072017
5062310
5065602
5071567
5069655
5071057
5065557
5063656
5079053
5061405
5072324
5067907
5059200
5063065
5067776
5073345
5077169
5065152
5065352
5060892
5067019
5069827
5063569
5073740
5055481
5068961
5074525
5063296
5067609
5074142
5066700
5080021
5064438
5063698
5075839
5055773
5075524
5076816
5072330
5065986
5071470
5053657
5066463
5061922
5067742
5067274
5061173
5068643
5055198
5056485
5054886
5060950
5060758
5062968
5062253
5057209
5062268
5062129
5058559
5047469
5065383
5064472
5063615
5057905
5073734
5060520
5058990
5066919
5060362
5050285
5055129
5059479
5061916
5069804
5059641
5061296
5056055
5061058
5062669
5053759
5067555
5064999
5065143
5062480
5064240
5062059
5065820
5051277
5070453
5058256
5054665
5067010
5059206
5048166
5062607
5059580
5059141
5072426
5045029
5053645
5057423
5056866
5057220
5060944
5036859
5051720
5060735
5057451
5049258
5052339
5054326
5055657
5053768
5060658
5077408
5050722
5066262
5049907
5045287
5052704
5057550
5042667
5056863
5042163
5055936
5049490
5054421
5053340
5052599
5058503
5064956
5050562
5049685
5040119
5068550
5064181
5048947
5057036
5046350
5048880
5057595
5050004
5062399
5061793
5058828
5053098
5046882
5048331
5058604
5043403
5053598
5058131
5058476
5056084
5049943
5057839
5060351
5045274
5040499
5039581
5042490
5039077
5048222
5039264
5032384
5047563
5048140
5054111
5051962
5040219
5044081
5058495
5050613
5049515
5038893
5037195
5051850
5042496
5034735
5036547
5062435
5036992
5054803
5036146
5043415
5051958
5042001
5039899
5063402
5035452
5053311
5040225
5033711
5049819
5026278
5038754
5043110
5039948
5051049
5048896
5049236
5047024
5034715
5047926
5012261
5045634
5031241
5046528
5045404
5042619
5046874
5044532
5062066
5041258
5044831
5044233
5053593
5055928
5055835
5049191
5049789
5051563
5043495
5037286
5029613
5040674
5052503
5042573
5045169
5038814
5039141
5038539
5035914
5034489
5047119
5026602
5037869
5047513
5038315
5041686
5039461
5047356
5042703
5035393
5035562
5045398
5041361
5027940
5045583
5038826
5036876
5033036
5034233
5035956
5038210
5034120
5033970
5033200
5052097
5037943
5033830
5031146
5028929
5036744
5030791
5039316
5029419
5034000
5028716
5025481
5033916
5028232
5034678
5027216
5029801
5031658
5029592
5030482
5021405
5034127
5033560
5032199
5035523
5031385
5032010
5027512
5033727
5024094
5029460
5025281
5027870
5026120
5031411
5031979
5024561
5026993
5028761
5022644
5035808
5028787
5036177
5022762
5031405
5034118
5026090
5032187
5026580
5027336
5025535
5027307
5028758
5027490
5015231
5028641
5026017
5025357
5025804
5030470
5026690
5018353
5025803
5019010
5027519
5026873
5030405
5020031
5026024
5026477
5018928
5022514
5032698
5028253
5025458
5025653
5025708
5020663
5014965
5027860
5033513
5027836
5031301
5032170
5027953
5018654
5022052
5026076
5020467
5022789
5049475
5047012
5020030
5041215
5050289
5010155
5039894
5039984
5073142
5029005
5029692
5069168
5051039
5055631
5049812
5046428
5048400
5051896
5044823
5050976
5051164
5055683
5059572
5040945
5051366
5054029
5040605
5066421
5054043
5053271
5044027
5041325
5045215
5032364
5018525
5032340
5058137
5041804
5038537
5042337
5043149
5042611
5054043
5033094
5037513
5037599
5024091
5036787
5042298
5041534
5041483
5038906
5018805
5037631
5036590
5053499
5047000
5029427
5050828
5041287
5041421
5043374
5028992
5049064
5030535
5032598
5033891
5036295
5032144
5039122
5029923
5044453
5043008
5049467
5045172
5053640
5042027
5047848
5036375
5033321
5041141
5027215
5036264
5040191
5026703
5029227
5034273
5049137
5032642
5029112
5025517
5027596
5038691
5032404
5022747
5021562
5030810
5036736
5036859
5033594
5033272
5041318
5024751
5016639
5029073
5008682
5032768
5046046
5035593
5026637
5028390
5029888
5016977
5018888
5036837
5035586
5037418
5024754
5016478
5016435
5029504
5033640
5026921
5014264
5029067
5023972
5008237
5032526
5025606
5004169
5024765
5025706
5027802
5015504
5036983
5030811
5014874
5020925
5018579
5031147
5031677
5030061
5024145
5028916
5020997
5030594
5018212
5012570
5033440
5016303
5025026
5034184
5028010
5020617
5014912
5023117
5021528
5018702
5014480
5020642
5020507
5014633
5023356
5016435
5016696
5012516
5020876
5012457
5016314
5020966
5033054
5008231
5016724
5008291
5012296
5016456
5005717
5023247
5036422
5016314
5031008
5030649
5012323
5000000
5004118
5007980
5018335
5014729
5020720
5006185
5009705
5012492
5011434
5020128
5038776
5039871
5045362
5036944
5023179
5055816
5039796
5035610
5038429
5028499
5039013
5044628
5041557
5044386
5032597
5036854
5046603
5037845
5023983
5031653
5046316
5038287
5041761
5037629
5049478
5037730
5040395
5041868
5049936
5036030
5031101
5032380
5041356
5038496
5034252
5037678
5037190
5037199
5033788
5036190
5037599
5045091
5039280
5037569
5030209
5034440
5033517
5042201
5037028
5028747
5038695
5024816
5033049
5034969
5035566
5013922
5039601
5032188
5029136
5039875
5048232
5036232
5024934
5031039
5026460
5033336
5025069
5024678
5024920
5026513
5017279
5021157
5016847
5029279
5026452
5023146
5029352
5025014
5030152
5029492
5020585
5028289
5017623
5023572
5028316
5036881
5013616
5016840
5016206
5008537
5014574
5023501
5026262
5011136
5022903
5012455
5008215
5012377
5020647
5010648
5009931
5016514
4999990
5016440
5016416
5025015
5008275
5012424
5012384
5020422
5025682
5020783
5005399
5020658
5016728
5011035
5012409
5021087
5004107
5004210
5008233
5008338
5016404
5004107
5000000
5011345
5008775
5012959
5004107
5012278
5008426
5016962
5008178
5017457
5012038
5024745
5008192
5008223
5008189
5008205
5012332
5020822
5004127
5016611
5008487
5004635
5019951
5008202
5000000
5012579
5020802
5004097
5008504
5012422
5012408
5008182
5016480
5012610
4999990
5004107
5008292
5012451
5004067
5008238
5020702
5018906
5018240
5004258
5000000
5000009
5008599
5012733
5016570
5008365
5008191
5015527
5017699
5021060
5004128
5000000
5012942
5015688
5017211
5024753
5012392
5021003
5016673
5008326
5020699
5004095
5016685
5012338
5016740
5015811
5013148
5016552
5021078
5020702
5020536
5019445
5017782
5020643
5011987
5013056
5016468
5016776
5012338
5016813
5012371
5016844
5004264
5012411
5016721
5020584
5016397
5008224
5012358
5008192
5012378
5016503
5022940
5012433
5018405
5006736
5009834
5024761
5008303
5016650
5020590
5008214
5014817
5018476
5016505
5016829
5020931
5016408
5016758
5008489
5012362
5008321
5012362
5008204
5012522
5021186
5012302
4984870
5018800
5010728
5013940
5008240
5016618
5012336
5008231
5004108
5016613
5008191
5004149
5008319
5012581
5008475
5008249
5008216
5004099
5008289
5004090
5008302
5008416
5012341
5000000
5008196
5012929
5016784
5008277
5012392
5008290
5012383
5016641
5008216
5000304
5012145
5008254
5008197
5004131
5016762
5004120
5000000
5000000
5004109
5000000
5000000
5000000
5000000
5004150
5000000
5008245
5000000
5004129
5000000
5000000
5008197
5008549
5008684
5008224
5012368
5000000
5000009
4999990
5000000
5004022
5004107
5004230
5000000
5000000
5004267
5008491
5008267
5000009
5008229
5004107
5000000
5004090
5012401
5004224
5000000
5008432
5004108
5000009
4999970
5004193
5000000
5000000
5000000
5004193
5000000
4994581
5000009
5004288
5000000
5000000
5000000
4999990
5004178
5004068
5004139
5000000
5000000
5004082
5000000
5004114
5000000
5000000
4999990
5000009
5000000
5004107
5000000
5000000
5004089
5004123
5004108
5000000
5004108
5000000
5000000
5000000
5000000
5000000
5000000
5000000
5000000
5000000
5000000
5000000
4999980
5000019
4999990
5000009
5000000
5000000
5000000
5000000
5000000
5000000
4999980
5000029
4999990
5000000
5000000
5000000
4999990
5000010
4999980
5000019
5000000
5000000
5000000
5000000
4999980
5000009
5000009
4999990
5000009
4999990
5000009
5000000
5000000
5000000
5000000
5000000
5000000
5000000
5000000
5000000
5000000
5000000
4999990
5000000
5000009
4999990
5000009
5000000
5000000
4999990
5000009
5000000
5000000
5000000
5000000
5000000
5000000
5000000
4999990
5000009
5000000
5000000
5000000
5000000
5000000
5000000
5000000
5000000
5000000
5000000
5000000
5000000
5000000
5000000
5000000
5000000
5000000
4999979
5000019
5000000
5000000
5000000
5000000
5000000
4999990
5000009
4999980
5000019
5000000
5000000
5000000
5000000
4999980
5000019
5000000
5000000
5000000
5000000
5000000
5000000
4999980
5000009
5000009
5000000
5000000
5000000
5000000
4999980
5000019
5000000
5000000
5000000
5000000
5000000
5000000
5000000
5000000
4999989
5000009
5000000
5000000
5000000
5000000
4999990
5000009
5000000
4999990
5000009
5000000
5000000
5000000
5000000
5000000
5000000
5000000
5000000
5000000
5000009
4999990
5000000
5000000
5000000
5000000
5000000
5000000
5000000
5000000
4999990
5000009
5000000
4999990
5000010
5000000
5000000
5000000
5000009
4999990
5000000
5000000
5000000
4999990
5000009
5000000
5000000
5000000
4999990
5000009
5000000
4999980
5000019
5000000
5000000
5000000
5000000
5000000
5000000
4999990
5000009
4999990
5000009
5000000
5000000
5000000
5000009
4999990
5000000
5000000
4999990
5000009
5000000
5000000
4999989
5000009
5000000
5000000
5000000
4999990
5000009
4999990
4999990
5000009
5000009
5000009
4999990
5000000
5000000
5000000
5000000
5000000
5000000
5000000
4999989
4999990
5000009
5000009
5000000
4999990
5000009
4999990
5000009
5000000
5000000
4999980
5000019
5000000
5000000
4999990
5000009
5000000
5000000
5000000
5000000
5000000
5000000
4999980
5000019
5000000
5000000
5000000
5000000
4999980
5000019
5000000
5000000
4999990
5000000
5000000
5000000
5000009
5000000
5000000
5000000
4999990
5000009
5000000
5000009
4999980
4999990
5000019
5000000
5000000
5000000
5000000
5000000
4999990
5000009
5000000
5000000
5000000
5000000
5000000
5000000
5000000
5000000
5000009
4999990
4999990
4981232
5000009
5000000
5000000
5000000
4999990
5000009
5000000
5000000
5000000
5000000
4999990
5000009
4999990
5000010
5000000
4999990
5000009
5000000
4999980
5000019
5000000
5000000
5000000
5000000
5000000
5000000
5000000
5000000
5000000
5000000
4999990
5000009
4999990
5000000
5000009
5000000
5000000
4999990
5000009
5000009
4999990
5000009
4999990
4999990
5000009
4999990
5000009
5000000
5000000
5000000
5000000
5000000
5000000
4999989
5000009
5000000
5000000
5000000
5000000
5000000
5000000
5000000
5000000
4999990
5000000
5000009
5000000
4999990
5000009
5000000
4999990
5000009
4999990
5000010
5000000
5000000
5000000
5000000
5000000
5000000
5000000
4999980
5000019
5000000
5000000
5000000
5000000
4999980
5000019
5000000
5000000
5000000
5000000
5000000
5000000
5000000
5000000
5000000
5000000
5000000
5000000
5000000
5000000
5000000
5000000
5000000
5000000
5000000
5000000
5000000
5000000
5000000
5000000
5000000
5000000
5000000
5000000
5000000
5000009
4999990
5000000
5000000
5000000
5000000
5000000
5000000
4999990
5000009
5000009
4999990
5000000
5000000
5000000
5000000
5000000
5000000
4999980
5000019
5000000
5000000
5000000
5000000
5000000
5000000
5000000
5000000
4999990
5000009
4999990
5000009
5000000
5000000
5000000
5000000
5000000
5000000
5000000
5000000
5000000
5000000
5000000
5000000
5000000
5000000
5000000
5000000
5000000
4999990
4999990
5000000
5000019
5000000
5000000
5000000
5000000
5000000
5000000
5000000
5000000
5000000
5000000
4999990
5000009
5000000
5000000
4999990
5000009
5000000
5000000
5000000
5000000
5000000
5000000
5000000
5000000
5000000
5000000
5000000
5000000
5000000
5000000
4999990
5000009
5000000
4999990
5000009
5000000
5000000
5000000
5000000
5000000
4999990
5000009
5000000
5000000
5000000
5000000
5000000
5000000
5000000
5000000
5000000
5000000
5000000
5000000
5000000
5000000
5000000
4999980
5000009
5000009
5000000
5000000
5000000
4999990
5000000
5000009
4999990
5000009
5000000
5000000
5000000
5000000
5000009
4999990
5000000
5000000
5000000
4999980
5000019
5000000
5000000
5000000
4999989
5000009
4999990
5000009
5000000
5000000
5000000
5000000
5000000
5000000
5000000
5000000
5000000
5000000
5000000
5000000
4999980
5000019
5000000
5000009
4999989
4999880
5000119
5000000
5000000
5000000
5000000
5000000
5000000
5000000
5000000
5000000
5000000
5000000
5000000
5000000
5000000
5000000
5000000
5000000
5000000
5000000
5000000
5000000
5000000
5000000
5000000
5000000
4999980
5000019
5000009
4999990
5000000
5000000
5000000
5000000
5000009
4999990
5000000
5000000
5000000
5000000
5000000
5000000
5000000
5000000
5000000
5000000
5000000
4999990
5000009
4999990
5000009
4999980
5000009
5000009
4999990
5000009
5000000
5000000
5000000
4999980
5000019
4999990
5000009
5000000
5000000
4999990
5000009
4999980
5000019
5000000
5000000
5000000
5000000
5000000
5000000
5000000
5000000
5000000
5000000
5000000
4999990
5000009
5000000
5000000
5000000
5000000
5000000
5000000
5000000
5000000
5000000
5000000
5000000
5000000
5000000
5000000
5000000
5000000
5000000
5000000
4999980
5000019
4999990
5000009
5000000
4999990
5000009
5000000
4999980
5000019
5000000
5000000
5000000
5000000
5000000
5000000
5000000
4999980
5000020
4999990
5000000
5000009
5000000
5000000
5000009
4999990
5000000
5000000
5000000
5000000
4999990
5000009
5000000
5000000
4999990
5000009
5000000
5000009
4999989
4999990
5000009
5000000
5000000
5000000
5000000
5000000
5000000
4999980
5000019
4999990
5000009
5000000
5000000
5000000
5000009
4999990
5000000
5000000
5000000
5000000
4999990
5000009
5000000
5000000
5000000
5000000
5000000
5000000
5000000
5000000
5000000
5000000
4999980
5000009
5000009
5000000
5000000
5000000
5000000
5000000
5000000
4999980
5000009
5000000
5000009
5000000
5000000
5000000
5000000
4999990
5000009
5000000
5000000
4999990
5000009
5000000
5000000
5000000
5000000
5000000
5000000
5000000
4999990
4999990
5000009
5000000
5000019
4999980
5000000
5000009
5000000
4999980
5000019
5000000
5000000
5000000
5000000
5000000
5000000
5000000
5000000
5000000
5000000
5000000
4999990
5000009
5000000
5000000
5000000
5000000
4999980
5000019
5000000
5000000
5000000
5000000
5000000
4999990
4999989
5000019
5000000
4999990
5000009
5000000
5000000
4999990
5000009
5000000
5000000
5000000
5000000
5000000
5000000
5000000
5000000
5000000
5000000
5000000
5000000
5000000
5000000
5000000
5000000
5000000
4999990
5000009
5000009
4999990
5000000
5000000
5000000
4999980
5000019
4999990
5000009
4999990
5000009
5000000
5000000
5000000
5000000
4999980
5000019
5000000
5000000
5000000
5000000
5000000
5000000
4999990
5000000
5000009
5000000
5000000
5000000
5000000
5000000
5000000
5000000
5000000
5000000
5000009
4999990
5000000
5000000
5000000
5000000
4999990
5000000
5000009
5000000
5000000
5000000
5000000
5000000
5000000
5000000
5000000
5000000
5000000
4999990
5000009
5000000
5000000
5000000
5000000
5000000
4999990
5000000
5000009
5000000
5000000
5000000
5000000
5000000
5000000
4999980
5000009
5000010
5000000
5000000
5000000
5000000
5000000
5000000
5000009
4999990
5000000
5000000
5000000
5000000
5000009
5000000
4999990
5000000
5000000
5000000
5000000
5000000
5000000
5000000
4999990
5000009
5000000
5000000
5000000
5000000
5000000
5000000
5000000
5000000
5000000
4999990
5000009
4999990
4956316
4400000
4400000
4400000
4399982
4400017
4400000
4399991
4400008
4400000
4400000
4400000
4400000
4400000
4400000
4400000
4400000
4400000
4400000
4400008
4399991
4400000
4400008
4399982
4400008
4400000
4400000
4365904
4290189
4299991
4300000
4300008
4300000
4299991
4300000
4381000
4400000
4400000
4400000
4400000
4400000
4400000
4400008
4399991
4400000
4400000
4356322
4399991
4400000
4400000
4400008
4400000
4400000
4400000
4400000
4400008
4399991
4400000
4400000
4400000
4400000
4399982
4400026
4399991
4400000
4399991
4400008
4400000
4400000
4400000
4400000
4400000
4400000
4400000
4400000
4400000
4400000
4400000
4400000
4400008
4399991
4400000
4400000
4400000
4337178
4300008
4300008
4299991
4300008
4299991
4300008
4369140
4400000
4400000
4400000
4400008
4399991
4400000
4400000
4400000
4399982
4400008
4400000
4400008
4400000
4400000
4400008
4399991
4400000
4400000
4400000
4400000
4400000
4400000
4400000
4400000
4400000
4399982
4400026
4399991
4400000
4400000
4400000
4400000
4400000
4400000
4400000
4400000
4400000
4400000
4399991
4400008
4400000
4400000
4400000
4400000
4399991
4400008
4399991
4400008
4400000
4400000
4399982
4400017
4400000
4400000
4400000
4400000
4400000
4400000
4381129
4291946
4300008
4300008
4299991
4300008
4300000
4344450
4400000
4400000
4390066
4400000
4400000
4400000
4400000
4400000
4400000
4400008
4399991
4400000
4400000
4400000
4399991
4400008
4399991
4400008
4400000
4400000
4400000
4400000
4400000
4400000
4400000
4400000
4400000
4399991
4400008
4400000
4400000
4400000
4400008
4399991
4400000
4400000
4400000
4400000
4400000
4399991
4400008
4400000
4400000
4400000
4400000
4400000
4400000
4400000
4400000
4400000
4400008
4399991
4400000
4400000
4400008
4399991
4400000
4400000
4400000
4400000
4400000
4400000
4400000
4400000
4400000
4399991
4400008
4400000
4400000
4400000
4400000
4400000
4400000
4400000
4400000
4400000
4399991
4400008
4400000
4400000
4400000
4400000
4400000
4399991
4400008
4400000
4400000
4790428
5001722
5000000
5000000
5000000
4999980
5000019
5000000
5000000
5000000
5000000
5000000
4866222
4400000
4400000
4400000
4399991
4400008
4400000
4399991
4400008
4400000
4400000
4400000
4400000
4400008
4399991
4400000
4399991
4400008
4399991
4400008
4399991
4400008
4400000
4400000
4400000
4400000
4400000
4400000
4400000
4400000
4400000
4400000
4400000
4400000
4400000
4400000
4400000
4400000
4400000
4400000
4400000
4400000
4399991
4400008
4400000
4400000
4400000
4400000
4400000
4400000
4400000
4400000
4400000
4400000
4400000
4400000
4400000
4399982
4400008
4400008
4400000
4400000
4400000
4400000
4400000
4400000
4400000
4399991
4399991
4400017
4400000
4399991
4400008
4400000
4400000
4400000
4400000
4400000
4400000
4400000
4400000
4399982
4400026
4399991
4400000
4400000
4400000
4399991
4399991
4400017
4399991
4400008
4400000
4400000
4400000
4400000
4400000
4400000
4400000
4400000
4400000
4400000
4400008
4399991
4400000
4400000
4400000
4400000
4399982
4400026
4399991
4400000
4400000
4400000
4399991
4400008
4400000
4400000
4400008
4399991
4400000
4400000
4400000
4400000
4399991
4400008
4400000
4400000
4400008
4399991
4400000
4400000
4400000
4400000
4400000
4400000
4400000
4400000
4399982
4400017
4400000
4400000
4400000
4400000
4400000
4400000
4400000
4400000
4400000
4400000
4400000
4399982
4400017
4400008
4399991
4400000
4400000
4400000
4399982
4400017
4400000
4400008
4399991
4400000
4399991
4400008
4400000
4400000
4400000
4400000
4400000
4400000
4400000
4400000
4400000
4400000
4400000
4400000
4400000
4400000
4400000
4400000
4400000
4400000
4400008
4399991
4400000
4399982
4400017
4400008
4399982
4400008
4400000
4400000
4400000
4400008
4399991
4400000
4400000
4400000
4400008
4399991
4400000
4400000
4400000
4399991
4400008
4400000
4400000
4400000
4400000
4400008
4399991
4400000
4400000
4400000
4400008
4399991
4400008
4399991
4399991
4400008
4400000
4400000
4400000
4400000
4400000
4400000
4400000
4400000
4400000
4400000
4400008
4400000
4399991
4400000
4400000
4400000
4400000
4400000
4400000
4400000
4400000
4399982
4400017
4400000
4400008
4399991
4400000
4400000
4399991
4400008
4400000
4400000
4400000
4400000
4399991
4400008
4400000
4400000
4400000
4400000
4400000
4399991
4400008
4400000
4400000
4400000
4400000
4400000
4400000
4400000
4400000
4400000
4400000
4399991
4400008
4400000
4400000
4400000
4400000
4400000
4400000
4400008
4399991
4400000
4400000
4400000
4400000
4400000
4400000
4399991
4400008
4400000
4399991
4400008
4400000
4400000
4400000
4400000
4400000
4400000
4400000
4400000
4400000
4400000
4400000
4400000
4371682
4400008
4400000
4400000
4400000
4400000
4400000
4400000
4399991
4400008
4400000
4400000
4399982
4400017
4400000
4400000
4400000
4400000
4400000
4400000
4400000
4400008
4399991
4400008
4399991
4399991
4400008
4400000
4400000
4399991
4400008
4400008
4399973
4400017
4400000
4400000
4400000
4400000
4400000
4400000
4400000
4399991
4400008
4400000
4400000
4400000
4399991
4400008
4400000
4400000
4400000
4400000
4400000
4400000
4400000
4400000
4400000
4400000
4400000
4400000
4400000
4400000
4400000
4400000
4400000
4400008
4399991
4400000
4400000
4400000
4400000
4400000
4400000
4400000
4400000
4400000
4400000
4399991
4400008
4400000
4400000
4399991
4400008
4400008
4399991
4400000
4400000
4400000
4399991
4400008
4400000
4400000
4400000
4400000
4400000
4400000
4400000
4400000
4400000
4400008
4399991
4400000
4399991
4400000
4400008
4400000
4400000
4400000
4400000
4399991
4400008
4400008
4399982
4400008
4400000
4400000
4400000
4399982
4400017
4400000
4400000
4400000
4399991
4400000
4400008
4400000
4400000
4400000
4400000
4400000
4400000
4400000
4400000
4400008
4399991
4400000
4400000
4400008
4399991
4400000
4400000
4400000
4399991
4400008
4400000
4400000
4400000
4400000
4400000
4400000
4400000
4400000
4400000
4400008
4399991
4400000
4400000
4400000
4400000
4400000
4400000
4400000
4400008
4399991
4400000
4369274
4400008
4400000
4400000
4399991
4400008
4400000
4400000
4400000
4399982
4400017
4399991
4400008
