0.039611816406250
0.278930664062500
0.601745605468750
0.846862792968750
0.683044433593750
0.818054199218750
0.677001953125000
0.880798339843750
0.732116699218750
0.740356445312500
0.920532226562500
0.735595703125000
0.916198730468750
0.738342285156250
0.886962890625000
0.745849609375000
0.929992675781250
0.741882324218750
0.933898925781250
0.740417480468750
0.925109863281250
0.744812011718750
0.937316894531250
0.749633789062500
0.936645507812500
0.738464355468750
0.932739257812500
0.753479003906250
0.755004882812500
0.935119628906250
0.749694824218750
0.946105957031250
0.754089355468750
0.933349609375000
0.744812011718750
0.944458007812500
0.746948242187500
0.931091308593750
0.744567871093750
0.930419921875000
0.742065429687500
0.938781738281250
0.750061035156250
0.944335937500000
0.749389648437500
0.953979492187500
0.760009765625000
0.946594238281250
0.729370117187500
0.943420410156250
0.751525878906250
0.960327148437500
0.755126953125000
0.933410644531250
0.726318359375000
0.949096679687500
0.743957519531250
0.939636230468750
0.748474121093750
0.953430175781250
0.753112792968750
0.946716308593750
0.760131835937500
0.938476562500000
0.766540527343750
0.918395996093750
0.762268066406250
0.942382812500000
0.757385253906250
0.928161621093750
0.772277832031250
0.958007812500000
0.764038085937500
0.963073730468750
0.738647460937500
0.932312011718750
0.767272949218750
0.962829589843750
0.762573242187500
0.964782714843750
0.763427734375000
0.955200195312500
0.728942871093750
0.959777832031250
0.769104003906250
0.955505371093750
0.768066406250000
0.950988769531250
0.764953613281250
0.956726074218750
0.762268066406250
0.937438964843750
0.752014160156250
0.969421386718750
0.761779785156250
0.967285156250000
0.765014648437500
0.966186523437500
0.767211914062500
0.979125976562500
0.765319824218750
0.971069335937500
0.776000976562500
0.960815429687500
0.771484375000000
0.964782714843750
0.782714843750000
0.961181640625000
0.769226074218750
0.773132324218750
0.973937988281250
0.773620605468750
0.970336914062500
0.772155761718750
0.970825195312500
0.774047851562500
0.964477539062500
0.768432617187500
0.970153808593750
0.748779296875000
0.962829589843750
0.772827148437500
0.961791992187500
0.771057128906250
0.958251953125000
0.774047851562500
0.970031738281250
0.781311035156250
0.963989257812500
0.769348144531250
0.783874511718750
0.979370117187500
0.781921386718750
0.975524902343750
0.787658691406250
0.982177734375000
0.799560546875000
0.945434570312500
0.791259765625000
0.967651367187500
0.786193847656250
0.785278320312500
0.986206054687500
0.751220703125000
0.986938476562500
0.773681640625000
0.975585937500000
0.788208007812500
0.975219726562500
0.771606445312500
0.982971191406250
0.776000976562500
0.959167480468750
0.778320312500000
0.976623535156250
0.780151367187500
0.973327636718750
0.751647949218750
0.977050781250000
0.778381347656250
0.985839843750000
0.774047851562500
0.982238769531250
0.768493652343750
0.956970214843750
0.971740722656250
0.781311035156250
0.974365234375000
0.785217285156250
0.984375000000000
0.791503906250000
0.782348632812500
0.978210449218750
0.784484863281250
0.985900878906250
0.792846679687500
1.005737304687500
0.767333984375000
0.992919921875000
0.779907226562500
0.991638183593750
0.787292480468750
0.986511230468750
0.785766601562500
0.981262207031250
0.783996582031250
0.982543945312500
0.791931152343750
0.800964355468750
0.986572265625000
0.795104980468750
0.983215332031250
0.759704589843750
0.953979492187500
0.977905273437500
0.785766601562500
0.990173339843750
0.792541503906250
0.786193847656250
0.989074707031250
0.793029785156250
0.994323730468750
0.796142578125000
0.993164062500000
0.788330078125000
0.982482910156250
0.792663574218750
0.992553710937500
0.794250488281250
0.992980957031250
0.780456542968750
0.989562988281250
0.791564941406250
0.804565429687500
0.986755371093750
0.793334960937500
0.995971679687500
0.791870117187500
0.988708496093750
0.781372070312500
0.990783691406250
0.798583984375000
0.993896484375000
0.787231445312500
0.987548828125000
0.797485351562500
0.999084472656250
0.791870117187500
1.008972167968750
0.783325195312500
0.976745605468750
0.796325683593750
0.987976074218750
0.785034179687500
0.993774414062500
0.799072265625000
0.796142578125000
0.994018554687500
0.796325683593750
0.983703613281250
0.790100097656250
0.997619628906250
0.803771972656250
0.998962402343750
0.789550781250000
0.994506835937500
0.797424316406250
1.013916015625000
0.794006347656250
0.979919433593750
0.796997070312500
0.798034667968750
0.993530273437500
0.797607421875000
1.013916015625000
0.796875000000000
1.003784179687500
0.808227539062500
0.997619628906250
0.771484375000000
1.006958007812500
0.809326171875000
0.806945800781250
1.002197265625000
0.813659667968750
0.989196777343750
0.815979003906250
1.000244140625000
0.803405761718750
1.007934570312500
0.768005371093750
1.014282226562500
0.804321289062500
1.010192871093750
0.798461914062500
0.806701660156250
0.972595214843750
0.996215820312500
0.799133300781250
1.002197265625000
0.798095703125000
0.994750976562500
0.805114746093750
0.791259765625000
0.994628906250000
0.805969238281250
1.003784179687500
0.801635742187500
0.994079589843750
0.808227539062500
1.006103515625000
0.801757812500000
1.003601074218750
0.800415039062500
1.002990722656250
0.806518554687500
0.809326171875000
1.000915527343750
0.795227050781250
0.992065429687500
0.798950195312500
1.008300781250000
0.801757812500000
0.991516113281250
0.803039550781250
1.002685546875000
0.792907714843750
0.972595214843750
0.804992675781250
1.003906250000000
0.802429199218750
1.000549316406250
0.773681640625000
0.994873046875000
0.797058105468750
1.001953125000000
0.770202636718750
1.006164550781250
0.802551269531250
0.999267578125000
0.797973632812500
1.003662109375000
0.777954101562500
1.003540039062500
0.799072265625000
1.004516601562500
0.794189453125000
0.801452636718750
0.999816894531250
0.796813964843750
0.979614257812500
0.799255371093750
1.003295898437500
0.798828125000000
1.009155273437500
0.798034667968750
1.001892089843750
0.786560058593750
0.999572753906250
0.792480468750000
0.997558593750000
0.797363281250000
0.996154785156250
0.798706054687500
0.996337890625000
0.787353515625000
0.989929199218750
0.802429199218750
0.968933105468750
0.791931152343750
0.990722656250000
0.793334960937500
0.997985839843750
0.789733886718750
0.987487792968750
0.805725097656250
0.982604980468750
0.791748046875000
0.985839843750000
0.785339355468750
0.981994628906250
0.751770019531250
0.995971679687500
0.823730468750000
0.983642578125000
0.795410156250000
0.994079589843750
0.797058105468750
0.985046386718750
0.794982910156250
0.988586425781250
0.792114257812500
0.990478515625000
0.772644042968750
0.982910156250000
0.804809570312500
1.004089355468750
0.799865722656250
0.789855957031250
1.009887695312500
0.790649414062500
0.989624023437500
0.770629882812500
0.994873046875000
0.794799804687500
0.984313964843750
0.791931152343750
0.991088867187500
0.797607421875000
0.986083984375000
0.799865722656250
1.009521484375000
0.801879882812500
0.988159179687500
0.797546386718750
0.972229003906250
0.804626464843750
1.005371093750000
0.797424316406250
0.793518066406250
0.995361328125000
0.794006347656250
0.995483398437500
0.795654296875000
0.966796875000000
0.984497070312500
0.798278808593750
0.794067382812500
0.993835449218750
0.798645019531250
0.995117187500000
0.773437500000000
0.977661132812500
0.807678222656250
0.997070312500000
0.789062500000000
0.996948242187500
0.790710449218750
1.004150390625000
0.800598144531250
0.996154785156250
0.806945800781250
1.002075195312500
0.798706054687500
0.798034667968750
0.991638183593750
0.800476074218750
0.991333007812500
0.810546875000000
0.982727050781250
0.801208496093750
0.994262695312500
0.798461914062500
0.969116210937500
0.787902832031250
0.998474121093750
0.796020507812500
1.008789062500000
0.763732910156250
0.975524902343750
0.796142578125000
0.999206542968750
0.801879882812500
1.002868652343750
0.797668457031250
0.997070312500000
0.797241210937500
0.994934082031250
0.791687011718750
0.985351562500000
0.800354003906250
0.982910156250000
0.800842285156250
0.990600585937500
0.793640136718750
0.991821289062500
0.785888671875000
0.999755859375000
0.798950195312500
0.994140625000000
0.776367187500000
0.996826171875000
0.600524902343750
0.794616699218750
0.999145507812500
0.797973632812500
0.977355957031250
0.808349609375000
0.985656738281250
0.791320800781250
0.995910644531250
0.981811523437500
0.786987304687500
0.808166503906250
1.004272460937500
0.777648925781250
1.006164550781250
0.795288085937500
0.975219726562500
0.801696777343750
0.999328613281250
0.812500000000000
0.966369628906250
0.805297851562500
0.997131347656250
0.807495117187500
1.000610351562500
0.804260253906250
1.005187988281250
0.804626464843750
0.985229492187500
0.765747070312500
1.009948730468750
0.800964355468750
1.010131835937500
0.798522949218750
0.999511718750000
0.799072265625000
1.000854492187500
0.792053222656250
0.996948242187500
0.805236816406250
0.990051269531250
0.793518066406250
0.996765136718750
0.791259765625000
0.992492675781250
0.795776367187500
1.003723144531250
0.801574707031250
1.002014160156250
0.804199218750000
1.007141113281250
0.803527832031250
1.000488281250000
0.797363281250000
0.972229003906250
0.796081542968750
0.995178222656250
0.810607910156250
0.978698730468750
0.808471679687500
1.006103515625000
0.782836914062500
0.995849609375000
0.801574707031250
1.002319335937500
0.808288574218750
1.007385253906250
0.801025390625000
0.995605468750000
0.794433593750000
1.003356933593750
0.798095703125000
1.001708984375000
0.797058105468750
1.008666992187500
0.797241210937500
1.000488281250000
0.803405761718750
1.010620117187500
0.801452636718750
0.812988281250000
1.011962890625000
0.811035156250000
0.977050781250000
0.802917480468750
1.011901855468750
0.807617187500000
0.999877929687500
0.809326171875000
1.004821777343750
0.769958496093750
1.001831054687500
0.800476074218750
1.007812500000000
0.961608886718750
0.832458496093750
0.821655273437500
1.006225585937500
0.759948730468750
0.999145507812500
0.986083984375000
0.796203613281250
1.012878417968750
0.802429199218750
0.815185546875000
1.012268066406250
0.809204101562500
1.018066406250000
0.805480957031250
1.005065917968750
0.793640136718750
1.044250488281250
0.766357421875000
1.014648437500000
0.816284179687500
1.004516601562500
0.816711425781250
0.804626464843750
1.012939453125000
0.795593261718750
0.999023437500000
0.810668945312500
1.013793945312500
0.797302246093750
1.006896972656250
0.812561035156250
1.020568847656250
0.804504394531250
1.000366210937500
0.801452636718750
1.002624511718750
0.794433593750000
1.005798339843750
0.810668945312500
0.991149902343750
0.806701660156250
1.000366210937500
0.811645507812500
0.802246093750000
1.013916015625000
0.806091308593750
1.012268066406250
0.803222656250000
0.997985839843750
0.804199218750000
1.004394531250000
0.796875000000000
1.006774902343750
0.800354003906250
1.011901855468750
0.799804687500000
1.012878417968750
0.802917480468750
0.997619628906250
0.816833496093750
1.005615234375000
0.803161621093750
1.000183105468750
0.804504394531250
1.000122070312500
0.810607910156250
0.811645507812500
1.005126953125000
0.805480957031250
1.003784179687500
0.807373046875000
1.024780273437500
0.809692382812500
1.000366210937500
0.797729492187500
1.003967285156250
0.794433593750000
1.011230468750000
0.809020996093750
1.005065917968750
0.804504394531250
0.999755859375000
0.812500000000000
1.005676269531250
0.803344726562500
1.000915527343750
0.811035156250000
0.807250976562500
1.005981445312500
0.795104980468750
1.003051757812500
0.797241210937500
1.016601562500000
0.800292968750000
1.004455566406250
0.806457519531250
1.011840820312500
0.800415039062500
1.018493652343750
0.802124023437500
1.001464843750000
0.804016113281250
1.006835937500000
0.802246093750000
1.006896972656250
0.805236816406250
1.008178710937500
0.819335937500000
0.810302734375000
1.000061035156250
0.807922363281250
1.012817382812500
0.793029785156250
1.013305664062500
0.807006835937500
1.015563964843750
0.793151855468750
1.011840820312500
0.810607910156250
1.007934570312500
0.780517578125000
1.004150390625000
0.800292968750000
0.995971679687500
0.798095703125000
1.000183105468750
0.801086425781250
0.974731445312500
1.003173828125000
0.801452636718750
1.007263183593750
0.808105468750000
1.010009765625000
0.805664062500000
0.816223144531250
1.005981445312500
0.807617187500000
1.010070800781250
0.798950195312500
1.015136718750000
0.811401367187500
1.010559082031250
0.809265136718750
1.005737304687500
0.813232421875000
1.014282226562500
0.807678222656250
0.997802734375000
0.803588867187500
0.822753906250000
1.012268066406250
0.803710937500000
1.007507324218750
0.819335937500000
1.017272949218750
0.810485839843750
1.001708984375000
0.807678222656250
0.993530273437500
0.808959960937500
1.016235351562500
0.814941406250000
1.003417968750000
0.820312500000000
0.807983398437500
1.024780273437500
0.818359375000000
1.010803222656250
0.802368164062500
0.998168945312500
0.809265136718750
1.008422851562500
0.809631347656250
1.006896972656250
0.819824218750000
0.995544433593750
0.984313964843750
0.808898925781250
1.019287109375000
0.817382812500000
1.002868652343750
0.809204101562500
0.821594238281250
1.007019042968750
1.008728027343750
0.809692382812500
1.008300781250000
0.809387207031250
1.016174316406250
0.800109863281250
1.011535644531250
0.807312011718750
1.013366699218750
0.805419921875000
1.013732910156250
0.802429199218750
1.004089355468750
0.799255371093750
1.038085937500000
0.801025390625000
0.973632812500000
0.807983398437500
0.974975585937500
1.012329101562500
0.805053710937500
1.007751464843750
0.814086914062500
1.003112792968750
0.804931640625000
1.026916503906250
0.812194824218750
1.020446777343750
0.800292968750000
0.825073242187500
1.045288085937500
0.954101562500000
0.801940917968750
1.024475097656250
0.808715820312500
1.008056640625000
0.802551269531250
1.011779785156250
0.814636230468750
1.011047363281250
0.802490234375000
1.018798828125000
0.819824218750000
1.013610839843750
0.807373046875000
1.010803222656250
0.811340332031250
1.018005371093750
0.804870605468750
1.026855468750000
0.812561035156250
1.010559082031250
0.806030273437500
0.999023437500000
0.809082031250000
1.009582519531250
0.810363769531250
1.012145996093750
0.807434082031250
1.013000488281250
0.822204589843750
1.006103515625000
0.812866210937500
1.016235351562500
0.808898925781250
1.016540527343750
0.815979003906250
1.016845703125000
0.812316894531250
1.026367187500000
0.811340332031250
1.019165039062500
0.810974121093750
1.008361816406250
0.810302734375000
1.014465332031250
0.786926269531250
1.023437500000000
0.823059082031250
1.026184082031250
0.810546875000000
1.033203125000000
0.812377929687500
1.022888183593750
0.817382812500000
1.018005371093750
0.770019531250000
0.831848144531250
1.014404296875000
0.829345703125000
1.034851074218750
0.826599121093750
1.031799316406250
0.788024902343750
1.029968261718750
0.819641113281250
1.019470214843750
0.820617675781250
1.016418457031250
0.823730468750000
0.819152832031250
1.029968261718750
0.929016113281250
0.822631835937500
0.831726074218750
1.019165039062500
0.823791503906250
1.018859863281250
0.822509765625000
1.022033691406250
0.830566406250000
1.031677246093750
0.821166992187500
1.031250000000000
0.758422851562500
0.822875976562500
1.038391113281250
0.815734863281250
1.031616210937500
0.828002929687500
0.994873046875000
0.828491210937500
1.019042968750000
0.816833496093750
1.028320312500000
0.817016601562500
1.033508300781250
0.822143554687500
1.010253906250000
0.823730468750000
1.007141113281250
0.822143554687500
1.019409179687500
0.822570800781250
1.017211914062500
0.818603515625000
1.032104492187500
0.815856933593750
1.024597167968750
0.820495605468750
1.031555175781250
0.823059082031250
0.816040039062500
1.029602050781250
0.817321777343750
1.015441894531250
0.822692871093750
1.021911621093750
1.001953125000000
0.820922851562500
1.026123046875000
0.817260742187500
0.820373535156250
1.024475097656250
1.013732910156250
0.820007324218750
1.008239746093750
0.821105957031250
1.012573242187500
0.832214355468750
1.012390136718750
0.795532226562500
0.797790527343750
1.034118652343750
0.818481445312500
1.025390625000000
0.822387695312500
1.016113281250000
0.826721191406250
1.030273437500000
0.821472167968750
1.027282714843750
0.820190429687500
1.026367187500000
0.822814941406250
1.025512695312500
0.823120117187500
1.028564453125000
0.836120605468750
0.813476562500000
1.025939941406250
0.817382812500000
1.024902343750000
0.822265625000000
1.023132324218750
0.811340332031250
1.033691406250000
0.825683593750000
1.034484863281250
0.812622070312500
1.025939941406250
0.822448730468750
1.017211914062500
0.825988769531250
1.020935058593750
0.830566406250000
1.022888183593750
0.824645996093750
1.018554687500000
0.818542480468750
0.821960449218750
1.011962890625000
1.027526855468750
0.792907714843750
1.029541015625000
0.821716308593750
0.829223632812500
1.028686523437500
0.821777343750000
1.032531738281250
0.827514648437500
1.035095214843750
0.839782714843750
1.027343750000000
0.833251953125000
1.024108886718750
0.867126464843750
0.825439453125000
1.015014648437500
0.827880859375000
1.028320312500000
0.827758789062500
1.026306152343750
0.784851074218750
1.027648925781250
0.799316406250000
1.036010742187500
0.807373046875000
1.039123535156250
0.781188964843750
1.003112792968750
0.814880371093750
1.026123046875000
0.814941406250000
1.001647949218750
0.830017089843750
1.035888671875000
0.820678710937500
0.997558593750000
0.997131347656250
0.830871582031250
0.820251464843750
1.036499023437500
0.832946777343750
1.021545410156250
0.761535644531250
1.034851074218750
0.766418457031250
1.026428222656250
0.822143554687500
1.018310546875000
0.802124023437500
0.825561523437500
0.967224121093750
0.825561523437500
0.951965332031250
0.982299804687500
0.802856445312500
0.823181152343750
0.975585937500000
0.815002441406250
0.993835449218750
0.822387695312500
1.023803710937500
0.824584960937500
0.992004394531250
0.775451660156250
1.037170410156250
0.756652832031250
0.831970214843750
1.036499023437500
0.823486328125000
0.969726562500000
0.827453613281250
0.959167480468750
0.780334472656250
1.003173828125000
0.797973632812500
1.016540527343750
1.162353515625000
0.799499511718750
0.982177734375000
0.828186035156250
1.021911621093750
0.825805664062500
0.984680175781250
0.799499511718750
0.987976074218750
0.772216796875000
1.032470703125000
0.781555175781250
1.012573242187500
0.759887695312500
1.004577636718750
0.816406250000000
0.779174804687500
1.004821777343750
0.775268554687500
1.034179687500000
0.773376464843750
0.998352050781250
0.805175781250000
0.952514648437500
0.820312500000000
0.981445312500000
0.821594238281250
0.969421386718750
0.824584960937500
0.751220703125000
0.984436035156250
0.833068847656250
0.986022949218750
0.793823242187500
0.994567871093750
0.819519042968750
0.984252929687500
0.772766113281250
0.980895996093750
0.820495605468750
0.765808105468750
0.999450683593750
0.795959472656250
0.964904785156250
0.803527832031250
1.019653320312500
0.772338867187500
0.805908203125000
1.003845214843750
0.766113281250000
0.990966796875000
0.815734863281250
0.969299316406250
0.785034179687500
0.997680664062500
0.800476074218750
0.973571777343750
0.801330566406250
0.813598632812500
0.965209960937500
0.776733398437500
1.004211425781250
0.762329101562500
0.970397949218750
0.838989257812500
0.980163574218750
0.764221191406250
0.836914062500000
0.991210937500000
0.785766601562500
0.991943359375000
0.816894531250000
0.974304199218750
0.782592773437500
0.810302734375000
1.009216308593750
0.785888671875000
0.938659667968750
0.828979492187500
0.993225097656250
0.790161132812500
0.973205566406250
0.758972167968750
0.797180175781250
0.831481933593750
0.969177246093750
0.788330078125000
0.941833496093750
0.804748535156250
1.000122070312500
0.801818847656250
0.780944824218750
0.960754394531250
0.956359863281250
0.773742675781250
0.799377441406250
1.004089355468750
0.809936523437500
0.979797363281250
0.753662109375000
0.978515625000000
0.775024414062500
0.997253417968750
0.809082031250000
0.984130859375000
0.784851074218750
0.961181640625000
0.784729003906250
0.773925781250000
0.955017089843750
0.830505371093750
0.967468261718750
0.780639648437500
1.037353515625000
0.775268554687500
0.991027832031250
0.753295898437500
0.993896484375000
0.820617675781250
0.965332031250000
0.766784667968750
0.950500488281250
0.798034667968750
0.809326171875000
0.997741699218750
0.768920898437500
1.004882812500000
0.783813476562500
0.978881835937500
0.787902832031250
0.937927246093750
0.770324707031250
0.988464355468750
0.767089843750000
0.975280761718750
0.811157226562500
1.007507324218750
0.762756347656250
0.806884765625000
0.974853515625000
0.800781250000000
0.985656738281250
0.760681152343750
0.977905273437500
0.760986328125000
0.802490234375000
0.966430664062500
0.949462890625000
0.742553710937500
0.974182128906250
0.780944824218750
0.997375488281250
0.780517578125000
0.979003906250000
0.767944335937500
0.793395996093750
0.982849121093750
0.789367675781250
0.960876464843750
0.811279296875000
0.983886718750000
0.733154296875000
0.996948242187500
0.770629882812500
0.977355957031250
0.765869140625000
0.973144531250000
0.789245605468750
1.002258300781250
0.810119628906250
0.773986816406250
0.991271972656250
0.784790039062500
0.952148437500000
0.770812988281250
0.975830078125000
0.798889160156250
0.987121582031250
0.794555664062500
0.787841796875000
0.994567871093750
0.745849609375000
0.990844726562500
0.772827148437500
0.974548339843750
0.802001953125000
0.804260253906250
0.993774414062500
0.786987304687500
0.993225097656250
0.772094726562500
0.979492187500000
0.770874023437500
0.970031738281250
0.755126953125000
0.819152832031250
0.965576171875000
0.802490234375000
0.987121582031250
0.782531738281250
0.984558105468750
0.756774902343750
0.981872558593750
0.759948730468750
0.979187011718750
0.773071289062500
0.799133300781250
0.985534667968750
0.819152832031250
0.980651855468750
0.765441894531250
0.975769042968750
0.775390625000000
0.774414062500000
1.002624511718750
0.797973632812500
0.983032226562500
0.802917480468750
0.969665527343750
0.742248535156250
0.973571777343750
0.778930664062500
0.954040527343750
0.787658691406250
0.800903320312500
0.963562011718750
0.808532714843750
0.963562011718750
0.780639648437500
0.946228027343750
0.806579589843750
0.972900390625000
0.767333984375000
0.980163574218750
0.758300781250000
0.957153320312500
0.756530761718750
0.972961425781250
0.797119140625000
0.977661132812500
0.811462402343750
0.969665527343750
0.770629882812500
0.963378906250000
0.777526855468750
0.814208984375000
0.980346679687500
0.815368652343750
0.997558593750000
0.767395019531250
0.987548828125000
0.753540039062500
0.992187500000000
0.767028808593750
0.792907714843750
0.981567382812500
0.776733398437500
0.987976074218750
0.790893554687500
0.991577148437500
0.791320800781250
0.977783203125000
0.752685546875000
0.995971679687500
0.771606445312500
0.773681640625000
0.973327636718750
0.815734863281250
0.973937988281250
0.815368652343750
0.956726074218750
0.801696777343750
0.778564453125000
0.954406738281250
0.967163085937500
0.758850097656250
0.985717773437500
0.786499023437500
0.813903808593750
0.957702636718750
0.812561035156250
0.968200683593750
0.796813964843750
0.965026855468750
0.792297363281250
0.954284667968750
0.773864746093750
0.949157714843750
0.744567871093750
0.989196777343750
0.803344726562500
0.981140136718750
0.809265136718750
0.773010253906250
0.954711914062500
0.789184570312500
1.006408691406250
0.755004882812500
0.988891601562500
0.759826660156250
1.006713867187500
0.792968750000000
0.993591308593750
0.781311035156250
0.807739257812500
0.982116699218750
0.803588867187500
0.988098144531250
0.770996093750000
0.980529785156250
0.762634277343750
0.960021972656250
0.766601562500000
0.816223144531250
0.982543945312500
0.822937011718750
0.951965332031250
0.753356933593750
0.963928222656250
0.783996582031250
0.993530273437500
0.777038574218750
0.978942871093750
0.752197265625000
1.010986328125000
0.782897949218750
0.781311035156250
1.005920410156250
0.767456054687500
0.974670410156250
0.771240234375000
0.941528320312500
0.967834472656250
0.757995605468750
0.979797363281250
0.786804199218750
0.769287109375000
0.991333007812500
0.775451660156250
0.961914062500000
0.803894042968750
0.977844238281250
0.803894042968750
0.805419921875000
0.936828613281250
0.920410156250000
0.743225097656250
0.997619628906250
0.795410156250000
0.801025390625000
0.987670898437500
0.786804199218750
0.989135742187500
0.760192871093750
0.994201660156250
0.789733886718750
0.783569335937500
0.989624023437500
0.788696289062500
0.983764648437500
0.763244628906250
1.025329589843750
0.775939941406250
0.920104980468750
0.791442871093750
0.779113769531250
0.940979003906250
0.968627929687500
0.794799804687500
0.790466308593750
1.002075195312500
0.772644042968750
1.007324218750000
0.769409179687500
0.995666503906250
0.772583007812500
0.775146484375000
0.986267089843750
0.767761230468750
0.987792968750000
0.778686523437500
0.961486816406250
0.783264160156250
0.954833984375000
0.771240234375000
0.792358398437500
0.972412109375000
0.782226562500000
0.982055664062500
0.771545410156250
0.960754394531250
0.754333496093750
0.998107910156250
0.766601562500000
1.002258300781250
0.791931152343750
0.782653808593750
0.968627929687500
0.776550292968750
0.960937500000000
0.805419921875000
0.972167968750000
0.770141601562500
0.988891601562500
0.794860839843750
0.767517089843750
0.965209960937500
0.778808593750000
0.965576171875000
0.764770507812500
0.990173339843750
0.777832031250000
0.975341796875000
0.796020507812500
0.962402343750000
0.754882812500000
0.979248046875000
0.796020507812500
0.763549804687500
0.989013671875000
0.760803222656250
0.986328125000000
0.787353515625000
0.975463867187500
0.767639160156250
0.957763671875000
0.791320800781250
0.967041015625000
0.759582519531250
0.824035644531250
0.965393066406250
0.784851074218750
0.976562500000000
0.796142578125000
1.007019042968750
0.792602539062500
0.988647460937500
0.776855468750000
0.793212890625000
0.949768066406250
0.788146972656250
0.970520019531250
0.785766601562500
0.990661621093750
0.795043945312500
0.977478027343750
0.798217773437500
0.929321289062500
0.766479492187500
0.973510742187500
0.776184082031250
0.996032714843750
0.777282714843750
0.798278808593750
0.975280761718750
0.801635742187500
0.942260742187500
0.805725097656250
0.959899902343750
0.790344238281250
0.793090820312500
0.907714843750000
0.978637695312500
0.751342773437500
0.986389160156250
0.803527832031250
0.792968750000000
0.988403320312500
0.796752929687500
0.978942871093750
0.771911621093750
1.004150390625000
0.766357421875000
0.799499511718750
0.966125488281250
0.951232910156250
0.795837402343750
0.788879394531250
0.960205078125000
0.770019531250000
0.966430664062500
0.770446777343750
0.990112304687500
0.774475097656250
1.011596679687500
0.787048339843750
0.968627929687500
0.794006347656250
0.808349609375000
0.964416503906250
0.791259765625000
0.968261718750000
0.758361816406250
0.791687011718750
0.967224121093750
0.987548828125000
0.781494140625000
0.791625976562500
0.961669921875000
0.782348632812500
0.986267089843750
0.781433105468750
0.981689453125000
0.787170410156250
0.798217773437500
1.001037597656250
0.769775390625000
0.917053222656250
0.773925781250000
0.988525390625000
0.747497558593750
0.840698242187500
0.799072265625000
1.088623046875000
0.792114257812500
0.931762695312500
0.752136230468750
0.964172363281250
0.800720214843750
0.962341308593750
0.782592773437500
0.956787109375000
0.792358398437500
0.792602539062500
0.952880859375000
0.794372558593750
0.926940917968750
0.771179199218750
0.975708007812500
0.728271484375000
0.979248046875000
0.773376464843750
0.951477050781250
0.791931152343750
0.983886718750000
0.769409179687500
1.011108398437500
0.765686035156250
0.958740234375000
0.795654296875000
0.993164062500000
0.789306640625000
0.919982910156250
0.762878417968750
0.933715820312500
0.785461425781250
0.803283691406250
0.987976074218750
0.777160644531250
1.014160156250000
0.754455566406250
0.975402832031250
0.773010253906250
0.934082031250000
0.790710449218750
1.004333496093750
0.779235839843750
1.003906250000000
0.787475585937500
0.789978027343750
0.932983398437500
0.769775390625000
0.977722167968750
0.786254882812500
1.000244140625000
0.799377441406250
0.960693359375000
0.776855468750000
0.793395996093750
0.974975585937500
0.768920898437500
0.938720703125000
0.792785644531250
0.966125488281250
0.798583984375000
0.967346191406250
0.799011230468750
0.985107421875000
0.791809082031250
0.955200195312500
0.789733886718750
0.800048828125000
0.975280761718750
0.774780273437500
0.954040527343750
0.780334472656250
0.965148925781250
0.806335449218750
0.934204101562500
0.777526855468750
0.978149414062500
0.763183593750000
1.006835937500000
0.753112792968750
0.993530273437500
0.753906250000000
0.981994628906250
0.775817871093750
0.957031250000000
0.778198242187500
0.785949707031250
0.973571777343750
0.805786132812500
0.994079589843750
0.761535644531250
0.933898925781250
0.770935058593750
0.962707519531250
0.784545898437500
0.999816894531250
0.798950195312500
0.997985839843750
0.785766601562500
0.970397949218750
0.774902343750000
0.791442871093750
0.955749511718750
0.780822753906250
1.017395019531250
0.788574218750000
0.957885742187500
0.755859375000000
0.956787109375000
0.782287597656250
0.970703125000000
0.752807617187500
0.997314453125000
0.757080078125000
1.002502441406250
0.788513183593750
0.782958984375000
0.939086914062500
0.792846679687500
0.980895996093750
0.800231933593750
1.009094238281250
0.794006347656250
0.800109863281250
0.997558593750000
0.780944824218750
0.781311035156250
0.980163574218750
0.810852050781250
0.908935546875000
0.946044921875000
0.804321289062500
0.974243164062500
0.767639160156250
0.990905761718750
0.801757812500000
0.762390136718750
0.972412109375000
0.769348144531250
0.977966308593750
0.769592285156250
0.994995117187500
0.796020507812500
0.962463378906250
0.768981933593750
0.971130371093750
0.786315917968750
0.969055175781250
0.769775390625000
0.990661621093750
0.785766601562500
0.798645019531250
0.992309570312500
0.774658203125000
0.953857421875000
0.800720214843750
0.987182617187500
0.774108886718750
1.005004882812500
0.759643554687500
0.990173339843750
0.776184082031250
0.768371582031250
0.975158691406250
0.763549804687500
0.987060546875000
0.785522460937500
1.012207031250000
0.807922363281250
0.780334472656250
0.987426757812500
0.765686035156250
0.966552734375000
0.778808593750000
0.991149902343750
0.801696777343750
0.987365722656250
0.789672851562500
0.963989257812500
0.773986816406250
0.796020507812500
0.981628417968750
0.775390625000000
1.009887695312500
0.794860839843750
0.992797851562500
0.767700195312500
0.961853027343750
0.800842285156250
0.965026855468750
0.805358886718750
0.815124511718750
0.962951660156250
0.814880371093750
0.940185546875000
0.803588867187500
0.984680175781250
0.803222656250000
0.812255859375000
0.996826171875000
0.792480468750000
1.004028320312500
0.785217285156250
0.955383300781250
0.757873535156250
0.794372558593750
0.992065429687500
0.806640625000000
0.969055175781250
0.766357421875000
0.819152832031250
0.854614257812500
0.918457031250000
0.774780273437500
0.947692871093750
0.793273925781250
0.990234375000000
0.793762207031250
0.962341308593750
0.793884277343750
0.933715820312500
0.762207031250000
0.982666015625000
0.796875000000000
0.995727539062500
0.781494140625000
0.911254882812500
0.768676757812500
0.941711425781250
0.804260253906250
0.783691406250000
0.983032226562500
0.777954101562500
0.980773925781250
0.945617675781250
0.791320800781250
0.799804687500000
0.986511230468750
0.807189941406250
0.998657226562500
0.780029296875000
0.796752929687500
0.985595703125000
0.779479980468750
0.963256835937500
0.770874023437500
1.014160156250000
0.794311523437500
0.791870117187500
0.984008789062500
0.956665039062500
0.736938476562500
0.781188964843750
0.955383300781250
0.973937988281250
0.751953125000000
0.990234375000000
0.787841796875000
0.786193847656250
0.985534667968750
0.785644531250000
1.006958007812500
0.784240722656250
0.966491699218750
0.765991210937500
0.946289062500000
0.785339355468750
0.959411621093750
0.778259277343750
0.945190429687500
0.793701171875000
0.982055664062500
0.769165039062500
0.982360839843750
0.798828125000000
1.005371093750000
0.764404296875000
0.987182617187500
0.770080566406250
0.783508300781250
0.946533203125000
0.989501953125000
0.799255371093750
0.795593261718750
1.013793945312500
0.733154296875000
0.948486328125000
0.763000488281250
1.016601562500000
0.795776367187500
0.973815917968750
0.767028808593750
0.949890136718750
0.801086425781250
0.955749511718750
0.804931640625000
0.789245605468750
0.987854003906250
0.812133789062500
0.921691894531250
0.780395507812500
1.016479492187500
0.754577636718750
0.944580078125000
0.809631347656250
0.967529296875000
0.775573730468750
1.004760742187500
0.771057128906250
0.971252441406250
0.792541503906250
0.773071289062500
0.974731445312500
0.763916015625000
1.006469726562500
0.763305664062500
0.945800781250000
0.787170410156250
1.001525878906250
0.802917480468750
0.767211914062500
1.000366210937500
0.803710937500000
1.004943847656250
0.810302734375000
0.953186035156250
0.752014160156250
0.993164062500000
0.785278320312500
0.941162109375000
0.756225585937500
0.805541992187500
0.977783203125000
0.804504394531250
0.912109375000000
0.967407226562500
0.800659179687500
0.805847167968750
0.962951660156250
0.981323242187500
0.773559570312500
0.804077148437500
0.984008789062500
0.909790039062500
0.780883789062500
0.790832519531250
0.984619140625000
0.759094238281250
1.009155273437500
0.789978027343750
0.983581542968750
0.774963378906250
0.787048339843750
1.020751953125000
0.792785644531250
0.969177246093750
0.784790039062500
1.003417968750000
0.816650390625000
0.778564453125000
0.962097167968750
0.793090820312500
1.003112792968750
0.786254882812500
0.962097167968750
0.779296875000000
0.913940429687500
0.787536621093750
0.981567382812500
0.790832519531250
0.807128906250000
0.952636718750000
0.797668457031250
0.997009277343750
0.795166015625000
0.992736816406250
0.793029785156250
0.804443359375000
0.957519531250000
0.811157226562500
1.012573242187500
0.782653808593750
0.778137207031250
0.991210937500000
0.751953125000000
0.999328613281250
0.784545898437500
0.935974121093750
0.761535644531250
0.970031738281250
0.985717773437500
0.768188476562500
0.797363281250000
0.969970703125000
0.766601562500000
1.019348144531250
0.761352539062500
1.000122070312500
0.779846191406250
0.966369628906250
0.794433593750000
0.808166503906250
0.948303222656250
0.808044433593750
1.023559570312500
0.789794921875000
0.810852050781250
0.981994628906250
0.759155273437500
0.991760253906250
0.770874023437500
0.972106933593750
0.953369140625000
0.781188964843750
0.778320312500000
1.164184570312500
1.011352539062500
0.780883789062500
0.970458984375000
0.785705566406250
0.984191894531250
0.772521972656250
1.001464843750000
0.759155273437500
0.960693359375000
0.801818847656250
0.970520019531250
0.779663085937500
0.968811035156250
0.814514160156250
0.743164062500000
0.972900390625000
0.757080078125000
1.014587402343750
0.759521484375000
0.963867187500000
0.797119140625000
0.969665527343750
0.793212890625000
0.789672851562500
0.987182617187500
0.765747070312500
0.996887207031250
0.791748046875000
0.983764648437500
0.801391601562500
0.771667480468750
0.972656250000000
0.761474609375000
1.027160644531250
0.784362792968750
0.899230957031250
0.812316894531250
0.972961425781250
0.822021484375000
0.984497070312500
0.809020996093750
0.772399902343750
0.991210937500000
0.761352539062500
0.953308105468750
0.774902343750000
1.026733398437500
0.799743652343750
0.923706054687500
0.787536621093750
0.786560058593750
0.980041503906250
0.791687011718750
1.019104003906250
0.739379882812500
0.982482910156250
0.755737304687500
1.021057128906250
0.753967285156250
0.959655761718750
0.758117675781250
0.997192382812500
0.789733886718750
0.791015625000000
1.010559082031250
0.788085937500000
0.977661132812500
0.796997070312500
0.811401367187500
0.950622558593750
0.778991699218750
0.964355468750000
0.792297363281250
0.941162109375000
0.807312011718750
0.936096191406250
0.791992187500000
0.985961914062500
0.801635742187500
0.939514160156250
0.782348632812500
0.803771972656250
1.010742187500000
0.769653320312500
0.971557617187500
0.746032714843750
1.032897949218750
0.782043457031250
0.939636230468750
0.805786132812500
0.930358886718750
0.783142089843750
0.993286132812500
0.802429199218750
0.767211914062500
1.039306640625000
0.780212402343750
0.983154296875000
0.761779785156250
1.007385253906250
0.789306640625000
0.743591308593750
0.978271484375000
0.815246582031250
0.974548339843750
0.791259765625000
1.003356933593750
0.763610839843750
0.801147460937500
0.931091308593750
0.787231445312500
1.003112792968750
0.767517089843750
0.996276855468750
0.744201660156250
0.929931640625000
0.786376953125000
1.037658691406250
0.799072265625000
0.776977539062500
0.996093750000000
0.810241699218750
0.925598144531250
0.774780273437500
0.965087890625000
0.799804687500000
0.945861816406250
0.738708496093750
0.912048339843750
1.027343750000000
0.788269042968750
0.963684082031250
0.760375976562500
0.776367187500000
0.958862304687500
0.802917480468750
0.964050292968750
0.781372070312500
0.956176757812500
0.788269042968750
1.016357421875000
0.756652832031250
0.926513671875000
0.802612304687500
0.938537597656250
0.814453125000000
0.945739746093750
0.782409667968750
0.803161621093750
0.956604003906250
0.811767578125000
0.957824707031250
0.797302246093750
0.951049804687500
0.789428710937500
0.797302246093750
1.004638671875000
0.774108886718750
1.002746582031250
0.767272949218750
0.815002441406250
0.962890625000000
0.774108886718750
0.983703613281250
0.745056152343750
0.987548828125000
0.746826171875000
1.030212402343750
0.774719238281250
0.791442871093750
0.913879394531250
0.811584472656250
0.979248046875000
0.783996582031250
0.963439941406250
0.772216796875000
0.978088378906250
0.771545410156250
0.962158203125000
0.768859863281250
0.983825683593750
0.809997558593750
0.739685058593750
0.972656250000000
0.760009765625000
0.987854003906250
0.749023437500000
0.992431640625000
0.787475585937500
0.926635742187500
0.790771484375000
0.984558105468750
0.789123535156250
0.975830078125000
0.777526855468750
0.954040527343750
0.768188476562500
0.926086425781250
0.833068847656250
0.940246582031250
0.812011718750000
0.930847167968750
0.807983398437500
0.756958007812500
0.992736816406250
0.948608398437500
0.782775878906250
0.793945312500000
0.949462890625000
0.807678222656250
0.953796386718750
0.752319335937500
1.005859375000000
0.794250488281250
0.962036132812500
0.795043945312500
0.992187500000000
0.769470214843750
0.784484863281250
0.991577148437500
0.739379882812500
0.981628417968750
0.723693847656250
1.011901855468750
0.770324707031250
0.988403320312500
0.766967773437500
0.988220214843750
0.771423339843750
0.777893066406250
0.985229492187500
0.775207519531250
0.951049804687500
0.958068847656250
0.772888183593750
0.817016601562500
0.900695800781250
0.794860839843750
0.996215820312500
0.766479492187500
0.996826171875000
0.770690917968750
0.998168945312500
0.771057128906250
0.963439941406250
0.795654296875000
0.790405273437500
0.961853027343750
0.785766601562500
1.002380371093750
0.772460937500000
0.994812011718750
0.783691406250000
0.791015625000000
0.999633789062500
0.787536621093750
0.980407714843750
0.720092773437500
0.989562988281250
0.789550781250000
0.806396484375000
0.959655761718750
0.975646972656250
0.736389160156250
0.973266601562500
0.773498535156250
0.950378417968750
0.761596679687500
0.811462402343750
0.931396484375000
0.945434570312500
0.790649414062500
0.977233886718750
0.788574218750000
0.983520507812500
0.745056152343750
0.985839843750000
0.770874023437500
0.751586914062500
0.939514160156250
0.783447265625000
0.994079589843750
0.802246093750000
0.960876464843750
0.759460449218750
0.985229492187500
0.800842285156250
0.980651855468750
0.810424804687500
0.765319824218750
0.972167968750000
0.788757324218750
0.989624023437500
0.766662597656250
1.002990722656250
0.760253906250000
0.985900878906250
0.766601562500000
0.983032226562500
0.773742675781250
0.771057128906250
1.020446777343750
0.785095214843750
0.981018066406250
0.782287597656250
0.978820800781250
0.744323730468750
0.795776367187500
0.959106445312500
0.981811523437500
0.766052246093750
0.930847167968750
0.768493652343750
1.016174316406250
0.769409179687500
0.769714355468750
0.997131347656250
0.771728515625000
0.988830566406250
0.805847167968750
0.779602050781250
0.975708007812500
0.804992675781250
0.973327636718750
0.784851074218750
1.001586914062500
0.770751953125000
0.912658691406250
0.762939453125000
0.999328613281250
0.762084960937500
1.005920410156250
0.723571777343750
1.017028808593750
0.741699218750000
0.993591308593750
0.762084960937500
0.982788085937500
0.759887695312500
0.977233886718750
0.765991210937500
0.819702148437500
0.977966308593750
0.923278808593750
0.797668457031250
0.800292968750000
0.979980468750000
0.912109375000000
0.784667968750000
0.776855468750000
0.929504394531250
0.973937988281250
0.752929687500000
0.948608398437500
0.780029296875000
0.988830566406250
0.782958984375000
1.001037597656250
0.775451660156250
0.762268066406250
0.987426757812500
0.769531250000000
0.982971191406250
0.792175292968750
0.963134765625000
0.796325683593750
0.793151855468750
0.995300292968750
0.772644042968750
0.999633789062500
0.785400390625000
0.998229980468750
0.752197265625000
1.005187988281250
0.735534667968750
1.026000976562500
0.765441894531250
0.954895019531250
0.769348144531250
0.985717773437500
0.753417968750000
0.745788574218750
0.987548828125000
0.750122070312500
0.990661621093750
0.790039062500000
0.951171875000000
0.812316894531250
0.957519531250000
0.717407226562500
0.972045898437500
0.935546875000000
0.789794921875000
0.924865722656250
0.806823730468750
0.883605957031250
0.836791992187500
0.828247070312500
0.946777343750000
0.820312500000000
0.943786621093750
0.776672363281250
0.998779296875000
0.760620117187500
0.974670410156250
0.753234863281250
0.976989746093750
0.729309082031250
1.009704589843750
0.862243652343750
0.761169433593750
0.802856445312500
0.970947265625000
0.812316894531250
0.952819824218750
0.821533203125000
0.960083007812500
0.777282714843750
0.992248535156250
0.810913085937500
0.770751953125000
0.983032226562500
0.789672851562500
0.993286132812500
0.751403808593750
0.994689941406250
0.763061523437500
0.959167480468750
0.798767089843750
0.783752441406250
0.979431152343750
0.770019531250000
1.001342773437500
0.748352050781250
1.006530761718750
0.745117187500000
0.838317871093750
0.777648925781250
0.979553222656250
0.756286621093750
1.009582519531250
0.738525390625000
1.001953125000000
0.779541015625000
0.980041503906250
0.758789062500000
0.952758789062500
0.775573730468750
1.006408691406250
0.782958984375000
0.802124023437500
0.993164062500000
0.782531738281250
1.027770996093750
0.765869140625000
0.957458496093750
0.786560058593750
0.975769042968750
0.777099609375000
0.774597167968750
1.008300781250000
0.752136230468750
0.995239257812500
0.765869140625000
0.961975097656250
0.761108398437500
1.012634277343750
0.783081054687500
0.820678710937500
0.980468750000000
0.773864746093750
0.949645996093750
0.808532714843750
0.926635742187500
0.815307617187500
0.956481933593750
0.817199707031250
0.762817382812500
1.025390625000000
0.775634765625000
0.975952148437500
0.758422851562500
0.964721679687500
0.772888183593750
0.946044921875000
0.807922363281250
0.902954101562500
0.822631835937500
0.953369140625000
0.800109863281250
0.945800781250000
0.806091308593750
0.917785644531250
0.832702636718750
0.956115722656250
0.784240722656250
0.765197753906250
1.019714355468750
0.743835449218750
1.000183105468750
0.763000488281250
0.997558593750000
0.795593261718750
1.013244628906250
0.759826660156250
0.788574218750000
0.980590820312500
0.762268066406250
0.963378906250000
0.806701660156250
0.980590820312500
0.793029785156250
0.802551269531250
0.977844238281250
0.800659179687500
0.978881835937500
0.835083007812500
0.770568847656250
1.013671875000000
0.750488281250000
0.947021484375000
0.773498535156250
1.005126953125000
0.792968750000000
0.995910644531250
0.747131347656250
0.964172363281250
0.771362304687500
0.979553222656250
0.774108886718750
0.789184570312500
0.984008789062500
0.910095214843750
0.825439453125000
0.943359375000000
0.798095703125000
0.940856933593750
0.770996093750000
0.950988769531250
0.824218750000000
0.936889648437500
0.772644042968750
1.000122070312500
0.765258789062500
0.976562500000000
0.791748046875000
1.006103515625000
0.765869140625000
0.965332031250000
0.771606445312500
0.982727050781250
0.787414550781250
0.807800292968750
0.903808593750000
1.006042480468750
0.762329101562500
0.830017089843750
0.940551757812500
0.977844238281250
0.766174316406250
0.834167480468750
0.936767578125000
0.830139160156250
0.960449218750000
0.814636230468750
0.933044433593750
0.793212890625000
0.954223632812500
0.805480957031250
0.949707031250000
0.838867187500000
0.771057128906250
0.964477539062500
0.771911621093750
0.988159179687500
0.744445800781250
0.999511718750000
0.749511718750000
0.975158691406250
0.790466308593750
0.772033691406250
1.004821777343750
0.770507812500000
1.022583007812500
0.771545410156250
0.961975097656250
0.753723144531250
0.838806152343750
0.965576171875000
0.792724609375000
1.000366210937500
0.810729980468750
0.922119140625000
0.935180664062500
0.769653320312500
0.964904785156250
0.798522949218750
0.805786132812500
0.973022460937500
0.807067871093750
0.943725585937500
0.826660156250000
0.875732421875000
0.821289062500000
0.937622070312500
0.794433593750000
0.921264648437500
0.945495605468750
0.760986328125000
1.004028320312500
0.791687011718750
0.797729492187500
1.026306152343750
0.765319824218750
0.983520507812500
0.776184082031250
1.007629394531250
0.718322753906250
1.003173828125000
0.740051269531250
1.006896972656250
0.762023925781250
0.994018554687500
0.752075195312500
1.009948730468750
0.785949707031250
0.972839355468750
0.757324218750000
0.974609375000000
0.784667968750000
0.801757812500000
0.961669921875000
0.806335449218750
0.952453613281250
0.836608886718750
0.951049804687500
0.809143066406250
0.895568847656250
0.802795410156250
0.957031250000000
0.800842285156250
0.907836914062500
0.826110839843750
0.786621093750000
0.988891601562500
0.774475097656250
0.996826171875000
0.743896484375000
0.996215820312500
0.801635742187500
1.002136230468750
0.781127929687500
0.805969238281250
0.952941894531250
0.772766113281250
0.988830566406250
0.788391113281250
0.989746093750000
0.749267578125000
0.819702148437500
0.942260742187500
0.965087890625000
0.765625000000000
0.838073730468750
0.933227539062500
0.800842285156250
0.952514648437500
0.829284667968750
0.938842773437500
0.822326660156250
0.974914550781250
0.745544433593750
0.966003417968750
0.821899414062500
0.933288574218750
0.785339355468750
0.958251953125000
0.814575195312500
0.776306152343750
0.977416992187500
0.791564941406250
1.012695312500000
0.787658691406250
0.807067871093750
0.999511718750000
0.962524414062500
0.753173828125000
0.773376464843750
0.983581542968750
0.978027343750000
0.758056640625000
0.995483398437500
0.768066406250000
0.994018554687500
0.768676757812500
0.750183105468750
0.993713378906250
0.722473144531250
1.008117675781250
0.757202148437500
1.000793457031250
0.748107910156250
0.988952636718750
0.724670410156250
0.951293945312500
0.784545898437500
0.978393554687500
0.788085937500000
1.023315429687500
0.775573730468750
0.997924804687500
0.758239746093750
0.993774414062500
0.731750488281250
1.007629394531250
0.775207519531250
0.820129394531250
0.994567871093750
0.813293457031250
0.990722656250000
0.817443847656250
0.767333984375000
0.994506835937500
0.806457519531250
1.001037597656250
0.779785156250000
0.969238281250000
0.788757324218750
0.987487792968750
0.763427734375000
1.318298339843750
0.825683593750000
0.937744140625000
0.802551269531250
0.946166992187500
0.803222656250000
0.950195312500000
0.813720703125000
0.777343750000000
0.997619628906250
0.784362792968750
0.981384277343750
0.781982421875000
0.781372070312500
0.983581542968750
0.778076171875000
0.990356445312500
0.788879394531250
0.979919433593750
0.759216308593750
0.984802246093750
0.786315917968750
0.983825683593750
0.747863769531250
0.945983886718750
0.801757812500000
0.993347167968750
0.782592773437500
0.964172363281250
0.791137695312500
0.994628906250000
0.778198242187500
0.815856933593750
0.966430664062500
0.801696777343750
0.996704101562500
0.777404785156250
0.970520019531250
0.804382324218750
0.765869140625000
0.971008300781250
0.784301757812500
0.969360351562500
0.771057128906250
1.010375976562500
0.778137207031250
0.995727539062500
0.788940429687500
0.783935546875000
0.990356445312500
0.801330566406250
0.998291015625000
0.768981933593750
0.834594726562500
0.990295410156250
0.809814453125000
0.928833007812500
0.796203613281250
0.948974609375000
0.792419433593750
0.920288085937500
0.988525390625000
0.773803710937500
0.969848632812500
0.735595703125000
1.020385742187500
0.809753417968750
0.805053710937500
0.967163085937500
0.786743164062500
0.968078613281250
0.814697265625000
0.993591308593750
0.813476562500000
0.915161132812500
0.773681640625000
0.965698242187500
0.827575683593750
0.930053710937500
0.837646484375000
0.791320800781250
1.000915527343750
0.789001464843750
1.025817871093750
0.779602050781250
0.802307128906250
1.009765625000000
0.774475097656250
0.963745117187500
0.770141601562500
0.983764648437500
0.950195312500000
0.744628906250000
0.815979003906250
1.003417968750000
0.954345703125000
0.783935546875000
0.797302246093750
0.973083496093750
0.802185058593750
0.977355957031250
0.751464843750000
0.990356445312500
0.788635253906250
0.976196289062500
0.785034179687500
0.844055175781250
0.995117187500000
0.840881347656250
0.961791992187500
0.826354980468750
0.771301269531250
0.963684082031250
0.780212402343750
0.990905761718750
0.796569824218750
0.969116210937500
0.776245117187500
0.980468750000000
0.771606445312500
0.970397949218750
0.787231445312500
0.977661132812500
0.791503906250000
1.004638671875000
0.766296386718750
0.981262207031250
0.779907226562500
0.792419433593750
0.980468750000000
1.010986328125000
0.792419433593750
0.761230468750000
0.973449707031250
0.811401367187500
0.993713378906250
0.763061523437500
0.997680664062500
0.960388183593750
0.768615722656250
0.965454101562500
0.798156738281250
0.772155761718750
1.020751953125000
0.766113281250000
0.976013183593750
0.792236328125000
1.000671386718750
0.799255371093750
0.982116699218750
0.782104492187500
0.845275878906250
0.984985351562500
0.974487304687500
0.761901855468750
0.822143554687500
0.970520019531250
0.823852539062500
0.952209472656250
0.838562011718750
0.780883789062500
1.001220703125000
0.757141113281250
1.038085937500000
0.916687011718750
0.847229003906250
0.773132324218750
0.969238281250000
0.819274902343750
1.002136230468750
0.794250488281250
1.007873535156250
0.758850097656250
1.013000488281250
0.809509277343750
0.941772460937500
0.767333984375000
1.023376464843750
0.803466796875000
0.786010742187500
0.998535156250000
0.796630859375000
0.966857910156250
0.778625488281250
0.983947753906250
0.809814453125000
0.990600585937500
0.795898437500000
0.982055664062500
0.763549804687500
0.968811035156250
0.991149902343750
0.765441894531250
0.766357421875000
0.980407714843750
0.817871093750000
0.998291015625000
0.804809570312500
1.011047363281250
0.787719726562500
0.969360351562500
0.785888671875000
0.991210937500000
0.806640625000000
0.825134277343750
1.000915527343750
0.825744628906250
0.953674316406250
0.816711425781250
0.793640136718750
1.015686035156250
0.762573242187500
0.980712890625000
0.758850097656250
1.037719726562500
0.777404785156250
0.985534667968750
0.769470214843750
0.990173339843750
0.773803710937500
1.005432128906250
0.780029296875000
0.994445800781250
0.779052734375000
0.809204101562500
1.020446777343750
0.765258789062500
1.041320800781250
0.783142089843750
0.974365234375000
0.772460937500000
0.969055175781250
0.816467285156250
0.981262207031250
0.801269531250000
0.841613769531250
0.984619140625000
0.813537597656250
0.936889648437500
0.820129394531250
0.790100097656250
1.028259277343750
0.732971191406250
1.030456542968750
0.800109863281250
1.014343261718750
0.757324218750000
0.995300292968750
0.738281250000000
0.997253417968750
0.755798339843750
1.029113769531250
0.788940429687500
0.795471191406250
0.979125976562500
0.800903320312500
0.975280761718750
0.972106933593750
0.752746582031250
0.973022460937500
0.800659179687500
0.786804199218750
0.960815429687500
0.982360839843750
0.774719238281250
0.786193847656250
1.007690429687500
0.784118652343750
0.979858398437500
0.760681152343750
1.019409179687500
0.777770996093750
0.835083007812500
0.917053222656250
0.983947753906250
0.786926269531250
0.985473632812500
0.808349609375000
0.801269531250000
0.986633300781250
0.781738281250000
0.962036132812500
0.772583007812500
0.995971679687500
0.766357421875000
1.002441406250000
0.772644042968750
1.007751464843750
0.787780761718750
0.990417480468750
0.731140136718750
1.018127441406250
0.782104492187500
0.988403320312500
0.794921875000000
0.834533691406250
0.942504882812500
0.818725585937500
0.985107421875000
0.815917968750000
0.950317382812500
0.814697265625000
0.950256347656250
0.818908691406250
0.773498535156250
1.041076660156250
0.775573730468750
0.967834472656250
0.767639160156250
1.049072265625000
0.750976562500000
0.981445312500000
0.759521484375000
1.005737304687500
0.771728515625000
0.794006347656250
1.007324218750000
0.806945800781250
1.018493652343750
0.804138183593750
0.817687988281250
1.000427246093750
0.808593750000000
0.989868164062500
0.822875976562500
0.756713867187500
1.032714843750000
0.771789550781250
0.993225097656250
0.747985839843750
1.030151367187500
0.764099121093750
0.994262695312500
0.753173828125000
0.987976074218750
0.753051757812500
0.994506835937500
0.753112792968750
1.005737304687500
0.788696289062500
0.784118652343750
0.981811523437500
0.770446777343750
1.016906738281250
0.773925781250000
1.020751953125000
0.629455566406250
0.880493164062500
0.965759277343750
0.812500000000000
0.983459472656250
0.824035644531250
0.769226074218750
1.014892578125000
0.747497558593750
1.000915527343750
0.786621093750000
1.013427734375000
0.776916503906250
0.958251953125000
0.743225097656250
0.988525390625000
0.781250000000000
0.967224121093750
0.757141113281250
0.995849609375000
0.791992187500000
0.969665527343750
0.773437500000000
1.012451171875000
0.738647460937500
1.023681640625000
0.786254882812500
0.771728515625000
0.999206542968750
0.745666503906250
0.984680175781250
0.767700195312500
1.001770019531250
0.805786132812500
0.968811035156250
0.781860351562500
1.007812500000000
0.794982910156250
0.959899902343750
0.790649414062500
0.819885253906250
0.974121093750000
0.830078125000000
0.961975097656250
0.832153320312500
0.766113281250000
0.987731933593750
0.806823730468750
0.980834960937500
0.936340332031250
0.779541015625000
0.962951660156250
0.826477050781250
0.777587890625000
1.023498535156250
0.749938964843750
0.977661132812500
0.761535644531250
0.989440917968750
0.794616699218750
1.004943847656250
0.787231445312500
0.778930664062500
1.027221679687500
0.777404785156250
1.001586914062500
0.780944824218750
0.835144042968750
0.990844726562500
0.813293457031250
0.924804687500000
0.839050292968750
0.951171875000000
0.834228515625000
0.784606933593750
1.014099121093750
0.778564453125000
0.961669921875000
0.780517578125000
1.015502929687500
0.764770507812500
1.001342773437500
0.757873535156250
1.004821777343750
0.767639160156250
1.004699707031250
0.741333007812500
1.036437988281250
0.744445800781250
1.018859863281250
0.790222167968750
0.959838867187500
0.766052246093750
0.797546386718750
0.998046875000000
0.742736816406250
0.991210937500000
0.800781250000000
1.001037597656250
0.803833007812500
0.824584960937500
0.957885742187500
0.951599121093750
0.762695312500000
0.974975585937500
0.767883300781250
0.953125000000000
0.762390136718750
1.038818359375000
0.750732421875000
0.991638183593750
0.775329589843750
1.011108398437500
0.777587890625000
0.985778808593750
0.794860839843750
0.961730957031250
0.783935546875000
1.030212402343750
0.720275878906250
1.013366699218750
0.770385742187500
0.843994140625000
0.944885253906250
0.941894531250000
0.784606933593750
0.983642578125000
0.807922363281250
0.832946777343750
0.959716796875000
0.827270507812500
0.936645507812500
0.785278320312500
0.972778320312500
0.824096679687500
0.987976074218750
0.815490722656250
0.776000976562500
1.001708984375000
0.782287597656250
0.969116210937500
0.795898437500000
0.974975585937500
0.811279296875000
0.991821289062500
0.794067382812500
0.787475585937500
1.042724609375000
0.791809082031250
0.955871582031250
0.721923828125000
1.030090332031250
0.809082031250000
0.972106933593750
0.783081054687500
1.014648437500000
0.741394042968750
0.984191894531250
0.763977050781250
1.032043457031250
0.777404785156250
1.019653320312500
0.746459960937500
0.985290527343750
0.761840820312500
0.999145507812500
0.766357421875000
0.833068847656250
0.967956542968750
0.803039550781250
0.932495117187500
0.835266113281250
0.935485839843750
0.789306640625000
0.962280273437500
0.828186035156250
0.974609375000000
0.841064453125000
0.787902832031250
0.996704101562500
0.770812988281250
1.006347656250000
0.783203125000000
0.992614746093750
0.746459960937500
1.012145996093750
0.777160644531250
0.982116699218750
0.778381347656250
0.996826171875000
0.786804199218750
0.785705566406250
1.014404296875000
0.784545898437500
0.972900390625000
0.774291992187500
0.999267578125000
0.794372558593750
0.858032226562500
0.936157226562500
0.807800292968750
0.927978515625000
0.967468261718750
0.787475585937500
0.829528808593750
0.977416992187500
0.821655273437500
0.953430175781250
0.822692871093750
0.964294433593750
0.838195800781250
0.763671875000000
1.032287597656250
0.754821777343750
0.954162597656250
0.783996582031250
0.997192382812500
0.778137207031250
0.995544433593750
0.755249023437500
1.025146484375000
0.798400878906250
1.020629882812500
0.757446289062500
0.983459472656250
0.779296875000000
1.012329101562500
0.794128417968750
0.788818359375000
1.039489746093750
0.798767089843750
0.815979003906250
0.949523925781250
0.943481445312500
0.806823730468750
0.834045410156250
0.963012695312500
0.797607421875000
0.930480957031250
0.829040527343750
0.940917968750000
0.955749511718750
0.781005859375000
0.950866699218750
0.791381835937500
1.034973144531250
0.781982421875000
0.987487792968750
0.795288085937500
0.960388183593750
0.759277343750000
0.988403320312500
0.786437988281250
0.814086914062500
0.969238281250000
0.845458984375000
0.976501464843750
0.808471679687500
0.977416992187500
0.778381347656250
0.960021972656250
0.789916992187500
0.943115234375000
0.843994140625000
0.946411132812500
0.812011718750000
0.966186523437500
0.815673828125000
0.991088867187500
0.813415527343750
0.933837890625000
0.833679199218750
0.780212402343750
1.035095214843750
0.925109863281250
0.822021484375000
0.762939453125000
1.003479003906250
0.753173828125000
0.991027832031250
0.767517089843750
1.041198730468750
0.763366699218750
1.053833007812500
0.784240722656250
1.012023925781250
0.786621093750000
0.975219726562500
0.801696777343750
0.971008300781250
0.803710937500000
0.803466796875000
0.992126464843750
0.756225585937500
1.005126953125000
0.773986816406250
1.002319335937500
0.768737792968750
0.819152832031250
0.944763183593750
0.815307617187500
0.975280761718750
0.804016113281250
0.915954589843750
0.950988769531250
0.729003906250000
1.003723144531250
0.789794921875000
0.938110351562500
0.981079101562500
0.745910644531250
1.021606445312500
0.761230468750000
0.995849609375000
0.788452148437500
0.792663574218750
0.993774414062500
0.814086914062500
0.975341796875000
0.789733886718750
0.968078613281250
0.794189453125000
0.945251464843750
0.972045898437500
0.764221191406250
1.025878906250000
0.773132324218750
0.971984863281250
0.728332519531250
0.966186523437500
0.919982910156250
0.781494140625000
0.921936035156250
0.956054687500000
0.813293457031250
0.837402343750000
0.959350585937500
0.827453613281250
0.949401855468750
0.831237792968750
0.966796875000000
0.732421875000000
0.972778320312500
0.749938964843750
0.975830078125000
0.807189941406250
0.870849609375000
0.828674316406250
0.929382324218750
0.679321289062500
0.978271484375000
0.731628417968750
0.669067382812500
1.009216308593750
0.788696289062500
1.011108398437500
0.751647949218750
0.818847656250000
0.735046386718750
1.007751464843750
0.764526367187500
0.983337402343750
0.758422851562500
0.862426757812500
0.654418945312500
1.017211914062500
0.723754882812500
1.000488281250000
0.773193359375000
0.988464355468750
0.798889160156250
0.909667968750000
0.695617675781250
0.822509765625000
0.976684570312500
0.851745605468750
0.889831542968750
0.747131347656250
0.794128417968750
1.029418945312500
0.793884277343750
0.796936035156250
0.904479980468750
0.630554199218750
0.953735351562500
0.830566406250000
0.959533691406250
0.831420898437500
0.806274414062500
0.828918457031250
0.833801269531250
0.761230468750000
1.018249511718750
0.753723144531250
1.018981933593750
0.713928222656250
0.814514160156250
0.755249023437500
0.948364257812500
0.805847167968750
0.930358886718750
0.958068847656250
0.801208496093750
0.885742187500000
0.657348632812500
0.786254882812500
1.000915527343750
0.986877441406250
0.732238769531250
0.940185546875000
0.651367187500000
0.909851074218750
0.762756347656250
0.809814453125000
0.985290527343750
0.795410156250000
1.006469726562500
0.785217285156250
0.785461425781250
0.757812500000000
0.986389160156250
0.834594726562500
0.988525390625000
0.718139648437500
0.818725585937500
0.801147460937500
0.987304687500000
0.758666992187500
1.006530761718750
0.650756835937500
0.849487304687500
0.820373535156250
0.757324218750000
1.000549316406250
0.785705566406250
0.991638183593750
0.730041503906250
0.807861328125000
0.720581054687500
0.931884765625000
0.789489746093750
0.960266113281250
0.970031738281250
0.795593261718750
0.816650390625000
0.947998046875000
0.803039550781250
0.844970703125000
0.655334472656250
1.002685546875000
0.786682128906250
0.967590332031250
0.764892578125000
1.010986328125000
0.779846191406250
0.806457519531250
0.721618652343750
0.949279785156250
0.804138183593750
0.949584960937500
0.829650878906250
0.735534667968750
0.930480957031250
0.750854492187500
0.867736816406250
0.794982910156250
0.809814453125000
0.837280273437500
0.946533203125000
0.799377441406250
0.938232421875000
0.659851074218750
0.849731445312500
0.790344238281250
0.996826171875000
0.817932128906250
0.969848632812500
0.794616699218750
0.737792968750000
0.811950683593750
0.765869140625000
0.945922851562500
0.935974121093750
0.797668457031250
0.964660644531250
0.823913574218750
0.681701660156250
0.824218750000000
0.790832519531250
1.006225585937500
0.768493652343750
0.949340820312500
0.765930175781250
0.809875488281250
0.825134277343750
0.932128906250000
0.818481445312500
0.777160644531250
0.971252441406250
0.866333007812500
0.648193359375000
0.762817382812500
0.967529296875000
0.964538574218750
0.818969726562500
0.808227539062500
0.893981933593750
0.632751464843750
0.838989257812500
0.967041015625000
0.790283203125000
0.819885253906250
0.957336425781250
0.788085937500000
0.883361816406250
0.802307128906250
0.927734375000000
0.646728515625000
0.749023437500000
0.931091308593750
0.966918945312500
0.723999023437500
1.040710449218750
0.709045410156250
0.824401855468750
0.650573730468750
0.944458007812500
0.831604003906250
0.963684082031250
0.795166015625000
0.984497070312500
0.661132812500000
0.867187500000000
0.818969726562500
0.759948730468750
1.017456054687500
0.908203125000000
0.649719238281250
0.681396484375000
1.008789062500000
0.789001464843750
1.004943847656250
0.794616699218750
0.818298339843750
0.879089355468750
0.653869628906250
0.978027343750000
0.803771972656250
0.993347167968750
0.680419921875000
0.658569335937500
0.970581054687500
0.779541015625000
1.032165527343750
0.756469726562500
0.813598632812500
0.660583496093750
0.921020507812500
0.759399414062500
1.003540039062500
0.758911132812500
0.972656250000000
0.736572265625000
1.019714355468750
0.665954589843750
0.710449218750000
0.994323730468750
0.794250488281250
0.950927734375000
0.969665527343750
0.653625488281250
0.648010253906250
0.952758789062500
0.801513671875000
0.967041015625000
0.817504882812500
0.922790527343750
0.789489746093750
0.661499023437500
0.826232910156250
0.916320800781250
0.995910644531250
0.737670898437500
0.929809570312500
0.653442382812500
0.928100585937500
0.794494628906250
0.831176757812500
0.968444824218750
0.839294433593750
0.807434082031250
0.773376464843750
0.987487792968750
0.636535644531250
1.031127929687500
0.750671386718750
0.815612792968750
0.681152343750000
0.794250488281250
0.934326171875000
0.970886230468750
0.766540527343750
0.968994140625000
0.651855468750000
0.916015625000000
0.807189941406250
0.736389160156250
0.818115234375000
0.739013671875000
1.008361816406250
0.790283203125000
1.027832031250000
0.675842285156250
0.655578613281250
1.023803710937500
0.799011230468750
0.966552734375000
0.766601562500000
0.818908691406250
0.631896972656250
0.905273437500000
0.799865722656250
1.017150878906250
0.748901367187500
0.961120605468750
0.696289062500000
0.800659179687500
0.764953613281250
1.001281738281250
0.656921386718750
0.951660156250000
0.836914062500000
0.831604003906250
0.798156738281250
0.993896484375000
0.639099121093750
0.850280761718750
0.840393066406250
0.761657714843750
1.029113769531250
0.779846191406250
0.929321289062500
0.656555175781250
0.598083496093750
1.038879394531250
0.718383789062500
0.820983886718750
0.738769531250000
1.020690917968750
0.786499023437500
0.997619628906250
0.671020507812500
0.648925781250000
0.997192382812500
0.788146972656250
0.949218750000000
0.651245117187500
0.921875000000000
0.779846191406250
0.995910644531250
0.770690917968750
0.943481445312500
0.630493164062500
0.812500000000000
0.782897949218750
0.799926757812500
1.045104980468750
0.805175781250000
0.891113281250000
0.653503417968750
0.788208007812500
0.852539062500000
0.824829101562500
0.977355957031250
0.779907226562500
0.656799316406250
0.922973632812500
0.763977050781250
1.036071777343750
0.726684570312500
0.796203613281250
0.745910644531250
0.784912109375000
1.004150390625000
0.782531738281250
0.875854492187500
0.650634765625000
0.960144042968750
0.806518554687500
0.918395996093750
0.815307617187500
0.839355468750000
0.655822753906250
0.965393066406250
0.791687011718750
0.770935058593750
1.001708984375000
0.650146484375000
0.818542480468750
0.752929687500000
0.974792480468750
0.841918945312500
0.844665527343750
0.644226074218750
0.902648925781250
0.760009765625000
0.991088867187500
0.784179687500000
0.969970703125000
0.678405761718750
0.812683105468750
0.674865722656250
0.998352050781250
0.804565429687500
1.541015625000000
0.633850097656250
0.833374023437500
0.951660156250000
0.730346679687500
0.768005371093750
0.867248535156250
0.796569824218750
0.780639648437500
0.951965332031250
0.662353515625000
0.916076660156250
0.787658691406250
1.036376953125000
0.665832519531250
0.791076660156250
0.761718750000000
0.808776855468750
0.988220214843750
0.649414062500000
0.946655273437500
0.811096191406250
0.842041015625000
0.653137207031250
0.800781250000000
1.030456542968750
0.751892089843750
1.018066406250000
0.655212402343750
0.813476562500000
0.748718261718750
0.969482421875000
0.825500488281250
0.954345703125000
0.692932128906250
0.821350097656250
0.779907226562500
0.775329589843750
1.009704589843750
0.807495117187500
0.821289062500000
0.653503417968750
0.991638183593750
0.782775878906250
0.781799316406250
0.854553222656250
0.662719726562500
0.908996582031250
0.780883789062500
0.996276855468750
0.753234863281250
0.656372070312500
0.811218261718750
0.780944824218750
1.009399414062500
0.754577636718750
0.984191894531250
0.651306152343750
0.820373535156250
0.994689941406250
0.748229980468750
0.795593261718750
0.672790527343750
0.830627441406250
0.961425781250000
0.669677734375000
0.895935058593750
0.755737304687500
1.033142089843750
0.687683105468750
0.813964843750000
0.786254882812500
0.793701171875000
0.894348144531250
0.657775878906250
0.968933105468750
0.842407226562500
0.796447753906250
0.986938476562500
0.680419921875000
0.817321777343750
0.683959960937500
0.827148437500000
0.981567382812500
0.758483886718750
0.817077636718750
0.756958007812500
0.941040039062500
0.791748046875000
0.914123535156250
0.634948730468750
0.813781738281250
0.766235351562500
0.811950683593750
1.021911621093750
0.804016113281250
0.695251464843750
0.819030761718750
0.813232421875000
0.817565917968750
0.996398925781250
0.770507812500000
0.661682128906250
0.913696289062500
0.764465332031250
0.925720214843750
0.657653808593750
0.795166015625000
0.767333984375000
1.020202636718750
0.779052734375000
0.977783203125000
0.753417968750000
0.825073242187500
0.656005859375000
1.019165039062500
0.797668457031250
0.656616210937500
0.817749023437500
0.786499023437500
0.681579589843750
0.970092773437500
0.798950195312500
0.831787109375000
0.953430175781250
0.724792480468750
0.817443847656250
0.781677246093750
0.994812011718750
0.662475585937500
0.796630859375000
0.811523437500000
0.943847656250000
0.653137207031250
0.851562500000000
0.839782714843750
0.780944824218750
0.818176269531250
0.697387695312500
1.018432617187500
0.796508789062500
0.904724121093750
0.659912109375000
0.814208984375000
0.756408691406250
0.980407714843750
0.791015625000000
0.779785156250000
0.908508300781250
0.651672363281250
0.801086425781250
0.794860839843750
0.844543457031250
0.997070312500000
0.829467773437500
0.824890136718750
0.661987304687500
1.007141113281250
0.715332031250000
0.827209472656250
0.748413085937500
0.955566406250000
0.730651855468750
0.818664550781250
0.653320312500000
0.912719726562500
0.756408691406250
0.878173828125000
0.655212402343750
0.822387695312500
0.813354492187500
0.832336425781250
0.934265136718750
0.654724121093750
0.998229980468750
0.783630371093750
0.827575683593750
0.650512695312500
0.652404785156250
0.914001464843750
0.777770996093750
1.007934570312500
0.702026367187500
0.830688476562500
0.657592773437500
0.798950195312500
1.011230468750000
0.727111816406250
0.794738769531250
0.686828613281250
1.039550781250000
0.740417480468750
0.821960449218750
0.664489746093750
1.003479003906250
0.782409667968750
0.958007812500000
0.661682128906250
0.790344238281250
0.765808105468750
0.984191894531250
0.769042968750000
0.843627929687500
0.643432617187500
0.817810058593750
0.650390625000000
0.947326660156250
0.956481933593750
0.786254882812500
0.695800781250000
0.821289062500000
0.788757324218750
0.968444824218750
0.658935546875000
0.824645996093750
0.700927734375000
0.968078613281250
0.750732421875000
1.021118164062500
0.766357421875000
0.798767089843750
0.664062500000000
0.742919921875000
0.994201660156250
0.795959472656250
0.979370117187500
0.712158203125000
0.803039550781250
0.653320312500000
1.031799316406250
0.803405761718750
0.822570800781250
0.656860351562500
0.664123535156250
0.930175781250000
0.777832031250000
0.893310546875000
0.655639648437500
0.944396972656250
0.785461425781250
0.868347167968750
0.652587890625000
0.793884277343750
0.779907226562500
0.999511718750000
0.732788085937500
0.834228515625000
0.657409667968750
0.819030761718750
0.800109863281250
0.987609863281250
0.882446289062500
0.658325195312500
0.897521972656250
0.735595703125000
0.797485351562500
0.751098632812500
0.791992187500000
0.903259277343750
0.659729003906250
0.799072265625000
0.656005859375000
0.925109863281250
0.812438964843750
0.949401855468750
0.693481445312500
0.820739746093750
0.664001464843750
1.002624511718750
0.711364746093750
0.797668457031250
0.815002441406250
0.635681152343750
1.019592285156250
0.786804199218750
0.788085937500000
0.796936035156250
0.806457519531250
0.740661621093750
0.936645507812500
0.825927734375000
0.869934082031250
0.656433105468750
0.653747558593750
0.817260742187500
0.726074218750000
0.984741210937500
0.776000976562500
0.796447753906250
0.646240234375000
1.004821777343750
0.732482910156250
0.824035644531250
0.692504882812500
1.002929687500000
0.763549804687500
0.822570800781250
0.660644531250000
0.809265136718750
0.744812011718750
0.959533691406250
0.655090332031250
0.637207031250000
0.702453613281250
0.556823730468750
0.665405273437500
0.506896972656250
0.560668945312500
0.444335937500000
0.551940917968750
0.440795898437500
0.540649414062500
0.439208984375000
0.553955078125000
0.419311523437500
0.538940429687500
0.428161621093750
0.539672851562500
0.435485839843750
0.542663574218750
0.433105468750000
0.537414550781250
0.432128906250000
0.536621093750000
0.410949707031250
0.502319335937500
0.394531250000000
0.497863769531250
0.394836425781250
0.496948242187500
0.395080566406250
0.496765136718750
0.399353027343750
0.496032714843750
0.398681640625000
0.500793457031250
0.396484375000000
0.496459960937500
0.397277832031250
0.493041992187500
0.400939941406250
0.494201660156250
0.393066406250000
0.490051269531250
0.392456054687500
0.496154785156250
0.394042968750000
0.491027832031250
0.394042968750000
0.495483398437500
0.395324707031250
0.484924316406250
0.390808105468750
0.486511230468750
0.393798828125000
0.498046875000000
0.390441894531250
0.491394042968750
0.420532226562500
0.517333984375000
0.428771972656250
0.537048339843750
0.425415039062500
0.538146972656250
0.425537109375000
0.426879882812500
0.530883789062500
0.425903320312500
0.531677246093750
0.518005371093750
0.423217773437500
0.513854980468750
0.405761718750000
0.499938964843750
0.395874023437500
0.497314453125000
0.395263671875000
0.397888183593750
0.491943359375000
0.397705078125000
0.489379882812500
0.392089843750000
0.482238769531250
0.485107421875000
0.391906738281250
0.488708496093750
0.394409179687500
0.473632812500000
0.466247558593750
0.381286621093750
0.488098144531250
0.393127441406250
0.490356445312500
0.395507812500000
0.490600585937500
0.396850585937500
0.492736816406250
0.394409179687500
0.493957519531250
0.417175292968750
0.517272949218750
0.425842285156250
0.528686523437500
0.422180175781250
0.423583984375000
0.526611328125000
0.426818847656250
0.528259277343750
0.426574707031250
0.522583007812500
0.422302246093750
0.523132324218750
0.422912597656250
0.526611328125000
0.415771484375000
0.524047851562500
0.421142578125000
0.492309570312500
0.374572753906250
0.490234375000000
0.390747070312500
0.489440917968750
0.392089843750000
0.492919921875000
0.387878417968750
0.488464355468750
0.390136718750000
0.486450195312500
0.389587402343750
0.486633300781250
0.388305664062500
0.483032226562500
0.391296386718750
0.484802246093750
0.381896972656250
0.479675292968750
0.429931640625000
0.509582519531250
0.420471191406250
0.528259277343750
0.421203613281250
0.514221191406250
0.418029785156250
0.536682128906250
0.421264648437500
0.525207519531250
0.419250488281250
0.526184082031250
0.422668457031250
0.523620605468750
0.420471191406250
0.529602050781250
0.423767089843750
0.521545410156250
0.407287597656250
0.477600097656250
0.386657714843750
0.489013671875000
0.393920898437500
0.388854980468750
0.491821289062500
0.382019042968750
0.493469238281250
0.382812500000000
0.488281250000000
0.388244628906250
0.485290527343750
0.389953613281250
0.485473632812500
0.386657714843750
0.490661621093750
0.388183593750000
0.493286132812500
0.413146972656250
0.517639160156250
0.411743164062500
0.516601562500000
0.411987304687500
0.520080566406250
0.408874511718750
0.522338867187500
0.515686035156250
0.410095214843750
0.521179199218750
0.420959472656250
0.415588378906250
0.516052246093750
0.411865234375000
0.520202636718750
0.419189453125000
0.521911621093750
0.414855957031250
0.523437500000000
0.415893554687500
0.519592285156250
0.417114257812500
0.521240234375000
0.423950195312500
0.493286132812500
0.394531250000000
0.483215332031250
0.387390136718750
0.486328125000000
0.391174316406250
0.483642578125000
0.388183593750000
0.487121582031250
0.388061523437500
0.491027832031250
0.389770507812500
0.470825195312500
0.384460449218750
0.488647460937500
0.390197753906250
0.489501953125000
0.387084960937500
0.424804687500000
0.522521972656250
0.421508789062500
0.507507324218750
0.416076660156250
0.517578125000000
0.504760742187500
0.414550781250000
0.521057128906250
0.416442871093750
0.420471191406250
0.522338867187500
0.413085937500000
0.521057128906250
0.413452148437500
0.522583007812500
0.414916992187500
0.521423339843750
0.410522460937500
0.522399902343750
0.412292480468750
0.518188476562500
0.415283203125000
0.509582519531250
0.421569824218750
0.514770507812500
0.393310546875000
0.474853515625000
0.476745605468750
0.383972167968750
0.483398437500000
0.397216796875000
0.390441894531250
0.485290527343750
0.391113281250000
0.478759765625000
0.394714355468750
0.480224609375000
0.393066406250000
0.480102539062500
0.387939453125000
0.481750488281250
0.395874023437500
0.523498535156250
0.415405273437500
0.523010253906250
0.416381835937500
0.519592285156250
0.415710449218750
0.519714355468750
0.411315917968750
0.524353027343750
0.412414550781250
0.782104492187500
0.749084472656250
0.625671386718750
0.762573242187500
0.555358886718750
0.674377441406250
0.526245117187500
0.661987304687500
0.486389160156250
0.528991699218750
0.429077148437500
0.537658691406250
0.427368164062500
0.541442871093750
0.423217773437500
0.515380859375000
0.426757812500000
0.515197753906250
0.419372558593750
0.530212402343750
0.416931152343750
0.525939941406250
0.418334960937500
0.520568847656250
0.407165527343750
0.518066406250000
0.418212890625000
0.528076171875000
0.410583496093750
0.526306152343750
0.423400878906250
0.517761230468750
0.419311523437500
0.521179199218750
0.415100097656250
0.515258789062500
0.416564941406250
0.517822265625000
0.412048339843750
0.522033691406250
0.414489746093750
0.520874023437500
0.418518066406250
0.521118164062500
0.418273925781250
0.413940429687500
0.518615722656250
0.395141601562500
0.489807128906250
0.383789062500000
0.481750488281250
0.387084960937500
0.485900878906250
0.386779785156250
0.471252441406250
0.386047363281250
0.486816406250000
0.390869140625000
0.481140136718750
0.390686035156250
0.484008789062500
0.384643554687500
0.471984863281250
0.412048339843750
0.522094726562500
0.395935058593750
0.524719238281250
0.411499023437500
0.517272949218750
0.412719726562500
0.520874023437500
0.413146972656250
0.513793945312500
0.416320800781250
0.521606445312500
0.411560058593750
0.514770507812500
0.409851074218750
0.517333984375000
0.400817871093750
0.521484375000000
0.412658691406250
0.519104003906250
0.412719726562500
0.524902343750000
0.416625976562500
0.515563964843750
0.413024902343750
0.522033691406250
0.397155761718750
0.515563964843750
0.416931152343750
0.514770507812500
0.423461914062500
0.490295410156250
0.389648437500000
0.482849121093750
0.387329101562500
0.479248046875000
0.382995605468750
0.484924316406250
0.388854980468750
0.481384277343750
0.384033203125000
0.481018066406250
0.388305664062500
0.485046386718750
0.391723632812500
0.482177734375000
0.385864257812500
0.419372558593750
0.521545410156250
0.420715332031250
0.513610839843750
0.415527343750000
0.521301269531250
0.417968750000000
0.517700195312500
0.423217773437500
0.502197265625000
0.415222167968750
0.515686035156250
0.403259277343750
0.522644042968750
0.415649414062500
0.522705078125000
0.415344238281250
0.519714355468750
0.413330078125000
0.506408691406250
0.414611816406250
0.519165039062500
0.412292480468750
0.522338867187500
0.413085937500000
0.523437500000000
0.415466308593750
0.519409179687500
0.412536621093750
0.518554687500000
0.388610839843750
0.490539550781250
0.385498046875000
0.487548828125000
0.390441894531250
0.387695312500000
0.490600585937500
0.386535644531250
0.483459472656250
0.390136718750000
0.480895996093750
0.384704589843750
0.483398437500000
0.386657714843750
0.482910156250000
0.390380859375000
0.502563476562500
0.417480468750000
0.519226074218750
0.412841796875000
0.519775390625000
0.410888671875000
0.520080566406250
0.400024414062500
0.520751953125000
0.414794921875000
0.515380859375000
0.414733886718750
0.518249511718750
0.415161132812500
0.525146484375000
0.415161132812500
0.419250488281250
0.503662109375000
0.521789550781250
0.411437988281250
0.512207031250000
0.413024902343750
0.523193359375000
0.416381835937500
0.518188476562500
0.400207519531250
0.520080566406250
0.415405273437500
0.516662597656250
0.418884277343750
0.515258789062500
0.400634765625000
0.392517089843750
0.478271484375000
0.388427734375000
