0.041748046875000
0.375915527343750
0.529235839843750
0.442077636718750
0.551513671875000
0.438964843750000
0.562683105468750
0.447570800781250
0.562561035156250
0.450378417968750
0.584655761718750
0.464843750000000
0.591308593750000
0.466064453125000
0.591430664062500
0.470458984375000
0.591613769531250
0.475097656250000
0.593872070312500
0.478515625000000
0.588439941406250
0.482910156250000
0.589477539062500
0.476013183593750
0.473571777343750
0.597045898437500
0.465576171875000
0.564636230468750
0.566467285156250
0.475097656250000
0.612060546875000
0.481628417968750
0.594604492187500
0.473083496093750
0.584045410156250
0.470520019531250
0.595947265625000
0.473083496093750
0.597656250000000
0.458374023437500
0.592895507812500
0.477783203125000
0.591064453125000
0.461669921875000
0.593872070312500
0.580200195312500
0.476928710937500
0.471496582031250
0.595947265625000
0.589599609375000
0.479858398437500
0.473449707031250
0.593444824218750
0.470642089843750
0.597534179687500
0.466125488281250
0.600036621093750
0.473632812500000
0.594726562500000
0.473876953125000
0.604431152343750
0.479492187500000
0.598510742187500
0.481323242187500
0.599853515625000
0.464172363281250
0.597290039062500
0.482788085937500
0.600952148437500
0.477783203125000
0.600158691406250
0.590942382812500
0.478332519531250
0.602539062500000
0.479919433593750
0.587829589843750
0.481262207031250
0.604309082031250
0.487304687500000
0.596435546875000
0.491271972656250
0.600097656250000
0.474792480468750
0.490417480468750
0.609863281250000
0.488586425781250
0.609436035156250
0.481201171875000
0.603759765625000
0.484802246093750
0.602478027343750
0.484985351562500
0.604614257812500
0.485290527343750
0.593566894531250
0.484130859375000
0.606445312500000
0.484252929687500
0.607421875000000
0.479125976562500
0.600952148437500
0.488952636718750
0.596496582031250
0.486755371093750
0.601196289062500
0.492431640625000
0.606506347656250
0.492858886718750
0.608947753906250
0.488281250000000
0.605590820312500
0.485473632812500
0.612182617187500
0.490173339843750
0.612854003906250
0.496215820312500
0.490661621093750
0.611694335937500
0.490600585937500
0.617004394531250
0.490600585937500
0.617004394531250
0.489013671875000
0.610229492187500
0.500366210937500
0.606567382812500
0.496520996093750
0.613403320312500
0.492370605468750
0.617126464843750
0.499572753906250
0.495178222656250
0.621093750000000
0.493286132812500
0.611694335937500
0.600158691406250
0.492065429687500
0.492004394531250
0.612548828125000
0.601440429687500
0.491882324218750
0.491821289062500
0.612365722656250
0.597961425781250
0.492736816406250
0.613769531250000
0.492187500000000
0.491149902343750
0.607849121093750
0.489257812500000
0.615112304687500
0.496948242187500
0.611389160156250
0.492858886718750
0.614501953125000
0.494567871093750
0.597167968750000
0.491638183593750
0.617614746093750
0.496765136718750
0.613525390625000
0.490539550781250
0.605895996093750
0.490722656250000
0.616638183593750
0.494201660156250
0.613769531250000
0.493774414062500
0.615295410156250
0.489074707031250
0.607238769531250
0.488159179687500
0.618164062500000
0.492431640625000
0.619628906250000
0.487854003906250
0.612548828125000
0.490661621093750
0.611816406250000
0.491943359375000
0.493286132812500
0.618347167968750
0.490661621093750
0.607360839843750
0.492370605468750
0.601684570312500
0.486328125000000
0.611633300781250
0.494628906250000
0.614746093750000
0.491027832031250
0.605651855468750
0.489562988281250
0.607299804687500
0.490051269531250
0.609191894531250
0.612731933593750
0.488647460937500
0.609008789062500
0.497314453125000
0.493530273437500
0.618896484375000
0.492187500000000
0.616455078125000
0.490173339843750
0.612243652343750
0.492187500000000
0.612548828125000
0.493103027343750
0.613342285156250
0.490966796875000
0.613281250000000
0.488586425781250
0.611938476562500
0.489257812500000
0.612060546875000
0.487487792968750
0.617248535156250
0.492248535156250
0.609680175781250
0.496765136718750
0.614685058593750
0.494812011718750
0.604980468750000
0.500244140625000
0.507690429687500
0.611145019531250
0.496276855468750
0.595214843750000
0.620544433593750
0.496215820312500
0.626831054687500
0.489501953125000
0.621459960937500
0.494262695312500
0.618347167968750
0.505981445312500
0.620605468750000
0.498107910156250
0.622253417968750
0.509643554687500
0.598266601562500
0.498596191406250
0.622314453125000
0.493896484375000
0.629089355468750
0.496826171875000
0.505737304687500
0.628173828125000
0.495971679687500
0.628173828125000
0.494506835937500
0.621459960937500
0.502258300781250
0.622131347656250
0.499511718750000
0.620788574218750
0.498962402343750
0.622375488281250
0.502380371093750
0.618164062500000
0.499511718750000
0.618591308593750
0.496643066406250
0.623107910156250
0.504211425781250
0.623413085937500
0.482666015625000
0.620544433593750
0.498718261718750
0.624633789062500
0.495971679687500
0.615478515625000
0.502929687500000
0.624145507812500
0.491577148437500
0.622863769531250
0.481628417968750
0.619323730468750
0.491882324218750
0.630126953125000
0.498291015625000
0.627136230468750
0.498046875000000
0.622253417968750
0.498596191406250
0.611877441406250
0.499389648437500
0.621215820312500
0.501525878906250
0.619445800781250
0.492797851562500
0.623840332031250
0.504394531250000
0.620056152343750
0.497680664062500
0.619018554687500
0.505676269531250
0.617675781250000
0.502685546875000
0.500976562500000
0.629394531250000
0.495300292968750
0.617553710937500
0.501342773437500
0.620300292968750
0.498962402343750
0.621520996093750
0.497619628906250
0.617004394531250
0.499389648437500
0.624023437500000
0.489440917968750
0.624145507812500
0.495910644531250
0.623596191406250
0.502685546875000
0.622558593750000
0.496643066406250
0.626953125000000
0.496765136718750
0.620727539062500
0.503417968750000
0.606628417968750
0.498474121093750
0.620422363281250
0.500915527343750
0.628723144531250
0.497436523437500
0.619140625000000
0.493957519531250
0.620178222656250
0.500610351562500
0.619018554687500
0.495422363281250
0.623474121093750
0.499938964843750
0.620422363281250
0.498229980468750
0.619506835937500
0.501953125000000
0.619628906250000
0.494140625000000
0.625671386718750
0.501708984375000
0.620239257812500
0.502685546875000
0.622314453125000
0.502502441406250
0.502075195312500
0.624084472656250
0.501403808593750
0.634521484375000
0.500793457031250
0.625732421875000
0.502014160156250
0.620361328125000
0.496643066406250
0.624023437500000
0.494018554687500
0.629333496093750
0.507873535156250
0.624572753906250
0.502014160156250
0.629577636718750
0.499450683593750
0.638732910156250
0.501708984375000
0.505371093750000
0.627624511718750
0.501342773437500
0.627807617187500
0.489135742187500
0.623779296875000
0.620910644531250
0.503479003906250
0.621215820312500
0.503417968750000
0.617004394531250
0.505798339843750
0.505065917968750
0.629882812500000
0.505859375000000
0.637207031250000
0.503723144531250
0.629638671875000
0.509277343750000
0.640014648437500
0.505310058593750
0.512268066406250
0.629638671875000
0.624633789062500
0.507141113281250
0.512939453125000
0.632873535156250
0.612976074218750
0.514099121093750
0.507934570312500
0.630737304687500
0.507873535156250
0.636413574218750
0.506958007812500
0.628845214843750
0.487731933593750
0.639526367187500
0.506286621093750
0.630432128906250
0.503234863281250
0.637512207031250
0.505554199218750
0.632873535156250
0.508239746093750
0.635253906250000
0.505249023437500
0.634704589843750
0.503112792968750
0.641662597656250
0.510925292968750
0.636352539062500
0.511169433593750
0.628417968750000
0.502075195312500
0.630554199218750
0.514831542968750
0.623535156250000
0.493225097656250
0.619445800781250
0.517883300781250
0.624511718750000
0.515075683593750
0.637145996093750
0.503479003906250
0.642761230468750
0.509277343750000
0.638366699218750
0.507568359375000
0.634033203125000
0.508056640625000
0.516662597656250
0.632751464843750
0.500793457031250
0.631530761718750
0.505615234375000
0.640014648437500
0.514160156250000
0.625549316406250
0.515441894531250
0.629150390625000
0.513610839843750
0.631713867187500
0.509643554687500
0.639831542968750
0.505432128906250
0.640869140625000
0.506408691406250
0.628967285156250
0.508911132812500
0.634704589843750
0.500793457031250
0.509887695312500
0.637634277343750
0.506286621093750
0.618652343750000
0.510375976562500
0.629882812500000
0.515075683593750
0.636657714843750
0.511901855468750
0.633972167968750
0.511169433593750
0.638000488281250
0.492004394531250
0.640258789062500
0.512329101562500
0.630737304687500
0.504638671875000
0.636352539062500
0.509582519531250
0.631896972656250
0.507812500000000
0.633239746093750
0.508422851562500
0.631347656250000
0.506347656250000
0.632873535156250
0.501586914062500
0.638000488281250
0.507507324218750
0.512756347656250
0.633056640625000
0.503662109375000
0.630615234375000
0.513793945312500
0.637573242187500
0.503967285156250
0.627502441406250
0.502807617187500
0.617065429687500
0.506225585937500
0.637207031250000
0.506286621093750
0.642578125000000
0.507324218750000
0.635070800781250
0.501892089843750
0.505493164062500
0.506652832031250
0.635620117187500
0.504333496093750
0.632629394531250
0.499816894531250
0.636169433593750
0.486022949218750
0.637878417968750
0.507446289062500
0.633422851562500
0.508911132812500
0.642517089843750
0.506042480468750
0.627197265625000
0.513610839843750
0.633544921875000
0.508911132812500
0.628723144531250
0.513793945312500
0.506347656250000
0.634338378906250
0.627258300781250
0.505493164062500
0.634460449218750
0.505432128906250
0.511535644531250
0.634887695312500
0.504333496093750
0.640930175781250
0.502746582031250
0.633361816406250
0.505554199218750
0.631347656250000
0.510864257812500
0.640625000000000
0.510070800781250
0.627624511718750
0.508483886718750
0.631530761718750
0.510742187500000
0.637756347656250
0.509887695312500
0.631347656250000
0.503417968750000
0.632019042968750
0.506286621093750
0.638854980468750
0.504760742187500
0.636413574218750
0.507507324218750
0.509399414062500
0.630004882812500
0.502868652343750
0.628540039062500
0.501525878906250
0.629638671875000
0.628723144531250
0.503723144531250
0.632263183593750
0.498718261718750
0.614135742187500
0.499389648437500
0.636718750000000
0.502319335937500
0.622192382812500
0.497497558593750
0.633178710937500
0.508666992187500
0.634155273437500
0.500427246093750
0.634399414062500
0.504516601562500
0.636047363281250
0.504150390625000
0.625854492187500
0.496948242187500
0.629150390625000
0.513488769531250
0.632629394531250
0.509277343750000
0.624328613281250
0.505126953125000
0.628295898437500
0.509826660156250
0.627807617187500
0.507568359375000
0.641235351562500
0.509338378906250
0.628723144531250
0.509033203125000
0.629455566406250
0.502685546875000
0.635742187500000
0.511779785156250
0.640625000000000
0.501220703125000
0.637451171875000
0.508239746093750
0.629516601562500
0.505859375000000
0.635070800781250
0.507568359375000
0.633789062500000
0.505554199218750
0.632446289062500
0.506103515625000
0.631469726562500
0.506347656250000
0.638916015625000
0.514953613281250
0.611206054687500
0.507141113281250
0.626708984375000
0.515319824218750
0.610717773437500
0.542053222656250
0.600036621093750
0.478759765625000
0.639831542968750
0.500000000000000
0.620422363281250
0.635375976562500
0.507324218750000
0.635314941406250
0.508239746093750
0.631347656250000
0.509826660156250
0.508178710937500
0.639038085937500
0.507568359375000
0.650390625000000
0.521911621093750
0.620483398437500
0.508789062500000
0.640808105468750
0.512634277343750
0.643615722656250
0.507812500000000
0.647216796875000
0.515747070312500
0.646240234375000
0.515380859375000
0.639526367187500
0.518737792968750
0.639038085937500
0.509704589843750
0.638916015625000
0.517578125000000
0.635131835937500
0.513732910156250
0.639648437500000
0.500854492187500
0.637878417968750
0.515625000000000
0.643005371093750
0.521423339843750
0.510192871093750
0.645568847656250
0.514221191406250
0.649291992187500
0.514282226562500
0.649841308593750
0.518676757812500
0.647705078125000
0.512084960937500
0.628601074218750
0.512756347656250
0.639526367187500
0.514160156250000
0.625427246093750
0.517395019531250
0.645690917968750
0.520996093750000
0.638916015625000
0.522399902343750
0.518371582031250
0.624877929687500
0.638854980468750
0.518249511718750
0.643737792968750
0.519531250000000
0.509826660156250
0.646606445312500
0.629516601562500
0.512145996093750
0.639953613281250
0.517028808593750
0.513793945312500
0.649291992187500
0.517028808593750
0.641113281250000
0.517333984375000
0.648071289062500
0.512878417968750
0.643127441406250
0.523498535156250
0.640014648437500
0.524597167968750
0.512084960937500
0.647216796875000
0.518493652343750
0.628173828125000
0.519042968750000
0.640075683593750
0.516113281250000
0.643005371093750
0.517089843750000
0.632446289062500
0.509582519531250
0.645690917968750
0.508605957031250
0.627929687500000
0.517211914062500
0.650756835937500
0.522949218750000
0.638732910156250
0.523376464843750
0.630554199218750
0.520507812500000
0.641723632812500
0.518005371093750
0.642883300781250
0.509643554687500
0.648803710937500
0.517333984375000
0.643371582031250
0.511108398437500
0.648376464843750
0.514648437500000
0.513122558593750
0.648132324218750
0.505798339843750
0.649902343750000
0.512573242187500
0.643249511718750
0.521728515625000
0.640014648437500
0.512878417968750
0.645141601562500
0.513305664062500
0.647888183593750
0.514343261718750
0.645935058593750
0.515197753906250
0.643066406250000
0.496887207031250
0.649658203125000
0.507202148437500
0.645019531250000
0.512512207031250
0.646972656250000
0.514282226562500
0.512329101562500
0.640930175781250
0.512207031250000
0.644897460937500
0.515686035156250
0.639404296875000
0.518859863281250
0.634887695312500
0.626831054687500
0.516296386718750
0.518188476562500
0.643920898437500
0.519836425781250
0.649841308593750
0.515930175781250
0.645812988281250
0.516357421875000
0.647644042968750
0.512023925781250
0.642944335937500
0.515747070312500
0.644226074218750
0.513610839843750
0.513000488281250
0.644165039062500
0.511535644531250
0.639221191406250
0.519409179687500
0.648864746093750
0.519531250000000
0.646789550781250
0.513671875000000
0.646667480468750
0.513549804687500
0.640625000000000
0.512573242187500
0.646423339843750
0.510070800781250
0.646057128906250
0.517333984375000
0.639587402343750
0.516235351562500
0.515319824218750
0.642883300781250
0.514099121093750
0.642333984375000
0.522583007812500
0.642150878906250
0.522094726562500
0.639221191406250
0.514953613281250
0.649414062500000
0.514160156250000
0.644409179687500
0.508728027343750
0.642028808593750
0.515441894531250
0.645385742187500
0.513977050781250
0.650939941406250
0.510498046875000
0.637695312500000
0.508850097656250
0.640441894531250
0.540893554687500
0.506591796875000
0.630371093750000
0.518005371093750
0.640808105468750
0.516845703125000
0.640563964843750
0.514587402343750
0.635864257812500
0.525146484375000
0.653503417968750
0.510742187500000
0.633850097656250
0.513366699218750
0.636901855468750
0.510742187500000
0.649536132812500
0.517028808593750
0.626953125000000
0.513671875000000
0.641052246093750
0.508666992187500
0.649353027343750
0.497802734375000
0.643737792968750
0.516479492187500
0.643676757812500
0.512145996093750
0.655700683593750
0.499938964843750
0.645141601562500
0.511962890625000
0.650207519531250
0.511291503906250
0.636413574218750
0.509887695312500
0.644104003906250
0.513916015625000
0.647094726562500
0.518859863281250
0.644897460937500
0.518310546875000
0.520935058593750
0.650512695312500
0.517150878906250
0.646911621093750
0.511657714843750
0.645141601562500
0.511108398437500
0.647094726562500
0.521362304687500
0.649841308593750
0.510131835937500
0.641540527343750
0.511779785156250
0.652099609375000
0.517395019531250
0.648071289062500
0.513183593750000
0.630920410156250
0.526428222656250
0.641906738281250
0.521118164062500
0.635070800781250
0.517211914062500
0.651367187500000
0.515869140625000
0.649841308593750
0.515258789062500
0.642883300781250
0.516601562500000
0.650512695312500
0.520019531250000
0.648315429687500
0.513916015625000
0.644714355468750
0.514892578125000
0.640441894531250
0.524414062500000
0.648193359375000
0.515930175781250
0.652526855468750
0.522705078125000
0.641845703125000
0.518188476562500
0.642089843750000
0.521362304687500
0.648437500000000
0.505432128906250
0.646484375000000
0.521484375000000
0.647583007812500
0.516540527343750
0.657287597656250
0.532104492187500
0.519287109375000
0.648803710937500
0.512878417968750
0.649597167968750
0.640258789062500
0.518371582031250
0.648803710937500
0.515380859375000
0.650146484375000
0.522766113281250
0.648925781250000
0.515869140625000
0.649902343750000
0.521545410156250
0.645629882812500
0.520935058593750
0.650512695312500
0.524719238281250
0.518737792968750
0.647277832031250
0.644958496093750
0.517700195312500
0.521606445312500
0.654174804687500
0.520385742187500
0.654968261718750
0.523010253906250
0.643737792968750
0.517944335937500
0.645812988281250
0.517578125000000
0.653564453125000
0.519958496093750
0.644958496093750
0.524047851562500
0.649414062500000
0.514648437500000
0.649841308593750
0.520507812500000
0.656066894531250
0.517761230468750
0.647949218750000
0.519653320312500
0.642395019531250
0.517944335937500
0.653076171875000
0.522766113281250
0.650878906250000
0.525268554687500
0.657775878906250
0.520751953125000
0.648498535156250
0.523620605468750
0.656433105468750
0.522827148437500
0.647216796875000
0.515319824218750
0.645385742187500
0.525512695312500
0.649963378906250
0.529907226562500
0.648559570312500
0.528381347656250
0.639465332031250
0.524353027343750
0.524230957031250
0.662841796875000
0.532226562500000
0.641235351562500
0.521362304687500
0.657836914062500
0.528747558593750
0.656250000000000
0.512634277343750
0.661682128906250
0.507446289062500
0.657897949218750
0.514404296875000
0.656433105468750
0.507934570312500
0.658142089843750
0.513488769531250
0.631835937500000
0.525695800781250
0.645263671875000
0.524291992187500
0.650756835937500
0.529785156250000
0.654113769531250
0.510559082031250
0.664733886718750
0.526855468750000
0.528930664062500
0.653625488281250
0.508178710937500
0.662780761718750
0.526489257812500
0.655761718750000
0.621276855468750
0.525756835937500
0.527648925781250
0.639648437500000
0.520629882812500
0.649597167968750
0.526733398437500
0.665954589843750
0.513244628906250
0.661743164062500
0.535278320312500
0.667907714843750
0.531433105468750
0.528320312500000
0.662109375000000
0.531005859375000
0.655639648437500
0.537292480468750
0.531250000000000
0.646850585937500
0.528503417968750
0.657958984375000
0.529846191406250
0.656066894531250
0.508605957031250
0.649047851562500
0.516479492187500
0.656921386718750
0.522521972656250
0.644226074218750
0.523681640625000
0.653198242187500
0.534423828125000
0.661926269531250
0.524414062500000
0.643005371093750
0.519592285156250
0.638793945312500
0.525512695312500
0.645812988281250
0.518859863281250
0.645324707031250
0.529052734375000
0.647521972656250
0.531005859375000
0.648010253906250
0.526672363281250
0.654052734375000
0.523559570312500
0.520446777343750
0.664062500000000
0.533142089843750
0.650390625000000
0.525634765625000
0.654479980468750
0.520629882812500
0.655700683593750
0.520446777343750
0.651428222656250
0.523376464843750
0.650878906250000
0.518371582031250
0.656188964843750
0.526184082031250
0.650939941406250
0.525451660156250
0.650390625000000
0.509033203125000
0.649414062500000
0.524841308593750
0.641906738281250
0.528564453125000
0.652160644531250
0.520996093750000
0.649291992187500
0.524841308593750
0.658264160156250
0.516662597656250
0.655944824218750
0.515502929687500
0.654907226562500
0.518432617187500
0.651672363281250
0.524963378906250
0.649536132812500
0.520324707031250
0.649291992187500
0.523925781250000
0.651550292968750
0.515136718750000
0.654602050781250
0.517150878906250
0.650207519531250
0.519836425781250
0.657714843750000
0.525512695312500
0.648437500000000
0.517700195312500
0.650695800781250
0.508178710937500
0.654968261718750
0.516296386718750
0.649719238281250
0.527404785156250
0.645202636718750
0.521850585937500
0.645690917968750
0.528808593750000
0.650085449218750
0.522460937500000
0.634765625000000
0.526367187500000
0.665222167968750
0.524475097656250
0.657836914062500
0.524658203125000
0.656982421875000
0.514587402343750
0.648681640625000
0.520507812500000
0.654235839843750
0.518493652343750
0.657836914062500
0.521972656250000
0.520202636718750
0.650634765625000
0.524475097656250
0.658813476562500
0.526428222656250
0.650573730468750
0.524169921875000
0.650146484375000
0.390808105468750
0.650695800781250
0.521423339843750
0.652770996093750
0.519409179687500
0.650634765625000
0.519531250000000
0.637695312500000
0.520202636718750
0.649719238281250
0.647827148437500
0.520751953125000
0.520141601562500
0.655273437500000
0.523315429687500
0.654541015625000
0.521118164062500
0.654907226562500
0.522583007812500
0.653198242187500
0.523742675781250
0.647460937500000
0.515808105468750
0.649536132812500
0.526611328125000
0.655578613281250
0.520202636718750
0.635253906250000
0.649230957031250
0.521728515625000
0.518066406250000
0.657104492187500
0.524597167968750
0.654602050781250
0.522033691406250
0.652099609375000
0.524169921875000
0.653503417968750
0.527770996093750
0.658325195312500
0.520141601562500
0.653564453125000
0.518798828125000
0.656616210937500
0.520935058593750
0.657775878906250
0.519409179687500
0.652954101562500
0.516601562500000
0.654357910156250
0.518737792968750
0.655700683593750
0.521606445312500
0.653076171875000
0.515075683593750
0.647583007812500
0.521179199218750
0.660095214843750
0.516784667968750
0.650756835937500
0.516845703125000
0.660095214843750
0.518249511718750
0.536010742187500
0.651855468750000
0.649597167968750
0.528747558593750
0.631469726562500
0.549377441406250
0.517639160156250
0.652709960937500
0.515563964843750
0.653503417968750
0.518127441406250
0.661743164062500
0.522399902343750
0.651245117187500
0.525512695312500
0.656127929687500
0.518981933593750
0.657226562500000
0.518005371093750
0.653686523437500
0.507507324218750
0.670593261718750
0.512878417968750
0.650512695312500
0.522521972656250
0.655456542968750
0.527038574218750
0.654785156250000
0.523498535156250
0.650451660156250
0.521118164062500
0.645874023437500
0.522705078125000
0.655639648437500
0.524414062500000
0.655639648437500
0.522888183593750
0.649719238281250
0.520996093750000
0.653686523437500
0.528381347656250
0.524291992187500
0.660583496093750
0.528198242187500
0.656433105468750
0.517883300781250
0.647766113281250
0.522705078125000
0.657104492187500
0.523681640625000
0.652648925781250
0.523803710937500
0.655517578125000
0.530700683593750
0.654907226562500
0.524658203125000
0.528442382812500
0.651489257812500
0.524475097656250
0.658813476562500
0.519897460937500
0.656066894531250
0.518310546875000
0.662109375000000
0.521911621093750
0.662597656250000
0.504577636718750
0.651306152343750
0.522583007812500
0.656738281250000
0.526062011718750
0.651184082031250
0.531005859375000
0.651855468750000
0.527343750000000
0.658874511718750
0.520507812500000
0.647399902343750
0.528259277343750
0.649963378906250
0.529479980468750
0.527465820312500
0.659606933593750
0.525756835937500
0.655456542968750
0.531311035156250
0.654724121093750
0.526489257812500
0.661193847656250
0.532714843750000
0.656005859375000
0.535583496093750
0.523803710937500
0.658020019531250
0.526123046875000
0.651916503906250
0.527954101562500
0.654785156250000
0.524536132812500
0.664733886718750
0.527832031250000
0.659790039062500
0.530761718750000
0.662475585937500
0.523498535156250
0.644470214843750
0.535461425781250
0.662048339843750
0.525451660156250
0.659606933593750
0.534973144531250
0.527587890625000
0.660095214843750
0.637145996093750
0.526794433593750
0.653137207031250
0.524353027343750
0.656555175781250
0.527282714843750
0.658508300781250
0.535156250000000
0.663940429687500
0.521179199218750
0.654968261718750
0.529968261718750
0.657714843750000
0.524353027343750
0.641906738281250
0.529602050781250
0.658935546875000
0.525390625000000
0.653503417968750
0.535583496093750
0.661743164062500
0.525024414062500
0.657775878906250
0.529174804687500
0.660888671875000
0.529968261718750
0.652526855468750
0.518981933593750
0.658813476562500
0.529541015625000
0.654479980468750
0.537780761718750
0.660888671875000
0.530761718750000
0.648742675781250
0.531921386718750
0.654235839843750
0.533630371093750
0.642700195312500
0.543395996093750
0.525268554687500
0.667541503906250
0.525329589843750
0.658996582031250
0.535644531250000
0.666625976562500
0.528076171875000
0.660278320312500
0.528015136718750
0.666442871093750
0.534301757812500
0.660034179687500
0.532287597656250
0.662292480468750
0.527038574218750
0.666320800781250
0.532348632812500
0.663879394531250
0.532714843750000
0.637634277343750
0.530029296875000
0.655029296875000
0.533020019531250
0.658020019531250
0.533447265625000
0.662841796875000
0.533020019531250
0.659301757812500
0.531616210937500
0.665161132812500
0.528076171875000
0.533996582031250
0.666259765625000
0.531005859375000
0.667907714843750
0.514831542968750
0.674926757812500
0.538085937500000
0.663391113281250
0.533874511718750
0.654296875000000
0.530090332031250
0.660827636718750
0.530029296875000
0.661682128906250
0.526062011718750
0.665466308593750
0.522888183593750
0.669433593750000
0.524597167968750
0.561401367187500
0.652221679687500
0.645874023437500
0.538391113281250
0.524780273437500
0.664306640625000
0.531188964843750
0.641845703125000
0.659545898437500
0.531005859375000
0.662414550781250
0.520080566406250
0.656494140625000
0.527465820312500
0.663452148437500
0.531494140625000
0.537719726562500
0.644287109375000
0.652709960937500
0.532043457031250
0.664855957031250
0.510009765625000
0.660888671875000
0.532592773437500
0.667602539062500
0.533874511718750
0.656677246093750
0.533752441406250
0.658325195312500
0.531860351562500
0.527954101562500
0.656127929687500
0.534179687500000
0.665161132812500
0.648559570312500
0.527404785156250
0.659179687500000
0.532409667968750
0.533203125000000
0.668151855468750
0.532348632812500
0.659606933593750
0.529541015625000
0.665161132812500
0.524291992187500
0.666809082031250
0.543457031250000
0.658569335937500
0.532836914062500
0.660644531250000
0.529968261718750
0.669799804687500
0.533691406250000
0.539245605468750
0.659667968750000
0.530883789062500
0.656127929687500
0.533996582031250
0.661743164062500
0.532653808593750
0.668579101562500
0.529296875000000
0.670166015625000
0.531066894531250
0.659667968750000
0.532470703125000
0.660888671875000
0.531372070312500
0.644958496093750
0.530029296875000
0.654846191406250
0.536743164062500
0.658508300781250
0.527648925781250
0.667175292968750
0.528808593750000
0.664550781250000
0.526855468750000
0.664245605468750
0.528991699218750
0.659423828125000
0.527648925781250
0.534362792968750
0.667358398437500
0.530395507812500
0.670898437500000
0.538452148437500
0.662475585937500
0.530029296875000
0.657958984375000
0.530090332031250
0.656677246093750
0.536010742187500
0.662963867187500
0.516601562500000
0.669189453125000
0.529785156250000
0.656188964843750
0.532043457031250
0.653137207031250
0.525817871093750
0.666320800781250
0.526977539062500
0.670349121093750
0.528015136718750
0.534851074218750
0.662719726562500
0.525329589843750
0.665649414062500
0.535095214843750
0.656433105468750
0.525695800781250
0.653015136718750
0.532958984375000
0.663574218750000
0.533935546875000
0.658264160156250
0.531860351562500
0.661315917968750
0.529602050781250
0.644897460937500
0.527526855468750
0.661315917968750
0.528137207031250
0.670532226562500
0.529418945312500
0.668579101562500
0.529724121093750
0.663330078125000
0.536682128906250
0.666320800781250
0.530029296875000
0.667236328125000
0.528625488281250
0.531616210937500
0.659179687500000
0.535461425781250
0.660705566406250
0.533020019531250
0.672180175781250
0.530517578125000
0.652160644531250
0.534301757812500
0.666076660156250
0.528442382812500
0.665222167968750
0.529968261718750
0.663696289062500
0.529296875000000
0.665344238281250
0.530639648437500
0.665649414062500
0.536804199218750
0.527282714843750
0.651794433593750
0.659790039062500
0.528076171875000
0.657348632812500
0.526672363281250
0.656433105468750
0.526306152343750
0.664855957031250
0.536254882812500
0.529296875000000
0.666870117187500
0.530883789062500
0.660522460937500
0.530639648437500
0.657775878906250
0.527343750000000
0.657470703125000
0.525756835937500
0.643920898437500
0.657592773437500
0.530273437500000
0.664245605468750
0.531372070312500
0.527160644531250
0.666076660156250
0.529724121093750
0.658752441406250
0.529968261718750
0.665283203125000
0.532470703125000
0.662963867187500
0.529174804687500
0.662597656250000
0.535461425781250
0.658508300781250
0.535827636718750
0.664489746093750
0.533691406250000
0.673706054687500
0.529968261718750
0.658264160156250
0.424194335937500
0.679016113281250
0.664672851562500
0.520080566406250
0.643798828125000
0.530944824218750
0.667907714843750
0.506530761718750
0.654296875000000
0.531555175781250
0.661743164062500
0.530151367187500
0.670593261718750
0.532348632812500
0.662109375000000
0.527465820312500
0.660461425781250
0.535095214843750
0.650756835937500
0.514770507812500
0.670593261718750
0.528015136718750
0.671936035156250
0.524597167968750
0.668823242187500
0.530212402343750
0.663696289062500
0.529663085937500
0.653503417968750
0.530395507812500
0.666748046875000
0.529174804687500
0.532775878906250
0.668090820312500
0.525024414062500
0.661315917968750
0.644775390625000
0.527954101562500
0.655822753906250
0.526794433593750
0.665588378906250
0.531555175781250
0.534179687500000
0.672302246093750
0.525085449218750
0.663146972656250
0.528442382812500
0.649658203125000
0.528442382812500
0.664306640625000
0.534667968750000
0.652343750000000
0.530761718750000
0.658569335937500
0.638793945312500
0.522094726562500
0.664794921875000
0.534179687500000
0.664794921875000
0.531250000000000
0.533874511718750
0.656555175781250
0.532409667968750
0.659667968750000
0.527099609375000
0.676269531250000
0.533264160156250
0.648803710937500
0.644653320312500
0.515808105468750
0.666992187500000
0.537658691406250
0.533813476562500
0.663269042968750
0.534851074218750
0.669189453125000
0.541076660156250
0.669006347656250
0.536437988281250
0.669738769531250
0.528747558593750
0.670593261718750
0.535583496093750
0.537780761718750
0.666015625000000
0.535156250000000
0.668640136718750
0.528381347656250
0.667541503906250
0.631530761718750
0.509887695312500
0.673217773437500
0.534240722656250
0.666015625000000
0.535156250000000
0.534240722656250
0.664916992187500
0.536621093750000
0.656250000000000
0.543457031250000
0.668823242187500
0.537780761718750
0.667907714843750
0.533813476562500
0.664672851562500
0.540588378906250
0.667663574218750
0.531005859375000
0.667053222656250
0.532287597656250
0.530822753906250
0.675659179687500
0.528991699218750
0.662597656250000
0.545166015625000
0.661804199218750
0.534179687500000
0.665222167968750
0.545776367187500
0.668884277343750
0.527709960937500
0.662414550781250
0.537658691406250
0.673278808593750
0.531738281250000
0.671813964843750
0.528686523437500
0.667236328125000
0.533569335937500
0.664001464843750
0.533630371093750
0.652221679687500
0.536010742187500
0.670471191406250
0.537414550781250
0.536987304687500
0.666259765625000
0.537414550781250
0.660888671875000
0.537780761718750
0.668762207031250
0.533264160156250
0.670715332031250
0.538391113281250
0.650756835937500
0.535827636718750
0.671020507812500
0.520996093750000
0.671813964843750
0.519165039062500
0.673217773437500
0.646545410156250
0.543701171875000
0.532226562500000
0.665466308593750
0.532470703125000
0.672851562500000
0.538024902343750
0.660705566406250
0.543090820312500
0.657836914062500
0.537109375000000
0.663879394531250
0.532836914062500
0.663940429687500
0.537292480468750
0.673950195312500
0.538757324218750
0.664123535156250
0.540344238281250
0.666259765625000
0.531982421875000
0.676635742187500
0.541625976562500
0.671020507812500
0.535583496093750
0.675354003906250
0.540527343750000
0.672851562500000
0.536865234375000
0.538757324218750
0.534973144531250
0.667175292968750
0.528076171875000
0.668579101562500
0.536376953125000
0.664855957031250
0.539855957031250
0.652099609375000
0.541992187500000
0.665466308593750
0.540893554687500
0.666137695312500
0.537719726562500
0.536865234375000
0.671386718750000
0.544250488281250
0.663574218750000
0.547119140625000
0.653808593750000
0.546020507812500
0.654357910156250
0.545166015625000
0.654541015625000
0.663024902343750
0.559692382812500
0.524169921875000
0.668273925781250
0.537658691406250
0.668518066406250
0.535888671875000
0.665832519531250
0.533752441406250
0.667541503906250
0.649475097656250
0.535705566406250
0.535461425781250
0.677612304687500
0.651367187500000
0.535583496093750
0.671325683593750
0.517028808593750
0.671325683593750
0.535766601562500
0.671264648437500
0.539855957031250
0.672668457031250
0.530761718750000
0.678710937500000
0.539733886718750
0.534790039062500
0.675292968750000
0.532287597656250
0.680297851562500
0.534729003906250
0.665222167968750
0.542236328125000
0.662597656250000
0.535217285156250
0.667419433593750
0.535827636718750
0.665954589843750
0.536560058593750
0.667297363281250
0.533508300781250
0.668029785156250
0.532226562500000
0.654602050781250
0.533874511718750
0.664978027343750
0.538513183593750
0.673767089843750
0.538024902343750
0.654235839843750
0.532897949218750
0.671508789062500
0.535705566406250
0.678466796875000
0.534179687500000
0.669250488281250
0.532775878906250
0.671569824218750
0.536682128906250
0.675048828125000
0.537963867187500
0.673706054687500
0.530517578125000
0.675109863281250
0.529907226562500
0.676086425781250
0.527038574218750
0.670471191406250
0.534667968750000
0.669433593750000
0.539245605468750
0.669433593750000
0.541625976562500
0.663696289062500
0.534851074218750
0.667297363281250
0.526733398437500
0.669189453125000
0.531921386718750
0.665710449218750
0.533691406250000
0.670837402343750
0.530029296875000
0.669189453125000
0.534790039062500
0.669006347656250
0.533203125000000
0.671142578125000
0.536865234375000
0.673461914062500
0.538879394531250
0.666320800781250
0.531677246093750
0.667907714843750
0.541625976562500
0.672912597656250
0.536193847656250
0.673950195312500
0.532531738281250
0.669616699218750
0.538879394531250
0.670776367187500
0.536254882812500
0.671508789062500
0.539916992187500
0.669189453125000
0.672546386718750
0.532287597656250
0.669982910156250
0.527038574218750
0.670166015625000
0.538513183593750
0.665771484375000
0.537658691406250
0.666015625000000
0.535034179687500
0.672973632812500
0.532836914062500
0.663085937500000
0.534667968750000
0.670166015625000
0.660461425781250
0.545288085937500
0.537292480468750
0.670166015625000
0.532226562500000
0.666870117187500
0.531250000000000
0.653869628906250
0.672241210937500
0.541015625000000
0.664733886718750
0.529785156250000
0.667602539062500
0.540100097656250
0.675781250000000
0.533691406250000
0.539855957031250
0.670776367187500
0.541625976562500
0.669494628906250
0.539611816406250
0.671264648437500
0.539672851562500
0.679016113281250
0.533630371093750
0.651489257812500
0.535766601562500
0.671813964843750
0.541442871093750
0.669738769531250
0.538330078125000
0.669189453125000
0.540161132812500
0.662292480468750
0.539245605468750
0.665100097656250
0.530944824218750
0.671203613281250
0.534484863281250
0.666625976562500
0.519226074218750
0.675781250000000
0.537475585937500
0.666687011718750
0.540527343750000
0.656250000000000
0.538513183593750
0.677246093750000
0.519287109375000
0.675659179687500
0.533752441406250
0.662780761718750
0.649597167968750
0.536254882812500
0.544677734375000
0.676879882812500
0.536682128906250
0.665588378906250
0.543457031250000
0.671020507812500
0.536254882812500
0.669555664062500
0.530761718750000
0.691345214843750
0.547973632812500
0.672851562500000
0.544494628906250
0.532470703125000
0.673583984375000
0.540832519531250
0.664978027343750
0.540466308593750
0.676330566406250
0.536804199218750
0.689514160156250
0.541748046875000
0.663879394531250
0.519836425781250
0.668395996093750
0.543579101562500
0.669189453125000
0.535339355468750
0.668518066406250
0.548828125000000
0.664733886718750
0.545898437500000
0.538330078125000
0.676513671875000
0.547119140625000
0.656921386718750
0.659484863281250
0.541015625000000
0.529663085937500
0.682617187500000
0.531005859375000
0.671752929687500
0.539245605468750
0.675476074218750
0.537292480468750
0.638977050781250
0.666748046875000
0.536987304687500
0.665893554687500
0.527221679687500
0.654296875000000
0.539306640625000
0.655334472656250
0.533020019531250
0.683105468750000
0.544250488281250
0.540832519531250
0.674621582031250
0.657592773437500
0.535400390625000
0.671325683593750
0.537414550781250
0.676208496093750
0.536560058593750
0.546264648437500
0.642456054687500
0.679443359375000
0.544311523437500
0.541625976562500
0.680664062500000
0.544555664062500
0.679870605468750
0.537597656250000
0.687316894531250
0.548095703125000
0.548217773437500
0.678039550781250
0.547546386718750
0.657043457031250
0.539611816406250
0.676757812500000
0.540039062500000
0.680236816406250
0.543762207031250
0.543518066406250
0.652038574218750
0.671997070312500
0.533325195312500
0.672180175781250
0.513061523437500
0.688110351562500
0.541015625000000
0.539489746093750
0.674133300781250
0.523986816406250
0.681274414062500
0.549804687500000
0.678527832031250
0.549072265625000
0.684570312500000
0.543518066406250
0.546630859375000
0.676208496093750
0.533813476562500
0.675354003906250
0.547119140625000
0.672424316406250
0.526611328125000
0.679870605468750
0.512451171875000
0.661865234375000
0.662109375000000
0.542480468750000
0.543640136718750
0.682617187500000
0.546691894531250
0.672119140625000
0.527465820312500
0.682800292968750
0.529724121093750
0.688903808593750
0.541137695312500
0.673461914062500
0.538452148437500
0.544128417968750
0.682678222656250
0.544433593750000
0.671936035156250
0.534729003906250
0.661071777343750
0.529541015625000
0.667541503906250
0.539550781250000
0.678833007812500
0.539978027343750
0.675781250000000
0.547546386718750
0.670166015625000
0.547729492187500
0.679443359375000
0.525878906250000
0.674133300781250
0.527954101562500
0.655517578125000
0.539550781250000
0.675415039062500
0.535400390625000
0.678039550781250
0.533081054687500
0.678466796875000
0.530517578125000
0.661987304687500
0.539306640625000
0.666259765625000
0.537170410156250
0.673095703125000
0.537902832031250
0.658264160156250
0.538208007812500
0.676086425781250
0.541931152343750
0.670593261718750
0.534423828125000
0.672302246093750
0.537963867187500
0.671997070312500
0.536254882812500
0.685058593750000
0.544860839843750
0.666503906250000
0.539367675781250
0.539611816406250
0.654907226562500
0.672485351562500
0.538085937500000
0.672729492187500
0.536437988281250
0.541992187500000
0.654418945312500
0.666015625000000
0.535034179687500
0.680541992187500
0.534851074218750
0.678405761718750
0.543457031250000
0.544616699218750
0.677612304687500
0.543395996093750
0.677429199218750
0.537048339843750
0.670043945312500
0.541381835937500
0.666320800781250
0.539550781250000
0.672058105468750
0.540039062500000
0.673706054687500
0.542968750000000
0.676940917968750
0.537048339843750
0.671752929687500
0.539489746093750
0.538146972656250
0.657897949218750
0.681396484375000
0.533081054687500
0.665161132812500
0.535705566406250
0.680358886718750
0.539916992187500
0.665283203125000
0.546508789062500
0.533386230468750
0.670898437500000
0.532714843750000
0.679016113281250
0.545227050781250
0.676269531250000
0.522460937500000
0.679321289062500
0.538513183593750
0.662658691406250
0.549926757812500
0.660400390625000
0.544128417968750
0.675476074218750
0.525817871093750
0.680969238281250
0.542480468750000
0.681518554687500
0.539733886718750
0.676330566406250
0.535095214843750
0.659545898437500
0.543334960937500
0.661682128906250
0.540893554687500
0.683959960937500
0.543701171875000
0.677734375000000
0.547363281250000
0.541625976562500
0.681762695312500
0.533996582031250
0.680297851562500
0.533874511718750
0.682373046875000
0.539062500000000
0.676818847656250
0.535522460937500
0.662048339843750
0.536254882812500
0.660156250000000
0.530334472656250
0.673583984375000
0.539733886718750
0.678100585937500
0.518310546875000
0.673461914062500
0.537963867187500
0.681579589843750
0.538452148437500
0.670043945312500
0.542358398437500
0.678100585937500
0.542541503906250
0.662231445312500
0.541320800781250
0.667297363281250
0.535095214843750
0.674743652343750
0.543334960937500
0.676757812500000
0.545959472656250
0.663757324218750
0.539733886718750
0.662841796875000
0.524597167968750
0.671813964843750
0.542297363281250
0.667663574218750
0.541809082031250
0.676208496093750
0.539489746093750
0.674438476562500
0.541748046875000
0.674743652343750
0.547485351562500
0.545959472656250
0.674682617187500
0.545837402343750
0.671142578125000
0.542785644531250
0.676696777343750
0.536865234375000
0.676513671875000
0.546875000000000
0.673339843750000
0.541442871093750
0.539245605468750
0.660583496093750
0.673278808593750
0.538085937500000
0.544677734375000
0.680236816406250
0.654296875000000
0.538085937500000
0.672485351562500
0.543579101562500
0.539245605468750
0.679565429687500
0.540405273437500
0.680358886718750
0.546142578125000
0.671081542968750
0.546997070312500
0.675231933593750
0.551391601562500
0.546630859375000
0.676452636718750
0.546081542968750
0.672668457031250
0.543273925781250
0.672729492187500
0.536437988281250
0.650878906250000
0.544067382812500
0.674133300781250
0.546142578125000
0.673645019531250
0.543457031250000
0.670715332031250
0.548767089843750
0.656311035156250
0.524597167968750
0.674499511718750
0.547973632812500
0.668823242187500
0.539794921875000
0.677124023437500
0.537170410156250
0.661376953125000
0.545410156250000
0.653930664062500
0.542602539062500
0.673095703125000
0.546936035156250
0.664978027343750
0.546630859375000
0.681579589843750
0.542236328125000
0.536743164062500
0.678527832031250
0.540710449218750
0.678771972656250
0.548461914062500
0.674499511718750
0.548156738281250
0.679199218750000
0.524719238281250
0.675292968750000
0.534606933593750
0.678955078125000
0.547485351562500
0.542419433593750
0.685485839843750
0.541870117187500
0.674377441406250
0.544982910156250
0.658691406250000
0.543945312500000
0.663146972656250
0.546630859375000
0.677917480468750
0.546142578125000
0.676818847656250
0.546691894531250
0.542724609375000
0.669616699218750
0.538391113281250
0.679687500000000
0.540649414062500
0.673706054687500
0.541015625000000
0.679138183593750
0.545104980468750
0.675598144531250
0.538208007812500
0.668823242187500
0.545166015625000
0.671386718750000
0.544982910156250
0.542541503906250
0.677368164062500
0.537292480468750
0.682373046875000
0.541320800781250
0.670288085937500
0.540954589843750
0.668884277343750
0.538452148437500
0.672546386718750
0.548461914062500
0.677429199218750
0.545349121093750
0.671936035156250
0.536499023437500
0.679260253906250
0.542785644531250
0.543640136718750
0.671325683593750
0.538452148437500
0.674011230468750
0.538208007812500
0.682312011718750
0.544555664062500
0.677185058593750
0.545410156250000
0.661926269531250
0.524047851562500
0.682800292968750
0.533447265625000
0.674926757812500
0.540649414062500
0.674072265625000
0.536437988281250
0.679199218750000
0.539672851562500
0.677490234375000
0.544433593750000
0.546997070312500
0.663574218750000
0.543090820312500
0.658569335937500
0.662109375000000
1.059448242187500
0.537719726562500
0.670471191406250
0.539733886718750
0.540832519531250
0.680114746093750
0.538757324218750
0.672119140625000
0.539428710937500
0.542358398437500
0.540100097656250
0.677856445312500
0.543090820312500
0.673400878906250
0.535705566406250
0.677490234375000
0.541687011718750
0.670410156250000
0.545104980468750
0.673706054687500
0.546630859375000
0.536499023437500
0.655883789062500
0.680603027343750
0.527648925781250
0.685668945312500
0.534790039062500
0.553466796875000
0.673706054687500
0.549499511718750
0.679382324218750
0.537353515625000
0.648376464843750
0.548461914062500
0.673156738281250
0.540100097656250
0.677246093750000
0.541748046875000
0.673889160156250
0.538879394531250
0.653625488281250
0.542541503906250
0.672851562500000
0.542236328125000
0.654174804687500
0.541381835937500
0.662048339843750
0.542480468750000
0.682006835937500
0.546508789062500
0.651306152343750
0.541442871093750
0.672058105468750
0.540222167968750
0.672485351562500
0.545410156250000
0.680053710937500
0.549438476562500
0.671997070312500
0.548828125000000
0.546997070312500
0.668090820312500
0.539001464843750
0.673889160156250
0.538879394531250
0.672180175781250
0.543334960937500
0.671142578125000
0.534606933593750
0.679382324218750
0.534851074218750
0.673706054687500
0.542663574218750
0.676330566406250
0.541931152343750
0.679260253906250
0.534606933593750
0.666748046875000
0.527587890625000
0.673645019531250
0.541137695312500
0.674865722656250
0.542175292968750
0.674133300781250
0.542480468750000
0.537231445312500
0.679016113281250
0.534362792968750
0.669006347656250
0.540649414062500
0.669616699218750
0.536560058593750
0.670104980468750
0.543457031250000
0.669250488281250
0.538757324218750
0.671325683593750
0.533630371093750
0.666442871093750
0.666687011718750
0.540100097656250
0.534301757812500
0.671447753906250
0.534606933593750
0.675476074218750
0.652526855468750
0.538635253906250
0.675842285156250
0.531127929687500
0.668701171875000
0.530700683593750
0.675048828125000
0.531982421875000
0.675964355468750
0.542297363281250
0.673461914062500
0.529602050781250
0.679077148437500
0.543212890625000
0.543945312500000
0.674804687500000
0.535522460937500
0.674560546875000
0.539001464843750
0.671081542968750
0.542175292968750
0.657470703125000
0.542907714843750
0.669189453125000
0.535827636718750
0.680786132812500
0.535583496093750
0.675292968750000
0.537231445312500
0.664855957031250
0.535827636718750
0.668334960937500
0.536499023437500
0.677978515625000
0.534912109375000
0.673889160156250
0.532714843750000
0.673767089843750
0.538452148437500
0.663635253906250
0.536987304687500
0.667907714843750
0.545959472656250
0.660461425781250
0.542358398437500
0.651062011718750
0.540954589843750
0.662475585937500
0.664489746093750
0.533935546875000
0.677612304687500
0.546691894531250
0.538757324218750
0.676696777343750
0.538208007812500
0.678771972656250
0.537963867187500
0.674438476562500
0.530395507812500
0.673400878906250
0.533691406250000
0.671325683593750
0.541320800781250
0.668273925781250
0.540710449218750
0.656982421875000
0.534484863281250
0.677795410156250
0.531555175781250
0.667724609375000
0.537414550781250
0.650024414062500
0.662536621093750
0.531982421875000
0.682067871093750
0.528320312500000
0.671875000000000
0.517089843750000
0.687866210937500
0.540161132812500
0.667419433593750
0.540832519531250
0.672973632812500
0.517517089843750
0.679443359375000
0.543273925781250
0.680786132812500
0.536865234375000
0.548400878906250
0.683532714843750
0.534851074218750
0.678344726562500
0.542480468750000
0.678894042968750
0.536804199218750
0.666442871093750
0.534912109375000
0.676757812500000
0.539184570312500
0.666320800781250
0.538391113281250
0.675292968750000
0.545654296875000
0.651428222656250
0.536987304687500
0.672912597656250
0.534423828125000
0.670654296875000
0.533508300781250
0.670776367187500
0.535156250000000
0.680297851562500
0.537963867187500
0.679626464843750
0.542602539062500
0.670471191406250
0.550354003906250
0.539672851562500
0.676574707031250
0.536621093750000
0.679626464843750
0.543945312500000
0.680480957031250
0.537475585937500
0.676330566406250
0.537292480468750
0.683044433593750
0.539184570312500
0.547607421875000
0.680053710937500
0.536254882812500
0.671447753906250
0.540344238281250
0.678771972656250
0.542724609375000
0.676391601562500
0.543029785156250
0.680847167968750
0.542053222656250
0.543457031250000
0.674255371093750
0.540832519531250
0.671691894531250
0.545715332031250
0.667968750000000
0.544921875000000
0.655029296875000
0.546386718750000
0.647644042968750
0.547729492187500
0.679504394531250
0.520446777343750
0.681274414062500
0.541259765625000
0.676208496093750
0.516479492187500
0.678039550781250
0.534301757812500
0.672241210937500
0.538146972656250
0.667419433593750
0.544372558593750
0.680419921875000
0.542297363281250
0.679504394531250
0.533569335937500
0.678100585937500
0.536682128906250
0.668273925781250
0.533935546875000
0.678100585937500
0.522094726562500
0.679382324218750
0.543090820312500
0.663574218750000
0.544494628906250
0.652954101562500
0.545104980468750
0.673889160156250
0.541931152343750
0.679992675781250
0.529418945312500
0.680664062500000
0.538330078125000
0.540222167968750
0.682128906250000
0.541137695312500
0.678527832031250
0.542724609375000
0.687561035156250
0.540405273437500
0.677246093750000
0.522155761718750
0.680297851562500
0.546752929687500
0.543579101562500
0.677673339843750
0.541137695312500
0.677368164062500
0.544921875000000
0.679443359375000
0.544677734375000
0.671813964843750
0.548156738281250
0.542480468750000
0.676086425781250
0.658569335937500
0.539489746093750
0.546447753906250
0.678771972656250
0.526123046875000
0.681640625000000
0.539245605468750
0.683166503906250
0.540710449218750
0.682922363281250
0.536560058593750
0.659240722656250
0.541748046875000
0.676757812500000
0.540527343750000
0.677978515625000
0.540771484375000
0.546813964843750
0.676513671875000
0.540283203125000
0.675109863281250
0.527343750000000
0.669921875000000
0.534851074218750
0.676086425781250
0.536682128906250
0.676574707031250
0.545837402343750
0.684814453125000
0.548767089843750
0.674682617187500
0.532531738281250
0.676879882812500
0.540222167968750
0.672424316406250
0.535461425781250
0.541381835937500
0.680969238281250
0.548522949218750
0.676452636718750
0.518981933593750
0.679260253906250
0.542114257812500
0.681945800781250
0.523742675781250
0.679382324218750
0.544067382812500
0.678283691406250
0.525939941406250
0.677185058593750
0.525512695312500
0.678955078125000
0.543823242187500
0.652160644531250
0.538452148437500
0.675781250000000
0.546081542968750
0.672790527343750
0.544738769531250
0.677673339843750
0.550292968750000
0.548645019531250
0.674560546875000
0.542114257812500
0.677062988281250
0.538208007812500
0.692749023437500
0.538513183593750
0.655151367187500
0.547729492187500
0.692138671875000
0.536376953125000
0.668151855468750
0.535461425781250
0.673828125000000
0.533569335937500
0.547973632812500
0.678344726562500
0.528930664062500
0.674987792968750
0.542602539062500
0.669189453125000
0.548095703125000
0.661132812500000
0.531982421875000
0.681823730468750
0.538696289062500
0.671630859375000
0.540344238281250
0.679931640625000
0.544738769531250
0.672302246093750
0.544616699218750
0.677307128906250
0.536926269531250
0.673583984375000
0.540466308593750
0.673278808593750
0.544128417968750
0.544311523437500
0.679260253906250
0.547119140625000
0.685974121093750
0.533508300781250
0.676940917968750
0.545471191406250
0.684570312500000
0.537170410156250
0.540039062500000
0.670166015625000
0.533752441406250
0.678588867187500
0.645996093750000
0.542846679687500
0.679809570312500
0.536621093750000
0.666076660156250
0.540588378906250
0.672058105468750
0.536254882812500
0.671386718750000
0.537231445312500
0.669738769531250
0.527099609375000
0.678222656250000
0.549865722656250
0.544738769531250
0.681152343750000
0.544860839843750
0.681518554687500
0.519042968750000
0.672790527343750
0.517517089843750
0.677551269531250
0.648437500000000
0.538330078125000
0.673828125000000
0.534240722656250
0.665710449218750
0.536499023437500
0.668579101562500
0.545043945312500
0.668212890625000
0.542785644531250
0.669982910156250
0.543090820312500
0.657348632812500
0.547546386718750
0.673828125000000
0.528930664062500
0.676452636718750
0.551635742187500
0.536987304687500
0.676879882812500
0.543823242187500
0.677124023437500
0.543518066406250
0.663452148437500
0.550231933593750
0.673217773437500
0.545349121093750
0.673217773437500
0.549316406250000
0.544128417968750
0.682434082031250
0.548339843750000
0.662109375000000
0.536865234375000
0.678955078125000
0.539672851562500
0.682678222656250
0.546508789062500
0.675598144531250
0.544738769531250
0.677307128906250
0.517700195312500
0.680297851562500
0.541259765625000
0.676696777343750
0.536132812500000
0.544189453125000
0.678527832031250
0.537841796875000
0.672180175781250
0.539733886718750
0.668090820312500
0.536376953125000
0.672302246093750
0.536560058593750
0.685791015625000
0.534606933593750
0.672363281250000
0.543334960937500
0.669982910156250
0.538818359375000
0.663391113281250
0.544128417968750
0.674438476562500
0.539489746093750
0.678100585937500
0.541198730468750
0.659729003906250
0.542480468750000
0.682739257812500
0.533752441406250
0.679138183593750
0.538208007812500
0.659790039062500
0.535949707031250
0.675598144531250
0.534729003906250
0.667846679687500
0.543884277343750
0.681152343750000
0.531555175781250
0.553649902343750
0.674255371093750
0.547790527343750
0.675537109375000
0.543701171875000
0.675964355468750
0.538696289062500
0.679809570312500
0.535888671875000
0.676452636718750
0.535461425781250
0.677856445312500
0.541381835937500
0.542724609375000
0.673950195312500
0.533935546875000
0.680908203125000
0.546325683593750
0.665954589843750
0.525695800781250
0.670776367187500
0.535400390625000
0.672668457031250
0.536499023437500
0.661254882812500
0.544860839843750
0.671081542968750
0.548034667968750
0.679626464843750
0.541564941406250
0.675048828125000
0.542358398437500
0.677124023437500
0.541503906250000
0.674011230468750
0.544250488281250
0.674682617187500
0.534606933593750
0.669311523437500
0.535644531250000
0.665405273437500
0.539245605468750
0.672180175781250
0.544250488281250
0.670104980468750
0.540771484375000
0.550842285156250
0.686462402343750
0.517944335937500
0.692077636718750
0.533996582031250
0.660583496093750
0.656921386718750
0.559143066406250
0.539916992187500
0.679992675781250
0.542358398437500
0.676269531250000
0.546691894531250
0.661193847656250
0.520629882812500
0.674377441406250
0.537597656250000
0.675842285156250
0.544799804687500
0.661254882812500
0.517272949218750
0.649475097656250
0.670837402343750
0.533325195312500
0.682312011718750
0.546264648437500
0.657348632812500
0.536987304687500
0.674194335937500
0.541015625000000
0.542358398437500
0.683654785156250
0.542358398437500
0.671203613281250
0.536926269531250
0.679260253906250
0.541198730468750
0.671813964843750
0.542297363281250
0.680786132812500
0.524414062500000
0.675903320312500
0.534057617187500
0.672607421875000
0.532165527343750
0.669433593750000
0.544921875000000
0.682067871093750
0.541137695312500
0.539062500000000
0.692260742187500
0.538208007812500
0.678955078125000
0.519409179687500
0.671508789062500
0.546142578125000
0.674194335937500
0.542419433593750
0.672546386718750
0.538940429687500
0.672912597656250
0.538330078125000
0.672973632812500
0.540222167968750
0.677246093750000
0.542297363281250
0.677490234375000
0.544189453125000
0.543029785156250
0.679016113281250
0.540161132812500
0.677734375000000
0.550292968750000
0.674804687500000
0.541625976562500
0.677185058593750
0.544921875000000
0.673461914062500
0.404907226562500
0.672424316406250
0.542114257812500
0.677062988281250
0.544555664062500
0.539306640625000
0.685119628906250
0.538940429687500
0.672241210937500
0.538635253906250
0.680053710937500
0.538146972656250
0.669372558593750
0.538330078125000
0.673522949218750
0.537597656250000
0.674072265625000
0.543151855468750
0.676391601562500
0.541687011718750
0.680419921875000
0.544799804687500
0.542541503906250
0.654724121093750
0.673645019531250
0.540588378906250
0.669189453125000
0.538879394531250
0.672241210937500
0.539916992187500
0.539550781250000
0.676391601562500
0.538085937500000
0.674560546875000
0.542053222656250
0.674438476562500
0.525695800781250
0.671264648437500
0.545959472656250
0.657531738281250
0.545715332031250
0.679870605468750
0.534301757812500
0.674743652343750
0.541442871093750
0.681518554687500
0.519714355468750
0.678710937500000
0.533386230468750
0.678527832031250
0.538818359375000
0.678161621093750
0.535827636718750
0.668640136718750
0.519958496093750
0.652954101562500
0.536621093750000
0.670471191406250
0.540527343750000
0.678833007812500
0.528869628906250
0.677490234375000
0.534606933593750
0.675415039062500
0.538391113281250
0.675781250000000
0.542297363281250
0.675720214843750
0.541931152343750
0.678161621093750
0.550598144531250
0.676818847656250
0.527954101562500
0.672485351562500
0.543090820312500
0.674133300781250
0.544677734375000
0.539550781250000
0.679809570312500
0.541687011718750
0.671997070312500
0.547485351562500
0.682556152343750
0.532287597656250
0.675781250000000
0.538635253906250
0.675170898437500
0.540588378906250
0.675231933593750
0.540649414062500
0.541015625000000
0.669555664062500
0.666198730468750
0.542053222656250
0.538818359375000
0.673889160156250
0.662170410156250
0.533874511718750
0.653503417968750
0.539611816406250
0.671997070312500
0.532836914062500
0.677917480468750
0.544738769531250
0.677185058593750
0.540832519531250
0.679687500000000
0.543273925781250
0.537719726562500
0.679321289062500
0.540161132812500
0.673767089843750
0.535949707031250
0.668701171875000
0.553039550781250
0.676269531250000
0.524597167968750
0.667297363281250
0.545898437500000
0.675170898437500
0.550781250000000
0.676940917968750
0.543701171875000
0.548706054687500
0.644348144531250
0.666503906250000
0.535217285156250
0.682128906250000
0.529235839843750
0.672973632812500
0.543945312500000
0.680847167968750
0.549194335937500
0.539611816406250
0.680541992187500
0.547485351562500
0.668395996093750
0.539184570312500
0.655639648437500
0.530151367187500
0.669738769531250
0.675170898437500
0.537475585937500
0.546386718750000
0.669189453125000
0.546325683593750
0.669677734375000
0.541137695312500
0.671081542968750
0.540649414062500
0.678161621093750
0.540527343750000
0.671875000000000
0.538146972656250
0.669921875000000
0.539733886718750
0.669311523437500
0.542663574218750
0.674316406250000
0.541442871093750
0.676940917968750
0.534301757812500
0.676208496093750
0.540161132812500
0.668212890625000
0.546386718750000
0.676513671875000
0.533325195312500
0.673217773437500
0.543273925781250
0.656005859375000
0.546020507812500
0.673461914062500
0.545532226562500
0.668945312500000
0.537658691406250
0.666687011718750
0.539794921875000
0.687438964843750
0.543518066406250
0.549072265625000
0.678344726562500
0.536132812500000
0.681762695312500
0.541687011718750
0.675170898437500
0.541442871093750
0.674438476562500
0.530395507812500
0.686218261718750
0.533691406250000
0.676635742187500
0.544738769531250
0.677246093750000
0.546203613281250
0.678771972656250
0.549072265625000
0.667358398437500
0.534423828125000
0.675048828125000
0.536804199218750
0.686523437500000
0.540649414062500
0.681762695312500
0.540954589843750
0.543395996093750
0.677368164062500
0.657104492187500
0.537048339843750
0.671569824218750
0.537048339843750
0.673095703125000
0.536743164062500
0.678466796875000
0.543640136718750
0.670532226562500
0.537170410156250
0.679687500000000
0.540222167968750
0.548217773437500
0.682678222656250
0.543762207031250
0.673522949218750
0.544982910156250
0.681152343750000
0.540039062500000
0.679565429687500
0.543395996093750
0.684509277343750
0.544860839843750
0.686401367187500
0.543701171875000
0.536804199218750
0.674316406250000
0.545837402343750
0.675415039062500
0.546203613281250
0.668334960937500
0.540283203125000
0.676696777343750
0.545471191406250
0.669677734375000
0.544677734375000
0.676635742187500
0.534545898437500
0.676391601562500
0.535217285156250
0.682434082031250
0.540527343750000
0.673461914062500
0.539367675781250
0.680480957031250
0.538574218750000
0.666625976562500
0.540283203125000
0.675231933593750
0.537658691406250
0.657531738281250
0.546875000000000
0.676818847656250
0.541015625000000
0.678955078125000
0.536743164062500
0.680236816406250
0.540832519531250
0.662658691406250
0.555358886718750
0.678344726562500
0.547973632812500
0.685485839843750
0.546875000000000
0.676818847656250
0.549133300781250
0.540100097656250
0.682739257812500
0.541931152343750
0.684692382812500
0.545837402343750
0.682128906250000
0.537170410156250
0.674194335937500
0.533935546875000
0.679992675781250
0.538024902343750
0.679931640625000
0.541564941406250
0.681213378906250
0.534912109375000
0.684082031250000
0.554077148437500
0.655761718750000
0.544921875000000
0.668579101562500
0.541625976562500
0.669311523437500
0.547790527343750
0.679687500000000
0.519470214843750
0.683715820312500
0.538024902343750
0.664794921875000
0.530517578125000
0.682922363281250
0.544372558593750
0.683166503906250
0.545959472656250
0.544189453125000
0.690490722656250
0.533020019531250
0.687927246093750
0.541625976562500
0.687561035156250
0.540405273437500
0.678710937500000
0.534851074218750
0.675720214843750
0.536254882812500
0.675231933593750
0.544738769531250
0.686462402343750
0.536499023437500
0.683593750000000
0.533508300781250
0.681701660156250
0.540222167968750
0.669250488281250
0.534545898437500
0.674804687500000
0.553344726562500
0.666992187500000
0.528076171875000
0.688049316406250
0.543701171875000
0.546630859375000
0.682861328125000
0.545410156250000
0.648925781250000
0.554260253906250
0.664306640625000
0.549194335937500
0.677917480468750
0.554748535156250
0.684082031250000
0.530944824218750
0.689270019531250
0.540649414062500
0.682861328125000
0.536926269531250
0.687683105468750
0.546569824218750
0.655639648437500
0.548278808593750
0.681457519531250
0.552551269531250
0.683654785156250
0.541320800781250
0.673828125000000
0.550354003906250
0.546997070312500
0.686706542968750
0.541992187500000
0.688598632812500
0.538146972656250
0.686096191406250
0.546142578125000
0.679199218750000
0.551391601562500
0.671386718750000
0.553222656250000
0.680664062500000
0.545593261718750
0.547241210937500
0.683227539062500
0.541870117187500
0.681030273437500
0.543884277343750
0.662414550781250
0.552368164062500
0.671997070312500
0.550659179687500
0.687744140625000
0.543151855468750
0.681213378906250
0.544250488281250
0.682861328125000
0.544616699218750
0.685668945312500
0.542663574218750
0.684753417968750
0.537414550781250
0.687316894531250
0.553405761718750
0.672973632812500
0.543945312500000
0.684997558593750
0.544189453125000
0.675415039062500
0.553100585937500
0.546447753906250
0.680053710937500
0.543090820312500
0.681030273437500
0.540100097656250
0.686157226562500
0.544006347656250
0.673767089843750
0.544250488281250
0.689086914062500
0.538696289062500
0.692321777343750
0.540710449218750
0.681701660156250
0.543457031250000
0.688842773437500
0.541320800781250
0.669006347656250
0.548828125000000
0.692749023437500
0.551635742187500
0.694580078125000
0.547851562500000
0.661987304687500
0.549499511718750
0.678649902343750
0.528808593750000
0.665222167968750
0.550231933593750
0.687194824218750
0.543151855468750
0.684082031250000
0.540466308593750
0.680725097656250
0.558349609375000
0.661437988281250
0.549377441406250
0.682617187500000
0.548400878906250
0.680786132812500
0.545837402343750
0.684753417968750
0.523742675781250
0.681518554687500
0.555603027343750
0.674194335937500
0.555603027343750
0.681640625000000
0.548522949218750
0.689575195312500
0.544372558593750
0.683898925781250
0.546264648437500
0.673400878906250
0.552734375000000
0.684997558593750
0.544250488281250
0.661499023437500
0.544311523437500
0.686096191406250
0.555664062500000
0.680297851562500
0.551452636718750
0.684326171875000
0.544799804687500
0.555114746093750
0.686889648437500
0.556091308593750
0.690490722656250
0.557067871093750
0.681701660156250
0.545532226562500
0.672485351562500
0.548950195312500
0.680053710937500
0.551696777343750
0.675781250000000
0.545410156250000
0.682861328125000
0.548095703125000
0.682006835937500
0.543579101562500
0.681274414062500
0.542602539062500
0.688903808593750
0.545288085937500
0.684020996093750
0.533203125000000
0.689086914062500
0.553833007812500
0.543945312500000
0.678955078125000
0.550231933593750
0.682128906250000
0.551147460937500
0.682189941406250
0.542846679687500
0.683227539062500
0.547912597656250
0.685852050781250
0.546936035156250
0.688110351562500
0.542297363281250
0.688659667968750
0.548767089843750
0.691162109375000
0.550720214843750
0.687316894531250
0.557983398437500
0.551452636718750
0.674804687500000
0.682189941406250
0.527648925781250
0.675720214843750
0.548950195312500
0.683837890625000
0.551513671875000
0.686523437500000
0.552307128906250
0.692199707031250
0.524597167968750
0.698425292968750
0.541198730468750
0.676086425781250
0.538024902343750
0.652099609375000
0.677917480468750
0.553894042968750
0.551940917968750
0.675354003906250
0.683593750000000
0.544921875000000
0.550292968750000
0.687988281250000
0.542297363281250
0.689575195312500
0.557434082031250
0.675781250000000
0.531372070312500
0.690185546875000
0.553405761718750
0.682983398437500
0.549133300781250
0.683776855468750
0.551391601562500
0.688842773437500
0.552978515625000
0.685607910156250
0.551269531250000
0.685974121093750
0.549865722656250
0.686950683593750
0.545104980468750
0.688110351562500
0.556762695312500
0.682739257812500
0.550354003906250
0.552368164062500
0.690917968750000
0.554138183593750
0.683776855468750
0.535766601562500
0.684082031250000
0.544982910156250
0.683349609375000
0.551269531250000
0.683776855468750
0.551940917968750
0.657958984375000
0.693115234375000
0.552795410156250
0.682800292968750
0.548095703125000
0.552978515625000
0.684326171875000
0.550170898437500
0.681213378906250
0.554809570312500
0.688537597656250
0.556823730468750
0.684875488281250
0.554992675781250
0.683288574218750
0.552917480468750
0.685668945312500
0.555419921875000
0.687316894531250
0.673278808593750
0.554016113281250
0.552978515625000
0.692138671875000
0.557006835937500
0.692443847656250
0.562744140625000
0.688171386718750
0.554382324218750
0.690002441406250
0.556945800781250
0.557189941406250
0.693054199218750
0.555480957031250
0.684936523437500
0.554504394531250
0.684265136718750
0.557678222656250
0.695617675781250
0.553588867187500
0.689147949218750
0.549072265625000
0.695251464843750
0.551818847656250
0.698425292968750
0.562011718750000
0.687316894531250
0.560668945312500
0.687438964843750
0.552001953125000
0.558227539062500
0.692626953125000
0.557434082031250
0.691040039062500
0.557739257812500
0.689880371093750
0.552124023437500
0.685974121093750
0.552307128906250
0.671264648437500
0.557800292968750
0.687438964843750
0.686096191406250
0.548278808593750
0.687194824218750
0.539550781250000
0.695007324218750
0.560302734375000
0.553405761718750
0.693542480468750
0.549072265625000
0.690002441406250
0.550048828125000
0.695678710937500
0.560302734375000
0.685180664062500
0.414489746093750
0.696044921875000
0.552001953125000
0.697875976562500
0.550354003906250
0.693420410156250
0.551208496093750
0.692810058593750
0.549377441406250
0.695922851562500
0.562194824218750
0.690185546875000
0.551330566406250
0.696838378906250
0.551757812500000
0.692016601562500
0.549316406250000
0.557739257812500
0.698608398437500
0.548400878906250
0.697631835937500
0.552124023437500
0.696655273437500
0.534973144531250
0.701232910156250
0.545104980468750
0.687316894531250
0.545288085937500
0.693237304687500
0.552246093750000
0.692749023437500
0.550048828125000
0.690429687500000
0.558471679687500
0.689575195312500
0.554443359375000
0.684143066406250
0.559814453125000
0.687438964843750
0.554382324218750
0.699584960937500
0.551086425781250
0.676635742187500
0.551818847656250
0.689819335937500
0.547729492187500
0.690490722656250
0.556823730468750
0.694152832031250
0.558410644531250
0.689453125000000
0.549682617187500
0.694946289062500
0.552551269531250
0.689880371093750
0.549255371093750
0.691772460937500
0.550354003906250
0.687866210937500
0.552490234375000
0.694885253906250
0.553649902343750
0.700744628906250
0.556762695312500
0.556701660156250
0.689453125000000
0.679748535156250
0.562194824218750
0.670471191406250
0.554748535156250
0.693054199218750
0.560791015625000
0.554138183593750
0.695495605468750
0.558776855468750
0.668334960937500
0.579406738281250
0.665405273437500
0.550720214843750
0.668762207031250
0.688354492187500
0.560546875000000
0.691833496093750
0.549438476562500
0.688842773437500
0.550842285156250
0.687866210937500
0.560974121093750
0.697448730468750
0.557434082031250
0.668457031250000
0.562377929687500
0.566589355468750
0.682128906250000
0.681091308593750
0.551452636718750
0.555969238281250
0.698486328125000
0.556030273437500
0.690429687500000
0.551757812500000
0.685852050781250
0.558349609375000
0.699096679687500
0.557434082031250
0.690734863281250
0.553894042968750
0.690673828125000
0.555114746093750
0.694580078125000
0.555358886718750
0.692016601562500
0.555236816406250
0.690979003906250
0.554382324218750
0.686767578125000
0.551513671875000
0.689880371093750
0.546386718750000
0.694030761718750
0.562072753906250
0.674499511718750
0.558837890625000
0.695495605468750
0.560791015625000
0.554199218750000
0.695678710937500
0.554260253906250
0.698547363281250
0.558349609375000
0.676269531250000
0.547546386718750
0.695495605468750
0.555480957031250
0.678833007812500
0.551635742187500
0.675964355468750
0.674194335937500
0.556152343750000
0.694641113281250
0.557678222656250
0.558349609375000
0.690612792968750
0.550537109375000
0.695434570312500
0.549865722656250
0.686889648437500
0.553955078125000
0.695861816406250
0.554199218750000
0.691589355468750
0.563781738281250
0.692016601562500
0.556884765625000
0.684082031250000
0.555725097656250
0.689270019531250
0.553100585937500
0.692138671875000
0.560974121093750
0.693664550781250
0.557128906250000
0.554138183593750
0.692871093750000
0.672058105468750
0.553527832031250
0.689636230468750
0.555664062500000
0.692993164062500
0.555358886718750
0.558227539062500
0.703552246093750
0.559509277343750
0.690856933593750
0.539978027343750
0.687438964843750
0.561035156250000
0.686706542968750
0.555847167968750
0.687683105468750
0.558166503906250
0.690063476562500
0.554809570312500
0.693237304687500
0.539489746093750
0.693786621093750
0.554992675781250
0.690185546875000
0.556701660156250
0.697204589843750
0.560302734375000
0.687500000000000
0.548889160156250
0.699340820312500
0.553527832031250
0.695800781250000
0.560729980468750
0.557250976562500
0.686401367187500
0.563171386718750
0.688720703125000
0.562927246093750
0.694885253906250
0.557189941406250
0.697875976562500
0.560607910156250
0.695312500000000
0.552185058593750
0.693908691406250
0.553649902343750
0.688659667968750
0.558410644531250
0.548583984375000
0.691467285156250
0.555419921875000
0.695251464843750
0.675598144531250
0.552795410156250
0.557006835937500
0.691406250000000
0.557739257812500
0.690429687500000
0.565124511718750
0.687744140625000
0.553955078125000
0.690368652343750
0.558532714843750
0.695190429687500
0.553588867187500
0.689331054687500
0.552856445312500
0.689392089843750
0.558898925781250
0.689575195312500
0.557312011718750
0.704162597656250
0.554626464843750
0.562194824218750
0.691833496093750
0.559631347656250
0.694030761718750
0.546508789062500
0.697753906250000
0.556274414062500
0.678710937500000
0.556030273437500
0.691894531250000
0.549499511718750
0.688232421875000
0.549926757812500
0.692871093750000
0.556884765625000
0.701416015625000
0.561401367187500
0.687133789062500
0.572387695312500
0.705261230468750
0.564392089843750
0.558227539062500
0.700805664062500
0.558837890625000
0.702392578125000
0.564636230468750
0.692565917968750
0.551696777343750
0.700988769531250
0.555480957031250
0.693054199218750
0.557250976562500
0.560791015625000
0.696289062500000
0.683593750000000
0.564575195312500
0.559143066406250
0.682128906250000
0.550292968750000
0.666931152343750
0.689392089843750
0.547302246093750
0.687316894531250
0.557678222656250
0.694885253906250
0.559631347656250
0.694580078125000
0.555480957031250
0.691772460937500
0.548950195312500
0.699829101562500
0.560058593750000
0.700805664062500
0.564636230468750
0.672668457031250
0.563659667968750
0.687377929687500
0.568420410156250
0.553161621093750
0.694580078125000
0.677673339843750
0.550415039062500
0.563659667968750
0.694274902343750
0.559082031250000
0.673034667968750
0.699340820312500
0.556518554687500
0.559020996093750
0.694702148437500
0.552246093750000
0.693481445312500
0.550781250000000
0.700500488281250
0.552551269531250
0.692199707031250
0.563049316406250
0.692687988281250
0.555847167968750
0.699768066406250
0.539794921875000
0.685791015625000
0.560180664062500
0.697082519531250
0.556823730468750
0.693298339843750
0.549133300781250
0.696533203125000
0.554992675781250
0.695556640625000
0.555297851562500
0.698486328125000
0.550842285156250
0.697937011718750
0.563842773437500
0.555725097656250
0.698547363281250
0.550537109375000
0.696716308593750
0.558776855468750
0.686523437500000
0.563110351562500
0.692871093750000
0.563720703125000
0.700439453125000
0.537536621093750
0.694519042968750
0.552490234375000
0.692321777343750
0.554931640625000
0.681091308593750
0.553527832031250
0.674377441406250
0.698303222656250
0.559204101562500
0.690246582031250
0.554382324218750
0.689880371093750
0.560791015625000
0.560180664062500
0.693237304687500
0.555664062500000
0.698852539062500
0.562744140625000
0.695434570312500
0.550903320312500
0.702514648437500
0.558166503906250
0.692626953125000
0.557678222656250
0.699340820312500
0.555236816406250
0.705261230468750
0.578002929687500
0.679504394531250
0.569213867187500
0.567138671875000
0.672912597656250
0.562011718750000
0.701049804687500
0.687683105468750
0.556030273437500
0.704772949218750
0.554809570312500
0.702148437500000
0.557617187500000
0.696716308593750
0.554992675781250
0.698242187500000
0.555419921875000
0.703369140625000
0.553833007812500
0.699401855468750
0.552795410156250
0.701721191406250
0.556091308593750
0.701110839843750
0.553588867187500
0.697875976562500
0.551025390625000
0.700317382812500
0.549499511718750
0.698913574218750
0.556396484375000
0.710021972656250
0.564819335937500
0.697509765625000
0.557617187500000
0.690307617187500
0.538696289062500
0.702697753906250
0.563781738281250
0.697631835937500
0.568969726562500
0.699768066406250
0.559936523437500
0.703247070312500
0.563903808593750
0.697326660156250
0.560485839843750
0.569641113281250
0.694580078125000
0.683593750000000
0.566040039062500
0.554260253906250
0.709167480468750
0.551208496093750
0.696044921875000
0.693847656250000
0.557128906250000
0.701538085937500
0.558654785156250
0.557617187500000
0.689270019531250
0.695556640625000
0.568054199218750
0.558349609375000
0.703430175781250
0.561462402343750
0.698608398437500
0.561828613281250
0.694396972656250
0.563232421875000
0.695800781250000
0.563110351562500
0.691345214843750
0.562622070312500
0.696960449218750
0.562500000000000
0.710021972656250
0.558532714843750
0.704284667968750
0.563232421875000
0.703369140625000
0.565917968750000
0.709228515625000
0.561096191406250
0.699584960937500
0.561950683593750
0.707702636718750
0.564086914062500
0.700988769531250
0.563110351562500
0.690307617187500
0.561279296875000
0.696899414062500
0.559875488281250
0.705200195312500
0.559265136718750
0.703796386718750
0.562744140625000
0.698059082031250
0.570434570312500
0.558654785156250
0.700561523437500
0.560241699218750
0.684570312500000
0.667236328125000
0.667785644531250
0.566833496093750
0.694213867187500
0.568298339843750
0.700622558593750
0.561157226562500
0.699707031250000
0.561340332031250
0.705871582031250
0.564331054687500
0.561523437500000
0.703857421875000
0.564392089843750
0.697875976562500
0.682312011718750
0.567871093750000
0.698608398437500
0.559936523437500
0.699523925781250
0.555541992187500
0.695190429687500
0.559753417968750
0.702087402343750
0.558959960937500
0.701232910156250
0.567260742187500
0.701965332031250
0.553894042968750
0.705322265625000
0.557434082031250
0.701049804687500
0.557739257812500
0.703125000000000
0.561218261718750
0.705505371093750
0.558349609375000
0.568420410156250
0.704467773437500
0.555786132812500
0.699951171875000
0.557861328125000
0.701599121093750
0.699401855468750
0.562805175781250
0.571105957031250
0.695983886718750
0.565734863281250
0.697814941406250
0.559936523437500
0.703063964843750
0.557556152343750
0.703979492187500
0.557617187500000
0.703796386718750
0.565795898437500
0.699035644531250
0.559143066406250
0.696716308593750
0.557617187500000
0.702331542968750
0.564453125000000
0.698791503906250
0.562438964843750
0.699707031250000
0.562561035156250
0.704162597656250
0.564636230468750
0.700744628906250
0.560729980468750
0.694274902343750
0.559997558593750
0.701599121093750
0.560607910156250
0.696838378906250
0.563964843750000
0.708190917968750
0.568481445312500
0.704956054687500
0.569030761718750
0.693725585937500
0.566284179687500
0.698852539062500
0.569152832031250
0.709716796875000
0.555053710937500
0.694885253906250
0.560852050781250
0.696166992187500
0.560424804687500
0.698364257812500
0.557495117187500
0.701049804687500
0.562561035156250
0.708129882812500
0.569091796875000
0.700866699218750
0.557922363281250
0.697082519531250
0.564636230468750
0.703308105468750
0.557983398437500
0.702453613281250
0.536926269531250
0.695373535156250
0.557067871093750
0.702758789062500
0.559631347656250
0.697692871093750
0.559326171875000
0.698303222656250
0.558288574218750
0.701721191406250
0.559020996093750
0.681823730468750
0.562927246093750
0.702026367187500
0.555114746093750
0.707580566406250
0.565551757812500
0.694946289062500
0.568298339843750
0.698791503906250
0.561767578125000
0.701049804687500
0.564331054687500
0.692504882812500
0.558776855468750
0.704895019531250
0.564392089843750
0.698730468750000
0.554199218750000
0.681701660156250
0.697082519531250
0.556884765625000
0.697631835937500
0.561279296875000
0.974975585937500
0.693664550781250
0.569763183593750
0.701416015625000
0.567504882812500
0.689575195312500
0.572570800781250
0.678222656250000
0.571533203125000
0.676391601562500
0.560180664062500
0.700622558593750
0.567138671875000
0.698120117187500
0.560302734375000
0.705749511718750
0.570739746093750
0.704345703125000
0.555236816406250
0.706481933593750
0.559936523437500
0.682006835937500
0.561889648437500
0.693908691406250
0.562744140625000
0.696655273437500
0.560363769531250
0.702331542968750
0.561401367187500
0.698608398437500
0.424865722656250
0.705139160156250
0.567993164062500
0.699218750000000
0.557617187500000
0.707031250000000
0.561828613281250
0.705871582031250
0.558898925781250
0.709228515625000
0.560668945312500
0.706909179687500
0.566528320312500
0.561279296875000
0.706176757812500
0.559997558593750
0.694396972656250
0.568908691406250
0.698730468750000
0.561279296875000
0.705932617187500
0.561157226562500
0.697875976562500
0.687744140625000
0.563537597656250
0.563049316406250
0.706604003906250
0.559936523437500
0.697692871093750
0.563293457031250
0.699462890625000
0.687927246093750
0.562072753906250
0.577514648437500
0.697937011718750
0.562927246093750
0.706298828125000
0.563415527343750
0.698059082031250
0.570739746093750
0.707519531250000
0.561584472656250
0.709350585937500
0.568481445312500
0.690368652343750
0.567810058593750
0.686279296875000
0.556701660156250
0.707824707031250
0.556762695312500
0.703735351562500
0.567993164062500
0.714355468750000
0.557189941406250
0.706604003906250
0.554870605468750
0.700805664062500
0.553527832031250
0.701965332031250
0.551269531250000
0.700195312500000
0.559570312500000
0.699829101562500
0.559448242187500
0.696166992187500
0.561340332031250
0.691894531250000
0.558959960937500
0.708496093750000
0.554992675781250
0.701416015625000
0.554382324218750
0.711059570312500
0.559631347656250
0.696533203125000
0.551330566406250
0.701110839843750
0.561401367187500
0.697631835937500
0.560607910156250
0.696228027343750
0.562622070312500
0.674804687500000
0.704040527343750
0.571838378906250
0.559265136718750
0.702148437500000
0.557922363281250
0.711059570312500
0.565612792968750
0.684265136718750
0.566894531250000
0.701965332031250
0.560729980468750
0.698364257812500
0.557556152343750
0.702087402343750
0.559143066406250
0.700988769531250
0.560852050781250
0.703552246093750
0.568115234375000
0.684570312500000
0.561218261718750
0.699462890625000
0.556396484375000
0.699401855468750
0.697265625000000
0.557495117187500
0.699218750000000
0.558898925781250
0.565307617187500
0.697937011718750
0.696777343750000
0.563476562500000
0.702331542968750
0.561706542968750
0.699035644531250
0.556762695312500
0.696105957031250
0.558410644531250
0.697570800781250
0.560363769531250
0.702819824218750
0.560058593750000
0.694152832031250
0.562072753906250
0.702941894531250
0.562133789062500
0.698547363281250
0.559875488281250
0.700805664062500
0.559875488281250
0.698364257812500
0.559875488281250
0.695922851562500
0.555114746093750
0.696533203125000
0.561035156250000
0.695129394531250
0.559082031250000
0.705017089843750
0.559143066406250
0.700561523437500
0.558288574218750
0.704406738281250
