2009648
2276271
4651787
5100010
5100000
5100000
5100000
5100010
5099989
5100000
5099979
5100020
5100000
5100000
5100000
5099989
5100000
5100010
5099979
5100010
5100000
5100000
5100000
5100000
5100000
5100010
5099969
5100030
5099989
5100010
5100000
5100000
5100000
5099979
5100010
5100010
5100000
5099989
5100010
5099989
5100010
5100000
5100000
5100010
5099989
5100000
5099989
5100020
5100000
5099989
5099989
5100010
5099989
5100010
5099989
5099989
5100020
5099989
5100000
5100010
5099979
5100020
5100000
5100000
5099989
5100000
5100000
5100000
5100010
5099989
5100010
5100000
5100000
5099989
5100000
5100000
5100010
5100000
5099989
5100010
5100000
5099989
5100010
5099989
5100010
5099989
5100010
5100000
5100000
5100000
5100000
5100000
5099989
5100010
5100000
5099989
5100010
5100000
5099979
5100020
5099989
5100010
5099989
5100010
5100000
5099989
5100000
5100000
5100000
5100000
5100010
5099989
5100000
5100010
5100000
5100000
5100000
5099969
5100030
5100010
5099979
5100000
5100000
5100000
5100000
5100000
5100010
5099989
5100000
5100010
5099979
5100020
5100000
5099989
5100010
5100000
5100010
5099979
5100010
5099989
5100010
5096289
5099279
5100010
5100000
5099989
5100010
5099290
5100000
5100000
5100000
5100010
5099979
5100010
5099989
5100000
5100010
5099989
5100000
5100010
5100000
5099989
5100000
5100010
5099989
5100010
5100000
5099989
5100010
5100000
5100000
5099989
5100010
5099989
5100000
5100000
5100010
5099989
5100000
5099989
5100020
5100000
5099989
5100010
5100000
5100000
5099989
5100010
5099989
5100000
5100010
5100000
5099989
5100000
5100000
5100000
5100010
5099989
5100010
5099979
5100010
5100000
5100010
5099989
5100000
5100010
5099979
5100010
5100010
5100000
5099979
5100020
5099989
5100020
5099979
5100010
5099989
5100010
5099989
5100010
5100000
5099989
5100000
5100000
5100000
5100000
5100000
5100010
5100000
5099979
5100010
5100010
5099979
5100020
5099989
5100000
5100000
5099142
5099989
5100000
5099989
5097693
5097703
5100010
5097948
5098036
5098276
5099536
5100000
5099684
5100000
5099580
5098121
5099989
5100000
5100000
5100010
5099979
5100010
5100010
5100000
5100000
5100000
5100000
5100010
5099979
5100010
5099989
5100000
5100020
5099979
5100000
5100010
5099989
5100010
5099969
5100010
5100010
5099989
5100020
5099989
5100010
5100000
5099989
5100010
5099989
5100000
5100000
5100000
5100000
5099989
5100020
5099989
5100010
5099989
5100000
5100000
5100000
5100000
5100020
5099979
5100000
5099989
5100020
5099989
5100010
5100000
5100000
5100000
5100000
5100000
5099989
5100010
5099989
5100020
5099989
5100000
5099989
5100000
5100000
5100010
5100000
5100000
5099989
5100000
5100000
5099989
5100020
5100000
5100000
5099989
5100000
5100000
5100010
5099989
5100000
5100010
5099989
5100000
5100000
5100010
5099989
5100000
5100010
5100000
5100000
5100000
5100000
5099989
5100020
5099979
5100000
5100000
5100000
5100000
5100000
5100000
5100000
5099989
5100010
5100010
5099989
5100000
5100000
5100000
5100010
5100010
5099979
5100000
5100010
5100000
5100000
5099969
5100020
5100000
5100010
5100000
5099989
5100000
5100020
5099989
5100000
5099989
5100000
5100010
5099989
5100010
5099989
5100010
5100000
5099989
5100000
5100010
5099989
5100010
5099989
5100010
5100000
5099989
5099989
5100020
5100000
5099989
5100010
5100000
5099989
5100000
5100010
5099989
5097703
5097684
5099989
5099989
5099710
5099979
5100020
5100000
5099989
5100000
5100000
5097692
5100000
5100010
5100000
5100000
5100000
5096409
5100010
5099186
5099333
5098243
5100000
5098967
5097252
5099989
5098180
5099590
5097328
5097454
5100010
5098078
5097774
5099107
5097601
5095426
5093554
5099203
5093668
5097872
5094354
5099979
5098601
5098466
5094162
5093092
5094733
5096997
5097331
5095795
5093121
5099857
5100000
5098288
5098577
5100000
5100000
5098618
5098554
5095652
5094155
5086296
5096335
5100000
5099989
5100010
5098561
5100000
5099989
5100010
5099979
5100020
5100000
5099414
5097083
5099024
5098773
5098566
5099989
5100010
5100000
5100000
5099989
5100010
5099989
5100000
5100010
5100000
5100000
5099989
5100000
5100010
5099989
5100000
5100010
5100000
5099989
5100000
5100010
5100000
5100000
5099989
5100010
5099989
5100010
5099989
5100000
5100010
5099989
5100010
5100000
5100000
5099989
5100010
5100000
5099989
5100000
5100000
5100010
5100000
5100000
5100000
5099979
5100010
5100000
5100000
5100010
5100000
5099989
5100010
5099989
5100000
5100010
5099989
5100000
5100000
5100000
5100000
5099989
5099989
5100010
5100010
5100010
5100000
5100000
5100000
5100000
5100000
5100000
5100000
5100010
5099989
5099989
5100010
5100000
5100010
5099989
5100000
5099989
5100010
5100010
5099989
5100000
5100000
5100000
5100010
5099989
5100000
5100000
5100000
5100000
5100000
5100000
5100000
5100000
5100010
5099989
5100000
5100010
5099989
5100000
5099989
5100010
5100000
5100000
5100000
5100000
5100000
5100000
5100000
5100000
5100000
5100000
5100000
5100000
5100010
5099989
5100000
5100000
5099989
5100010
5100000
5100000
5100000
5100000
5100000
5100000
5099969
5100030
5100000
5100000
5100000
5100010
5100000
5099989
5100000
5100010
5099979
5100010
5100010
5099989
5100000
5100000
5100000
5100010
5099989
5100000
5100000
5100000
5099989
5100020
5099989
5100000
5100000
5099989
5100010
5100000
5100000
5100000
5100000
5099989
5100000
5100020
5100000
5099989
5100000
5100000
5100000
5100000
5100000
5100000
5100010
5099989
5100000
5100000
5100000
5100000
5100000
5099989
5100000
5100010
5100000
5100000
5100000
5100010
5099979
5100010
5099989
5100000
5100010
5099989
5100020
5099989
5100000
5100010
5099989
5100000
5100000
5100000
5100000
5099989
5100000
5100000
5100010
5099989
5100010
5099989
5100010
5099989
5100010
5100000
5100000
5100010
5099989
5100000
5100010
5099989
5099469
5099511
5100000
5100000
5098927
5100000
5100000
5097702
5099989
5098551
5098394
5097574
5100010
5097621
5100000
5095539
5100000
5100010
5099989
5100000
5100000
5094866
5099979
5096017
5098629
5098188
5095330
5094217
5091539
5095151
5093972
5095400
5089520
5099479
5097692
5093306
5100000
5091927
5097686
5100000
5098139
5097690
5098482
5095373
5097697
5093267
5097816
5097682
5096952
5096798
5095395
5095399
5094890
5097730
5097686
5092122
5096267
5092160
5095380
5095382
5095395
5095389
5098110
5095383
5090898
5097065
5092730
5095371
5093056
5095322
5092523
5090480
5091795
5096857
5089240
5093789
5092693
5090349
5090343
5088814
5093060
5093815
5088047
5090328
5093054
5086082
5097692
5093840
5087997
5090298
5088050
5086396
5090667
5088386
5084317
5085688
5090340
5087210
5083323
5085679
5085670
5083332
5088022
5086423
5086325
5091967
5089412
5087364
5090385
5083333
5085545
5091367
5086999
5088838
5088675
5090329
5092949
5083333
5085659
5086249
5094860
4973066
5090507
5093793
5097153
5089457
5088865
5090050
5094301
5094840
5088012
5091775
5090596
5099832
5089845
5086089
5088979
4907963
5099989
5099290
5099989
5100000
5100010
5096149
5093068
5097132
5097244
5095096
5100000
4907307
5086439
5094653
5099255
5096170
5099989
5097418
5094589
5096976
5090947
5100010
5095643
5097034
5094885
5099285
5098390
5092386
5099059
5100000
5100000
5089002
5094011
5097178
5096349
5095622
5096954
5096726
5095549
5097817
5099291
5099989
5100010
5100010
5098555
5090824
5100000
5099989
5100010
5100000
5098502
5100000
5100010
5099989
5100000
5100000
5099989
5100020
4927657
5067819
5096978
5100010
5100000
5100000
5100000
5100000
5100000
5100000
5100000
5100000
5099989
5100010
5100000
5100000
5100000
5100000
5100000
5100000
5100000
5100000
5100000
5100010
5099979
5100020
5099989
5100010
5099989
5100000
5100000
5100000
5100000
5100000
5100000
5100000
5100000
5099989
5100010
5099979
5100020
5100000
5100000
5100000
5100000
5100000
5100010
5099989
5100000
5100000
5099989
5100010
5100000
5099979
5066041
5100010
5099989
5100010
5099969
5100020
5100010
5099989
5100000
5100000
5100010
5099989
5099989
5100020
5099989
5100010
5099989
5100000
5100000
5100010
5099989
5100000
5100000
5100000
5100000
5100000
5100000
5100000
5100000
5100000
4902321
5099428
4913112
5100000
5100000
5019584
5050179
5100000
4909944
5100010
4976527
5015059
5055659
5099989
4902651
5099989
4959397
5099917
5100000
5060360
5010757
4922809
5100000
4899308
5100000
5100000
5100000
4966883
5100000
4905188
4959658
5097145
4914156
5099735
4959659
5100010
4905612
5100000
5100000
5100000
4982482
4966821
5098928
4964512
5100000
4965869
5095663
4919154
4993113
5071250
4899204
5098192
4907031
5100000
4908689
5029508
5043865
4962727
5098706
4919355
5098977
4905013
5100000
4973663
4969166
5100000
4964726
4964372
4972130
5097511
4911342
4962772
4987133
5076464
4901437
4931281
5072788
4897000
4969008
5098794
4908551
4900980
5097161
4904449
4912339
5092683
4905411
4982646
4971170
5051813
4902731
4965900
5097920
4897896
4907487
5079804
4925523
4915836
5050829
4966624
4910964
5098379
4969793
4968616
4931479
5085745
4905191
4967389
4969054
5100010
4964837
4900466
5031555
5041412
4978899
4966935
4953724
5100010
5006433
4995189
4972057
4895778
4971845
5020963
5014354
4991019
4960854
4969397
4906426
4964707
4970857
5029491
4979403
4966292
4971279
4966249
4969592
4971662
4957632
5046687
4967449
4966360
4907416
4841002
5097708
4967699
4896698
5099296
4962024
4965412
4912868
4978308
5077594
4988787
4896226
4895966
4907751
5057133
5010459
4903270
4973945
4966770
4968138
4975734
4903556
4963260
4988635
5013325
4979556
4956215
4976721
4903228
4907970
4937877
5028610
4954279
4905970
4899556
4905683
4911928
4967813
4989336
4954010
4936832
5014636
5018501
4964200
4906537
4902123
4970501
4907360
4907709
4951050
5050352
5007241
4917093
4968679
4914091
4915947
4913532
4969249
4964275
4983031
5058972
4918848
4969818
4956699
4908791
4907667
4904268
4914762
4996222
5007252
4971347
4960892
4908790
4973230
4898633
4900928
4905005
4999185
5059999
4968891
4970879
4908436
4910755
4897331
4894057
4896208
4970970
4917228
5012424
4977640
4906928
4978533
4949352
4905233
4893823
4899289
4959851
4908235
4966693
5061865
4931030
4900070
4901366
4910369
4913821
4977388
4893031
4969726
5017398
4920911
4900071
4901286
4909710
4956931
4964189
4908580
4957353
5005648
4925343
4905540
4901931
4997031
5013716
4956654
4908333
4916111
4904073
4916031
4963877
4904374
4938698
5016304
4943071
4901476
4957832
4895910
4910725
4951083
5027706
4983153
4905173
4909455
4955608
4966176
4907900
4895667
4920981
5005528
5027536
4900390
5011226
4935297
4934325
4900704
4958544
4899269
4903202
4894763
4897741
4983384
5026271
4880915
4995101
4931291
4908468
4907694
4960141
4944757
4960532
4960832
4896517
4904096
4928306
4931971
4957952
4951069
4952854
4900981
4912613
4889717
4897393
4956619
4950011
4974784
4951909
4907125
4961830
4946893
4955423
4890403
4916372
4943492
4957166
4945963
4916657
4898645
4930939
4958683
4978392
4901431
4895054
4974123
4899167
4883305
4893312
4954307
5025347
4984330
4890968
4962324
4906707
4888169
4899525
4888294
4945391
4961456
4956702
4938047
4954631
4895235
4951462
4886824
4950324
4950051
4887368
4944197
4902365
4901657
4895918
4906554
4891141
4956992
4953376
4888291
4999104
4858901
4949472
4901535
4892426
4951170
4964253
4901056
4961518
4890595
4948445
4907746
4943669
4888526
4885656
4939127
4934318
4847926
4993885
4878799
4820200
4918806
4935288
4880849
4935327
4946757
4946649
4935330
4899928
4952893
4874698
4882448
4891217
4892100
4873179
4895497
4889358
4890047
4937513
4909691
4863231
4809210
4957141
4948519
4889937
4893405
4872794
4892521
4896468
4932172
4954233
4934884
4840006
4869728
4865943
4918634
4945434
4924417
4882727
4935438
4931219
4904559
4802320
4854760
4853871
4950380
4938704
4889000
4885877
4932624
4884062
4844281
4872892
4881871
4943527
4939333
4892543
4916639
4890649
4871224
4943569
4841556
4862779
4951701
4928915
4818968
4949112
4866713
4889093
4951602
4928620
4927223
4941087
4902187
4866436
4876616
4894392
4932186
4961544
4877993
4882140
4926699
4938633
4899118
4800141
4878616
4939967
4945259
4881930
4892121
4946914
4933945
4847145
4857235
4960777
4871570
4927439
4882088
4894975
4878539
4887147
4878855
4941819
4946290
4868928
4939057
4874645
4887990
4904756
4940603
4928566
4837536
4806488
4866479
4939744
4935579
4885227
4891335
4866604
4869089
4871572
4946713
4880265
4911382
4944741
4855794
4842925
4892387
4901661
4900297
4921593
4883382
4875354
4880154
4852670
4803415
4866909
4943300
4892926
4954898
4881145
4913422
4916564
4806968
4808590
4867095
4895819
4838326
4818547
5050554
4921848
4847313
4879377
4889987
4852389
4928294
4871231
4864595
4869748
4927320
4803545
4806678
4839943
4872248
4886885
4879945
4868950
4857138
4853015
4848614
4880162
4940099
4920750
4928488
4923016
4867720
4910863
4870497
4880076
4866235
4810415
4934620
4869738
4911923
4913235
4926554
4896368
4831088
4852888
4855847
4885675
4926977
4886803
4873058
4913375
4846779
4837123
4857995
4919644
4929217
4876292
4859811
4912430
4879554
4863893
4914404
4886910
4815533
4817768
4881971
4941643
4922826
4924685
4930452
4938190
4800006
4839200
4810027
4936387
4871771
4916798
4879982
4866282
4874245
4848778
4838102
4875901
4919943
4919521
4881425
4875244
4866660
4879188
4861712
4841481
4934064
4864956
4871074
4874288
4932244
4907450
4887841
4838434
4930023
4939702
4876171
4915876
4917822
4864873
4863701
4800646
4809969
4885793
4927998
4924924
4907810
4862914
4919985
4821375
4798936
4871898
4930271
4864949
4915346
4863680
4913886
4843779
4857968
4787350
4937714
4859547
4938660
4914668
4866347
4924351
4871925
4796612
4851414
4875635
4863799
4839337
4908515
4903486
4903389
4905184
4870984
4892895
4787373
4852643
4916040
4861736
4917542
4853577
4914620
4861623
4803304
4838247
4789658
4877337
4902083
4859265
4857954
4911855
4864491
4866673
4840017
4919259
4912796
4852050
4872849
4902843
4871733
4852894
4815331
4854394
4932976
4908854
4861104
4935091
4908268
4864494
4856701
4838981
4795896
4864735
4905994
4910578
4916250
4889536
4845864
4833463
4866282
4919448
4846134
4872483
4908858
4861767
4913413
4828785
4879314
4918507
4916405
4868024
4856072
4908930
4748894
4909174
4859958
4914352
4906431
4855832
4902710
4905029
4814238
4780988
4808023
4925151
4901739
4901419
4851874
4863461
4855920
4859214
4908348
4899983
4856005
4901775
4851141
4791581
4820167
4844686
4914054
4864361
4901654
4851609
4847880
4851465
4783765
4795441
4859397
4903525
4860129
4895354
4844605
4855627
4835489
4860394
4856522
4908418
4903740
4853405
4821686
4882811
4840108
4806691
4901366
4892524
4910490
4857814
4895838
4895838
4821006
4740732
4859493
4903067
4902833
4860494
4902700
4812118
4822861
4867079
4899290
4861317
4898965
4849886
4806319
4778683
4871757
4873861
4844295
4834629
4827409
4832703
4912703
4895397
4902244
4845130
4848415
4836621
4856341
4851001
4900784
4897298
4905985
4844013
4858612
4746222
4904369
4859329
4906722
4859791
4847514
4802347
4775584
4834739
4853727
4898412
4845058
4907069
4876025
4821124
4905790
4892078
4862088
4899876
4802534
4833155
4857383
4841814
4899923
4834620
4849046
4705395
4899225
4893521
4849344
4804113
4785031
4854018
4900407
4887981
4798777
4892345
4899006
4822541
4898545
4753202
4801597
4891777
4839777
4827668
4813722
4901160
4854642
4806700
4781827
4849592
4909016
4897067
4894237
4851595
4833607
4892145
4813976
4782723
4859378
4852638
4847950
4852919
4845831
4846333
4837660
4902048
4838690
4891035
4831597
4826354
4827294
4906808
4899350
4826522
4805707
4890324
4814357
4848682
4790920
4793199
4848964
4843699
4852412
4845755
4835806
4802819
4888871
4792087
4888435
4896005
4846945
4830850
4782173
4890623
4852921
4780807
4842278
4908495
4834943
4892039
4823872
4767260
4846833
4894542
4891414
4858951
4771285
4865146
4845822
4839992
4841680
4852814
4756900
4883620
4838570
4790585
4802859
4905190
4838462
4843545
4872900
4797334
4820831
4891001
4872523
4848121
4841206
4812285
4804032
4918430
4891018
4771374
4849314
4823793
4823537
4820708
4898158
4775687
4767036
4875976
4906881
4876749
4803818
4847436
4725943
4837691
4843189
4823269
4765084
4775135
4881043
4844325
4838883
4808346
4886945
4735403
4872203
4845530
4800481
4830719
4813711
4894120
4843927
4890530
4795306
4782730
4843095
4890185
4881960
4778266
4831863
4834081
4879115
4759776
4820284
4837433
4878741
4812783
4766649
4813580
4841122
4855793
4808828
4842976
4719051
4851042
4840462
4848173
4771679
4756060
4792021
4876305
4830938
4815680
4815589
4798484
4790168
4843002
4827796
4793081
4845262
4769036
4784887
4747553
4811286
4842991
4823349
4837387
4810100
4771729
4762031
4862494
4868741
4749189
4802344
4846771
4875948
4773660
4764663
4845855
4820514
4863604
4784461
4806166
4842487
4904682
4789789
4838000
4874432
4813095
4816641
4712960
4816478
4876944
4756664
4849136
4882285
4723031
4868731
4841629
4805608
4836529
4707258
4841594
4784702
4759343
4816503
4897040
4833565
4715310
4875966
4818085
4771354
4877887
4800787
4845089
4898894
4731135
4812823
4874738
4800545
4892942
4803528
4803183
4829403
4787403
4814944
4777660
4786993
4804406
4863876
4780859
4766442
4804974
4813838
4815019
4759632
4844942
4752062
4772173
4815904
4760515
4873412
4756587
4826331
4835495
4778556
4813259
4810861
4806398
4775213
4797345
4832610
4746721
4837895
4747623
4808761
4876510
4723612
4791734
4817028
4779723
4850518
4838319
4769559
4841993
4714836
4877300
4758299
4773349
4870740
4827619
4750312
4823669
4779561
4825435
4747885
4837713
4828582
4746387
4771313
4865785
4869961
4808838
4808016
4809512
4779483
4782016
4814999
4814969
4817564
4789729
4796846
4783617
4842305
4805741
4835844
4743389
4784531
4753262
4767729
4869310
4845378
4742559
4761733
4852827
4804105
4774733
4815056
4801258
4839593
4711443
4802082
4813383
4730305
4836473
4738258
4897828
4737053
4838334
4828710
4714727
4840700
4747346
4821590
4779719
4805475
4852449
4726930
4841225
4752490
4816463
4870425
4721903
4893882
4823684
4770034
4885279
4786518
4808060
4721914
4836528
4780771
4853136
4783883
4825287
4734669
4786324
4842000
4755544
4887202
4725440
4839372
4714188
4841987
4766984
4705439
4790127
4786652
4851511
4792470
4870382
4730920
4866531
4834311
4714249
4833802
4725713
4891962
4678188
4846578
4725954
4891244
4773604
4853721
4833620
4789846
4762180
4801190
4748400
4839830
4745738
4840714
4729733
4845805
4727121
4889841
4759916
4881604
4719811
4844442
4837721
4767144
4893032
4733680
4884660
4728384
4892054
4728342
4888043
4797671
4798855
4870520
4839764
4669494
4881315
4709739
4747641
4870143
4819394
4733791
4843368
4771441
4887016
4782502
4811335
4842618
4766791
4838207
4702469
4812810
4762298
4808444
4807635
4729043
4824918
4691294
4890395
4691200
4836548
4682196
4858126
4895836
4785502
4831812
4720868
4876868
4734305
4807654
4704044
4865786
4707666
4847043
4729526
4842868
4738412
4819061
4807672
4727615
4861008
4730450
4837966
4706574
4862688
4755808
4875173
4741240
4707311
4800340
4788173
4869995
4785511
4784452
4842804
4770321
4816418
4679496
4836595
4695291
4885917
4674888
4831423
4728301
4825849
4747482
4870385
4698655
4873388
4680544
4796241
4732335
4794830
4858698
4738625
4837273
4673619
4861489
4764648
4765522
4791783
4729040
4791448
4793157
4697027
4812519
4772929
4818142
4719751
4890624
4681604
4787774
4715552
4780778
4803062
4816642
4796063
4781024
4768087
4846427
4788620
4728617
4860395
4729063
4875205
4667068
4832602
4807414
4681432
4886858
4739092
4837932
4784536
4830080
4746112
4838344
4686505
5000000
4872198
4752326
4801023
4874400
4754837
4837688
4679886
4890114
4671398
4890664
4701613
4836805
4749877
4860007
4814416
4845433
4821428
4637099
4889211
4750802
4834423
4689233
4829647
4751522
4830926
4782238
4773000
4807896
4805934
4803748
4827554
4785002
4804287
4803730
4752617
4823508
4747680
4829526
4735650
4846961
4739205
4814828
4718799
4889519
4723631
4834852
4745723
4815770
4783432
4768717
4788642
4740976
4808821
4777413
4827025
4781788
4854181
4704025
4782300
4742525
4896072
4705207
4840749
4722639
4864236
4757840
4813862
4727118
4814064
4696312
4864920
4720048
4880987
4688169
4840395
4749109
4794164
4732829
4796208
4865249
4651111
4884826
4709080
4891582
4696953
4830833
4691751
4809135
4695156
4883814
4707354
4803500
4680584
4885372
4720494
4784461
4815584
4769659
4813759
4739487
4800002
4788008
4813587
4742885
4794307
4767060
4846489
4760912
4808737
4756681
4814751
4770709
4774762
4808824
4812354
4793006
4717932
4808340
4763029
4786597
4752667
4741705
4753798
4814829
4775209
4754221
4731384
4778089
4702020
4791752
4781296
4816055
4723818
4891958
4681672
4811724
4665723
4891909
4657983
4841460
4717794
4817867
4759868
4796478
4709223
4804712
4765835
4783628
4732418
4822612
4779567
4800796
4781147
4824445
4820153
4801080
4710366
4867840
4699682
4809652
4708680
4804544
4723629
4725940
4822805
4717567
4789916
4723209
4810177
4733636
4859684
4694542
4883058
4748562
4886591
4757218
4786072
4743319
4792772
4768759
4761432
4753217
4843021
4765663
4837363
4722892
4785215
4776599
4810817
4761781
4842581
4748970
4799638
4732276
4760960
4768095
4758422
4799810
4771482
4751225
4731781
4795649
4736444
4806856
4754537
4806265
4734296
4867338
4678286
4811637
4730213
4833416
4751622
4823240
4696639
4867215
4724834
4812346
4744017
4820589
4715252
4764597
4740219
4799509
4704521
4766726
4794070
4794810
4760542
4753008
4767448
4793401
4800343
4773417
4733348
4748649
4848951
4702711
4790216
4693274
4814696
4724195
4814089
4753525
4813293
4743042
4872329
4687446
4872108
4703417
4817152
4743861
4816149
4738652
4805423
4661873
4883809
4633041
4824892
4672278
4779396
4687452
4845980
4691441
4800740
4674976
4815172
4704980
4836442
4707876
4812698
4782914
4787977
4813228
4750433
4779854
4796050
4800056
4761185
4777602
4810968
4774696
4793961
4815425
4721092
4816104
4756937
4870214
4703086
4803959
4699099
4859254
4619141
4791026
4783584
4724893
4824442
4676031
4841134
4753607
4780129
4680974
4827194
4674350
4802589
4698437
4810586
4699806
4804495
4704702
4863215
4707218
4868543
4711717
4866644
4655102
4798296
4744073
4859962
4684473
4817683
4688033
4845863
4676677
4758548
4730813
4794761
4749719
4807090
4761539
4722933
4772133
4719017
4825489
4724651
4844295
4692038
4868389
4678568
4839505
4697689
4863434
4646563
4842725
4788585
4763970
4789762
4830106
4752118
4709896
4821096
4759008
4707342
4794899
4784086
4814909
4681981
4796577
4761427
4844025
4705086
4731570
4753618
4738490
4866855
4765782
4777684
4746318
4758912
4721898
4805525
4717096
4859375
4666626
4819415
4681420
4867001
4642035
4865931
4737310
4817238
4685362
4846941
4729137
4796738
4703326
4865739
4689255
4823544
4683786
4812218
4683103
4865337
4716508
4792519
4743328
4797403
4654930
4771660
4778462
4812787
4808843
4685643
4811138
4658608
4833742
4658394
4873897
4672815
4852172
4631691
4897377
4687161
4797879
4659707
4814328
4755851
4862845
4663960
4811459
4627550
4814696
4683279
4879650
4695166
4859511
4682678
4868455
4697261
4810094
4714288
4843832
4684290
4807170
4699596
4807810
4687482
4800414
4683154
4861501
4677565
4835830
4722439
4771918
4786906
4768343
4802328
4761410
4687657
4745247
4770320
4718708
4791386
4693534
4881687
4693829
4875893
4676402
4870158
4736598
4798612
4731845
4815816
4685363
4822878
4669899
4872795
4740146
4802646
4698959
4805160
4729534
4865075
4641978
4799292
4675844
4816159
4685184
4859713
4712864
4828384
4696789
4808976
4737815
4901886
4676852
4813024
4679231
4874639
4643502
4831550
4728930
4818339
4771259
4777353
4741968
4828598
4744657
4771499
4769968
4733551
4774803
4776097
4783763
4691018
4758588
4684658
4826572
4745460
4761761
4643450
4823008
4684659
4865169
4623178
4870393
4672307
4807136
4716974
4784769
4800736
4733062
4764307
4805629
4648239
4821387
4697984
4847364
4768988
4830144
4716148
4699413
4761878
4746356
4803709
4625550
4812594
4724979
4798231
4684619
4861613
4646712
4808264
4669938
4869718
4686693
4814114
4636444
4869469
4699729
4811731
4664997
4862518
4625724
4854499
4687560
4809626
4619600
4805024
4659856
4788303
4714828
4838158
4715569
4743390
4738724
4770241
4709818
4779243
4730481
4816278
4726563
4721070
4714614
4795249
4796724
4671808
4811124
4685870
4861526
4698100
4831847
4678620
4746920
4689468
4839462
4681473
4758137
4685059
4740425
4737590
4723101
4748110
4744112
4764364
4740159
4787612
4711312
4872590
4648016
4787425
4728044
4884956
4619997
4836925
4683918
4796229
4598747
4867360
4677841
4860425
4716448
4775689
4733409
4771531
4809910
4749950
4771252
4691522
4834934
4664261
4833036
4698194
4823850
4584795
4841616
4685515
4766311
4646479
4872583
4643518
4809277
4681028
4775063
4660968
4809399
4681588
4804119
4727406
4782923
4905134
4757966
4757741
4740537
4741097
4630174
4790900
4630231
4808156
4723657
4809505
4655629
4815647
4665448
4817576
4681938
4768005
4646863
4815756
4693341
4802642
4689771
4811049
4691413
4876755
4638158
4767101
4715445
4784588
4652225
4864524
4629173
4862563
4726185
4864525
4691308
4816439
4637844
4792528
4669340
4715832
4726154
4681997
4778894
4710654
4811308
4778648
4750462
4676947
4747325
4740268
4780843
4693827
4871871
4630680
4783761
4646436
4805439
4628424
4807205
4656616
4800243
4741537
4870813
4729717
4767787
4786915
4769086
4738775
4660613
4760415
4704248
4834838
4683430
4808669
4683904
4793801
4635633
4871879
4618647
4900229
4626179
4799871
4625967
4872503
4667096
4818784
4672349
4813917
4720886
4817486
4623210
4821900
4694344
4790980
4652451
4837120
4676058
4814761
4717423
4781383
4682747
4716124
4696565
4754950
4692953
4804397
4766024
4729671
4736993
4875315
4696679
4791348
4687577
4779378
4672990
4770631
4755651
4727688
4705913
4721178
4821597
4743148
4643721
4804021
4702812
4825003
4722501
4802888
4711130
4708133
4745672
4740462
4752163
4726247
4823366
4698799
4817048
4674494
4774771
4653765
4773710
4719053
4777018
4749026
4812915
4779830
4781990
4704751
4761856
4750847
4810665
4731867
4871103
4742682
4738883
4711184
4782355
4793880
4831513
4727160
4715717
4699819
4793946
4646910
4751292
4704312
4655538
4754703
4672444
4757349
4684605
4717843
4701906
4803899
4800001
4863418
4690011
4799569
4672714
4770090
4687003
4810454
4611846
4876571
4653303
4814328
4677144
4818638
4690447
4813464
4717926
4792344
4643768
4813266
4707626
4761461
4760725
4757084
4686641
4743775
4654478
4767742
4750659
4746901
4755197
4723992
4788032
4695676
4820496
4743223
4804057
4600342
4793811
4599684
4803566
4737337
4808147
4750716
4868950
4749856
4878550
4691944
4804103
4598062
4873361
4670578
4803321
4684150
4814356
4711824
4747106
4654486
4796671
4709357
4766014
4703499
4799421
4713749
4789998
4720952
4821638
4692522
4802497
4756313
4818155
4664282
4765308
4732333
4762298
4718935
4756871
4678288
4799646
4781371
4743755
4795032
4687431
4781227
4749334
4777710
4686919
4794932
4696734
4809796
4686122
4743150
4775794
4784305
4720101
4815355
4679087
4863447
4740693
4792619
4660877
4795441
4670215
4798714
4674292
4852549
4703517
4864676
4640213
4870716
4617699
4814393
4698893
4821830
4745201
4830491
4713021
4724759
4671151
4804851
4669660
4753427
4738608
4700070
4747474
4748047
4742250
4754869
4694683
4767087
4639902
4855379
4660138
4867258
4633909
4845107
4682950
4815869
4678404
4805532
4711450
4812934
4685509
4839032
4652541
4838695
4692039
4814801
4676544
4867985
4672379
4835557
4625558
4830206
4628245
4807122
4663223
4716530
4810494
4733531
4706494
4778414
4618440
4782564
4753831
4748879
4668874
4790760
4649112
4741284
4486769
4866815
4596774
4528672
4725357
4602061
4557693
4659876
4786366
4720186
4656251
4400000
4643519
4873408
4687715
4849146
4672243
4471947
4418181
4812417
4610308
4812900
4677648
4809311
4728328
4588606
4583507
4690710
4773341
4773485
4539817
4640712
4707815
4834262
4643638
4818017
4425630
4399982
4713117
4795827
4728281
4813558
4393009
4494568
4833310
4724447
4831143
4665923
4817965
4540224
4400000
4700265
4745514
4676657
4777483
4714167
4776574
4499753
4425432
4863355
4727213
4804767
4673988
4714769
4400000
4631166
4658318
4850063
4688812
4870266
4765302
4614801
4400000
4704395
4831135
4819574
4793837
4518303
4399991
4798725
4699285
4848921
4660065
4394365
4491273
4801463
4678122
4823525
4702179
4783755
4544913
4400000
4609691
4723805
4687532
4763809
4669733
4733032
4758589
4731081
4754107
4383056
4425942
4877552
4668182
4807429
4648878
4802751
4624178
4399879
4611706
4703792
4731551
4801081
4776708
4506306
4603849
4812507
4405788
4400000
4787692
4756846
4690642
4722576
4639207
4400000
4529008
4751907
4742720
4791893
4723833
4760140
4543674
4399991
4648419
4756753
4683516
4755129
4754637
4837666
4400008
4399991
4862203
4655603
4789753
4688541
4620079
4475897
4755039
4663589
4746081
4645444
4785727
4489267
4400000
4635371
4799102
4711161
4754780
4702427
4620864
4400000
4552079
4668540
4749276
4755788
4772512
4604727
4630860
4742743
4578645
4400000
4617591
4756504
4673414
4766333
4747019
4612482
4400000
4399991
4747654
4753160
4742423
4799140
4742454
4406586
4507613
4790657
4702536
4842511
4616306
4400000
4603345
4623550
4810998
4643119
4757586
4737519
4517003
4400000
4746366
4765917
4710925
4437726
4489677
4754669
4686533
4879289
4616985
4400000
4400000
4629571
4675747
4803016
4650210
4835372
4589625
4784109
4402325
4577965
4830449
4692998
4693772
4754679
4389434
4400008
4802870
4703732
4757023
4752817
4634407
4399991
4503998
4772359
4790551
4705147
4782714
4542251
4400008
4590059
4774423
4690212
4793231
4747682
4387702
4806728
4676118
4450629
4820083
4566026
4400000
4528560
4657133
4833881
4643928
4802736
4621534
4400000
4640446
4780356
4486247
4400000
4708494
4852966
4690555
4810794
4430760
4455312
4807640
4681183
4841468
4616809
4400008
4400000
4661804
4751438
4843952
4621388
4792972
4478496
4400000
4678548
4794708
4381225
4795940
4749530
4383234
4780127
4744651
4387146
4496204
4814908
4736363
4800714
4640960
4597277
4400000
4758400
4831852
4475987
4400000
4659881
4788731
4640091
4870518
4397759
4458929
4837872
4706721
4655165
4400008
4653517
4655990
4871619
4719378
4600793
4400008
4400000
4658084
4812471
4724410
4870908
4463178
4400008
4742636
4400008
4854183
4717673
4655732
4400000
4649799
4676789
4820150
4556971
4400000
4605753
4698305
4801153
4654975
4477804
4400000
4760258
4819584
4634858
4838599
4389318
4400000
4802901
4662068
4775848
4691143
4398681
4399991
4649756
4738079
4742481
4485367
4400000
4618587
4680945
4809998
4680614
4831794
4376955
4400000
4542429
4687675
4758127
4706372
4397545
4550410
4721286
4631278
4400000
4587390
4664190
4825505
4606020
4400000
4629703
4732075
4819004
4387206
4400000
4635459
4873676
4652875
4399890
4716113
4762587
4386453
4421656
4801708
4705359
4843991
4668230
4398639
4400008
4603803
4698754
4810105
4731149
4495222
4400000
4689404
4841052
4658167
4772033
4400008
4437756
4813866
4636404
4710802
4400008
4400000
4629485
4647462
4808399
4599122
4400000
4400008
4728724
4843181
4655164
4788524
4386178
4404745
4864585
4608876
4400000
4568557
4717281
4651190
4400008
4618739
4585204
4875550
4483381
4400008
4698171
4806417
4416136
4400008
4731561
4804493
4695403
4794259
4399991
4400008
4519722
4707331
4756902
4596075
4400008
4652408
4678189
4782518
4534652
4400000
4400000
4636629
4861716
4688758
4790034
4400000
4399991
4783047
4545335
4750865
4644556
4400000
4657669
4682145
4560559
4400000
4400000
4665095
4820049
4626124
4803186
4689996
4490709
4409468
4884286
4638937
4397639
4400000
4400000
4556657
4667958
4772785
4716433
4684304
4533131
4399982
4646695
4873992
4405428
4399991
4840561
4638474
4400008
4511297
4790573
4599184
4400000
4609544
4679705
4760223
4585332
4400008
4399991
4600224
4812700
4664351
4745384
4448754
4400000
4400008
4787003
4722449
4792182
4752025
4387904
4543806
4725404
4637862
4400000
4662731
4752165
4515848
4400000
4400000
4658783
4793774
4462101
4400008
4399991
4802699
4724283
4617993
4399991
4852797
4611544
4399991
4400000
4400000
4648501
4692518
4802976
4516265
4400000
4400000
4739601
4868369
4531071
4400008
4569286
4735154
4635127
4400008
4566057
4704964
4852241
4588716
4400000
4399991
4639950
4840098
4683035
4504610
4400000
4400008
4399991
4790996
4715757
4697279
4416561
4413789
4818050
4638125
4399038
4399991
4583307
4711984
4835199
4704913
4623822
4400000
4400008
4654180
4781738
4741143
4772938
4537080
4400000
4471420
4840488
4663250
4399991
4400000
4400000
4657581
4706013
4583182
4400000
4652616
4852387
4427334
4400000
4400000
4694313
4842371
4707437
4490569
4400000
4400000
4784638
4661599
4597188
4400008
4617954
4578797
4399991
4662057
4635764
4576779
4400000
4400000
4400000
4735102
4753231
4787706
4400000
4400008
4447131
4865857
4547894
4400000
4400000
4575813
4693831
4758799
4600297
4399991
4400008
4616862
4661923
4803088
4503047
4399991
4400008
4399991
4640799
4787459
4576926
4400008
4424904
4786804
4528119
4400008
4606903
4688005
4623048
4399991
4400000
4400000
4669488
4685172
4400000
4330216
4200000
4200000
4200008
4095013
4000000
4000007
3999992
4000007
3999992
3999992
4000015
4000000
3997946
3997885
3999599
3999038
3999631
4000007
3997766
3998316
4000000
3901422
3900007
3900000
3898642
3898475
3899992
3896251
3900000
3896925
3900000
3900000
3900000
3900000
3899992
3900007
3900000
3899984
3900015
3900007
3900000
3899992
3899992
3900000
3900007
3900000
3900000
3900000
3900007
3900000
3899984
3900007
3900000
3900007
3899992
3970831
4000007
4000000
4000000
3999984
4000015
3999992
4000000
4000007
4000000
3999992
4000000
4000007
3999992
3934531
3887107
3899992
3900007
3899992
3900000
3900007
3900000
3899984
3900007
3900000
3900007
3900000
3899992
3900007
3899992
3900007
3899992
3900000
3899992
3900015
3900000
3899992
3900007
3899984
3900007
3900000
3989185
4000000
4000007
4000000
3999992
4000000
4000007
3999992
4000007
3999992
4000000
4000000
4000007
4000000
3999992
4000015
3999984
3940329
3884254
3900000
3900007
3899976
3900015
3899984
3900007
3900007
3900000
3900000
3900000
3900000
3900007
3899992
3900000
3900007
3899992
3900000
3918955
4000007
3999992
4000007
3999992
4000007
3999992
3999984
3999992
4000031
3999992
4000007
3999984
4000007
4000007
4000000
3999992
4000007
4000000
3900385
3900000
3900007
3899984
3900015
3899992
3900000
3900000
3900000
3900000
3900000
3900000
3900007
3899992
3899992
3900015
3899992
3900000
3965546
4000000
4000007
4000000
4000007
4000000
4000000
3999992
3999992
4000000
4000000
4000000
4000000
4000000
4000000
4000000
4000007
4000000
3999992
4000007
4000000
3999992
4000000
4000000
4000007
3999992
3905850
3900000
3900000
3900000
3899992
3900007
3900000
3900000
3900007
3899992
3900000
3900000
3900000
3900000
3900000
3900000
3900000
3907948
4000007
3999992
4000007
3999992
4000000
4000000
4000007
3999992
4000000
4000000
4000000
4000000
4000007
4000000
3999992
4000000
4000000
4000000
4000000
4000000
4000000
4000000
4000000
4000000
4000007
3950693
3897397
3900015
3899992
3900000
3900000
3899992
3900007
3900000
3900000
3900000
3900000
3900000
3900000
3900000
3899992
3900007
3908247
4000000
3999976
4000023
4000000
4000007
4000000
4000007
3999976
4000015
3999992
4795720
4693993
4400008
4393804
4200000
4200008
4199991
4200000
4146077
3999992
4000000
4000000
3999992
4000007
4000000
4000000
3999992
4000000
4000023
3999984
4000000
4000007
3999992
4000000
4000000
3999992
4000007
4000000
4000007
3999992
4000007
3999992
3999992
4000007
4000007
3999992
4000007
4000000
3999992
4000000
4000007
3999992
4000007
3999992
4000000
4000000
4000007
3860295
3900007
3899992
3899992
3900015
3899992
3900007
3899984
3900015
3899992
3900007
3900000
3900000
3899992
3900000
3899992
3976327
4000000
4000000
4000007
4000000
4000000
3999992
4000007
3999992
4000000
4000007
4000000
4000000
3999992
4000007
3999992
4000007
3999992
4000000
4000000
3999992
4000023
3999992
3999984
4000015
4000000
4000000
3999992
4000000
4000007
3978120
3866879
3900007
3900000
3900000
3899992
3899992
3900007
3899992
3900007
3900000
3900000
3899992
3900000
3900007
3900000
3900007
3999441
4000007
4000015
3999984
4000007
3999992
4000007
4000000
4000000
4000000
3999992
4000000
4000007
4000000
4000000
3999992
4000000
4000000
4000000
4000000
4000000
4000007
3999992
4000007
3999992
4000000
4000007
3999992
4000007
4000000
3905908
3900000
3899992
3900007
3899976
3900015
3899976
3900023
3900007
3899992
3900000
3900000
3899992
3900015
3899992
3899992
3986243
4000000
4000007
4000000
3999992
4000007
3999992
4000007
3999992
4000015
3999992
4000007
3999992
4000000
3999992
4000007
3999992
4000007
3999984
4000007
4000007
3999992
4000000
4000007
4000000
4000007
3999984
4000000
4000007
3999992
4000007
3887358
3900000
3900000
3900007
