2065933
3273287
5100161
5100010
5095381
5093682
5086401
5088156
5088088
5093919
5085273
5083749
5085675
5084103
5092121
5100010
5100000
5100020
5099969
5100010
5100010
5099989
5100010
5100010
5099979
5100010
5099989
5100010
5100000
5100000
5099979
5100020
5100000
5100000
5100000
5100010
5100000
5099989
5100000
5100010
5099989
5099989
5100010
5100010
5100000
5100000
5099989
5100010
5100000
5099969
5100020
5100000
5099979
5100020
5100010
5099979
5100010
5100000
5100000
5100010
5099979
5100010
5100000
5099989
5100020
5099989
5100000
5100000
5100000
5100000
5100010
5099989
5100000
5100000
5100000
5100000
5100000
5099989
5100010
5100000
5100000
5100000
5099866
5098800
5100000
5099989
5100000
5096782
5098556
5099556
5098903
5100010
5100000
5099989
5100010
5097467
5099747
5100000
5095005
5096061
5099291
5098766
5098641
5098772
5100010
5098992
5098985
5095780
5099989
5100000
5099989
5100010
5099334
5100020
5100010
5099979
5099989
5100020
5100000
5100000
5100010
5099989
5100010
5099989
5100010
5100000
5099989
5100000
5100000
5100000
5100010
5099989
5100010
5099989
5100000
5100000
5100000
5100000
5100000
5100000
5100000
5100000
5100000
5099989
5100020
5099989
5100000
5099989
5100020
5099979
5100010
5100010
5099989
5100000
5100000
5100000
5100000
5100000
5100000
5099989
5100010
5100010
5100000
5099989
5100010
5099989
5100000
5100000
5100010
5099989
5100000
5100000
5100000
5100000
5100000
5100000
5100010
5099989
5100000
5100000
5100000
5100010
5100000
5099989
5099979
5100020
5100000
5100000
5099989
5100010
5100000
5100000
5100000
5100000
5100000
5100000
5100000
5100000
5100010
5100000
5099979
5100020
5099989
5100000
5100010
5099989
5100010
5099989
5100010
5099989
5100010
5099989
5100000
5100000
5100000
5100000
5099989
5100000
5100010
5100000
5100000
5100000
5100000
5100000
5100000
5100000
5099989
5100010
5100000
5100000
5099989
5100010
5100000
5100010
5099989
5100010
5099989
5100000
5100000
5100000
5100000
5100000
5100000
5100000
5100010
5099989
5100000
5100000
5100010
5100000
5100000
5099989
5100000
5100000
5100000
5100000
5100000
5100000
5100010
5099989
5100000
5100000
5100000
5100000
5100000
5100010
5099989
5100000
5100010
5099989
5100000
5100000
5100000
5100000
5100010
5099989
5100010
5099979
5099989
5100020
5100000
5100000
5100000
5100000
5100010
5099989
5100010
5100000
5099989
5100010
5099989
5100000
5100010
5099989
5100000
5100000
5100000
5100000
5100000
5100010
5100000
5099989
5100000
5100000
5100010
5100000
5099989
5100000
5100000
5100000
5100000
5100000
5100000
5099979
5100020
5100000
5100000
5100000
5100000
5100000
5100000
5100000
5100000
5100000
5100000
5100000
5100000
5100010
5100000
5099989
5100000
5100000
5100000
5100000
5100000
5100000
5100000
5100000
5100000
5100010
5099989
5100000
5100010
5099989
5100000
5100010
5099989
5100000
5100000
5100000
5100000
5100000
5100000
5100010
5100000
5099989
5100000
5100000
5099989
5100020
5099989
5100010
5100000
5099989
5099979
5100020
5100010
5100000
5099989
5100000
5100000
5100000
5100000
5100000
5100000
5100000
5100000
5099989
5100020
5099989
5100000
5100000
5100000
5100000
5100000
5100000
5100000
5100000
5100000
5100000
5100000
5100010
5099989
5100000
5100010
5099989
5099979
5100030
5099989
5100000
5099979
5100030
5099989
5100000
5100010
5099989
5100000
5099989
5100010
5100000
5100000
5100000
5100000
5100010
5100000
5099989
5100000
5100000
5100000
5100000
5099989
5100020
5099989
5099989
5100010
5100000
5100010
5100000
5099989
5100000
5100000
5100000
5100000
5100010
5099989
5100000
5100010
5100000
5099989
5100000
5100000
5100000
5100000
5099989
5100020
5099989
5099989
5100010
5100000
5100010
5100000
5099989
5100000
5100000
5099989
5100020
5099989
5100000
5099979
5100020
5100010
5099989
5100010
5099989
5100000
5100000
5100000
5100000
5100010
5100000
5099989
5100000
5100000
5100010
5100000
5099969
5100020
5099989
5100010
5100000
5100000
5100000
5099979
5100030
5099989
5100000
5100000
5099979
5100020
5100010
5099989
5100000
5100000
5100010
5099989
5099989
5100010
5100000
5099989
5100010
5100000
5100000
5100000
5100000
5100000
5100000
5100000
5100000
5100000
5100000
5100000
5100000
5100010
5099989
5100000
5100000
5100000
5100000
5100000
5100000
5100000
5100010
5099989
5100000
5100000
5100000
5100000
5100000
5100000
5100000
5100000
5100010
5100000
5099989
5100000
5100000
5100000
5100010
5099989
5100000
5099989
5100020
5099989
5100000
5100010
5099989
5099989
5100020
5099989
5100000
5100000
5100000
5100000
5100010
5100000
5099989
5100010
5100000
5099989
5099979
5100020
5100000
5100000
5100010
5099989
5100000
5100000
5100000
5100010
5099989
5100000
5100000
5100010
5099989
5100000
5100010
5099989
5100000
5100000
5100000
5100000
5100000
5100000
5099989
5100020
5099989
5100000
5100010
5100000
5099989
5100000
5099979
5100020
5100000
5100010
5099989
5100000
5100000
5100010
5100000
5099989
5100000
5099989
5100010
5100000
5100010
5099989
5100000
5100000
5100010
5099989
5100000
5100000
5100000
5100000
5100010
5099989
5100000
5100000
5100010
5099969
5100020
5100000
5100000
5100000
5100010
5099979
5100010
5097693
5100010
5099462
5098751
5099491
5100010
5099989
5100010
5099989
5099621
5099979
5100010
5100010
5098850
5100000
5100000
5100000
5100010
5099989
5100000
5100000
5100010
5099989
5100010
5099989
5100010
5099644
5099418
5098458
5098791
5098638
5100000
5100000
5100000
5100000
5100000
5100000
5100010
5100000
5098640
5098444
5099507
5099611
5098371
5100000
5100000
5099141
5100000
5100000
5097556
5097269
5098082
5097540
5098796
5099646
5100000
5097707
5099314
5100000
5097969
5096733
5098756
5097532
5099354
5099232
5100010
5099617
5099877
5099979
5099779
5099421
5098452
5099908
5100010
5097192
5097871
5096742
5099989
5100000
5099403
5100000
5099320
5095024
5097868
5099969
5098404
5096370
5099475
5097325
5098406
5099056
5097584
5096839
5098380
5100000
5099108
5100000
5099288
5098954
5098261
5099883
5100000
5096849
5099989
5099989
5099290
5099019
5099789
5099245
5095042
5100000
5095292
5098128
5099316
5099989
5099979
5099312
5099989
5100000
5097820
5097900
5099738
5099006
5098435
5099223
5097249
5100000
5099287
5100000
5097633
5100010
5098840
5098614
5098182
5100000
5097469
5098578
5097088
5096122
5099293
5099468
5099247
5097663
5098218
5097161
5100000
5100000
5097702
5099802
5098815
5097060
5100020
5097463
5099088
5100000
5099401
5099836
5096100
5096425
5098787
5095727
5095553
5100000
5099989
5099293
5097762
5098825
5099255
5099770
5099866
5097555
5099168
5100010
5100000
5099280
5099259
5099283
5099286
5100000
5097888
5100000
5099989
5098388
5098246
5099358
5100010
5100000
5099989
5100000
5099262
5100000
5100000
5099258
5100000
5099989
5100010
5100000
5100000
5100000
5100000
5100000
5100000
5100000
5100010
5099989
5100000
5100010
5100000
5099989
5100000
5100000
5100000
5100000
5100000
5100010
5099989
5100000
5100000
5100000
5100000
5100010
5100000
5099989
5100000
5100000
5100000
5100000
5100000
5100000
5100000
5100000
5100000
5100000
5100000
5100000
5100000
5100000
5100000
5100000
5100000
5100000
5100000
5100010
5099989
5100010
5099989
5100000
5100000
5100000
5100000
5100010
5099989
5100000
5100010
5099989
5099989
5100010
5100000
5100010
5100000
5099989
5100000
5100000
5100010
5099989
5100000
5100010
5099989
5100000
5100000
5100000
5100000
5100000
5100000
5100000
5100010
5099989
5100000
5100000
5100000
5100000
5100000
5100000
5100000
5100010
5099989
5100000
5100000
5099989
5100010
5100000
5100000
5100000
5100000
5100000
5100010
5100000
5100000
5100000
5099989
5100000
5100000
5100000
5100000
5100010
5100000
5100000
5099989
5100010
5099989
5100000
5100010
5099989
5100000
5100000
5100000
5100000
5100000
5100010
5099989
5100000
5100000
5100000
5100000
5100000
5100010
5099989
5100010
5099989
5100010
5100000
5099989
5099989
5100010
5100000
5100000
5100000
5100010
5099989
5100000
5100000
5099989
5100010
5100000
5100000
5100010
5099989
5100000
5100000
5100010
5099989
5100000
5100000
5100010
5099989
5100010
5099989
5100000
5100010
5099989
5100000
5100000
5099989
5100020
5100000
5099989
5100000
5100010
5099969
5100030
5100000
5100000
5100000
5100000
5100000
5100000
5099989
5100000
5100000
5100000
5100000
5100000
5100010
5099989
5100010
5100000
5099989
5100000
5100010
5099989
5100000
5100000
5100000
5100000
5100000
5100000
5100000
5100000
5100010
5099989
5100000
5100000
5100000
5100000
5100000
5100000
5100000
5100010
5100000
5099989
5100000
5100000
5099989
5100010
5100000
5100000
5100000
5100000
5100000
5100000
5100010
5099989
5100000
5100000
5100010
5099989
5100000
5100010
5099989
5100000
5099989
5100020
5100000
5099989
5100010
5099989
5100000
5100010
5099989
5100000
5100000
5100000
5100000
5099989
5100010
5100000
5100000
5100000
5100000
5100000
5100000
5100010
5099989
5100010
5099989
5100000
5100000
5100000
5100000
5100010
5100000
5099989
5100000
5100000
5099989
5100010
5100000
5100000
5100000
5100010
5099989
5100010
5099989
5100000
5100000
5100010
5099989
5100000
5100000
5100000
5100000
5100000
5100000
5100000
5100000
5100000
5100010
5099989
5100000
5100000
5100000
5100000
5100000
5100000
5100000
5100010
5099979
5100010
5100010
5099989
5100000
5100000
5100010
5099989
5100000
5100000
5100000
5100000
5100000
5100010
5099989
5100000
5100000
5100000
5100010
5099989
5100000
5100000
5100000
5100000
5100000
5100000
5100000
5100010
5099989
5100000
5100010
5099989
5100000
5099979
5100020
5099989
5100010
5100000
5100000
5100010
5099989
5100000
5100000
5100000
5100010
5099989
5100010
5100000
5099989
5100010
5099989
5100000
5100000
5100010
5100000
5099989
5100010
5100000
5099989
5100000
5100000
5100000
5100000
5100000
5100000
5100000
5100000
5100000
5100010
5099989
5100000
5100000
5100010
5099989
5100000
5100000
5100000
5100000
5100000
5100000
5100000
5100010
5100000
5099989
5100000
5100000
5099979
5100020
5100000
5100010
5099989
5100000
5100000
5100000
5100000
5100000
5100000
5100010
5100000
5099989
5100010
5099989
5100000
5100000
5100000
5100010
5099989
5100010
5099989
5100000
5100010
5099989
5100010
5099989
5100000
5100000
5100000
5100000
5100000
5100010
5099989
5100000
5100000
5100000
5100000
5099979
5100020
5100000
5099989
5100010
5100000
5100000
5100000
5100010
5100000
5099989
5100000
5100000
5100000
5100000
5100010
5099979
5100010
5100000
5100000
5100000
5100000
5100010
5099989
5100010
5100000
5099989
5100010
5099989
5100000
5100000
5100000
5100000
5100010
5099989
5100000
5100000
5100000
5100000
5100010
5100000
5099989
5100000
5100000
5100000
5100000
5100000
5100000
5100000
5100000
5100000
5100010
5099989
5100000
5100010
5099989
5100000
5100000
5100000
5100000
5099979
5100020
5100000
5099979
5100020
5100000
5100000
5100000
5100000
5100010
5099989
5100010
5099989
5099989
5100010
5100000
5100000
5100000
5100000
5100000
5099989
5100010
5100010
5099989
5100000
5100000
5100000
5100000
5100000
5100000
5100010
5099989
5100000
5100000
5100000
5099979
5100020
5100000
5100000
5100000
5100010
5100000
5099989
5100000
5100010
5099989
5100000
5100010
5099989
5100010
5099989
5100000
5099989
5100010
5100010
5099989
5100000
5100000
5100000
5100000
5100000
5100000
5100000
5100000
5100010
5099989
5100000
5100000
5100000
5100000
5100010
5099989
5100010
5100000
5099989
5100000
5100000
5099989
5100010
5100010
5099989
5100010
5099989
5100000
5100000
5100000
5100000
5100010
5099989
5100010
5099989
5100000
5100000
5100000
5100000
5100010
5099969
5100010
5100010
5100000
5100000
5099989
5100010
5100000
5100000
5100000
5100000
5100010
5099989
5100000
5100000
5100000
5100000
5100000
5100000
5100010
5099989
5100000
5100000
5100000
5100000
5100000
5100000
5100000
5100010
5099989
5100000
5100000
5100000
5100010
5100000
5099989
5100000
5100010
5100000
5099989
5100000
5100000
5100000
5100000
5100000
5100000
5100010
5099989
5100000
5100010
5099989
5100010
5099989
5100000
5099989
5100010
5100000
5100000
5100000
5100000
5100000
5100000
5100000
5100000
5100000
5100000
5100010
5099989
5100000
5100010
5099989
5100000
5100010
5099989
5100000
5100000
5100010
5099989
5100000
5100000
5100000
5100000
5100000
5100000
5100000
5099979
5100020
5100000
5100000
5100000
5100000
5100010
5099989
5100000
5100010
5099989
5100000
5100000
5100000
5099989
5100020
5099989
5100000
5100000
5100010
5099989
5100000
5100000
5100010
5099989
5100010
5099989
5100000
5100000
5100000
5100000
5100000
5100000
5100010
5099989
5100000
5100000
5100000
5100010
5099989
5100000
5100010
5100000
5099989
5100010
5099989
5100000
5100000
5100000
5100000
5100000
5100000
5100000
5100000
5100000
5100000
5100010
5099989
5100010
5099989
5100000
5099989
5099989
5100020
5100000
5100010
5099989
5100010
5100000
5099989
5100000
5100000
5100000
5100000
5100000
5100000
5100000
5100000
5099989
5100010
5100000
5100010
5099989
5100000
5100000
5099989
5100020
5099989
5099989
5100000
5100010
5100000
5100000
5100000
5099989
5100000
5100000
5099989
5100020
5100000
5100000
5099989
5100000
5100010
5100000
5100010
5099979
5100010
5099989
5100010
5100000
5100000
5100000
5099868
5100131
5100000
5099989
5100010
5100000
5100000
5100010
5099989
5100000
5100000
5100000
5100000
5099979
5100010
5100020
5099989
5100000
5100010
5099989
5100010
5099979
5100020
5099989
5100000
5099989
5100000
5100020
5099989
5099989
5100010
5099989
5099989
5100030
5099989
5099989
5100010
5100000
5100010
5099989
5100000
5100000
5099989
5100020
5099989
5100000
5100000
5100010
5099989
5100000
5100000
5100000
5100000
5100000
5100000
5100010
5099989
5100000
5100000
5100000
5100000
5100000
5100010
5100000
5100000
5100000
5099989
5100000
5100010
5099989
5100010
5099989
5100000
5100000
5100010
5099979
5100010
5100000
5100000
5100010
5099989
5100010
5099989
5100000
5100000
5100000
5100010
5099989
5100010
5099989
5100000
5100000
5100000
5100000
5100000
5100000
5100010
5100000
5099989
5100010
5099989
5100000
5100010
5099989
5100010
5100000
5100000
5099989
5100000
5100000
5100000
5100000
5100010
5099989
5100000
5100010
5100000
5100000
5099989
5100010
5099989
5099989
5100010
5100000
5100000
5100000
5100010
5100000
5099989
5100000
5100010
5099979
5100010
5100000
5100000
5100000
5100000
5100000
5100000
5100000
5100000
5100010
5099989
5100000
5100000
5100000
5100010
5099989
5099989
5100020
5099989
5100000
5100010
5099989
5100000
5100000
5100000
5100000
5100000
5100000
5100000
5100000
5100000
5100000
5100000
5100000
5099989
5100010
5100010
5099989
5100000
5100010
5099989
5100000
5100010
5099989
5100000
5100000
5100010
5100000
5099989
5100000
5100000
5100010
5099989
5100010
5100000
5099989
5100010
5099989
5099989
5100020
5099989
5100010
5099989
5100000
5100000
5100010
5099989
5100000
5100010
5099989
5100000
5100000
5100010
5099989
5100000
5099989
5100010
5100000
5100000
5100010
5099989
5100000
5100000
5100000
5100010
5099989
5100000
5100000
5100010
5100000
5099989
5100000
5100000
5100000
5100000
5100000
5100010
5099979
5100010
5100000
5100000
5100000
5100000
5100000
5100000
5100000
5100000
5100000
5100010
5099989
5100000
5100010
5099989
5100010
5099979
5100010
5100010
5100000
5099989
5100000
5100000
5100010
5100000
5099989
5100000
5100000
5100000
5100000
5100000
5100000
5100010
5099989
5100000
5100000
5100000
5100010
5099989
5100000
5100000
5100000
5100000
5100000
5100000
5100000
5099989
5100020
5099989
5100000
5100000
5099989
5100010
5100000
5100000
5100000
5100000
5100000
5100000
5100000
5100000
5100000
5099989
5100010
5100010
5099969
5100020
5100000
5100000
5100010
5099989
5100000
5100000
5100000
5100000
5100010
5099989
5100000
5100000
5100000
5100000
5100010
5099989
5100010
5099989
5100000
5100010
5099989
5100000
5099989
5100020
5099989
5100000
5100010
5100000
5099989
5100010
5099989
5100000
5100010
5099989
5100010
5099989
5100010
5100000
5099989
5100000
5100000
5100010
5100000
5099989
5100000
5100010
5100000
5099989
5100000
5100000
5100010
5100000
5100000
5099989
5100010
5100000
5100000
5100000
5100000
5099989
5100000
5099989
5100020
5099989
5100000
5100000
5100000
5100010
5099989
5100000
5100000
5100000
5100000
5100010
5099989
5100010
5099989
5100010
5099989
5100000
5100000
5100000
5100000
5100000
5100010
5099989
5100000
5100010
5099989
5100000
5100010
5099969
5100030
5100000
5100000
5099989
5100000
5100000
5100000
5100000
5100000
5099989
5100010
5100000
5100000
5100000
5100000
5100000
5100000
5100000
5100000
5100000
5100010
5099989
5100000
5099989
5100010
5100000
5100000
5100000
5100000
5100000
5100000
5100000
5100010
5099969
5100020
5100010
5099989
5100010
5100000
5099989
5100000
5100000
5100010
5099989
5100000
5100000
5100000
5100010
5099989
5100000
5100000
5100000
5100000
5100000
5100000
5100000
5100000
5100000
5100000
5100000
5100000
5100000
5099989
5100010
5100000
5100000
5100000
5100000
5100000
5100010
5100000
5100000
5100000
5099989
5100000
5100000
5100000
5100010
5100000
5100000
5099989
5100000
5100000
5100000
5100000
5100000
5100000
5100010
5100000
5099989
5100000
5100010
5099989
5100000
5099989
5100020
5099989
5100000
5100010
5100000
5099989
5100000
5100010
5099989
5100000
5100000
5100000
5100000
5100000
5100000
5100010
5099989
5100000
5100000
5099989
5100010
5100000
5100000
5100010
5099989
5100000
5100000
5100000
5100000
5100010
5099989
5100000
5100010
5099989
5100000
5100000
5100000
5100000
5100010
5099989
5100010
5099989
5100000
5100000
5099989
5100010
5100000
5100000
5100010
5099989
5100010
5100000
5099989
5100010
5099989
5100010
5100000
5099989
5100000
5100000
5100000
5100000
5100000
5100000
5100010
5099989
5100000
5100010
5099989
5100000
5100000
5100000
5100000
5100000
5100010
5099989
5100010
5099989
5100010
5099989
5100010
5099969
5100020
5100010
5099989
5100010
5100000
5099989
5100000
5100000
5100010
5099989
5100000
5100010
5100000
5099989
5100000
5100000
5100000
5100000
5100000
5100000
5100000
5100010
5099989
5100000
5100000
5100000
5100000
5100010
5099989
5100000
5100010
5099979
5100010
5100000
5100000
5100000
5100000
5100000
5100000
5100000
5100000
5100000
5100000
5100000
5100000
5100010
5099989
5100000
5098963
5100000
5100000
5097553
5099989
5100000
5100000
5100000
5096174
5100000
5100000
5100000
5098039
5099674
5100010
5099989
5100000
5097692
5100000
5100000
5098459
5097908
5097682
5098641
5099048
5100000
5100000
5100000
5100000
5099334
5100010
5099989
5096913
5099989
5100000
5100010
5099989
5100000
5100000
5100000
5099670
5099989
5100000
5100000
5100000
5100000
5097129
5098837
5100000
5100010
5099989
5098955
5097761
5098251
5096097
5099989
5097677
5100010
5097558
5099192
5097545
5100000
5100000
5096801
5100010
5099076
5098326
5095666
5099274
5096540
5098313
5099366
5098284
5097262
5099010
5096041
5096976
5100030
5099274
5096928
5100000
5100000
5099573
5100000
5100010
5096163
5096906
5098788
5098118
5099018
5097815
5099235
5100000
5099141
5095372
5098360
5100010
5099488
5097279
5098545
5098865
5099385
5094507
5096098
5099673
5097931
5099695
5095344
5096220
5096540
5097785
5098586
5097465
5097407
5100010
5096557
5097380
5099212
5094274
5099326
5095134
5100000
5095018
5098485
5097621
5095630
5099473
5097772
5099600
5095083
5099989
5099049
5099371
5099485
5095338
5096333
5100010
5095956
5095366
5095229
5093474
5097733
5095867
5100000
5095760
5099969
5096678
5099267
5099454
5099172
5094151
5100000
5099374
5099669
5100010
5096706
5097528
5092537
5098579
5100010
5099989
5096427
5099545
5097957
5098475
5098943
5099476
5097754
5097109
5097121
5097233
5080626
5097095
5097961
5096793
5098655
5097118
5096024
5098550
5098939
5098649
5100010
5099275
5096790
5092904
5096754
5099241
5098439
5098564
5098589
5099572
5099284
5099247
5099979
5094971
5099989
5099435
5096213
5099551
5097871
5096464
5099611
5096898
5096385
5097668
5099182
5097207
5099130
5098952
5098634
5097120
5097997
5098517
5098752
5099146
5097682
5099754
5099281
5097455
5096902
5098860
5097927
5097881
5060735
5099447
5098844
5097701
5098846
5094671
5097117
5098387
5094897
5096782
5096610
5097886
5099711
5094955
5098627
5095211
5098554
5098491
5096498
5099291
5099421
5099089
5098557
5093586
5098744
5099508
5097188
5098841
5100000
5094849
5098183
5099355
5099305
5098051
5100010
5099989
5098193
5098603
5098585
5098889
5099493
5094560
5099406
5099905
5099892
5089669
5100000
5098728
5099220
5099252
5099385
5099213
5099710
5097813
5100000
5100000
5094732
5099289
5100000
5099943
5099568
5098545
5100010
5100000
5100000
5100000
5100000
5099285
5100000
5100000
5100000
5099280
5100000
5100000
5070023
5098630
5100000
5099989
5100000
5100000
5100000
5100000
5100010
5099989
5099989
5100010
5100000
5100000
5100000
5100000
5100000
5100010
5099989
5100000
5100000
5100000
5100000
5100010
5099989
5100000
5100000
5100000
5100000
5099294
5100000
5099989
5100000
5100010
5099989
5100000
5100000
5100000
5100000
5100000
5100000
5100000
5100000
5100000
5100000
5100000
5100000
5099989
5100010
5100000
5100000
5100010
5099989
5100000
5100000
5100010
5099989
5100010
5099989
5100010
5099989
5100000
5094781
5088624
5088588
5096896
5099845
5095815
5094035
5094777
5097493
5100010
5100000
5099126
5095368
5100010
5098071
5099989
5100000
5100000
5100000
5100010
5099989
5100010
5091805
5093741
5097102
5100000
5099989
5095368
5095364
5098697
5100000
5100000
5096366
5100000
5097322
5085675
5096788
5093078
5095376
5098564
5098456
5085286
5095107
5100000
5100000
5100010
5100000
5094296
5094700
5100000
5100000
5087328
5090198
5090382
5086126
5097581
5100000
5099673
5100010
5100000
5099989
5097834
5098557
5096486
5087919
5092249
5099216
5099528
5100010
5091294
5088565
5100000
5099289
5097647
5099226
5097313
5096118
5097505
5085674
5088021
5083334
5083995
5088032
5089580
5084079
5087281
5085620
5084926
5092176
5088417
5086574
5087923
5083907
5088602
5092046
5100000
5099289
5091124
5089474
5095020
5096789
5099820
5091342
5098625
5099989
5100000
5096398
5097839
5098553
5100010
5099989
5100000
5098555
5100010
5091025
5098557
5100000
5100000
5100000
5099969
5100030
5096758
5091803
5099989
5100000
5100000
5098540
5099289
5098561
5094500
5090903
5092280
5091269
5089979
5099262
5098570
5099287
5100000
5100010
5099989
5100010
5099989
5100000
5100000
5099319
5088976
5092664
5089764
5090818
5083333
5097740
5089421
5087312
5093206
5092163
5089018
5090982
5098566
5100000
5096151
5100000
5099161
5088316
5092860
5094570
5093050
5091822
5099258
5100010
5100000
5100010
5099989
5098572
5100000
5099989
5091483
5099083
5097935
5088260
5094510
5094939
5086466
5094399
5098040
5090807
5088989
5092650
5098425
5097941
5097430
5100010
5099348
5095366
5098556
5100000
5100000
5100010
5099989
5100000
5100000
5099292
5100000
5097099
5097833
5100000
5098088
5092402
5099695
5099261
5099481
5095565
5100010
5096369
5096369
5099268
5100000
5095502
5098552
5096581
5100000
5099306
5100000
5099285
5097915
5098767
5099989
5099282
5096774
5099408
5090505
5096479
5088903
5092051
5089736
5094033
5096284
5099675
5100000
5100000
5098573
5097704
5097102
5095624
5100000
5099292
5100000
5099989
5100000
5100000
5100000
5100010
5099989
5095802
5097022
5099250
5099269
5100000
5099516
5097044
5100010
5100010
5099989
5100000
5100010
5099989
5100010
5099989
5100000
5100000
5100000
5100000
5100000
5100010
5100000
5100000
5100000
5099989
5100010
5099989
5100000
5100010
5099959
5100030
5100000
5100010
5100000
5099989
5100000
5100000
5100000
5100000
5100000
5100000
5100000
5100000
5100010
5099989
5100000
5100000
5100000
5100010
5100000
5099989
5100010
5099989
5100000
5100000
5100010
5099989
5100000
5100000
5100010
5100000
5099989
5100000
5100000
5100000
5100000
5100000
5100010
5099989
5100000
5100000
5100000
5100000
5100000
5100000
5100000
5100000
5100000
5100000
5100010
5099989
5100010
5099989
5100010
5099989
5100000
5100000
5100000
5100000
5100010
5099989
5100000
5100000
5100000
5100010
5100000
5099989
5100000
5100000
5099989
5100010
5100000
5100000
5100010
5100000
5099989
5100000
5100000
5100000
5100000
5100000
5100000
5099989
5100010
5100000
5100000
5100010
5099989
5100000
5100000
5100000
5100000
5100000
5100000
5100000
5100000
5100010
5099989
5100010
5099989
5100000
5100000
5100010
5099989
5100000
5100000
5100000
5100000
5100000
5100000
5100010
5099989
5100010
5099989
5100010
5099989
5100000
5100010
5100000
5099989
5100000
5100000
5100010
5100000
5099989
5100010
5100000
5100000
5099989
5100000
5099989
5100020
5099979
5100010
5100010
5099989
5100000
5100000
5100000
5100000
5100010
5100000
5099989
5100000
5100000
5100000
5100000
5100000
5100010
5099989
5100000
5100000
5100010
5099989
5100000
5100000
5100000
5100010
5100000
5099989
5100000
5100000
5100000
5100000
5100000
5100010
5099989
5100000
5100010
5099989
5100000
5100000
5099979
5100030
5100000
5099989
5100000
5100000
5100000
5100000
5100000
5100000
5100000
5100010
5099989
5100000
5100000
5100010
5099969
5100020
5100000
5100000
5099989
5100020
5100000
5099989
5100000
5100000
5100000
5100000
5100000
5100000
5100010
5099989
5100000
5100000
5100000
5100000
5100000
5100010
5100000
5099989
5100000
5100000
5100000
5100000
5100000
5100000
5100000
5100010
5099989
5100010
5099989
5100000
5100000
5100000
5100000
5100000
5100000
5100000
5100000
5100000
5100000
5100000
5100000
5100000
5100000
5100000
5100000
5100000
5100000
5100000
5100000
5100000
5100000
5100010
5099989
5100000
5100000
5100010
5099989
5100000
5100000
5100000
5100000
5100000
5100010
5100000
5100000
5100000
5100000
5099989
5100000
5100000
5100000
5100000
5100000
5100000
5100000
5100000
5100000
5100000
5100010
5099989
5100010
5100000
5099989
5100000
5100000
5100000
5100000
5100000
5100010
5099989
5100010
5100000
5099989
5100010
5099989
5100000
5100000
5100010
5100000
5099989
5100000
5100000
5100010
5099989
5100010
5099989
5100000
5099989
5100010
5100000
5100000
5100000
5100000
5100010
5099989
5100000
5100010
5100000
5099989
5100000
5100000
5100000
5100000
5100000
5100010
5099979
5100010
5100000
5100010
5099989
5100010
5099989
5100000
5100000
5100000
5100010
5099989
5100000
5100000
5100010
5100000
5099989
5100000
5100000
5100000
5100000
5100010
5099989
5100000
5100000
5100000
5100000
5100000
5100000
5100000
5100000
5100000
5100000
5100010
5099989
5100000
5100000
5100000
5100000
5100010
5100000
5099989
5100000
5100000
5100000
5100010
5099989
5100000
5100000
5100000
5100000
5100000
5100010
5100000
5100000
5100000
5100000
5099989
5100010
5099989
5100000
5100000
5100010
5099989
5100000
5100000
5100000
5100000
5100000
5100000
5100010
5099989
5100010
5099989
5100000
5100000
5100000
5100000
5100010
5099989
5100000
5100000
5100000
5100000
5100010
5099989
5100010
5099989
5100000
5100000
5100000
5100000
5100000
5100000
5100000
5100000
5100010
5099989
5100000
5100010
5099989
5100000
5100010
5099989
5100000
5100010
5100000
5099989
5100000
5100000
5100000
5100010
5099989
5100000
5100000
5100010
5099989
5100010
5100000
5100000
5099979
5100020
5099989
5100010
5099989
5100000
5100000
5100010
5100000
5099989
5100000
5100010
5100000
5099989
5100010
5099989
5100000
5100010
5099979
5100010
5100010
5099989
5100000
5100000
5100010
5099989
5100010
5099989
5100010
5099989
5100000
5100000
5100000
5099989
5100010
5100010
5099989
5100000
5100010
5100000
5100000
5099989
5100000
5100000
5100000
5100000
5100010
5099989
5100010
5099989
5100010
5099989
5100010
5099989
5100010
5099989
5100000
5100010
5099989
5100010
5099989
5100010
5099989
5100010
5099989
5100000
5100010
5100000
5099989
5098228
5100000
5100010
5100000
5100000
5098685
5100000
5100000
5099474
5100000
5099989
5100010
5099989
5100010
5099989
5100010
5100000
5099989
5100000
5100000
5100000
5100000
5100000
5099989
5100010
5100010
5099989
5100000
5100000
5100000
5100000
5099572
5100010
5100000
5099989
5098654
5098407
5099607
5097692
5099989
5098895
5099650
5099989
5100010
5100000
5099989
5100000
5100010
5097507
5100000
5100010
5099979
5100020
5100000
5099989
5098433
5098557
5100000
5100000
5097000
5100010
5099989
5098485
5099648
5096739
5099797
5098654
5096039
5098315
5096886
5098360
5099532
5097697
5098270
5100000
5099452
5097486
5100000
5098435
5099231
5096122
5099500
5097690
5096946
5100010
5099244
5100000
5094521
5100000
5099198
5100000
5098488
5096635
5096808
5100000
5099450
5100010
5098134
5093804
5097199
5097687
5100010
5096417
5098311
5099122
5097213
5095985
5099011
5100000
5095257
5097683
5094325
5093842
5097687
5092901
5096042
5095336
5099023
5096793
5100000
5096187
5097318
5098653
5099403
5096595
5100000
5096789
5100010
5093818
5095260
5099643
5097137
5093112
5096522
5097257
5097698
5091108
5093953
5097697
5098290
5095675
5098146
5095939
5098440
5093586
5096619
5092272
5092453
5094974
5099824
5097632
5095710
5095472
5100000
5100010
5099989
5100000
5100000
5100010
5099323
5095295
5096823
5096421
5099143
5098426
5089501
5095372
5093300
5097509
5098319
5095789
5096360
5098559
5096217
5092810
5099905
5094876
5095374
5099384
5100000
5098925
5100010
5100000
5100000
5100000
5099989
5099300
5099989
5099979
5100020
5099989
5100010
5100000
5100000
5099989
5100010
5099989
5100010
5100000
5100000
5100000
5100010
5099989
5099989
5100010
5100000
5100000
5099989
5100020
5099989
5100010
5100000
5099989
5100000
5099989
5100020
5099989
5100000
5100000
5100000
5099989
5100000
5100000
5099989
5100020
5100000
5100010
5099989
5099989
5100010
5100000
5100010
5099989
5100000
5100010
5099989
5100000
5099989
5100010
5100010
5099989
5100010
5099989
5100000
5100000
5100000
5100000
5100000
5100000
5100010
5100000
5099989
5100000
5100000
5100010
5099989
5100000
5100000
5100000
5099989
5100010
5099989
5100000
5100010
5100000
5100000
5100000
5099989
5100020
5099989
5100000
5100000
5099989
5100010
5099989
5100010
5100000
5100000
5100000
5100000
5100010
5100000
5099989
5100000
5100010
5099989
5099989
5100020
5099989
5100000
5100000
5100000
5100010
5099989
5100000
5100010
5099989
5099989
5100000
5100000
5100020
5099989
5099989
5100000
5100010
5100000
5100010
5099979
5100000
5100020
5099989
5100010
5099989
5099989
5100010
5100000
5100000
5100000
5100010
5100000
5099979
5100020
5099979
5100010
5099989
5100010
5099979
5100030
5100000
5100000
5100000
5099989
5100000
5100010
5099959
5100040
5099989
5100000
5100010
5099989
5100000
5100010
5099989
5100000
5100010
5100000
5099989
5100000
5099979
5100030
5099989
5099989
5100020
5100000
5099989
5100000
5100010
5099989
5100000
5099989
5100000
5100000
5099979
5100030
5099989
5100010
5100000
5100010
5099969
5095652
5094136
5099989
5100010
5100010
5099989
5100010
5095324
5090154
5094405
5097621
5087902
5095577
5094236
5094778
5094505
5099989
5100010
5100000
5100000
5100000
5100000
5100000
5093839
5087332
5095787
5091500
5090734
5094308
5084835
5091381
5097766
5090430
5087087
5087955
5087824
5091537
5084629
5090692
5086256
5089893
5089432
5091351
5090210
5096349
5087304
5088017
5090590
5099989
5097821
5100000
5099989
5097704
5093482
5094441
5088010
5089102
5087158
5083333
5096567
5091718
5086811
5088648
5094164
5100000
5089641
5091746
5094298
5095916
5093454
5093521
5097089
5091396
5091542
5090576
5093050
5094619
5091314
5094305
5090046
5092145
5088891
5094408
5094478
5086943
5097850
5099394
5100020
5099979
5100010
5095591
5095798
5094108
5087891
5086305
5092688
5094140
5094921
5095894
5087481
5097872
5094864
5094604
5095670
5095028
5099296
5094204
5091553
5090058
5090949
5094868
5088912
5091114
5099989
5100010
5099989
5100020
5094473
5095706
5099989
5099295
5098237
5097721
5090763
5094340
5091906
5097829
5095614
5099431
5099921
5095174
5094047
5086799
5094570
5099276
5100010
5100000
5100000
5099989
5100000
5100010
5099302
5099281
5099286
5098313
5100010
5097010
5097167
5097718
5100000
5100000
5100000
5100000
5097826
5099280
5100000
5100000
5100000
5100000
5100000
5100010
5099275
5100000
5099989
5100010
5100000
5100010
5099989
5100010
5099989
5100000
5098456
5100000
5100000
5099989
5099979
5100010
5100010
5100010
5099275
5100010
5099989
5100010
5098559
5099989
5100010
5100010
5100000
5099989
5100000
5100000
5100000
5100000
5099298
5099989
5099989
5100010
5100000
5097947
5100000
5099989
5100000
5100010
5099989
5100000
5100000
5100000
5100020
5099989
5099989
5100000
5100010
5100000
5100000
5098490
5100010
5099989
5100000
5100010
5099989
5099989
5100020
5100000
5099989
5100000
5100000
5100000
5100000
5100000
5096925
5100000
5100000
5100000
5100000
5100000
5100000
5099989
5100000
5100000
5100010
5100000
5100000
5100000
5100000
5100000
5100000
5100000
5100000
5100010
5099989
5100010
5100000
5099979
5100010
5100000
5100010
5099989
5100010
5100000
5099989
5100000
5100000
5100010
5099989
5100010
5099989
5099989
5100010
5099989
5100010
5100010
5099989
5100010
5099989
5100000
5100000
5100000
5100000
5100000
5100000
5100010
5100000
5099989
5100000
5100000
5100000
5100000
5100000
5100000
5100000
5100010
5099989
5100000
5100000
5100000
5100000
5100010
5099989
5100000
5100000
5100000
5100010
5099989
5100000
5100000
5100000
5100000
5100000
5100000
5100010
5099989
5100000
5100000
5100000
5100000
5100010
5099989
5100000
5100010
5099989
5100000
5100000
5100000
5100000
5100010
5099989
5100000
5100000
5100000
5100010
5100000
5099989
5100000
5100010
5099989
5100000
5099989
5100010
5100000
5100000
5100000
5100000
5100000
5099979
5100020
5100000
5100000
5100000
5100000
5100010
5099989
5100000
5100010
5099989
5100000
5100000
5100000
5100000
5100010
5099989
5100000
5100000
5100000
5099989
5100000
5100020
5099989
5100010
5100000
5099989
5100000
5100000
5100010
5099989
5100010
5099989
5100000
5100000
5100000
5100000
5100000
5100000
5100000
5100000
5100000
5100000
5100000
5100000
5100000
5100000
5100000
5100000
5100000
5100000
5100000
5100000
5100010
5099989
5100000
5100000
5100000
5100000
5100000
5100000
5100000
5100000
5100000
5100010
5100000
5099989
5100010
5099989
5099989
5100010
5100000
5100000
5100010
5100000
5099989
5100000
5100000
5100000
5100010
5100000
5099989
5100000
5100010
5099989
5100000
5100000
5100000
5100000
5100000
5100000
5100010
5099989
5100000
5100000
5100000
5100000
5100000
5100000
5100000
5100000
5100000
5100000
5100000
5100010
5099989
5100000
5100010
5099989
5100000
5100000
5100000
5100010
5099989
5100010
5099989
5100000
5100000
5100000
5100000
5100010
5100000
5099989
5100000
5100000
5099989
5100010
5100000
5100010
5099989
5100000
5100000
5100000
5100000
5100000
5100000
5100000
5100000
5100000
5100000
5100000
5100000
5100000
5100010
5099989
5100010
5099989
5100000
5100000
5100000
5100000
5100000
5100000
5100000
5100000
5100000
5100000
5100010
5099989
5100000
5100000
5100000
5100000
5100000
5100000
5100000
5100000
5100000
5100010
5099989
5100000
5100010
5099989
5100000
5100010
5099989
5100010
5100000
5099989
5100010
5099989
5100000
5100000
5100000
5100000
5100000
5100000
5100010
5099989
5100000
5100010
5099989
5100010
5099989
5100000
5100000
5100000
5100000
5100000
5100000
5100010
5099989
5100010
5099989
5100000
5100010
5100000
5099989
5100000
5100000
5100000
5100010
5099989
5100010
5100000
5099989
5100000
5100000
5100000
5100000
5100000
5100000
5100000
5100010
5099989
5100000
5099989
5100010
5100000
5100000
5100000
5100000
5100000
5100000
5100000
5100000
5100000
5099989
5100020
5099989
5100000
5100000
5100000
5100000
5100010
5095372
5100000
5100000
5100000
5100010
5100000
5099989
5100010
5099989
5100010
5099989
5100010
5099989
5100000
5100000
5100000
5100000
5100000
5100000
5100000
5100010
5099989
5100000
5100000
5100000
5100000
5100000
5095656
5100000
5100000
5099989
5100000
5100000
5100000
5094125
5099989
5100000
5095775
5099989
5100010
5095800
5100000
5100000
5100000
5100010
5099989
5100010
5100000
5099989
5100000
5099989
5094248
5098848
5099989
5100000
5100000
5095021
5100000
5100000
5095661
5095169
5095744
5100000
5100000
5100000
5100010
5100000
5099989
5100000
5100010
5099989
5095818
5100000
5100000
5095783
5100010
5095990
5099989
5100000
5091608
5083790
5097676
5100000
5095845
5095563
5093676
5093856
5093954
5099039
5093845
5097913
5095864
5084388
5091433
5089339
5086599
5079461
5089172
5095664
5095297
5090175
5088352
5085310
5093875
5085588
5093479
5091484
5093848
5089714
5085634
5100010
5078857
5090446
5087112
5095757
5089004
5100010
5091427
5086306
5088770
5094281
5089027
5087759
5094098
5091738
5097684
5087108
5089854
5091644
5087349
5095795
5091692
5079413
5094109
5087376
5081033
5093638
5093859
5089386
5088032
5087428
5090773
5091631
5085231
5089681
5082396
5080449
5091213
5088142
5090910
5085043
5091572
5086237
5093501
5091529
5089872
5087596
5089181
5088223
5090515
5090203
5083870
5092570
5080713
5085594
5085645
5087080
5087708
5086209
5091622
5086010
5082620
5076454
5092273
5087411
5081392
5086267
