0.040283203125000
0.243652343750000
0.581787109375000
0.839477539062500
0.691223144531250
0.867309570312500
0.709533691406250
0.879760742187500
0.704406738281250
0.890808105468750
0.710021972656250
0.886657714843750
0.708618164062500
0.882507324218750
0.711120605468750
0.888183593750000
0.713684082031250
0.894958496093750
0.713256835937500
0.893798828125000
0.715087890625000
0.710998535156250
0.895507812500000
0.707519531250000
0.890197753906250
0.871704101562500
0.716064453125000
0.881042480468750
0.713500976562500
0.712524414062500
0.890869140625000
0.705383300781250
0.891479492187500
0.725280761718750
0.879089355468750
0.714782714843750
0.900085449218750
0.719909667968750
0.909423828125000
0.712829589843750
0.903808593750000
0.720275878906250
0.877136230468750
0.725524902343750
0.723754882812500
0.716125488281250
0.909790039062500
0.723999023437500
0.897155761718750
0.721069335937500
0.911376953125000
0.725585937500000
0.898742675781250
0.721008300781250
0.902465820312500
0.718933105468750
0.906433105468750
0.708251953125000
0.911254882812500
0.726806640625000
0.920349121093750
0.720825195312500
0.905517578125000
0.714599609375000
0.910522460937500
0.728576660156250
0.909790039062500
0.735473632812500
0.917541503906250
0.725830078125000
0.897521972656250
0.738220214843750
0.887145996093750
0.716125488281250
0.894836425781250
0.729736328125000
0.903259277343750
0.738891601562500
0.913330078125000
0.730285644531250
0.914916992187500
0.727172851562500
0.922363281250000
0.705139160156250
0.891601562500000
0.729675292968750
0.928466796875000
0.733154296875000
0.913940429687500
0.735229492187500
0.913940429687500
0.729492187500000
0.919189453125000
0.729919433593750
0.912231445312500
0.746765136718750
0.925109863281250
0.732971191406250
0.910583496093750
0.721374511718750
0.904907226562500
0.731323242187500
0.904174804687500
0.728576660156250
0.906616210937500
0.732238769531250
0.911071777343750
0.742919921875000
0.912109375000000
0.732421875000000
0.911437988281250
0.729797363281250
0.906921386718750
0.735900878906250
0.927978515625000
0.735656738281250
0.738342285156250
0.931701660156250
0.741821289062500
0.912170410156250
0.734619140625000
0.915649414062500
0.726562500000000
0.935852050781250
0.740905761718750
0.920593261718750
0.744079589843750
0.922851562500000
0.736755371093750
0.921630859375000
0.744873046875000
0.923645019531250
0.748291015625000
0.937255859375000
0.742797851562500
0.929382324218750
0.734069824218750
0.927734375000000
0.741943359375000
0.740417480468750
0.928527832031250
0.747802734375000
0.929199218750000
0.733032226562500
0.928405761718750
0.744995117187500
0.926330566406250
0.742858886718750
0.938415527343750
0.745483398437500
0.926879882812500
0.743408203125000
0.926269531250000
0.741027832031250
0.911010742187500
0.752502441406250
0.930053710937500
0.738769531250000
0.935546875000000
0.727905273437500
0.933105468750000
0.742065429687500
0.922668457031250
0.737915039062500
0.930786132812500
0.733093261718750
0.938354492187500
0.737365722656250
0.751953125000000
0.947814941406250
0.903320312500000
0.749389648437500
0.744812011718750
0.926208496093750
0.914123535156250
0.744018554687500
0.754394531250000
0.922851562500000
0.754333496093750
0.930114746093750
0.731811523437500
0.909912109375000
0.935180664062500
0.751647949218750
0.926147460937500
0.752624511718750
0.922790527343750
0.740844726562500
0.929748535156250
0.749450683593750
0.938842773437500
0.743957519531250
0.935424804687500
0.746276855468750
0.927795410156250
0.748962402343750
0.933227539062500
0.743957519531250
0.937622070312500
0.751464843750000
0.755310058593750
0.931701660156250
0.741516113281250
0.935852050781250
0.747253417968750
0.937927246093750
0.751770019531250
0.944396972656250
0.746704101562500
0.924133300781250
0.758361816406250
0.933959960937500
0.746398925781250
0.918334960937500
0.755004882812500
0.947082519531250
0.750183105468750
0.946838378906250
0.746704101562500
0.929443359375000
0.736633300781250
0.933532714843750
0.736999511718750
0.943420410156250
0.744750976562500
0.945495605468750
0.752929687500000
0.936523437500000
0.744201660156250
0.935852050781250
0.753662109375000
0.945739746093750
0.749511718750000
0.938476562500000
0.746887207031250
0.940368652343750
0.756896972656250
0.941467285156250
0.759033203125000
0.757385253906250
0.948547363281250
0.748901367187500
0.952941894531250
0.724304199218750
0.951354980468750
0.750183105468750
0.947998046875000
0.754638671875000
0.940246582031250
0.752868652343750
0.929016113281250
0.750183105468750
0.954895019531250
0.748779296875000
0.943542480468750
0.748474121093750
0.944763183593750
0.748596191406250
0.943786621093750
0.751586914062500
0.948425292968750
0.755859375000000
0.936401367187500
0.762451171875000
0.941101074218750
0.751159667968750
0.955200195312500
0.764831542968750
0.761291503906250
0.947387695312500
0.745910644531250
0.937683105468750
0.935302734375000
0.748657226562500
0.938110351562500
0.760803222656250
0.751770019531250
0.943359375000000
0.749206542968750
0.944458007812500
0.747375488281250
0.940185546875000
0.758056640625000
0.954345703125000
0.755920410156250
0.940612792968750
0.757812500000000
0.945800781250000
0.727722167968750
0.943603515625000
0.756286621093750
0.942565917968750
0.764831542968750
0.940673828125000
0.760864257812500
0.948852539062500
0.891296386718750
0.764099121093750
0.761718750000000
0.947570800781250
0.752868652343750
0.948242187500000
0.757202148437500
0.965942382812500
0.767761230468750
0.771606445312500
0.956542968750000
0.758789062500000
0.953979492187500
0.765869140625000
0.941101074218750
0.769653320312500
0.950927734375000
0.767700195312500
0.954284667968750
0.771362304687500
0.946533203125000
0.758666992187500
0.950439453125000
0.766174316406250
0.761413574218750
0.963928222656250
0.753845214843750
0.957824707031250
0.758178710937500
0.959716796875000
0.763916015625000
0.958984375000000
0.767211914062500
0.942443847656250
0.771301269531250
0.958007812500000
0.765563964843750
0.949829101562500
0.772338867187500
0.951232910156250
0.763061523437500
0.765441894531250
0.962646484375000
0.758605957031250
0.950683593750000
0.763183593750000
0.962524414062500
0.759460449218750
0.960388183593750
0.762817382812500
0.948974609375000
0.771911621093750
0.944152832031250
0.767150878906250
0.949890136718750
0.766540527343750
0.942565917968750
0.761840820312500
0.950805664062500
0.741943359375000
0.955993652343750
0.767578125000000
0.954895019531250
0.759643554687500
0.955017089843750
0.761474609375000
0.948547363281250
0.768005371093750
0.965454101562500
0.767456054687500
0.957031250000000
0.762573242187500
0.961547851562500
0.785217285156250
0.759033203125000
0.924682617187500
0.954772949218750
0.769897460937500
0.768005371093750
0.949157714843750
0.763549804687500
0.953491210937500
0.776123046875000
0.949523925781250
0.767211914062500
0.952270507812500
0.764831542968750
0.949035644531250
0.753540039062500
0.947082519531250
0.750976562500000
0.944946289062500
0.768615722656250
0.956420898437500
0.761596679687500
0.955688476562500
0.765930175781250
0.959716796875000
0.765808105468750
0.951416015625000
0.765258789062500
0.961181640625000
0.768249511718750
0.962585449218750
0.766723632812500
0.961669921875000
0.762390136718750
0.965576171875000
0.771362304687500
0.961669921875000
0.779907226562500
0.772949218750000
0.974548339843750
0.765380859375000
0.959350585937500
0.768493652343750
0.929687500000000
0.942749023437500
0.768249511718750
0.770690917968750
0.960083007812500
0.774658203125000
0.962036132812500
0.777770996093750
0.968933105468750
0.762023925781250
0.963989257812500
0.779968261718750
0.966979980468750
0.786499023437500
0.962036132812500
0.776733398437500
0.774108886718750
0.963195800781250
0.771789550781250
0.934814453125000
0.763549804687500
0.963745117187500
0.774841308593750
0.970458984375000
0.771423339843750
0.971069335937500
0.770263671875000
0.963012695312500
0.774902343750000
0.941955566406250
0.773986816406250
0.965087890625000
0.777893066406250
0.956787109375000
0.771667480468750
0.970825195312500
0.773193359375000
0.770996093750000
0.957641601562500
0.776855468750000
0.960083007812500
0.782287597656250
0.964782714843750
0.773742675781250
0.959106445312500
0.764038085937500
0.962646484375000
0.773010253906250
0.960998535156250
0.773681640625000
0.938720703125000
0.772949218750000
0.956848144531250
0.765319824218750
0.978881835937500
0.775146484375000
0.960998535156250
0.748046875000000
0.965148925781250
0.768432617187500
0.954345703125000
0.772888183593750
0.954040527343750
0.761474609375000
0.964782714843750
0.765441894531250
0.953308105468750
0.757568359375000
0.951049804687500
0.764831542968750
0.959411621093750
0.762390136718750
0.961486816406250
0.759338378906250
0.958618164062500
0.765625000000000
0.950927734375000
0.757934570312500
0.951232910156250
0.769226074218750
0.953918457031250
0.961669921875000
0.754821777343750
0.959289550781250
0.763366699218750
0.774230957031250
0.957885742187500
0.961914062500000
0.760009765625000
0.967834472656250
0.765625000000000
0.769836425781250
0.968139648437500
0.946716308593750
0.771240234375000
0.961486816406250
0.769531250000000
0.958862304687500
0.771667480468750
0.781311035156250
0.955139160156250
0.788085937500000
0.954772949218750
0.774475097656250
0.929077148437500
0.765136718750000
0.963378906250000
0.771545410156250
0.954223632812500
0.763793945312500
0.969543457031250
0.773986816406250
0.972717285156250
0.766845703125000
0.956359863281250
0.773559570312500
0.966369628906250
0.776306152343750
0.970764160156250
0.763854980468750
0.965637207031250
0.765930175781250
0.964965820312500
0.769775390625000
0.962280273437500
0.767211914062500
0.782592773437500
0.959228515625000
0.775207519531250
0.959838867187500
0.776855468750000
0.969177246093750
0.764282226562500
0.961914062500000
0.767944335937500
0.968383789062500
0.771118164062500
0.956970214843750
0.773010253906250
0.977661132812500
0.769592285156250
0.969787597656250
0.785888671875000
0.974548339843750
0.770080566406250
0.778930664062500
0.968811035156250
0.792236328125000
0.983703613281250
0.780639648437500
0.983642578125000
0.777099609375000
0.972351074218750
0.788818359375000
0.951660156250000
0.806274414062500
0.769470214843750
0.962951660156250
0.799560546875000
0.981079101562500
0.787963867187500
0.957214355468750
0.777709960937500
0.973083496093750
0.765014648437500
0.978881835937500
0.773803710937500
0.988281250000000
0.748657226562500
0.988464355468750
0.805480957031250
0.941650390625000
0.772338867187500
0.975830078125000
0.778930664062500
0.986083984375000
0.776855468750000
0.786926269531250
0.989990234375000
0.788513183593750
0.976318359375000
0.780456542968750
0.988525390625000
0.771362304687500
0.983581542968750
0.777526855468750
0.967468261718750
0.784362792968750
0.954589843750000
0.771850585937500
0.971740722656250
0.771667480468750
0.988769531250000
0.776977539062500
0.986511230468750
0.773315429687500
0.977050781250000
0.779235839843750
0.777770996093750
0.982421875000000
0.791137695312500
0.987121582031250
0.788024902343750
0.975341796875000
0.777648925781250
0.980651855468750
0.777160644531250
0.977111816406250
0.781311035156250
0.969421386718750
0.779907226562500
0.974914550781250
0.783569335937500
0.978088378906250
0.784423828125000
0.981018066406250
0.782409667968750
0.981445312500000
0.773620605468750
0.977966308593750
0.784790039062500
0.990356445312500
0.779113769531250
0.990356445312500
0.776062011718750
0.977783203125000
0.786804199218750
0.790649414062500
0.978332519531250
0.779541015625000
0.985595703125000
0.775573730468750
0.982604980468750
0.781616210937500
0.788940429687500
0.781066894531250
0.986083984375000
0.760498046875000
0.982604980468750
0.790649414062500
0.982360839843750
0.779479980468750
0.981872558593750
0.778747558593750
0.987487792968750
0.779052734375000
0.986450195312500
0.778869628906250
0.978759765625000
0.782775878906250
0.992004394531250
0.778259277343750
0.984191894531250
0.794250488281250
0.974609375000000
0.791748046875000
0.978637695312500
0.794372558593750
0.974060058593750
0.793518066406250
0.783264160156250
0.978271484375000
0.790710449218750
0.981689453125000
0.783325195312500
0.986572265625000
0.776000976562500
0.980346679687500
0.948852539062500
0.781311035156250
0.953857421875000
0.789855957031250
0.972167968750000
0.771545410156250
0.986267089843750
0.781311035156250
0.969360351562500
0.790710449218750
0.971435546875000
0.787048339843750
0.975708007812500
0.757934570312500
0.986755371093750
0.787414550781250
0.982604980468750
0.779846191406250
0.977905273437500
0.783203125000000
0.989013671875000
0.782714843750000
0.973266601562500
0.782104492187500
0.972595214843750
0.793823242187500
0.972534179687500
0.792602539062500
0.976318359375000
0.802551269531250
0.978942871093750
0.790222167968750
0.790832519531250
0.987792968750000
0.788452148437500
0.985900878906250
0.788879394531250
0.989074707031250
0.791809082031250
0.983093261718750
0.792236328125000
0.983093261718750
0.796386718750000
0.793823242187500
0.994873046875000
0.788330078125000
0.981933593750000
0.786743164062500
0.982727050781250
0.789245605468750
0.988952636718750
0.795166015625000
0.995605468750000
0.784362792968750
0.980224609375000
0.791198730468750
0.979736328125000
0.790100097656250
0.987182617187500
0.791076660156250
0.783996582031250
0.989074707031250
0.788635253906250
0.991516113281250
0.786621093750000
0.985656738281250
0.788024902343750
0.997497558593750
0.784057617187500
0.983093261718750
0.795898437500000
0.940917968750000
0.792114257812500
0.994995117187500
0.792480468750000
0.988403320312500
0.799743652343750
0.990600585937500
0.791992187500000
0.976684570312500
0.799926757812500
0.959350585937500
0.792541503906250
1.003295898437500
0.785095214843750
0.958496093750000
0.780639648437500
0.949218750000000
0.998474121093750
0.803588867187500
0.962829589843750
0.794433593750000
0.992858886718750
0.787353515625000
0.799194335937500
0.995788574218750
0.800476074218750
0.957458496093750
0.802795410156250
0.956787109375000
0.804382324218750
1.016784667968750
0.761291503906250
0.983642578125000
0.788879394531250
1.000427246093750
0.793029785156250
0.999145507812500
0.784423828125000
0.991394042968750
0.793090820312500
0.981201171875000
0.789855957031250
0.977661132812500
0.786132812500000
0.981506347656250
0.791259765625000
0.994079589843750
0.793762207031250
0.979980468750000
0.791015625000000
0.989990234375000
0.804199218750000
1.008422851562500
0.791687011718750
0.797973632812500
0.988952636718750
0.977844238281250
0.787475585937500
0.976745605468750
0.796691894531250
0.972351074218750
0.787658691406250
0.956970214843750
0.800659179687500
0.985107421875000
0.800903320312500
0.994140625000000
0.789367675781250
0.986694335937500
0.798767089843750
0.802185058593750
0.996520996093750
0.788513183593750
1.010131835937500
0.807678222656250
0.991210937500000
0.795166015625000
0.979980468750000
0.807678222656250
0.804382324218750
0.995788574218750
0.797058105468750
0.988525390625000
0.789672851562500
0.969604492187500
0.962829589843750
0.802795410156250
0.794677734375000
1.001098632812500
0.791992187500000
0.994750976562500
0.795471191406250
0.995117187500000
0.796997070312500
0.991088867187500
0.791381835937500
1.003173828125000
0.791748046875000
0.796081542968750
0.986328125000000
0.790039062500000
1.003173828125000
0.792602539062500
0.997802734375000
0.789123535156250
0.995727539062500
0.789794921875000
0.995483398437500
0.793518066406250
1.001159667968750
0.781372070312500
0.989379882812500
0.801086425781250
0.791442871093750
0.995666503906250
0.790222167968750
1.000732421875000
0.793945312500000
0.993591308593750
0.791320800781250
0.990905761718750
0.795227050781250
0.995361328125000
0.798339843750000
0.993896484375000
0.789672851562500
0.974426269531250
0.785949707031250
0.994750976562500
0.793457031250000
0.993896484375000
0.792785644531250
0.980834960937500
0.795288085937500
0.983520507812500
0.796264648437500
0.982482910156250
0.793823242187500
0.980590820312500
0.800476074218750
0.986450195312500
0.789550781250000
0.986755371093750
0.793457031250000
0.986877441406250
0.789184570312500
0.787902832031250
0.991699218750000
0.794799804687500
0.987365722656250
0.793579101562500
0.996520996093750
0.787109375000000
0.997070312500000
0.791381835937500
0.992431640625000
0.783264160156250
0.982971191406250
0.801330566406250
0.997680664062500
0.796386718750000
0.989440917968750
0.796630859375000
1.002258300781250
0.797302246093750
0.988403320312500
0.792480468750000
0.999267578125000
0.803894042968750
0.800354003906250
0.968383789062500
1.000732421875000
0.771667480468750
0.997436523437500
0.796813964843750
0.996154785156250
0.798889160156250
0.990051269531250
0.801574707031250
0.796630859375000
0.995056152343750
0.796630859375000
0.993225097656250
0.802429199218750
1.001708984375000
0.810791015625000
0.988891601562500
0.796203613281250
1.005615234375000
0.804931640625000
1.002380371093750
0.799438476562500
0.797363281250000
1.015869140625000
0.804504394531250
1.003601074218750
0.806823730468750
0.993774414062500
0.804809570312500
1.001037597656250
0.812744140625000
0.985778808593750
0.809997558593750
0.779602050781250
1.004943847656250
0.792663574218750
0.998229980468750
0.795593261718750
1.009887695312500
0.806335449218750
0.978027343750000
0.800964355468750
1.010314941406250
0.765014648437500
1.017822265625000
0.768920898437500
0.988342285156250
0.773498535156250
0.985595703125000
0.817749023437500
0.988403320312500
0.810668945312500
1.002319335937500
0.813598632812500
1.009826660156250
0.776000976562500
1.025390625000000
0.794250488281250
0.991760253906250
0.777343750000000
0.971984863281250
0.806945800781250
1.011169433593750
0.800170898437500
1.004211425781250
0.793273925781250
1.003173828125000
0.799926757812500
0.806457519531250
0.982727050781250
0.810180664062500
1.006286621093750
0.805175781250000
1.009094238281250
0.805603027343750
1.006042480468750
0.779357910156250
0.999877929687500
0.805541992187500
1.000854492187500
0.803222656250000
1.008239746093750
0.799865722656250
0.999755859375000
0.798828125000000
0.993591308593750
0.810241699218750
1.001220703125000
0.799316406250000
0.810607910156250
0.973266601562500
0.807739257812500
1.006652832031250
0.813171386718750
1.010681152343750
0.808227539062500
1.000488281250000
0.807312011718750
0.983581542968750
0.800170898437500
1.003295898437500
0.797119140625000
1.004394531250000
0.803894042968750
0.997131347656250
0.802978515625000
1.016357421875000
0.798461914062500
0.809753417968750
1.002746582031250
0.807434082031250
0.998413085937500
0.812683105468750
0.985473632812500
0.814453125000000
0.999816894531250
0.807983398437500
0.999084472656250
0.807189941406250
0.999267578125000
0.804443359375000
0.805419921875000
1.003723144531250
0.807128906250000
0.996093750000000
0.806457519531250
1.002014160156250
0.815002441406250
0.994628906250000
0.812438964843750
0.995483398437500
0.801635742187500
0.997802734375000
0.802612304687500
0.993713378906250
0.787475585937500
1.004333496093750
0.803894042968750
0.998779296875000
0.800537109375000
1.000488281250000
0.798767089843750
0.802795410156250
1.004943847656250
0.789978027343750
1.010131835937500
0.801147460937500
1.001586914062500
0.788269042968750
1.008239746093750
0.802124023437500
0.996215820312500
0.798583984375000
1.007751464843750
0.796020507812500
1.005676269531250
0.785583496093750
1.007568359375000
0.797119140625000
0.994628906250000
0.802490234375000
1.003723144531250
0.797485351562500
1.000305175781250
0.804687500000000
0.807800292968750
1.001586914062500
0.812011718750000
0.991943359375000
0.790710449218750
1.004272460937500
0.779968261718750
1.002685546875000
0.783081054687500
0.987731933593750
0.814208984375000
1.000976562500000
0.795959472656250
0.992797851562500
0.799072265625000
0.984375000000000
0.804382324218750
0.993530273437500
0.801940917968750
1.001464843750000
0.777160644531250
1.010131835937500
0.801940917968750
1.001098632812500
0.794189453125000
1.002868652343750
0.809509277343750
1.002136230468750
0.790039062500000
1.007080078125000
0.793090820312500
0.998046875000000
0.801818847656250
0.999023437500000
0.795959472656250
1.003601074218750
0.803955078125000
0.999450683593750
0.804443359375000
0.801086425781250
1.011596679687500
0.794921875000000
1.008666992187500
0.778625488281250
0.978210449218750
0.830627441406250
0.980163574218750
0.970642089843750
0.799072265625000
0.985107421875000
0.791687011718750
0.814941406250000
0.997497558593750
0.804260253906250
1.004089355468750
0.807312011718750
1.007385253906250
0.801391601562500
0.998291015625000
0.795593261718750
1.017211914062500
0.788757324218750
0.975036621093750
0.807739257812500
0.967285156250000
0.798522949218750
0.989379882812500
0.798217773437500
1.002441406250000
0.809692382812500
1.007568359375000
0.797790527343750
1.011413574218750
0.795837402343750
1.007446289062500
0.803466796875000
0.971801757812500
0.799743652343750
0.995422363281250
0.796569824218750
0.997741699218750
0.789733886718750
0.998352050781250
0.794494628906250
0.997375488281250
0.794128417968750
1.007202148437500
1.003967285156250
0.994689941406250
0.790222167968750
0.980346679687500
0.816650390625000
0.998107910156250
0.802124023437500
0.804321289062500
1.004333496093750
0.803100585937500
1.008728027343750
0.804382324218750
1.000610351562500
0.793334960937500
0.993957519531250
0.795654296875000
1.008300781250000
0.795837402343750
1.004516601562500
0.794982910156250
1.001098632812500
0.800659179687500
0.968627929687500
0.795837402343750
1.011718750000000
0.785522460937500
0.999633789062500
0.804687500000000
0.988952636718750
0.808776855468750
0.991638183593750
0.809204101562500
0.797180175781250
1.007019042968750
0.796020507812500
0.995666503906250
0.802612304687500
0.994018554687500
0.799865722656250
0.989929199218750
0.807800292968750
0.997375488281250
0.789245605468750
0.996093750000000
0.801330566406250
1.004882812500000
0.795410156250000
0.997558593750000
0.795837402343750
0.987243652343750
0.788452148437500
0.998779296875000
0.801025390625000
1.000793457031250
0.801269531250000
0.999877929687500
0.796997070312500
1.000793457031250
0.789428710937500
0.987304687500000
0.799133300781250
0.994689941406250
0.793334960937500
0.994567871093750
0.794372558593750
0.974182128906250
0.793334960937500
0.992736816406250
0.803405761718750
0.987426757812500
0.804565429687500
0.990966796875000
0.808166503906250
0.991088867187500
0.812561035156250
0.600341796875000
0.995788574218750
0.799438476562500
1.000671386718750
0.797058105468750
0.996459960937500
0.795959472656250
0.996459960937500
0.793518066406250
0.999633789062500
0.799377441406250
1.006286621093750
0.794738769531250
1.000427246093750
0.807922363281250
1.001647949218750
0.802917480468750
1.000122070312500
0.806030273437500
0.801513671875000
0.998107910156250
0.797912597656250
1.007812500000000
0.799377441406250
1.004638671875000
0.794616699218750
1.004882812500000
0.777954101562500
0.982238769531250
0.787353515625000
0.997009277343750
0.797973632812500
1.007080078125000
0.795776367187500
0.997924804687500
0.802856445312500
0.995605468750000
0.811096191406250
0.999023437500000
0.804748535156250
1.003479003906250
0.801574707031250
0.804382324218750
0.997863769531250
0.780212402343750
0.989440917968750
0.989746093750000
0.793823242187500
0.803466796875000
1.004455566406250
0.796264648437500
0.995300292968750
0.794067382812500
1.001220703125000
0.815063476562500
0.985717773437500
0.811218261718750
0.996398925781250
0.803894042968750
0.997619628906250
0.797424316406250
1.003479003906250
0.794372558593750
0.808837890625000
0.989257812500000
0.804809570312500
0.993896484375000
0.791137695312500
1.010375976562500
0.802307128906250
0.995605468750000
0.803649902343750
0.992370605468750
0.807861328125000
0.990966796875000
0.810791015625000
0.998474121093750
0.804138183593750
0.990356445312500
0.794006347656250
1.000732421875000
0.794128417968750
0.988403320312500
0.794067382812500
0.965026855468750
0.789916992187500
0.994873046875000
0.789306640625000
0.981262207031250
0.791137695312500
1.007324218750000
0.792541503906250
0.996215820312500
0.811157226562500
1.003601074218750
0.795166015625000
1.009765625000000
0.800964355468750
1.000122070312500
0.794494628906250
0.994384765625000
0.791320800781250
0.800842285156250
0.992431640625000
0.795776367187500
0.994873046875000
0.805725097656250
1.009155273437500
0.799072265625000
0.996765136718750
0.803283691406250
0.950866699218750
0.984191894531250
0.792419433593750
0.979370117187500
0.818115234375000
0.787475585937500
0.996459960937500
0.801940917968750
1.000488281250000
0.798217773437500
0.998657226562500
0.787048339843750
0.992919921875000
0.801757812500000
1.006408691406250
0.806701660156250
1.016052246093750
0.782287597656250
1.001770019531250
0.807556152343750
0.793579101562500
0.995605468750000
0.799621582031250
0.997985839843750
0.792480468750000
0.997619628906250
0.801269531250000
0.982971191406250
0.808898925781250
0.987304687500000
0.796936035156250
0.991577148437500
0.796264648437500
1.005920410156250
0.796752929687500
1.000488281250000
0.798278808593750
0.996093750000000
0.769531250000000
0.997680664062500
0.793884277343750
0.998291015625000
0.770446777343750
1.013793945312500
0.815246582031250
0.993530273437500
0.811767578125000
0.804382324218750
1.012939453125000
0.797241210937500
1.003356933593750
0.805664062500000
1.000671386718750
0.806579589843750
1.002258300781250
0.798461914062500
1.006652832031250
0.808288574218750
1.010437011718750
0.790039062500000
0.989440917968750
0.804321289062500
0.999328613281250
0.807312011718750
0.808288574218750
1.004455566406250
0.806335449218750
0.999755859375000
0.800659179687500
0.984191894531250
0.807739257812500
1.006835937500000
0.805236816406250
1.008117675781250
0.800598144531250
1.014099121093750
0.801391601562500
1.010681152343750
0.813293457031250
0.802978515625000
1.010131835937500
0.799377441406250
1.007629394531250
0.793457031250000
1.018981933593750
0.799865722656250
1.004577636718750
0.800048828125000
1.005859375000000
0.802490234375000
1.016052246093750
0.798095703125000
1.010192871093750
0.788452148437500
1.008422851562500
0.796752929687500
1.011779785156250
0.816345214843750
0.804382324218750
1.008117675781250
0.798034667968750
0.999084472656250
0.798278808593750
1.008850097656250
0.804809570312500
1.005676269531250
0.806213378906250
1.003723144531250
0.809997558593750
1.013916015625000
0.806579589843750
1.002258300781250
0.779479980468750
0.973022460937500
0.803955078125000
1.011962890625000
0.794372558593750
1.011352539062500
0.684082031250000
0.993652343750000
0.804138183593750
0.995117187500000
0.816162109375000
1.010559082031250
0.808837890625000
1.013061523437500
0.813049316406250
1.002502441406250
0.800781250000000
0.801208496093750
0.994934082031250
0.799865722656250
1.001464843750000
0.974792480468750
0.786499023437500
1.014526367187500
0.809448242187500
0.800231933593750
1.012939453125000
0.778869628906250
0.999206542968750
0.812500000000000
1.002685546875000
0.803894042968750
0.984558105468750
0.810974121093750
1.005676269531250
0.820739746093750
1.006225585937500
0.816650390625000
0.984008789062500
0.803283691406250
0.997131347656250
0.795593261718750
1.007568359375000
0.805175781250000
1.016784667968750
0.796875000000000
0.995910644531250
0.800537109375000
1.009887695312500
0.809326171875000
0.999023437500000
0.806701660156250
0.801025390625000
1.005065917968750
0.795532226562500
1.016601562500000
0.803588867187500
0.999755859375000
0.820922851562500
1.010375976562500
0.809570312500000
1.004333496093750
0.797973632812500
1.003845214843750
0.812988281250000
1.009094238281250
0.814697265625000
0.978881835937500
0.806396484375000
1.006042480468750
0.807189941406250
0.812988281250000
1.008117675781250
0.809753417968750
1.008239746093750
0.784240722656250
1.002441406250000
0.803283691406250
1.004272460937500
0.809814453125000
1.006469726562500
0.801818847656250
1.010620117187500
0.802978515625000
1.001098632812500
0.779113769531250
1.003356933593750
0.784179687500000
0.971984863281250
0.992614746093750
0.808471679687500
0.820251464843750
1.020263671875000
0.802612304687500
1.005432128906250
0.806030273437500
1.001647949218750
0.797729492187500
1.017456054687500
0.809692382812500
1.016174316406250
0.815795898437500
0.795898437500000
1.060180664062500
0.805480957031250
1.004455566406250
0.806274414062500
0.976623535156250
0.773071289062500
1.006958007812500
0.803527832031250
1.010314941406250
0.806396484375000
1.008850097656250
0.806640625000000
1.006591796875000
0.800292968750000
1.011901855468750
0.808776855468750
1.005493164062500
0.793701171875000
1.002929687500000
0.802124023437500
1.003845214843750
0.792175292968750
1.008422851562500
0.808532714843750
0.800537109375000
1.008544921875000
0.804382324218750
1.016601562500000
0.794006347656250
0.996398925781250
0.805480957031250
1.005249023437500
0.810302734375000
1.004455566406250
0.804321289062500
1.018066406250000
0.804687500000000
1.007141113281250
0.795837402343750
1.007934570312500
0.786621093750000
1.005737304687500
0.813659667968750
1.005676269531250
0.816955566406250
1.001708984375000
0.806335449218750
0.999206542968750
0.814514160156250
1.001770019531250
0.779235839843750
1.015930175781250
0.797790527343750
1.011596679687500
0.808044433593750
1.020690917968750
0.808837890625000
0.812072753906250
1.005554199218750
0.805603027343750
1.016662597656250
0.805908203125000
1.028015136718750
0.798645019531250
1.009826660156250
0.817260742187500
1.011779785156250
0.816467285156250
0.812377929687500
1.003906250000000
0.805114746093750
1.020690917968750
0.810424804687500
1.002929687500000
0.811035156250000
1.000122070312500
0.808044433593750
1.014648437500000
0.779846191406250
1.005004882812500
0.806640625000000
1.002197265625000
0.785827636718750
1.017028808593750
0.804626464843750
1.008178710937500
0.806457519531250
1.004699707031250
0.801269531250000
1.010864257812500
0.804870605468750
1.009765625000000
0.815429687500000
0.981018066406250
1.005981445312500
0.811584472656250
0.814208984375000
1.017272949218750
0.818786621093750
1.021301269531250
0.802612304687500
1.022460937500000
0.807495117187500
1.011108398437500
0.776489257812500
1.014770507812500
0.805725097656250
1.022460937500000
0.808227539062500
1.018981933593750
0.813537597656250
1.011169433593750
0.812500000000000
1.016479492187500
0.809570312500000
1.010070800781250
0.793823242187500
1.015869140625000
0.806213378906250
1.006164550781250
0.805175781250000
1.014160156250000
0.818176269531250
0.810363769531250
1.015380859375000
0.822204589843750
0.981628417968750
0.816711425781250
1.015991210937500
0.804809570312500
1.001770019531250
0.807312011718750
1.018737792968750
0.822143554687500
1.019042968750000
0.792236328125000
1.022644042968750
0.815856933593750
1.011291503906250
0.821716308593750
1.017822265625000
0.789001464843750
1.018737792968750
0.788940429687500
1.017456054687500
0.814025878906250
1.019958496093750
0.817932128906250
0.997863769531250
0.810668945312500
1.012756347656250
0.803833007812500
1.026489257812500
0.803405761718750
1.024475097656250
0.815490722656250
0.814819335937500
1.012939453125000
0.802307128906250
1.021545410156250
0.815979003906250
1.021179199218750
0.809753417968750
1.029113769531250
0.826354980468750
1.017517089843750
0.815979003906250
0.816406250000000
1.021423339843750
0.807312011718750
1.009643554687500
0.815551757812500
1.022705078125000
0.810424804687500
1.024963378906250
0.807189941406250
1.033142089843750
0.817993164062500
0.820922851562500
1.021301269531250
0.799255371093750
1.038696289062500
0.771423339843750
0.991699218750000
0.812500000000000
1.037292480468750
0.829101562500000
1.016418457031250
0.814025878906250
1.006530761718750
0.813964843750000
1.023864746093750
0.813171386718750
1.021606445312500
0.781982421875000
1.016601562500000
0.809265136718750
1.016906738281250
0.955078125000000
1.026062011718750
0.805358886718750
1.019348144531250
0.798217773437500
1.023803710937500
0.809082031250000
0.991088867187500
0.809753417968750
1.012573242187500
0.799865722656250
1.011657714843750
0.818054199218750
1.019226074218750
0.784790039062500
1.005065917968750
0.805053710937500
1.021911621093750
0.807128906250000
1.026306152343750
0.813964843750000
0.809020996093750
1.002319335937500
0.814331054687500
1.019836425781250
0.812072753906250
1.014465332031250
0.986389160156250
0.809875488281250
0.999633789062500
0.826293945312500
0.990722656250000
0.817993164062500
1.011108398437500
0.813354492187500
1.007568359375000
0.771179199218750
1.005737304687500
0.802307128906250
1.006774902343750
0.805358886718750
1.008605957031250
0.799499511718750
1.005859375000000
0.808166503906250
1.008728027343750
0.806335449218750
1.021911621093750
0.802673339843750
1.010620117187500
0.808654785156250
1.012268066406250
0.812561035156250
1.024902343750000
0.807434082031250
1.010864257812500
0.808410644531250
1.019348144531250
0.785949707031250
0.994384765625000
0.814331054687500
1.021606445312500
0.817199707031250
1.003784179687500
0.812683105468750
1.019531250000000
0.824096679687500
1.012512207031250
0.815429687500000
1.012695312500000
0.817871093750000
1.014892578125000
0.794982910156250
1.013549804687500
0.819824218750000
1.009887695312500
0.818481445312500
0.810791015625000
0.821289062500000
0.814086914062500
1.019714355468750
0.805969238281250
1.021606445312500
0.810241699218750
1.026733398437500
0.807922363281250
1.029113769531250
0.819580078125000
1.015563964843750
0.826782226562500
0.810913085937500
1.032470703125000
0.818847656250000
1.024414062500000
0.823486328125000
1.004089355468750
0.817382812500000
1.018981933593750
0.790771484375000
1.023071289062500
0.821838378906250
1.024902343750000
0.807250976562500
1.019287109375000
0.781494140625000
1.013854980468750
0.814941406250000
1.023010253906250
0.820556640625000
1.010498046875000
0.829528808593750
1.007873535156250
0.816101074218750
0.810363769531250
1.030334472656250
0.994445800781250
0.823913574218750
0.823791503906250
0.996520996093750
1.008911132812500
0.824157714843750
0.822875976562500
1.017700195312500
0.815734863281250
1.030639648437500
0.825927734375000
1.026794433593750
0.824279785156250
0.820434570312500
1.034545898437500
0.825378417968750
1.004272460937500
0.819091796875000
1.017333984375000
0.820617675781250
1.025146484375000
0.793273925781250
1.022155761718750
0.815063476562500
0.974853515625000
0.824279785156250
1.022827148437500
0.813110351562500
1.026672363281250
0.825805664062500
0.989379882812500
0.813720703125000
1.021911621093750
0.814392089843750
0.985168457031250
0.827026367187500
1.020507812500000
0.825744628906250
1.014038085937500
0.822448730468750
0.824584960937500
1.015136718750000
0.830261230468750
1.029174804687500
0.809875488281250
1.018188476562500
0.806396484375000
1.008544921875000
0.820251464843750
1.027954101562500
0.808593750000000
1.019226074218750
0.828002929687500
1.020874023437500
0.814575195312500
0.814331054687500
0.999511718750000
1.017883300781250
0.819091796875000
0.804443359375000
1.031066894531250
0.994323730468750
0.789550781250000
1.019653320312500
0.806762695312500
1.030883789062500
0.817504882812500
0.987182617187500
0.775207519531250
1.011901855468750
0.808776855468750
1.012145996093750
0.816284179687500
1.023986816406250
0.812377929687500
1.024536132812500
0.820495605468750
1.020507812500000
0.811706542968750
0.999572753906250
0.822753906250000
1.010925292968750
0.796142578125000
1.000305175781250
0.822998046875000
1.015747070312500
0.824523925781250
1.013122558593750
0.827453613281250
0.999145507812500
0.787658691406250
1.029724121093750
0.831604003906250
1.024780273437500
0.815673828125000
1.023803710937500
0.819702148437500
0.813110351562500
1.021057128906250
0.998413085937500
0.796752929687500
1.026428222656250
0.812316894531250
1.019165039062500
0.817626953125000
0.827087402343750
1.025024414062500
0.810485839843750
1.027343750000000
0.816589355468750
1.017150878906250
0.816528320312500
1.022399902343750
0.828735351562500
1.024780273437500
0.832580566406250
1.022033691406250
0.829528808593750
1.008239746093750
0.806335449218750
1.020935058593750
0.832824707031250
1.027832031250000
0.824279785156250
1.024353027343750
0.821228027343750
1.027648925781250
0.829711914062500
0.823486328125000
1.029052734375000
0.813537597656250
0.982116699218750
0.814880371093750
1.012756347656250
0.810119628906250
1.001831054687500
0.991821289062500
0.803283691406250
1.023315429687500
0.825012207031250
0.998962402343750
0.789794921875000
1.022888183593750
0.820312500000000
1.028808593750000
0.818359375000000
0.841247558593750
0.990478515625000
0.821838378906250
1.016052246093750
0.815490722656250
1.024963378906250
0.821166992187500
1.027893066406250
0.808410644531250
1.030883789062500
0.810729980468750
0.986145019531250
0.808471679687500
1.015441894531250
0.828735351562500
1.029663085937500
0.823364257812500
1.019775390625000
0.730712890625000
1.034362792968750
0.812316894531250
1.024841308593750
0.822448730468750
1.025451660156250
0.820373535156250
1.018981933593750
0.824401855468750
0.818969726562500
1.032531738281250
0.815002441406250
1.031982421875000
0.814453125000000
1.028320312500000
0.804199218750000
1.030212402343750
0.811767578125000
1.017700195312500
0.801574707031250
1.041198730468750
0.808410644531250
1.007324218750000
0.812927246093750
1.005432128906250
0.783874511718750
1.032470703125000
0.815612792968750
1.027160644531250
0.821105957031250
1.017578125000000
0.829345703125000
1.036071777343750
0.835266113281250
1.023498535156250
0.794982910156250
1.027709960937500
0.829345703125000
0.831115722656250
1.037231445312500
0.823242187500000
1.025817871093750
0.771057128906250
1.034973144531250
0.818176269531250
1.041748046875000
0.827209472656250
1.011962890625000
0.794921875000000
1.020996093750000
0.835998535156250
0.995849609375000
0.826904296875000
1.035217285156250
0.815368652343750
0.998901367187500
0.818420410156250
1.024169921875000
0.814270019531250
1.023071289062500
0.808227539062500
1.020141601562500
0.820739746093750
1.020996093750000
0.822753906250000
1.020751953125000
0.828491210937500
0.821899414062500
1.019104003906250
0.827575683593750
1.034057617187500
0.815002441406250
1.026794433593750
0.819335937500000
1.017211914062500
0.827331542968750
1.032836914062500
0.819335937500000
1.026000976562500
0.812622070312500
1.026245117187500
0.821655273437500
1.017883300781250
0.759765625000000
0.828125000000000
1.033142089843750
0.815246582031250
1.026794433593750
0.819152832031250
1.024841308593750
0.784545898437500
1.027526855468750
1.003540039062500
0.830078125000000
0.828430175781250
1.022888183593750
0.823852539062500
1.044372558593750
0.820739746093750
1.026489257812500
0.838012695312500
0.810485839843750
1.000915527343750
0.990295410156250
0.811706542968750
1.023925781250000
0.823303222656250
1.036926269531250
0.820434570312500
1.020141601562500
0.812500000000000
1.012573242187500
0.740600585937500
1.030212402343750
0.818481445312500
1.036499023437500
0.839233398437500
1.008605957031250
0.823486328125000
0.814880371093750
1.039367675781250
0.816955566406250
1.036254882812500
0.820495605468750
1.044189453125000
0.821533203125000
1.029418945312500
0.818054199218750
1.023559570312500
0.815612792968750
1.012878417968750
0.820861816406250
0.847473144531250
1.020935058593750
0.957946777343750
0.778015136718750
1.022033691406250
0.832397460937500
0.826110839843750
1.015502929687500
0.829895019531250
1.026855468750000
0.813659667968750
1.020080566406250
0.809570312500000
1.011474609375000
1.002502441406250
0.836791992187500
0.811218261718750
0.985351562500000
1.033691406250000
0.839538574218750
0.829162597656250
0.999755859375000
1.009338378906250
0.818786621093750
0.829345703125000
1.034057617187500
0.828430175781250
0.994689941406250
1.007934570312500
0.829406738281250
1.018188476562500
0.830566406250000
0.816650390625000
1.029602050781250
0.830871582031250
1.024902343750000
0.816284179687500
1.035095214843750
0.800964355468750
0.978088378906250
0.829040527343750
1.026672363281250
0.825500488281250
1.030639648437500
0.815490722656250
1.024414062500000
0.828979492187500
0.820129394531250
1.035766601562500
0.826416015625000
1.031372070312500
0.831176757812500
1.031127929687500
0.809875488281250
1.002929687500000
0.824768066406250
0.999267578125000
0.825500488281250
1.027709960937500
0.826416015625000
1.029479980468750
0.826660156250000
0.792846679687500
1.033508300781250
0.833435058593750
1.029968261718750
0.821350097656250
1.034912109375000
0.825561523437500
1.031127929687500
0.761413574218750
0.824829101562500
1.031311035156250
0.823608398437500
1.001708984375000
0.753479003906250
1.041870117187500
0.830627441406250
1.031066894531250
0.814331054687500
0.959960937500000
0.810119628906250
1.034179687500000
0.817687988281250
0.978881835937500
0.813781738281250
1.030151367187500
0.782836914062500
1.027099609375000
0.816833496093750
1.006530761718750
0.824340820312500
0.990966796875000
0.822692871093750
0.973327636718750
0.828369140625000
1.240539550781250
0.819274902343750
1.007141113281250
1.027648925781250
0.830810546875000
0.813964843750000
1.028137207031250
0.813171386718750
1.030517578125000
0.820983886718750
1.037109375000000
0.805419921875000
1.039306640625000
0.828979492187500
1.028564453125000
0.838745117187500
0.983337402343750
0.797485351562500
0.990600585937500
0.815002441406250
0.823852539062500
1.030090332031250
0.767639160156250
1.032043457031250
0.786071777343750
1.000183105468750
0.763916015625000
1.031005859375000
0.772277832031250
1.030029296875000
0.833618164062500
0.820739746093750
0.967895507812500
1.015258789062500
0.826904296875000
0.821044921875000
1.026672363281250
0.782714843750000
1.009155273437500
0.811035156250000
1.027465820312500
0.818115234375000
0.978454589843750
0.835449218750000
0.939758300781250
0.835083007812500
0.812500000000000
0.989074707031250
0.778564453125000
1.023132324218750
0.827697753906250
0.953613281250000
0.791870117187500
1.004150390625000
0.836669921875000
0.942749023437500
0.824707031250000
0.786132812500000
0.982116699218750
0.831420898437500
1.029296875000000
0.812744140625000
1.039916992187500
0.783081054687500
0.980895996093750
0.773437500000000
0.827514648437500
0.965026855468750
0.994873046875000
0.735534667968750
0.985778808593750
0.756164550781250
0.943054199218750
1.010253906250000
0.845397949218750
0.761901855468750
1.031127929687500
0.768371582031250
1.028381347656250
0.740783691406250
1.033386230468750
0.823669433593750
0.972167968750000
0.837097167968750
1.039123535156250
0.759521484375000
0.996398925781250
0.758361816406250
0.986572265625000
0.828063964843750
0.979309082031250
0.803466796875000
0.992309570312500
0.836914062500000
0.787719726562500
1.006225585937500
0.779724121093750
1.043334960937500
0.810729980468750
1.017333984375000
0.829711914062500
0.799499511718750
0.988220214843750
0.936035156250000
0.849426269531250
0.767822265625000
1.030517578125000
0.748718261718750
0.986145019531250
0.803771972656250
0.992309570312500
0.832641601562500
0.973449707031250
0.810424804687500
0.989318847656250
0.806274414062500
0.777709960937500
0.981750488281250
0.814147949218750
0.955200195312500
0.771972656250000
1.028015136718750
0.781921386718750
0.979492187500000
0.822937011718750
0.953063964843750
0.797119140625000
0.984802246093750
0.768432617187500
1.008972167968750
0.763427734375000
0.825500488281250
0.963806152343750
0.783142089843750
0.949279785156250
0.828857421875000
0.969726562500000
0.773193359375000
1.043212890625000
0.783996582031250
1.004150390625000
0.754516601562500
0.835693359375000
0.985717773437500
0.795166015625000
1.004272460937500
0.775268554687500
0.943603515625000
0.833801269531250
0.979919433593750
0.793090820312500
1.001770019531250
0.811279296875000
0.978149414062500
0.798339843750000
0.948669433593750
0.786010742187500
0.981018066406250
0.784973144531250
0.792907714843750
0.963378906250000
0.808532714843750
0.940979003906250
0.802246093750000
0.999572753906250
0.811889648437500
0.788513183593750
1.004211425781250
0.790283203125000
0.962341308593750
0.834472656250000
0.986022949218750
0.776123046875000
0.785583496093750
0.803649902343750
0.982116699218750
0.787353515625000
0.989685058593750
0.768737792968750
0.983642578125000
0.825256347656250
0.771362304687500
0.965026855468750
0.822509765625000
0.950134277343750
0.779785156250000
1.041809082031250
0.787170410156250
0.933105468750000
0.805664062500000
0.940795898437500
0.781005859375000
0.944824218750000
0.837890625000000
0.966491699218750
0.767700195312500
0.986083984375000
0.834655761718750
0.775512695312500
0.990905761718750
0.787353515625000
1.027343750000000
0.790100097656250
0.753540039062500
1.029113769531250
0.806274414062500
0.974609375000000
0.777221679687500
0.953552246093750
0.785522460937500
0.963867187500000
0.779296875000000
0.954040527343750
0.768249511718750
1.002258300781250
0.788574218750000
0.991577148437500
0.791564941406250
0.763671875000000
0.962890625000000
0.794311523437500
1.005859375000000
0.735290527343750
1.000488281250000
0.770263671875000
0.976257324218750
0.798950195312500
0.957214355468750
0.818298339843750
0.788879394531250
0.981018066406250
0.790283203125000
0.917785644531250
0.819213867187500
0.986633300781250
0.775939941406250
1.002746582031250
0.777893066406250
0.778198242187500
1.007385253906250
0.829895019531250
0.954223632812500
0.743774414062500
0.958007812500000
0.781372070312500
0.965332031250000
0.794677734375000
0.984252929687500
0.810546875000000
0.991516113281250
0.788330078125000
0.772521972656250
0.966979980468750
0.809936523437500
0.995666503906250
0.767761230468750
0.968444824218750
0.770935058593750
0.996520996093750
0.812316894531250
0.959167480468750
0.803466796875000
0.792236328125000
0.980468750000000
0.784179687500000
0.988830566406250
0.791137695312500
0.981201171875000
0.716064453125000
0.974670410156250
0.931518554687500
0.777770996093750
0.934570312500000
0.783752441406250
0.968078613281250
0.801147460937500
0.822509765625000
0.981201171875000
0.772705078125000
1.019348144531250
0.790832519531250
0.798583984375000
1.010864257812500
0.775512695312500
0.975830078125000
0.739013671875000
0.981994628906250
0.779418945312500
0.992980957031250
0.784667968750000
0.969421386718750
0.788208007812500
0.985778808593750
0.765563964843750
0.832824707031250
1.004516601562500
0.780700683593750
0.998046875000000
0.740539550781250
0.994567871093750
0.734741210937500
0.988952636718750
0.781188964843750
0.969482421875000
0.789306640625000
0.977905273437500
0.787353515625000
0.963439941406250
0.786682128906250
0.955200195312500
0.788452148437500
0.792236328125000
0.982116699218750
0.780578613281250
1.001525878906250
0.817810058593750
0.981933593750000
0.820739746093750
0.984191894531250
0.761901855468750
0.927978515625000
0.786621093750000
0.989624023437500
0.807617187500000
0.812316894531250
0.953186035156250
0.773132324218750
0.988464355468750
0.782470703125000
0.788330078125000
0.969604492187500
0.801452636718750
0.938476562500000
0.814697265625000
0.947631835937500
0.831176757812500
0.992309570312500
0.763549804687500
0.977783203125000
0.735046386718750
0.991271972656250
0.765991210937500
0.958679199218750
0.805664062500000
0.961425781250000
0.798767089843750
0.985534667968750
0.791809082031250
0.781005859375000
0.996520996093750
0.777832031250000
0.954589843750000
0.817565917968750
0.958984375000000
0.813110351562500
0.957214355468750
0.765747070312500
0.993041992187500
0.776123046875000
0.774963378906250
0.991821289062500
0.799865722656250
0.793395996093750
0.982543945312500
0.800476074218750
0.985412597656250
0.778564453125000
0.777587890625000
0.957946777343750
0.767517089843750
0.978820800781250
0.931518554687500
0.825622558593750
0.812561035156250
0.958679199218750
0.779052734375000
0.975097656250000
0.770507812500000
0.995849609375000
0.742553710937500
0.971984863281250
0.809570312500000
0.991027832031250
0.742797851562500
0.989624023437500
0.827148437500000
0.955444335937500
0.776062011718750
0.966613769531250
0.771667480468750
0.982543945312500
0.772338867187500
0.776550292968750
0.987976074218750
0.819702148437500
0.965270996093750
0.801208496093750
0.957397460937500
0.789306640625000
0.968627929687500
0.802429199218750
0.766723632812500
0.994140625000000
0.771484375000000
0.995422363281250
0.742309570312500
0.973999023437500
0.769653320312500
0.964538574218750
0.807617187500000
0.995056152343750
0.772705078125000
0.992858886718750
0.735351562500000
0.986022949218750
0.800537109375000
0.970153808593750
0.769653320312500
0.981506347656250
0.802612304687500
0.809265136718750
0.968566894531250
0.767944335937500
0.976562500000000
0.740356445312500
1.000854492187500
0.757995605468750
0.978881835937500
0.776367187500000
0.996093750000000
0.798217773437500
0.975280761718750
0.823425292968750
0.773010253906250
0.948669433593750
0.780761718750000
0.982788085937500
0.788757324218750
0.991210937500000
0.777648925781250
0.817687988281250
0.994140625000000
0.824157714843750
0.965515136718750
0.805480957031250
0.803222656250000
0.954772949218750
0.811950683593750
0.975463867187500
0.822448730468750
0.959228515625000
0.809570312500000
0.781921386718750
0.953613281250000
0.774414062500000
0.994018554687500
0.757263183593750
1.004028320312500
0.760742187500000
1.002258300781250
0.792175292968750
0.958679199218750
0.801513671875000
0.950744628906250
0.773681640625000
0.973449707031250
0.756286621093750
0.952453613281250
0.941284179687500
0.745361328125000
1.011169433593750
0.781555175781250
0.777770996093750
1.000305175781250
0.782226562500000
1.004577636718750
0.791748046875000
0.924072265625000
0.811462402343750
0.955749511718750
0.807128906250000
0.922729492187500
0.835205078125000
0.944152832031250
0.789062500000000
0.983459472656250
0.784179687500000
0.949829101562500
0.796752929687500
0.934570312500000
0.815490722656250
0.991027832031250
0.823852539062500
0.811828613281250
0.929565429687500
0.798645019531250
0.974853515625000
0.774597167968750
0.933532714843750
0.800354003906250
0.989440917968750
0.787536621093750
0.986877441406250
0.744079589843750
0.981628417968750
0.771667480468750
0.987792968750000
0.777343750000000
0.784057617187500
1.014038085937500
0.789123535156250
0.981689453125000
0.799377441406250
0.803955078125000
0.984802246093750
0.791687011718750
0.951232910156250
0.762329101562500
0.953613281250000
0.772888183593750
0.991699218750000
0.780822753906250
0.970336914062500
0.780212402343750
0.974121093750000
0.803588867187500
0.968078613281250
0.776184082031250
0.822265625000000
1.005981445312500
0.768310546875000
1.006286621093750
0.780639648437500
0.986328125000000
0.792419433593750
0.951232910156250
0.781799316406250
0.952026367187500
0.772644042968750
0.817565917968750
0.991271972656250
0.803100585937500
0.972229003906250
0.790344238281250
0.763732910156250
0.952697753906250
0.787292480468750
0.957824707031250
0.775146484375000
0.980407714843750
0.784057617187500
0.984008789062500
0.802124023437500
0.967468261718750
0.778503417968750
0.959472656250000
0.790466308593750
0.771667480468750
0.992309570312500
0.769409179687500
0.974121093750000
0.792846679687500
0.975463867187500
0.772155761718750
0.965026855468750
0.780029296875000
0.800964355468750
0.989318847656250
0.783203125000000
0.987426757812500
0.766113281250000
0.991027832031250
0.796203613281250
0.932678222656250
0.775207519531250
0.965148925781250
0.774902343750000
0.789306640625000
0.934570312500000
0.822326660156250
0.960632324218750
0.787597656250000
0.788024902343750
0.970581054687500
0.752929687500000
0.993957519531250
0.797485351562500
0.968688964843750
0.748962402343750
0.949584960937500
0.796508789062500
0.958190917968750
0.795532226562500
0.986389160156250
0.803222656250000
0.983032226562500
0.774353027343750
0.774047851562500
0.928161621093750
0.946350097656250
0.791992187500000
0.791931152343750
0.995666503906250
0.774230957031250
0.963134765625000
0.755737304687500
0.962768554687500
0.783752441406250
0.954345703125000
0.780761718750000
0.995727539062500
0.786010742187500
0.957092285156250
0.798400878906250
0.945800781250000
0.768066406250000
0.972900390625000
0.750976562500000
0.984313964843750
0.784912109375000
0.796325683593750
0.999511718750000
0.781188964843750
0.965515136718750
0.791931152343750
0.797058105468750
0.976928710937500
0.800231933593750
0.976440429687500
0.759887695312500
0.993408203125000
0.793395996093750
0.968078613281250
0.751464843750000
0.949523925781250
0.744995117187500
0.998474121093750
0.749572753906250
0.979919433593750
0.778198242187500
1.007263183593750
0.778686523437500
0.799621582031250
0.959472656250000
0.757385253906250
0.955383300781250
0.959533691406250
0.792297363281250
0.792236328125000
0.991760253906250
0.788391113281250
0.965270996093750
0.779235839843750
0.793640136718750
0.955627441406250
0.800537109375000
0.986877441406250
0.802673339843750
0.966369628906250
0.767517089843750
0.949035644531250
0.790832519531250
0.913635253906250
0.760375976562500
0.989013671875000
0.785095214843750
0.961975097656250
0.958862304687500
0.799987792968750
0.799377441406250
0.959594726562500
0.781066894531250
0.982849121093750
0.774780273437500
0.781799316406250
0.999755859375000
0.790893554687500
0.964782714843750
0.758117675781250
0.921508789062500
0.761901855468750
0.887084960937500
1.013488769531250
0.782775878906250
0.964355468750000
0.793701171875000
0.952636718750000
0.782226562500000
0.794677734375000
0.977355957031250
0.794860839843750
0.957946777343750
0.799133300781250
0.978820800781250
0.780517578125000
0.958679199218750
0.784118652343750
0.907714843750000
0.770507812500000
1.013061523437500
0.770385742187500
0.971740722656250
0.746765136718750
0.967224121093750
0.773864746093750
0.788330078125000
0.951599121093750
0.792053222656250
0.974426269531250
0.808959960937500
1.003234863281250
0.786254882812500
0.787719726562500
1.011169433593750
0.797180175781250
0.949035644531250
0.772827148437500
0.980651855468750
0.796569824218750
0.970764160156250
0.794006347656250
0.964355468750000
0.776123046875000
0.927856445312500
0.777343750000000
0.781677246093750
0.985473632812500
0.772460937500000
0.985290527343750
0.774414062500000
0.984069824218750
0.792053222656250
0.955749511718750
0.773620605468750
0.964782714843750
0.788208007812500
0.794616699218750
1.007385253906250
0.780151367187500
0.997863769531250
0.785705566406250
0.945922851562500
0.782470703125000
0.777709960937500
0.991088867187500
0.785827636718750
0.970642089843750
0.777709960937500
0.799011230468750
0.968872070312500
0.778686523437500
0.993164062500000
0.785400390625000
0.976501464843750
0.778808593750000
0.971435546875000
0.751831054687500
0.994628906250000
0.781555175781250
0.769470214843750
1.009826660156250
0.774353027343750
0.945251464843750
0.775146484375000
0.970886230468750
0.797973632812500
0.950988769531250
0.794128417968750
0.969360351562500
0.808593750000000
0.772705078125000
1.011413574218750
0.791076660156250
0.947937011718750
0.771118164062500
0.841064453125000
0.747802734375000
0.997863769531250
0.797241210937500
0.797363281250000
0.989440917968750
0.782775878906250
0.953308105468750
0.802429199218750
0.952880859375000
0.799072265625000
0.973449707031250
0.790222167968750
0.970153808593750
0.772521972656250
0.968200683593750
0.784057617187500
0.927917480468750
0.777954101562500
1.165832519531250
0.799987792968750
0.984069824218750
0.802673339843750
0.957214355468750
0.770080566406250
0.788635253906250
0.977905273437500
0.750244140625000
0.973266601562500
0.772033691406250
0.989379882812500
0.771667480468750
0.945861816406250
0.796691894531250
0.963317871093750
0.761352539062500
0.975708007812500
0.796020507812500
0.985168457031250
0.807617187500000
0.909118652343750
0.778137207031250
0.990173339843750
0.776367187500000
0.979614257812500
0.766357421875000
1.018066406250000
0.755371093750000
0.940002441406250
0.796630859375000
0.796508789062500
0.934204101562500
0.809387207031250
0.977722167968750
0.804748535156250
0.996704101562500
0.729736328125000
0.979797363281250
0.790222167968750
0.953857421875000
0.789855957031250
0.800476074218750
0.971618652343750
0.798706054687500
0.996398925781250
0.784179687500000
0.809753417968750
0.972656250000000
0.788269042968750
0.989013671875000
0.779235839843750
0.969970703125000
0.763061523437500
1.007263183593750
0.802490234375000
0.804077148437500
0.992309570312500
0.790649414062500
0.956848144531250
0.774597167968750
0.980102539062500
0.766967773437500
1.022521972656250
0.759887695312500
1.020507812500000
0.801879882812500
0.777587890625000
0.984924316406250
0.743591308593750
0.951232910156250
0.991821289062500
0.783386230468750
0.981689453125000
0.781738281250000
0.810485839843750
0.938476562500000
0.808715820312500
1.002685546875000
0.802185058593750
0.974182128906250
0.792053222656250
0.781738281250000
0.997924804687500
0.753295898437500
0.927124023437500
1.001098632812500
0.790405273437500
0.797546386718750
0.929016113281250
0.770996093750000
0.982666015625000
0.813232421875000
1.027526855468750
0.784301757812500
0.795532226562500
0.975830078125000
0.799987792968750
0.967834472656250
0.751586914062500
1.009521484375000
0.796142578125000
0.986145019531250
0.768554687500000
0.813232421875000
0.948120117187500
0.784484863281250
0.996765136718750
0.769836425781250
1.021850585937500
0.756408691406250
0.999755859375000
0.799377441406250
0.924865722656250
0.787048339843750
0.945556640625000
0.781311035156250
0.969177246093750
0.788879394531250
0.786499023437500
0.990173339843750
0.784973144531250
0.971557617187500
0.790100097656250
0.803100585937500
0.975402832031250
0.794677734375000
0.975769042968750
0.787231445312500
0.979248046875000
0.783630371093750
0.947937011718750
0.760620117187500
0.982910156250000
0.777648925781250
1.019104003906250
0.746643066406250
0.967102050781250
0.780273437500000
0.796325683593750
0.974670410156250
0.748474121093750
0.995727539062500
0.796752929687500
0.993103027343750
0.799316406250000
0.785156250000000
0.967834472656250
0.792053222656250
0.989013671875000
0.755676269531250
0.971618652343750
0.752685546875000
0.993469238281250
0.779296875000000
0.801635742187500
0.921508789062500
0.797790527343750
0.999267578125000
0.733581542968750
0.998107910156250
0.776733398437500
0.995178222656250
0.756042480468750
0.961853027343750
0.776916503906250
1.000488281250000
0.746032714843750
0.991638183593750
0.779113769531250
0.961120605468750
0.782226562500000
0.927978515625000
0.777465820312500
0.928894042968750
0.779174804687500
1.010009765625000
0.750793457031250
1.005310058593750
0.750549316406250
0.789672851562500
0.904235839843750
0.978576660156250
0.809143066406250
0.771057128906250
1.024658203125000
0.794677734375000
1.010192871093750
0.782775878906250
0.973327636718750
0.755676269531250
0.799987792968750
0.975097656250000
0.792602539062500
1.011169433593750
0.798767089843750
0.963317871093750
0.796081542968750
0.931762695312500
0.782287597656250
0.795410156250000
0.998535156250000
0.779235839843750
0.984558105468750
0.770751953125000
1.001953125000000
0.797790527343750
0.797607421875000
0.964660644531250
0.789062500000000
0.949707031250000
0.794311523437500
0.976745605468750
0.794189453125000
0.987121582031250
0.756347656250000
0.953918457031250
0.797180175781250
0.804016113281250
1.013549804687500
0.774169921875000
0.954528808593750
0.796813964843750
0.946716308593750
0.971740722656250
0.799072265625000
0.801269531250000
0.974304199218750
0.757446289062500
0.995910644531250
0.752197265625000
0.994506835937500
0.763854980468750
0.993225097656250
0.796752929687500
0.985046386718750
0.793823242187500
0.793823242187500
0.997070312500000
0.783203125000000
0.965393066406250
0.795898437500000
0.786804199218750
1.012939453125000
0.762451171875000
1.011047363281250
0.772949218750000
0.960754394531250
0.764099121093750
0.967712402343750
0.786376953125000
0.943481445312500
0.948608398437500
0.792053222656250
0.791259765625000
0.972167968750000
0.806030273437500
1.006591796875000
0.788452148437500
0.956604003906250
0.783752441406250
0.946533203125000
0.767456054687500
0.978515625000000
0.784729003906250
0.956542968750000
0.789062500000000
0.952209472656250
0.915832519531250
0.789611816406250
1.007385253906250
0.793762207031250
0.976257324218750
0.778869628906250
0.781494140625000
0.953796386718750
0.781250000000000
1.011352539062500
0.761962890625000
0.978576660156250
0.757202148437500
0.918823242187500
0.770568847656250
0.964477539062500
0.803833007812500
0.960571289062500
0.762512207031250
0.993591308593750
0.794311523437500
1.025268554687500
0.755065917968750
0.951721191406250
0.766540527343750
0.995117187500000
0.802612304687500
0.788696289062500
0.937255859375000
0.973022460937500
0.784851074218750
0.964660644531250
0.789428710937500
0.805541992187500
1.010498046875000
0.787048339843750
0.940429687500000
0.806274414062500
0.769836425781250
0.994812011718750
0.808349609375000
0.928955078125000
0.781372070312500
0.978759765625000
0.807373046875000
0.971252441406250
0.785339355468750
0.975585937500000
0.779785156250000
0.948791503906250
0.797851562500000
0.984008789062500
0.806884765625000
0.801086425781250
0.973022460937500
0.771667480468750
1.002990722656250
0.779663085937500
0.785400390625000
1.002746582031250
0.777160644531250
0.972961425781250
0.760498046875000
0.966003417968750
0.790039062500000
1.015563964843750
0.774780273437500
0.958251953125000
0.732238769531250
0.982360839843750
0.792785644531250
0.958435058593750
0.767944335937500
0.781677246093750
1.017456054687500
0.787902832031250
0.955078125000000
0.791442871093750
0.989074707031250
0.803039550781250
1.001831054687500
0.800048828125000
0.798522949218750
0.958679199218750
0.804199218750000
0.974670410156250
0.800537109375000
0.942810058593750
0.792480468750000
0.948181152343750
0.782470703125000
0.982116699218750
0.801025390625000
0.951721191406250
0.801025390625000
0.810913085937500
1.024047851562500
0.803527832031250
0.934875488281250
0.793762207031250
0.930847167968750
0.785827636718750
0.999816894531250
0.793457031250000
0.940673828125000
0.802429199218750
0.986633300781250
0.763061523437500
0.984252929687500
0.761962890625000
0.953063964843750
0.796264648437500
0.777648925781250
0.986633300781250
0.970458984375000
0.765686035156250
0.941284179687500
0.752136230468750
0.785522460937500
0.974426269531250
0.789978027343750
0.966064453125000
0.921752929687500
0.805297851562500
0.787414550781250
0.950256347656250
0.798767089843750
0.947998046875000
0.779418945312500
0.970275878906250
0.750549316406250
1.005065917968750
0.772644042968750
0.960998535156250
0.787170410156250
0.966064453125000
0.793029785156250
0.996582031250000
0.784484863281250
0.798828125000000
0.939697265625000
0.791198730468750
1.024963378906250
0.754699707031250
0.924255371093750
0.791870117187500
0.810607910156250
0.982238769531250
0.825683593750000
0.974426269531250
0.741699218750000
0.979553222656250
0.803039550781250
0.993835449218750
0.796569824218750
0.789062500000000
0.899597167968750
1.003723144531250
0.788940429687500
0.788879394531250
0.990600585937500
0.765869140625000
0.953247070312500
0.809082031250000
0.976379394531250
0.806396484375000
0.788085937500000
0.974182128906250
0.807739257812500
0.967346191406250
0.787048339843750
1.045166015625000
0.774536132812500
0.969177246093750
0.756835937500000
0.995178222656250
0.773864746093750
0.988281250000000
0.794250488281250
0.796020507812500
1.006103515625000
0.758972167968750
1.015319824218750
0.762268066406250
0.937133789062500
0.794982910156250
0.990478515625000
0.785644531250000
1.007263183593750
0.744201660156250
0.984741210937500
0.809692382812500
0.800048828125000
0.942932128906250
0.782470703125000
0.975158691406250
0.809997558593750
0.956298828125000
0.789123535156250
0.978759765625000
0.766113281250000
0.978515625000000
0.794677734375000
0.957214355468750
0.786315917968750
0.800292968750000
0.949829101562500
0.803833007812500
0.971557617187500
0.914001464843750
0.757629394531250
0.997009277343750
0.771850585937500
0.967102050781250
0.769836425781250
1.014221191406250
0.793518066406250
0.923767089843750
0.801635742187500
0.768798828125000
1.003845214843750
0.790100097656250
0.943420410156250
0.798522949218750
1.010192871093750
0.804992675781250
0.795654296875000
0.987976074218750
0.783874511718750
1.005004882812500
0.734680175781250
0.958496093750000
0.775451660156250
0.973388671875000
0.762329101562500
0.988525390625000
0.800903320312500
0.954528808593750
0.737854003906250
0.982727050781250
0.781799316406250
1.033020019531250
0.785156250000000
0.794860839843750
0.952941894531250
0.779846191406250
1.025817871093750
0.738220214843750
0.922180175781250
0.975402832031250
0.798400878906250
0.794982910156250
0.978271484375000
0.763671875000000
0.982421875000000
0.797546386718750
1.013305664062500
0.785095214843750
0.955139160156250
0.759399414062500
0.937133789062500
0.743774414062500
0.957031250000000
0.799743652343750
0.954101562500000
0.764648437500000
1.005187988281250
0.797729492187500
0.797058105468750
0.975585937500000
0.796081542968750
0.783264160156250
1.029785156250000
0.740356445312500
0.947875976562500
0.781188964843750
0.984497070312500
0.802673339843750
0.960571289062500
0.767395019531250
1.011474609375000
0.777648925781250
0.949890136718750
0.758056640625000
0.967285156250000
0.779174804687500
0.972290039062500
0.801940917968750
0.991149902343750
0.811401367187500
0.759582519531250
0.971069335937500
0.764099121093750
0.964660644531250
0.803710937500000
0.956665039062500
0.794799804687500
0.983703613281250
0.737915039062500
0.998901367187500
0.748291015625000
1.020874023437500
0.803405761718750
0.764526367187500
0.975402832031250
0.792053222656250
0.814208984375000
0.982299804687500
0.929504394531250
0.774291992187500
0.793701171875000
1.010375976562500
0.808105468750000
0.935974121093750
0.628295898437500
0.999511718750000
0.805419921875000
1.004150390625000
0.736572265625000
0.923156738281250
0.794982910156250
0.955871582031250
0.795166015625000
0.962829589843750
0.792419433593750
0.823730468750000
0.938842773437500
0.766479492187500
0.975036621093750
0.775878906250000
1.042968750000000
0.747375488281250
0.991882324218750
0.764770507812500
0.987670898437500
0.783813476562500
0.977478027343750
0.762878417968750
0.802429199218750
0.957519531250000
0.789184570312500
0.985107421875000
0.786926269531250
0.941955566406250
0.766967773437500
0.950317382812500
0.815795898437500
0.966003417968750
0.796264648437500
0.972656250000000
0.779663085937500
0.980163574218750
0.791687011718750
0.926757812500000
0.796325683593750
0.972167968750000
0.755187988281250
0.776000976562500
0.993652343750000
0.783142089843750
0.970458984375000
0.792724609375000
1.557617187500000
0.783508300781250
0.812683105468750
0.962097167968750
0.798217773437500
1.009338378906250
0.740112304687500
1.020690917968750
0.766662597656250
0.772705078125000
0.965515136718750
0.906860351562500
0.817260742187500
0.754211425781250
0.974304199218750
0.797546386718750
0.957885742187500
0.820617675781250
0.949890136718750
0.785278320312500
0.957458496093750
0.820861816406250
0.761047363281250
0.968078613281250
0.759826660156250
1.010375976562500
0.781738281250000
1.012634277343750
0.779235839843750
0.773010253906250
0.991333007812500
0.763732910156250
0.949096679687500
0.797912597656250
0.932312011718750
0.773132324218750
0.964599609375000
0.786987304687500
0.940246582031250
0.796997070312500
0.974487304687500
0.717529296875000
0.999328613281250
0.763427734375000
0.990539550781250
0.774353027343750
0.988220214843750
0.741699218750000
0.985229492187500
0.797485351562500
0.962402343750000
0.763610839843750
0.939575195312500
0.790344238281250
0.994812011718750
0.791503906250000
0.947875976562500
0.761230468750000
0.940612792968750
0.761779785156250
0.960266113281250
0.777709960937500
0.993835449218750
0.765075683593750
0.806823730468750
0.957275390625000
0.776489257812500
1.037658691406250
0.743286132812500
0.957031250000000
0.812927246093750
0.941040039062500
0.834411621093750
0.734069824218750
0.979553222656250
0.763610839843750
0.974121093750000
0.769714355468750
0.978637695312500
0.807739257812500
0.937377929687500
0.792541503906250
0.822326660156250
0.982666015625000
0.937683105468750
0.796630859375000
0.781311035156250
1.012756347656250
0.793579101562500
0.979858398437500
0.789978027343750
0.960632324218750
0.792358398437500
0.812744140625000
1.001403808593750
0.765380859375000
0.980712890625000
0.754394531250000
0.968444824218750
0.755798339843750
0.998596191406250
0.803710937500000
0.767639160156250
0.970886230468750
0.762756347656250
0.975219726562500
0.806091308593750
0.984069824218750
0.801574707031250
0.958374023437500
0.777404785156250
0.917114257812500
0.794494628906250
1.004028320312500
0.776062011718750
0.748718261718750
0.979431152343750
0.779479980468750
0.978698730468750
0.774536132812500
0.809326171875000
0.977294921875000
0.783203125000000
0.970520019531250
0.802551269531250
0.908386230468750
0.811462402343750
0.910705566406250
0.790344238281250
0.969360351562500
0.744750976562500
1.012512207031250
0.757263183593750
0.982482910156250
0.795898437500000
0.958007812500000
0.789184570312500
0.915222167968750
0.823425292968750
0.932983398437500
0.805725097656250
0.947265625000000
0.818176269531250
0.762512207031250
0.945617675781250
0.951477050781250
0.814514160156250
0.792053222656250
0.951232910156250
0.979919433593750
0.789428710937500
0.810668945312500
0.952758789062500
0.799499511718750
0.964477539062500
0.781799316406250
0.827331542968750
0.959045410156250
0.765502929687500
0.945068359375000
0.793212890625000
0.950317382812500
0.758666992187500
0.965576171875000
0.749877929687500
0.962280273437500
0.775451660156250
1.003112792968750
0.750183105468750
0.991821289062500
0.802368164062500
1.022949218750000
0.770324707031250
0.985168457031250
0.781860351562500
0.997314453125000
0.748840332031250
1.010803222656250
0.747497558593750
0.965332031250000
0.784545898437500
0.978088378906250
0.772644042968750
0.987854003906250
0.814147949218750
0.756896972656250
0.978515625000000
0.779113769531250
1.014160156250000
0.758056640625000
0.985046386718750
0.752319335937500
1.019409179687500
0.760986328125000
0.777038574218750
0.979064941406250
0.793823242187500
0.991760253906250
0.740600585937500
0.946228027343750
0.800231933593750
1.006652832031250
0.778442382812500
0.780090332031250
0.961791992187500
0.992065429687500
0.754943847656250
0.988159179687500
0.745544433593750
0.775268554687500
0.988281250000000
0.751403808593750
0.997314453125000
0.723327636718750
0.972656250000000
0.747192382812500
0.975402832031250
0.746643066406250
1.004699707031250
0.785400390625000
0.961791992187500
0.793945312500000
0.960876464843750
0.810424804687500
0.811462402343750
0.940185546875000
0.802429199218750
0.964050292968750
0.788024902343750
0.949890136718750
0.811279296875000
0.931274414062500
0.793334960937500
0.938049316406250
0.985839843750000
0.778564453125000
0.829895019531250
0.955993652343750
0.820312500000000
0.925842285156250
0.805114746093750
0.911193847656250
0.806457519531250
0.783325195312500
0.976806640625000
0.737060546875000
0.950317382812500
0.925537109375000
0.782226562500000
0.921875000000000
0.835571289062500
0.920837402343750
0.786193847656250
0.987426757812500
0.781188964843750
0.915039062500000
0.817260742187500
0.919738769531250
0.814147949218750
0.973327636718750
0.812622070312500
0.767822265625000
1.023010253906250
0.741455078125000
0.992858886718750
0.731384277343750
0.992126464843750
0.785705566406250
1.001159667968750
0.785400390625000
0.973815917968750
0.768920898437500
0.809814453125000
0.997619628906250
0.803955078125000
0.994628906250000
0.770629882812500
0.806579589843750
0.922058105468750
0.716369628906250
0.768798828125000
0.616088867187500
0.670349121093750
0.542297363281250
0.662536621093750
0.508483886718750
0.549011230468750
0.419250488281250
0.531188964843750
0.424194335937500
0.535766601562500
0.428283691406250
0.529296875000000
0.427368164062500
0.532165527343750
0.427673339843750
0.423278808593750
