0.040649414062500
0.058288574218750
0.249267578125000
0.414062500000000
0.518310546875000
0.443969726562500
0.568481445312500
0.445495605468750
0.571166992187500
0.448608398437500
0.565429687500000
0.451843261718750
0.571105957031250
0.454772949218750
0.572875976562500
0.460754394531250
0.571716308593750
0.455200195312500
0.573608398437500
0.462951660156250
0.568481445312500
0.457763671875000
0.578247070312500
0.460144042968750
0.578857421875000
0.457214355468750
0.572143554687500
0.442687988281250
0.570556640625000
0.458435058593750
0.566711425781250
0.452697753906250
0.574829101562500
0.456542968750000
0.566955566406250
0.466674804687500
0.574218750000000
0.462768554687500
0.576354980468750
0.460449218750000
0.575500488281250
0.461547851562500
0.562438964843750
0.460815429687500
0.574096679687500
0.463928222656250
0.578796386718750
0.462097167968750
0.581970214843750
0.460754394531250
0.583618164062500
0.466125488281250
0.583984375000000
0.465576171875000
0.577941894531250
0.461120605468750
0.579467773437500
0.465881347656250
0.575500488281250
0.468444824218750
0.588623046875000
0.460876464843750
0.590515136718750
0.475463867187500
0.589904785156250
0.461547851562500
0.580200195312500
0.474365234375000
0.580627441406250
0.456787109375000
0.588500976562500
0.471496582031250
0.472778320312500
0.593322753906250
0.467712402343750
0.575561523437500
0.468444824218750
0.586853027343750
0.464904785156250
0.571655273437500
0.470214843750000
0.584411621093750
0.468322753906250
0.587402343750000
0.467468261718750
0.582092285156250
0.450073242187500
0.581481933593750
0.469665527343750
0.580810546875000
0.470947265625000
0.579467773437500
0.470947265625000
0.577392578125000
0.470886230468750
0.577880859375000
0.574707031250000
0.468444824218750
0.474365234375000
0.585449218750000
0.474365234375000
0.585632324218750
0.474487304687500
0.586669921875000
0.471313476562500
0.598022460937500
0.477355957031250
0.590637207031250
0.473632812500000
0.596557617187500
0.480957031250000
0.598632812500000
0.475769042968750
0.597412109375000
0.478515625000000
0.483276367187500
0.592346191406250
0.479431152343750
0.589355468750000
0.480163574218750
0.593444824218750
0.481140136718750
0.595275878906250
0.472412109375000
0.600646972656250
0.479919433593750
0.595642089843750
0.472290039062500
0.476135253906250
0.595275878906250
0.474548339843750
0.589904785156250
0.589599609375000
0.474853515625000
0.482238769531250
0.596801757812500
0.479431152343750
0.587646484375000
0.485290527343750
0.593811035156250
0.465209960937500
0.602783203125000
0.448181152343750
0.618896484375000
0.471618652343750
0.583007812500000
0.469604492187500
0.593261718750000
0.478332519531250
0.596008300781250
0.475280761718750
0.593933105468750
0.476013183593750
0.576232910156250
0.474060058593750
0.601989746093750
0.468444824218750
0.553405761718750
0.595520019531250
0.475402832031250
0.595397949218750
0.473144531250000
0.479064941406250
0.589111328125000
0.476501464843750
0.592102050781250
0.470703125000000
0.593627929687500
0.472717285156250
0.588562011718750
0.478149414062500
0.597167968750000
0.479919433593750
0.591003417968750
0.480651855468750
0.593627929687500
0.476928710937500
0.594360351562500
0.469726562500000
0.599365234375000
0.473510742187500
0.592590332031250
0.468750000000000
0.593933105468750
0.475524902343750
0.594604492187500
0.474670410156250
0.590942382812500
0.480773925781250
0.595581054687500
0.471679687500000
0.600585937500000
0.471496582031250
0.591430664062500
0.473632812500000
0.590087890625000
0.476379394531250
0.478698730468750
0.600891113281250
0.480102539062500
0.600830078125000
0.473815917968750
0.592712402343750
0.475463867187500
0.595031738281250
0.481872558593750
0.594238281250000
0.472534179687500
0.593505859375000
0.459045410156250
0.596252441406250
0.470214843750000
0.591308593750000
0.478759765625000
0.597778320312500
0.471130371093750
0.593078613281250
0.478820800781250
0.592468261718750
0.475952148437500
0.484558105468750
0.599914550781250
0.469604492187500
0.580932617187500
0.595092773437500
0.479003906250000
0.590576171875000
0.477844238281250
0.587524414062500
0.481201171875000
0.592651367187500
0.482116699218750
0.593383789062500
0.479553222656250
0.592773437500000
0.483215332031250
0.592895507812500
0.479370117187500
0.594787597656250
0.478027343750000
0.602172851562500
0.476440429687500
0.602661132812500
0.477905273437500
0.599426269531250
0.482238769531250
0.609130859375000
0.483398437500000
0.595642089843750
0.480651855468750
0.596801757812500
0.475708007812500
0.584899902343750
0.476867675781250
0.599426269531250
0.482299804687500
0.599365234375000
0.480651855468750
0.604248046875000
0.474548339843750
0.604003906250000
0.482238769531250
0.604064941406250
0.481567382812500
0.609252929687500
0.482482910156250
0.607910156250000
0.484619140625000
0.603454589843750
0.489257812500000
0.483459472656250
0.602722167968750
0.481567382812500
0.600769042968750
0.481567382812500
0.607299804687500
0.481689453125000
0.604553222656250
0.483947753906250
0.603271484375000
0.484863281250000
0.599121093750000
0.482727050781250
0.602539062500000
0.475219726562500
0.600036621093750
0.479553222656250
0.602416992187500
0.481872558593750
0.601745605468750
0.481811523437500
0.601867675781250
0.481201171875000
0.601196289062500
0.484558105468750
0.602600097656250
0.479614257812500
0.587585449218750
0.482482910156250
0.603576660156250
0.487426757812500
0.600769042968750
0.488342285156250
0.607055664062500
0.478759765625000
0.600097656250000
0.479125976562500
0.483093261718750
0.610229492187500
0.481323242187500
0.614501953125000
0.489929199218750
0.600952148437500
0.484863281250000
0.602050781250000
0.483825683593750
0.604919433593750
0.466674804687500
0.602783203125000
0.482299804687500
0.603942871093750
0.466552734375000
0.603393554687500
0.492187500000000
0.605102539062500
0.482666015625000
0.605529785156250
0.484558105468750
0.479980468750000
0.605407714843750
0.364807128906250
0.602722167968750
0.584716796875000
0.469726562500000
0.610595703125000
0.485046386718750
0.488037109375000
0.596374511718750
0.500122070312500
0.588317871093750
0.578857421875000
0.472656250000000
0.589782714843750
0.485046386718750
0.609252929687500
0.492187500000000
0.597839355468750
0.480285644531250
0.605041503906250
0.496704101562500
0.613708496093750
0.492797851562500
0.492370605468750
0.599914550781250
0.489440917968750
0.580688476562500
0.597473144531250
0.487609863281250
0.487304687500000
0.614196777343750
0.479492187500000
0.585388183593750
0.606628417968750
0.487426757812500
0.606262207031250
0.484008789062500
0.605529785156250
0.472473144531250
0.610595703125000
0.493225097656250
0.604919433593750
0.485351562500000
0.606933593750000
0.484802246093750
0.617370605468750
0.856323242187500
0.489868164062500
0.611267089843750
0.489501953125000
0.611938476562500
0.489074707031250
0.612060546875000
0.493713378906250
0.610961914062500
0.498718261718750
0.609497070312500
0.494567871093750
0.491027832031250
0.611145019531250
0.490539550781250
0.606079101562500
0.498535156250000
0.612243652343750
0.495971679687500
0.614624023437500
0.493347167968750
0.616394042968750
0.490905761718750
0.617492675781250
0.473632812500000
0.616882324218750
0.489135742187500
0.609497070312500
0.481384277343750
0.614318847656250
0.489074707031250
0.615539550781250
0.492065429687500
0.608947753906250
0.489074707031250
0.613159179687500
0.493103027343750
0.613464355468750
0.484558105468750
0.614196777343750
0.487304687500000
0.619445800781250
0.490112304687500
0.614624023437500
0.491516113281250
0.610961914062500
0.492919921875000
0.614379882812500
0.486816406250000
0.610412597656250
0.486755371093750
0.610839843750000
0.484741210937500
0.608581542968750
0.488769531250000
0.611755371093750
0.484985351562500
0.613037109375000
0.490173339843750
0.610900878906250
0.484619140625000
0.612915039062500
0.489074707031250
0.614379882812500
0.487731933593750
0.614440917968750
0.492614746093750
0.607727050781250
0.489135742187500
0.606384277343750
0.488403320312500
0.610412597656250
0.490234375000000
0.607910156250000
0.489990234375000
0.606872558593750
0.490966796875000
0.613830566406250
0.488891601562500
0.610595703125000
0.473632812500000
0.613281250000000
0.483093261718750
0.611938476562500
0.492675781250000
0.606262207031250
0.487792968750000
0.614990234375000
0.486328125000000
0.611572265625000
0.490478515625000
0.613952636718750
0.475830078125000
0.615051269531250
0.492736816406250
0.617187500000000
0.486511230468750
0.621520996093750
0.482971191406250
0.611877441406250
0.483459472656250
0.612365722656250
0.479614257812500
0.622070312500000
0.487060546875000
0.618225097656250
0.483215332031250
0.618103027343750
0.487548828125000
0.611206054687500
0.495727539062500
0.607421875000000
0.485900878906250
0.617980957031250
0.475708007812500
0.596984863281250
0.493530273437500
0.607910156250000
0.488830566406250
0.613281250000000
0.490417480468750
0.610290527343750
0.494201660156250
0.619628906250000
0.489624023437500
0.614990234375000
0.491271972656250
0.614807128906250
0.487182617187500
0.613647460937500
0.487060546875000
0.613403320312500
0.488647460937500
0.614318847656250
0.490661621093750
0.617980957031250
0.490356445312500
0.621459960937500
0.485839843750000
0.615295410156250
0.488891601562500
0.495544433593750
0.621459960937500
0.487365722656250
0.613098144531250
0.493103027343750
0.612243652343750
0.486267089843750
0.616455078125000
0.471801757812500
0.602478027343750
0.608154296875000
0.491699218750000
0.604003906250000
0.496154785156250
0.612304687500000
0.474853515625000
0.617919921875000
0.491882324218750
0.612426757812500
0.491149902343750
0.504638671875000
0.584045410156250
0.588378906250000
0.484313964843750
0.591247558593750
0.611511230468750
0.500915527343750
0.497436523437500
0.611938476562500
0.487915039062500
0.611572265625000
0.488159179687500
0.619689941406250
0.491943359375000
0.618591308593750
0.483032226562500
0.613220214843750
0.484375000000000
0.619995117187500
0.489807128906250
0.618469238281250
0.493591308593750
0.608276367187500
0.494567871093750
0.615844726562500
0.496398925781250
0.609252929687500
0.494812011718750
0.492187500000000
0.618041992187500
0.496887207031250
0.614746093750000
0.493225097656250
0.611755371093750
0.492065429687500
0.616210937500000
0.499694824218750
0.613647460937500
0.496032714843750
0.609985351562500
0.485839843750000
0.611694335937500
0.493225097656250
0.497863769531250
0.612976074218750
0.492248535156250
0.613342285156250
0.488342285156250
0.612487792968750
0.491943359375000
0.617065429687500
0.496948242187500
0.614440917968750
0.497924804687500
0.619384765625000
0.484436035156250
0.622192382812500
0.498291015625000
0.496765136718750
0.609130859375000
0.493652343750000
0.619384765625000
0.484619140625000
0.617248535156250
0.486633300781250
0.609802246093750
0.487182617187500
0.608581542968750
0.493652343750000
0.611328125000000
0.493774414062500
0.612548828125000
0.496948242187500
0.608459472656250
0.493774414062500
0.613708496093750
0.492309570312500
0.610656738281250
0.495239257812500
0.598510742187500
0.492187500000000
0.611694335937500
0.488037109375000
0.612854003906250
0.490478515625000
0.609741210937500
0.497436523437500
0.608215332031250
0.490600585937500
0.598022460937500
0.477661132812500
0.610961914062500
0.493896484375000
0.617614746093750
0.498718261718750
0.619750976562500
0.490356445312500
0.615112304687500
0.488708496093750
0.486145019531250
0.612121582031250
0.489685058593750
0.620910644531250
0.493591308593750
0.622131347656250
0.493286132812500
0.616577148437500
0.496032714843750
0.614440917968750
0.492675781250000
0.613037109375000
0.492492675781250
0.608886718750000
0.495666503906250
0.614685058593750
0.487121582031250
0.619018554687500
0.491577148437500
0.489990234375000
0.619689941406250
0.489746093750000
0.620483398437500
0.492797851562500
0.612731933593750
0.496337890625000
0.612365722656250
0.493347167968750
0.618408203125000
0.493103027343750
0.620788574218750
0.494018554687500
0.618225097656250
0.494628906250000
0.618469238281250
0.496704101562500
0.488891601562500
0.617187500000000
0.492004394531250
0.611877441406250
0.492126464843750
0.619750976562500
0.496765136718750
0.616821289062500
0.491821289062500
0.610534667968750
0.491882324218750
0.620300292968750
0.492126464843750
0.612731933593750
0.496398925781250
0.615295410156250
0.498657226562500
0.609497070312500
0.491699218750000
0.609069824218750
0.492919921875000
0.615661621093750
0.489257812500000
0.612426757812500
0.488586425781250
0.612548828125000
0.489807128906250
0.621520996093750
0.494567871093750
0.613586425781250
0.482971191406250
0.616882324218750
0.489685058593750
0.616455078125000
0.488342285156250
0.612365722656250
0.498229980468750
0.599304199218750
0.496582031250000
0.603149414062500
0.598144531250000
0.501892089843750
0.614807128906250
0.500915527343750
0.627990722656250
0.494506835937500
0.621765136718750
0.494201660156250
0.618835449218750
0.476379394531250
0.623535156250000
0.493835449218750
0.618896484375000
0.498229980468750
0.620849609375000
0.496154785156250
0.623535156250000
0.491638183593750
0.631286621093750
0.490356445312500
0.623718261718750
0.497985839843750
0.621337890625000
0.499267578125000
0.498229980468750
0.597961425781250
0.609741210937500
0.479125976562500
0.627197265625000
0.499145507812500
0.627868652343750
0.486328125000000
0.626403808593750
0.500183105468750
0.621276855468750
0.497253417968750
0.618164062500000
0.502624511718750
0.592407226562500
0.522094726562500
0.612609863281250
0.504394531250000
0.627197265625000
0.498229980468750
0.624633789062500
0.494934082031250
0.604064941406250
0.498291015625000
0.620605468750000
0.497131347656250
0.622375488281250
0.499633789062500
0.623901367187500
0.505371093750000
0.496276855468750
0.617065429687500
0.496459960937500
0.627441406250000
0.495910644531250
0.616333007812500
0.500610351562500
0.620544433593750
0.500732421875000
0.617309570312500
0.494995117187500
0.626159667968750
0.500915527343750
0.628234863281250
0.499755859375000
0.621887207031250
0.497070312500000
0.621582031250000
0.500427246093750
0.615051269531250
0.498413085937500
0.614135742187500
0.500671386718750
0.626892089843750
0.493286132812500
0.621704101562500
0.494079589843750
0.625061035156250
0.495056152343750
0.624755859375000
0.495849609375000
0.623718261718750
0.498840332031250
0.510009765625000
0.620483398437500
0.496398925781250
0.625427246093750
0.495178222656250
0.622619628906250
0.601013183593750
0.500976562500000
0.502075195312500
0.627563476562500
0.500854492187500
0.624267578125000
0.498840332031250
0.617736816406250
0.496398925781250
0.628784179687500
0.494934082031250
0.620239257812500
0.496154785156250
0.611938476562500
0.496948242187500
0.629882812500000
0.495239257812500
0.630004882812500
0.500915527343750
0.619323730468750
0.505249023437500
0.618041992187500
0.504150390625000
0.496337890625000
0.623046875000000
0.501892089843750
0.623779296875000
0.496032714843750
0.623229980468750
0.499023437500000
0.625793457031250
0.498596191406250
0.627136230468750
0.497558593750000
0.620605468750000
0.492858886718750
0.628417968750000
0.496520996093750
0.624389648437500
0.496887207031250
0.625549316406250
0.501892089843750
0.500305175781250
0.630371093750000
0.500488281250000
0.616149902343750
0.500427246093750
0.629272460937500
0.499023437500000
0.632751464843750
0.501037597656250
0.592407226562500
0.494812011718750
0.628051757812500
0.498901367187500
0.622314453125000
0.484008789062500
0.618225097656250
0.500915527343750
0.629821777343750
0.479858398437500
0.626831054687500
0.497802734375000
0.621215820312500
0.497497558593750
0.624633789062500
0.504211425781250
0.625488281250000
0.497619628906250
0.604370117187500
0.497009277343750
0.628967285156250
0.497924804687500
0.630493164062500
0.499084472656250
0.502319335937500
0.629394531250000
0.502136230468750
0.625732421875000
0.496887207031250
0.622985839843750
0.499572753906250
0.623046875000000
0.488586425781250
0.617126464843750
0.505615234375000
0.615722656250000
0.497192382812500
0.620117187500000
0.481201171875000
0.626525878906250
0.500000000000000
0.612792968750000
0.500366210937500
0.626831054687500
0.500976562500000
0.628601074218750
0.492980957031250
0.627685546875000
0.500305175781250
0.623168945312500
0.501403808593750
0.618896484375000
0.502258300781250
0.606201171875000
0.502624511718750
0.632263183593750
0.501586914062500
0.503967285156250
0.624023437500000
0.501342773437500
0.628967285156250
0.502441406250000
0.628601074218750
0.501586914062500
0.623901367187500
0.497497558593750
0.503845214843750
0.624572753906250
0.501037597656250
0.626708984375000
0.497070312500000
0.627136230468750
0.500854492187500
0.625000000000000
0.503540039062500
0.630981445312500
0.484191894531250
0.631164550781250
0.491821289062500
0.606628417968750
0.503540039062500
0.630981445312500
0.500061035156250
0.625549316406250
0.496032714843750
0.625305175781250
0.503845214843750
0.497009277343750
0.624328613281250
0.502990722656250
0.629272460937500
0.500061035156250
0.616638183593750
0.502075195312500
0.614624023437500
0.501403808593750
0.628479003906250
0.499877929687500
0.623474121093750
0.496215820312500
0.624328613281250
0.495788574218750
0.629333496093750
0.498046875000000
0.621459960937500
0.502075195312500
0.504333496093750
0.629638671875000
0.480163574218750
0.621765136718750
0.495544433593750
0.624206542968750
0.500366210937500
0.630371093750000
0.503967285156250
0.622436523437500
0.501586914062500
0.487426757812500
0.505310058593750
0.621948242187500
0.498046875000000
0.621215820312500
0.501953125000000
0.622802734375000
0.502929687500000
0.628356933593750
0.501220703125000
0.501037597656250
0.624206542968750
0.494750976562500
0.621154785156250
0.500671386718750
0.624084472656250
0.500122070312500
0.613098144531250
0.507324218750000
0.624145507812500
0.501831054687500
0.621337890625000
0.499145507812500
0.621276855468750
0.499755859375000
0.614990234375000
0.500000000000000
0.632019042968750
0.501281738281250
0.622680664062500
0.503234863281250
0.620117187500000
0.502929687500000
0.625000000000000
0.498535156250000
0.628417968750000
0.483154296875000
0.623535156250000
0.506530761718750
0.627075195312500
0.502380371093750
0.630493164062500
0.497680664062500
0.511657714843750
0.634521484375000
0.503967285156250
0.624206542968750
0.494750976562500
0.630859375000000
0.499511718750000
0.624450683593750
0.500610351562500
0.632568359375000
0.502441406250000
0.627075195312500
0.505798339843750
0.632385253906250
0.504455566406250
0.630126953125000
0.499084472656250
0.624877929687500
0.499694824218750
0.628845214843750
0.502136230468750
0.507507324218750
0.634277343750000
0.508850097656250
0.635742187500000
0.506042480468750
0.637573242187500
0.504821777343750
0.629760742187500
0.500244140625000
0.630065917968750
0.502868652343750
0.505126953125000
0.630493164062500
0.506958007812500
0.627319335937500
0.501403808593750
0.627868652343750
0.505493164062500
0.624267578125000
0.500854492187500
0.627563476562500
0.504638671875000
0.629394531250000
0.504455566406250
0.628112792968750
0.502502441406250
0.630004882812500
0.504211425781250
0.626464843750000
0.508666992187500
0.631103515625000
0.505126953125000
0.629638671875000
0.497985839843750
0.635009765625000
0.506835937500000
0.511474609375000
0.629455566406250
0.493652343750000
0.633178710937500
0.507263183593750
0.635498046875000
0.508483886718750
0.632995605468750
0.503662109375000
0.630554199218750
0.509338378906250
0.628051757812500
0.506286621093750
0.633422851562500
0.508666992187500
0.632507324218750
0.507690429687500
0.619873046875000
0.500000000000000
0.637451171875000
0.501342773437500
0.509460449218750
0.628356933593750
0.513916015625000
0.636047363281250
0.506286621093750
0.628906250000000
0.503112792968750
0.627441406250000
0.506591796875000
0.635192871093750
0.502563476562500
0.614501953125000
0.499877929687500
0.637512207031250
0.506103515625000
0.636047363281250
0.500915527343750
0.638305664062500
0.506469726562500
0.628845214843750
0.503845214843750
0.637207031250000
0.504638671875000
0.506347656250000
0.625732421875000
0.618774414062500
0.503723144531250
0.626586914062500
0.511047363281250
0.626831054687500
0.490600585937500
0.636108398437500
0.503723144531250
0.629394531250000
0.512390136718750
0.500488281250000
0.613464355468750
0.648437500000000
0.481506347656250
0.635192871093750
0.474914550781250
0.623107910156250
0.508728027343750
0.634582519531250
0.499816894531250
0.638549804687500
0.505859375000000
0.637329101562500
0.500122070312500
0.627258300781250
0.502197265625000
0.617919921875000
0.515869140625000
0.640808105468750
0.486938476562500
0.614929199218750
0.506469726562500
0.637817382812500
0.504089355468750
0.631530761718750
0.497314453125000
0.618286132812500
0.506225585937500
0.636840820312500
0.507446289062500
0.636901855468750
0.503051757812500
0.639953613281250
0.494506835937500
0.640747070312500
0.502502441406250
0.627868652343750
0.506347656250000
0.637878417968750
0.510375976562500
0.503295898437500
0.629455566406250
0.503479003906250
0.633422851562500
0.625854492187500
0.486267089843750
0.632324218750000
0.504211425781250
0.632629394531250
0.506530761718750
0.630249023437500
0.503845214843750
0.629882812500000
0.506835937500000
0.509033203125000
0.640380859375000
0.509582519531250
0.625671386718750
0.506591796875000
0.632019042968750
0.513488769531250
0.617065429687500
0.511901855468750
0.622253417968750
0.509643554687500
0.632141113281250
0.500549316406250
0.628967285156250
0.503479003906250
0.637695312500000
0.490844726562500
0.634460449218750
0.501708984375000
0.639831542968750
0.505737304687500
0.628906250000000
0.502929687500000
0.628234863281250
0.512695312500000
0.642333984375000
0.513488769531250
0.508850097656250
0.640686035156250
0.504455566406250
0.632446289062500
0.504882812500000
0.636047363281250
0.509460449218750
0.632324218750000
0.510620117187500
0.635009765625000
0.502929687500000
0.633056640625000
0.502685546875000
0.637207031250000
0.512695312500000
0.632812500000000
0.510864257812500
0.634277343750000
0.507568359375000
0.630187988281250
0.502807617187500
0.508544921875000
0.631225585937500
0.508239746093750
0.632080078125000
0.509521484375000
0.630187988281250
0.506835937500000
0.637145996093750
0.506042480468750
0.633972167968750
0.506958007812500
0.642333984375000
0.509216308593750
0.618896484375000
0.504821777343750
0.632019042968750
0.508666992187500
0.633300781250000
0.515441894531250
0.632324218750000
0.513061523437500
0.635864257812500
0.514160156250000
0.632629394531250
0.507019042968750
0.511169433593750
0.634704589843750
0.502746582031250
0.638488769531250
0.509033203125000
0.638122558593750
0.503723144531250
0.629211425781250
0.504577636718750
0.634094238281250
0.513549804687500
0.635192871093750
0.502685546875000
0.634704589843750
0.512512207031250
0.611938476562500
0.505981445312500
0.631713867187500
0.505310058593750
0.631713867187500
0.504394531250000
0.633239746093750
0.508850097656250
0.636108398437500
0.504943847656250
0.630249023437500
0.508728027343750
0.633911132812500
0.512451171875000
0.630432128906250
0.515625000000000
0.505737304687500
0.639709472656250
0.509765625000000
0.641540527343750
0.510131835937500
0.634277343750000
0.503967285156250
0.638427734375000
0.502929687500000
0.636535644531250
0.507568359375000
0.630859375000000
0.510192871093750
0.630493164062500
0.515441894531250
0.507141113281250
0.636230468750000
0.508544921875000
0.632751464843750
0.508911132812500
0.634826660156250
0.507385253906250
0.631347656250000
0.511840820312500
0.626831054687500
0.503784179687500
0.627563476562500
0.509643554687500
0.626892089843750
0.509277343750000
0.633789062500000
0.507446289062500
0.635681152343750
0.501953125000000
0.640991210937500
0.508056640625000
0.630187988281250
0.507690429687500
0.629394531250000
0.511596679687500
0.630798339843750
0.502075195312500
0.650634765625000
0.491455078125000
0.611877441406250
0.596923828125000
0.498901367187500
0.623413085937500
0.507934570312500
0.630249023437500
0.511108398437500
0.635742187500000
0.504516601562500
0.633422851562500
0.505737304687500
0.514404296875000
0.639160156250000
0.500976562500000
0.635437011718750
0.612915039062500
0.510986328125000
0.633056640625000
0.509277343750000
0.508239746093750
0.630859375000000
0.507141113281250
0.630004882812500
0.505187988281250
0.638366699218750
0.508117675781250
0.637329101562500
0.510131835937500
0.644226074218750
0.506713867187500
0.635314941406250
0.512390136718750
0.630249023437500
0.511413574218750
0.628540039062500
0.510864257812500
0.512329101562500
0.638427734375000
0.510070800781250
0.637695312500000
0.513000488281250
0.639343261718750
0.503112792968750
0.644165039062500
0.505126953125000
0.636779785156250
0.508666992187500
0.511840820312500
0.633850097656250
0.508300781250000
0.632507324218750
0.505737304687500
0.628295898437500
0.508117675781250
0.635437011718750
0.508178710937500
0.635314941406250
0.509094238281250
0.639099121093750
0.506286621093750
0.642089843750000
0.509704589843750
0.634155273437500
0.504516601562500
0.636901855468750
0.507385253906250
0.511291503906250
0.633544921875000
0.509155273437500
0.639892578125000
0.509033203125000
0.633422851562500
0.507873535156250
0.637023925781250
0.494323730468750
0.642456054687500
0.499877929687500
0.641052246093750
0.508300781250000
0.627868652343750
0.506591796875000
0.636474609375000
0.508544921875000
0.633544921875000
0.500610351562500
0.640014648437500
0.501708984375000
0.633666992187500
0.510681152343750
0.509155273437500
0.632263183593750
0.508850097656250
0.639221191406250
0.510864257812500
0.627685546875000
0.506469726562500
0.617248535156250
0.511596679687500
0.634399414062500
0.508361816406250
0.634033203125000
0.614074707031250
0.507507324218750
0.510986328125000
0.632934570312500
0.509460449218750
0.631652832031250
0.511230468750000
0.634155273437500
0.506286621093750
0.640869140625000
0.505432128906250
0.637756347656250
0.512695312500000
0.633056640625000
0.511413574218750
0.514892578125000
0.635864257812500
0.508422851562500
0.639587402343750
0.508056640625000
0.638427734375000
0.510986328125000
0.641906738281250
0.503479003906250
0.639404296875000
0.508239746093750
0.514831542968750
0.638610839843750
0.511962890625000
0.615478515625000
0.508544921875000
0.631713867187500
0.506591796875000
0.636962890625000
0.506530761718750
0.642150878906250
0.502014160156250
0.636291503906250
0.507507324218750
0.637023925781250
0.505065917968750
0.633544921875000
0.511047363281250
0.635986328125000
0.506713867187500
0.641601562500000
0.501647949218750
0.508850097656250
0.635437011718750
0.508178710937500
0.634338378906250
0.509460449218750
0.641113281250000
0.509521484375000
0.621704101562500
0.502624511718750
0.640625000000000
0.507507324218750
0.630920410156250
0.503356933593750
0.640808105468750
0.505554199218750
0.632263183593750
0.505126953125000
0.634521484375000
0.504943847656250
0.635681152343750
0.484558105468750
0.637268066406250
0.492858886718750
0.635864257812500
0.503173828125000
0.637573242187500
0.508483886718750
0.628479003906250
0.515686035156250
0.632385253906250
0.508422851562500
0.624328613281250
0.509399414062500
0.636108398437500
0.507690429687500
0.640563964843750
0.503662109375000
0.629699707031250
0.503662109375000
0.509277343750000
0.638549804687500
0.504333496093750
0.638305664062500
0.505065917968750
0.638977050781250
0.505432128906250
0.631347656250000
0.506774902343750
0.628479003906250
0.499023437500000
0.605712890625000
0.620544433593750
0.500732421875000
0.644714355468750
0.505859375000000
0.636047363281250
0.502258300781250
0.633850097656250
0.507446289062500
0.631652832031250
0.512817382812500
0.507568359375000
0.636718750000000
0.491210937500000
0.638122558593750
0.604370117187500
0.506530761718750
0.654052734375000
0.504821777343750
0.614074707031250
0.484436035156250
0.662536621093750
0.513671875000000
0.630798339843750
0.509643554687500
0.511535644531250
0.635253906250000
0.504821777343750
0.648620605468750
0.505432128906250
0.642761230468750
0.508117675781250
0.622680664062500
0.504943847656250
0.626770019531250
0.510070800781250
0.627319335937500
0.506652832031250
0.633300781250000
0.510437011718750
0.630371093750000
0.507995605468750
0.635192871093750
0.500732421875000
0.631774902343750
0.506042480468750
0.635742187500000
0.507629394531250
0.632934570312500
0.514465332031250
0.632202148437500
0.513793945312500
0.502502441406250
0.634521484375000
0.631896972656250
0.507873535156250
0.504943847656250
0.638854980468750
0.502929687500000
0.638916015625000
0.508850097656250
0.634277343750000
0.506042480468750
0.642700195312500
0.512390136718750
0.641906738281250
0.505004882812500
0.629760742187500
0.506835937500000
0.632873535156250
0.506408691406250
0.636352539062500
0.508056640625000
0.635009765625000
0.510864257812500
0.635070800781250
0.506164550781250
0.633850097656250
0.512207031250000
0.508056640625000
0.635864257812500
0.507019042968750
0.633239746093750
0.509216308593750
0.633850097656250
0.511291503906250
0.506103515625000
0.503417968750000
0.639709472656250
0.508178710937500
0.632751464843750
0.484436035156250
0.640930175781250
0.510986328125000
0.643981933593750
0.510314941406250
0.642089843750000
0.508300781250000
0.638793945312500
0.515136718750000
0.637390136718750
0.512145996093750
0.639526367187500
0.513916015625000
0.638916015625000
0.501464843750000
0.644104003906250
0.505859375000000
0.640991210937500
0.510986328125000
0.637573242187500
0.504455566406250
0.638977050781250
0.516906738281250
0.509277343750000
0.647644042968750
0.512939453125000
0.638610839843750
0.514770507812500
0.635864257812500
0.509033203125000
0.634399414062500
0.510498046875000
0.635925292968750
0.515258789062500
0.628112792968750
0.515930175781250
0.645080566406250
0.519042968750000
0.650512695312500
0.504516601562500
0.639465332031250
0.523986816406250
0.635253906250000
0.514831542968750
0.639587402343750
0.519775390625000
0.512817382812500
0.642333984375000
0.513183593750000
0.641357421875000
0.513488769531250
0.642883300781250
0.515991210937500
0.642456054687500
0.514221191406250
0.646240234375000
0.514465332031250
0.644470214843750
0.507751464843750
0.643005371093750
0.511840820312500
0.645385742187500
0.523864746093750
0.640258789062500
0.516479492187500
0.644226074218750
0.514465332031250
0.514526367187500
0.631774902343750
0.515991210937500
0.643798828125000
0.512084960937500
0.643920898437500
0.515258789062500
0.643188476562500
0.512084960937500
0.649841308593750
0.512512207031250
0.639465332031250
0.510559082031250
0.644287109375000
0.511047363281250
0.647460937500000
0.517517089843750
0.647094726562500
0.496398925781250
0.643310546875000
0.518493652343750
0.643127441406250
0.505676269531250
0.639099121093750
0.516052246093750
0.645568847656250
0.509277343750000
0.643920898437500
0.508728027343750
0.647033691406250
0.513793945312500
0.642761230468750
0.512939453125000
0.642944335937500
0.511779785156250
0.647033691406250
0.509338378906250
0.625793457031250
0.535339355468750
0.508911132812500
0.635986328125000
0.629333496093750
0.522094726562500
0.628417968750000
0.512756347656250
0.647277832031250
0.513305664062500
0.648193359375000
0.509460449218750
0.519897460937500
0.641784667968750
0.514892578125000
0.644348144531250
0.517761230468750
0.650024414062500
0.493164062500000
0.645812988281250
0.509826660156250
0.631408691406250
0.515991210937500
0.643493652343750
0.512939453125000
0.633911132812500
0.519897460937500
0.643371582031250
0.512817382812500
0.641113281250000
0.513977050781250
0.649902343750000
0.515686035156250
0.649597167968750
0.512145996093750
0.648315429687500
0.513244628906250
0.643615722656250
0.514770507812500
0.636413574218750
0.521545410156250
0.514221191406250
0.641540527343750
0.516723632812500
0.646240234375000
0.517456054687500
0.644958496093750
0.493591308593750
0.645141601562500
0.522033691406250
0.641540527343750
0.512390136718750
0.640869140625000
0.511352539062500
0.644226074218750
0.505920410156250
0.643005371093750
0.514953613281250
0.642578125000000
0.514770507812500
0.627502441406250
0.513549804687500
0.642761230468750
0.514831542968750
0.641174316406250
0.512084960937500
0.641662597656250
0.518859863281250
0.646728515625000
0.495117187500000
0.642822265625000
0.517883300781250
0.641601562500000
0.514648437500000
0.649536132812500
0.495910644531250
0.642089843750000
0.512512207031250
0.642700195312500
0.515991210937500
0.647521972656250
0.519836425781250
0.518493652343750
0.640686035156250
0.519042968750000
0.638732910156250
0.508300781250000
0.633361816406250
0.515686035156250
0.647338867187500
0.516174316406250
0.649291992187500
0.512756347656250
0.640319824218750
0.521484375000000
0.646789550781250
0.492492675781250
0.645996093750000
0.510498046875000
0.643249511718750
0.517272949218750
0.640197753906250
0.505187988281250
0.641418457031250
0.516052246093750
0.642639160156250
0.513000488281250
0.649047851562500
0.495117187500000
0.641235351562500
0.513244628906250
0.648803710937500
0.510192871093750
0.638854980468750
0.511779785156250
0.637268066406250
0.508850097656250
0.639099121093750
0.510620117187500
0.646972656250000
0.496215820312500
0.644958496093750
0.517395019531250
0.642700195312500
0.512573242187500
0.628417968750000
0.519592285156250
0.638854980468750
0.514892578125000
0.650085449218750
0.519775390625000
0.643981933593750
0.509399414062500
0.643188476562500
0.506713867187500
0.517395019531250
0.646301269531250
0.516479492187500
0.633789062500000
0.517517089843750
0.625732421875000
0.642578125000000
0.520324707031250
0.514343261718750
0.640808105468750
0.517150878906250
0.634399414062500
0.519653320312500
0.645507812500000
0.514953613281250
0.645690917968750
0.516296386718750
0.643005371093750
0.517211914062500
0.650695800781250
0.518249511718750
0.644592285156250
0.510864257812500
0.637084960937500
0.517150878906250
0.639404296875000
0.517578125000000
0.514770507812500
0.644226074218750
0.519226074218750
0.640686035156250
0.512390136718750
0.642333984375000
0.520935058593750
0.646850585937500
0.514831542968750
0.643249511718750
0.510253906250000
0.643005371093750
0.516906738281250
0.644042968750000
0.516296386718750
0.646179199218750
0.512207031250000
0.512756347656250
0.648193359375000
0.517089843750000
0.645080566406250
0.516601562500000
0.646240234375000
0.512573242187500
0.644775390625000
0.519653320312500
0.640197753906250
0.511718750000000
0.638916015625000
0.514831542968750
0.650329589843750
0.496948242187500
0.641174316406250
0.513061523437500
0.770507812500000
0.644470214843750
0.504516601562500
0.651611328125000
0.487365722656250
0.648071289062500
0.614318847656250
0.521484375000000
0.631408691406250
0.520751953125000
0.516540527343750
0.641540527343750
0.516296386718750
0.632629394531250
0.516662597656250
0.640808105468750
0.512634277343750
0.632019042968750
0.511718750000000
0.646728515625000
0.502685546875000
0.637634277343750
0.519348144531250
0.640991210937500
0.513610839843750
0.646423339843750
0.517639160156250
0.641967773437500
0.513977050781250
0.647949218750000
0.512207031250000
0.640441894531250
0.513000488281250
0.630920410156250
0.515502929687500
0.644775390625000
0.514770507812500
0.644592285156250
0.513977050781250
0.643981933593750
0.525268554687500
0.642761230468750
0.506103515625000
0.522216796875000
0.639709472656250
0.518676757812500
0.646972656250000
0.508300781250000
0.644165039062500
0.517272949218750
0.650329589843750
0.521423339843750
0.643981933593750
0.518066406250000
0.637084960937500
0.510620117187500
0.640197753906250
0.518981933593750
0.645935058593750
0.516967773437500
0.644653320312500
0.508605957031250
0.638061523437500
0.518859863281250
0.647094726562500
0.508666992187500
0.653442382812500
0.516784667968750
0.627563476562500
0.520324707031250
0.642944335937500
0.523010253906250
0.518127441406250
0.653747558593750
0.508728027343750
0.647094726562500
0.630920410156250
0.511169433593750
0.642150878906250
0.533691406250000
0.521789550781250
0.645507812500000
0.503173828125000
0.661499023437500
0.490600585937500
0.648132324218750
0.515563964843750
0.638244628906250
0.520446777343750
0.644470214843750
0.632263183593750
0.518676757812500
0.627441406250000
0.527343750000000
0.521362304687500
0.658386230468750
0.630004882812500
0.523803710937500
0.525390625000000
0.631958007812500
0.523254394531250
0.655090332031250
0.522888183593750
0.631591796875000
0.516906738281250
0.652648925781250
0.520629882812500
0.645996093750000
0.518493652343750
0.645080566406250
0.526062011718750
0.652770996093750
0.520080566406250
0.643798828125000
0.519470214843750
0.649230957031250
0.520141601562500
0.644165039062500
0.523437500000000
0.638122558593750
0.516723632812500
0.652770996093750
0.511169433593750
0.524658203125000
0.659118652343750
0.521606445312500
0.645996093750000
0.624511718750000
0.521667480468750
0.515380859375000
0.653564453125000
0.503662109375000
0.657165527343750
0.519226074218750
0.647888183593750
0.527832031250000
0.648620605468750
0.521850585937500
0.653930664062500
0.517639160156250
0.648498535156250
0.517517089843750
0.652404785156250
0.516784667968750
0.524902343750000
0.656066894531250
0.523376464843750
0.660827636718750
0.525634765625000
0.642700195312500
0.531372070312500
0.632629394531250
0.526550292968750
0.656494140625000
0.530212402343750
0.652160644531250
0.525512695312500
0.510925292968750
0.654235839843750
0.530212402343750
0.633056640625000
0.528686523437500
0.649414062500000
0.524780273437500
0.654174804687500
0.505126953125000
0.649902343750000
0.503723144531250
0.657897949218750
0.525878906250000
0.651855468750000
0.520263671875000
0.644348144531250
0.529235839843750
0.647521972656250
0.523315429687500
0.646423339843750
0.500610351562500
0.643493652343750
0.521972656250000
0.653686523437500
0.529479980468750
0.640014648437500
0.520812988281250
0.641845703125000
0.521179199218750
0.655151367187500
0.528198242187500
0.634826660156250
0.521972656250000
0.645996093750000
0.525024414062500
0.648925781250000
0.517822265625000
0.649597167968750
0.521972656250000
0.654541015625000
0.518127441406250
0.652221679687500
0.522644042968750
0.651611328125000
0.507202148437500
0.617553710937500
0.508544921875000
0.651245117187500
0.523620605468750
0.651367187500000
0.520324707031250
0.647216796875000
0.521057128906250
0.652709960937500
0.524230957031250
0.646423339843750
0.527648925781250
0.650451660156250
0.518615722656250
0.646179199218750
0.547058105468750
0.652343750000000
0.521728515625000
0.522766113281250
0.648315429687500
0.518981933593750
0.647644042968750
0.518676757812500
0.652404785156250
0.516845703125000
0.650695800781250
0.518737792968750
0.663146972656250
0.513916015625000
0.662048339843750
0.518920898437500
0.649353027343750
0.512939453125000
0.660949707031250
0.520812988281250
0.660766601562500
0.513549804687500
0.658203125000000
0.516967773437500
0.650939941406250
0.524536132812500
0.645080566406250
0.521423339843750
0.648559570312500
0.520507812500000
0.645751953125000
0.517761230468750
0.644104003906250
0.507507324218750
0.658386230468750
0.522949218750000
0.654724121093750
0.525329589843750
0.648986816406250
0.519897460937500
0.652954101562500
0.523620605468750
0.641235351562500
0.518127441406250
0.632202148437500
0.517761230468750
0.648620605468750
0.497436523437500
0.648681640625000
0.519836425781250
0.655090332031250
0.521545410156250
0.653015136718750
0.526977539062500
0.645080566406250
0.523559570312500
0.650817871093750
0.513244628906250
0.658447265625000
0.522399902343750
0.650268554687500
0.519775390625000
0.635864257812500
0.522705078125000
0.642700195312500
0.515441894531250
0.653198242187500
0.517944335937500
0.655273437500000
0.523864746093750
0.651000976562500
0.520202636718750
0.647033691406250
0.516906738281250
0.642761230468750
0.524291992187500
0.660888671875000
0.522644042968750
0.517272949218750
0.660095214843750
0.518005371093750
0.655029296875000
0.515441894531250
0.661132812500000
0.522766113281250
0.655517578125000
0.521911621093750
0.653747558593750
0.517211914062500
0.651123046875000
0.523315429687500
0.652221679687500
0.529418945312500
0.524658203125000
0.649169921875000
0.519042968750000
0.653137207031250
0.518188476562500
0.645507812500000
0.523010253906250
0.653991699218750
0.525390625000000
0.657348632812500
0.518554687500000
0.652709960937500
0.505920410156250
0.660278320312500
0.523193359375000
0.648803710937500
0.521179199218750
0.656250000000000
0.525268554687500
0.653869628906250
0.528503417968750
0.523193359375000
0.658264160156250
0.521911621093750
0.646972656250000
0.526062011718750
0.520263671875000
0.524291992187500
0.636535644531250
0.521118164062500
0.655029296875000
0.506164550781250
0.656372070312500
0.518737792968750
0.657775878906250
0.526672363281250
0.651977539062500
0.527832031250000
0.650207519531250
0.527038574218750
0.524291992187500
0.660461425781250
0.520080566406250
0.650390625000000
0.523010253906250
0.651245117187500
0.527770996093750
0.660156250000000
0.511962890625000
0.653503417968750
0.523315429687500
0.651245117187500
0.525390625000000
0.525695800781250
0.657226562500000
0.516906738281250
0.660034179687500
0.527038574218750
0.654357910156250
0.520324707031250
0.655883789062500
0.521362304687500
0.654113769531250
0.501037597656250
0.662353515625000
0.521972656250000
0.646789550781250
0.519775390625000
0.652832031250000
0.524353027343750
0.526672363281250
0.656738281250000
0.529907226562500
0.650451660156250
0.526611328125000
0.650939941406250
0.519531250000000
0.653869628906250
0.526123046875000
0.660949707031250
0.517639160156250
0.655700683593750
0.517578125000000
0.637329101562500
0.524291992187500
0.656005859375000
0.520751953125000
0.645690917968750
0.527465820312500
0.527954101562500
0.637634277343750
0.523559570312500
0.640075683593750
0.643249511718750
0.509887695312500
0.654846191406250
0.525939941406250
0.643249511718750
0.522399902343750
0.630493164062500
0.528747558593750
0.652832031250000
0.523925781250000
0.656616210937500
0.512451171875000
0.622497558593750
0.535522460937500
0.640258789062500
0.515502929687500
0.650390625000000
0.506347656250000
0.651916503906250
0.526611328125000
0.635437011718750
0.502441406250000
0.651672363281250
0.512084960937500
0.658508300781250
0.520996093750000
0.661621093750000
0.523742675781250
0.645019531250000
0.518066406250000
0.655334472656250
0.523620605468750
0.657226562500000
0.517761230468750
0.650390625000000
0.519104003906250
0.659057617187500
0.524597167968750
0.530090332031250
0.651245117187500
0.523193359375000
0.651062011718750
0.528259277343750
0.655090332031250
0.519958496093750
0.645202636718750
0.525634765625000
0.653564453125000
0.526977539062500
0.652832031250000
0.523864746093750
0.531799316406250
0.658630371093750
0.525573730468750
0.643493652343750
0.523620605468750
0.650573730468750
0.523193359375000
0.649169921875000
0.518310546875000
0.656494140625000
0.524047851562500
0.648925781250000
0.506469726562500
0.630981445312500
0.520019531250000
0.653747558593750
0.529235839843750
0.655029296875000
0.504028320312500
0.647583007812500
0.521606445312500
0.659729003906250
0.520324707031250
0.646789550781250
0.529113769531250
0.654296875000000
0.517028808593750
0.648254394531250
0.520812988281250
0.646240234375000
0.521606445312500
0.657592773437500
0.526367187500000
0.526489257812500
0.650024414062500
0.517578125000000
0.648803710937500
0.520019531250000
0.651977539062500
0.526489257812500
0.658752441406250
0.509033203125000
0.653137207031250
0.528625488281250
0.654785156250000
0.520385742187500
0.648986816406250
0.520874023437500
0.654174804687500
0.510864257812500
0.659423828125000
0.516540527343750
0.654541015625000
0.528991699218750
0.647827148437500
0.528625488281250
0.523986816406250
0.655639648437500
0.516540527343750
0.643554687500000
0.519836425781250
0.650085449218750
0.519348144531250
0.648071289062500
0.520568847656250
0.647399902343750
0.523864746093750
0.649536132812500
0.520996093750000
0.650024414062500
0.528747558593750
0.659484863281250
0.524902343750000
0.658447265625000
0.531066894531250
0.522827148437500
0.655456542968750
0.514343261718750
0.652343750000000
0.522521972656250
0.649841308593750
0.516906738281250
0.635437011718750
0.519042968750000
0.651916503906250
0.525634765625000
0.649780273437500
0.519775390625000
0.634765625000000
0.517456054687500
0.653686523437500
0.521972656250000
0.650878906250000
0.517456054687500
0.653259277343750
0.508239746093750
0.659423828125000
0.518432617187500
0.647583007812500
0.528930664062500
0.643493652343750
0.523254394531250
0.651000976562500
0.525939941406250
0.650817871093750
0.512451171875000
0.650817871093750
0.519042968750000
0.653503417968750
0.523742675781250
0.638183593750000
0.524719238281250
0.631042480468750
0.628112792968750
0.524719238281250
0.636535644531250
0.523559570312500
0.654235839843750
0.515380859375000
0.643676757812500
0.510314941406250
0.641296386718750
0.523559570312500
0.651489257812500
0.529113769531250
0.639526367187500
0.523986816406250
0.653198242187500
0.514953613281250
0.657592773437500
0.524475097656250
0.641479492187500
0.524658203125000
0.654846191406250
0.515930175781250
0.657958984375000
0.526794433593750
0.644348144531250
0.530273437500000
0.639587402343750
0.522094726562500
0.532165527343750
0.656433105468750
0.511474609375000
0.659790039062500
0.632019042968750
0.528381347656250
0.522277832031250
0.651794433593750
0.522155761718750
0.658325195312500
0.522094726562500
0.659851074218750
0.493286132812500
0.662536621093750
0.504821777343750
0.657348632812500
0.523254394531250
0.647644042968750
0.517578125000000
0.615966796875000
0.660949707031250
0.502868652343750
0.666137695312500
0.513854980468750
0.652954101562500
0.522644042968750
0.523315429687500
0.669738769531250
0.528015136718750
0.659423828125000
0.520141601562500
0.662719726562500
0.532531738281250
0.529296875000000
0.658874511718750
0.519287109375000
0.655212402343750
0.531250000000000
0.645141601562500
0.529174804687500
0.650939941406250
0.519897460937500
0.647583007812500
0.519470214843750
0.647460937500000
0.528015136718750
0.654052734375000
0.517028808593750
0.638244628906250
0.522460937500000
0.651489257812500
0.514892578125000
0.659240722656250
0.525390625000000
0.658203125000000
0.529602050781250
0.648864746093750
0.523620605468750
0.648498535156250
0.523803710937500
0.649169921875000
0.517944335937500
0.649353027343750
0.522399902343750
0.655151367187500
0.523742675781250
0.649719238281250
0.519348144531250
0.656860351562500
0.527832031250000
0.517150878906250
0.660400390625000
0.516723632812500
0.653198242187500
0.517761230468750
0.651489257812500
0.515991210937500
0.664062500000000
0.524108886718750
0.647583007812500
0.525146484375000
0.652954101562500
0.513732910156250
0.647521972656250
0.527221679687500
0.657775878906250
0.520263671875000
0.648681640625000
0.522399902343750
0.649047851562500
0.523986816406250
0.659301757812500
0.522094726562500
0.650085449218750
0.523864746093750
0.650634765625000
0.523742675781250
0.656860351562500
0.518493652343750
0.656311035156250
0.531066894531250
0.663635253906250
0.524780273437500
0.525573730468750
0.657653808593750
0.520141601562500
0.633178710937500
0.526550292968750
0.660827636718750
0.523620605468750
0.651794433593750
0.522766113281250
0.658752441406250
0.511840820312500
0.655944824218750
0.530395507812500
0.654663085937500
0.532775878906250
0.639709472656250
0.524841308593750
0.652160644531250
0.521606445312500
0.654113769531250
0.522216796875000
0.647155761718750
0.523498535156250
0.655639648437500
0.531616210937500
0.645080566406250
0.519592285156250
0.659484863281250
0.527709960937500
0.642395019531250
0.528991699218750
0.651794433593750
0.524291992187500
0.658142089843750
0.531799316406250
0.655029296875000
0.523986816406250
0.659851074218750
0.525451660156250
0.524291992187500
0.653198242187500
0.526611328125000
0.662658691406250
0.516113281250000
0.659179687500000
0.522644042968750
0.667053222656250
0.525573730468750
0.653015136718750
0.532409667968750
0.665283203125000
0.533386230468750
0.646789550781250
0.513427734375000
0.656005859375000
0.537780761718750
0.639709472656250
0.518798828125000
0.651123046875000
0.527587890625000
0.662597656250000
0.531250000000000
0.662475585937500
0.529174804687500
0.523132324218750
0.659729003906250
0.520751953125000
0.659790039062500
0.518859863281250
0.659729003906250
0.523803710937500
0.658020019531250
0.532165527343750
0.667114257812500
0.529785156250000
0.662780761718750
0.541198730468750
0.656005859375000
0.532714843750000
0.535827636718750
0.661254882812500
0.526794433593750
0.664062500000000
0.529968261718750
0.670898437500000
0.537048339843750
0.656188964843750
0.526184082031250
0.656738281250000
0.532653808593750
0.652404785156250
0.530639648437500
0.659851074218750
0.527587890625000
0.661926269531250
0.533996582031250
0.532653808593750
0.678405761718750
0.520263671875000
0.641418457031250
0.546264648437500
0.678527832031250
0.541137695312500
0.660888671875000
0.530151367187500
0.660278320312500
0.524780273437500
0.661743164062500
0.534851074218750
0.636108398437500
0.529541015625000
0.657653808593750
0.541320800781250
0.657104492187500
0.501647949218750
0.668518066406250
0.532104492187500
0.650512695312500
0.541625976562500
0.655883789062500
0.527587890625000
0.663146972656250
0.531005859375000
0.661560058593750
0.528320312500000
0.657165527343750
0.528381347656250
0.675354003906250
0.510070800781250
0.659362792968750
0.529174804687500
0.666137695312500
0.533691406250000
0.665710449218750
0.534240722656250
0.524719238281250
0.664367675781250
0.535461425781250
0.667480468750000
0.536926269531250
0.646606445312500
0.532714843750000
0.646911621093750
0.530822753906250
0.663513183593750
0.535156250000000
0.667053222656250
0.532836914062500
0.647766113281250
0.529296875000000
0.642333984375000
0.529052734375000
0.665771484375000
0.533813476562500
0.660644531250000
0.529296875000000
0.664184570312500
0.534179687500000
0.661743164062500
0.531005859375000
0.667541503906250
0.526611328125000
0.663452148437500
0.516296386718750
0.647399902343750
0.528381347656250
0.672119140625000
0.532104492187500
0.666564941406250
0.543212890625000
0.532043457031250
0.652832031250000
0.535827636718750
0.663696289062500
0.532531738281250
0.663085937500000
0.527160644531250
0.670715332031250
0.532958984375000
0.666015625000000
0.528625488281250
0.940002441406250
0.661865234375000
0.526000976562500
0.659057617187500
0.528869628906250
0.667114257812500
0.532653808593750
0.668579101562500
0.534362792968750
0.657958984375000
0.534851074218750
0.527038574218750
0.669250488281250
0.530151367187500
0.663940429687500
0.526000976562500
0.659240722656250
0.522705078125000
0.646057128906250
0.527526855468750
0.669494628906250
0.534179687500000
0.668762207031250
0.518981933593750
0.668518066406250
0.522155761718750
0.673645019531250
0.527221679687500
0.666564941406250
0.532653808593750
0.655883789062500
0.530273437500000
0.659545898437500
0.527099609375000
0.653808593750000
0.515197753906250
0.648620605468750
0.536010742187500
0.657653808593750
0.533447265625000
0.666992187500000
0.523315429687500
0.659484863281250
0.527954101562500
0.670593261718750
0.532043457031250
0.659973144531250
0.525146484375000
0.671142578125000
0.536743164062500
0.656494140625000
0.516845703125000
0.665222167968750
0.529174804687500
0.665893554687500
0.524963378906250
0.534973144531250
0.650390625000000
0.663024902343750
0.532409667968750
0.534851074218750
0.662353515625000
0.536743164062500
0.665100097656250
0.524780273437500
0.644653320312500
0.527526855468750
0.662597656250000
0.536254882812500
0.661804199218750
0.535400390625000
0.662658691406250
0.525207519531250
0.658874511718750
0.531005859375000
0.670227050781250
0.530639648437500
0.659179687500000
0.525268554687500
0.659667968750000
0.527038574218750
0.660278320312500
0.534667968750000
0.663879394531250
0.522766113281250
0.660156250000000
0.522949218750000
0.673217773437500
0.518310546875000
0.656738281250000
0.536071777343750
0.658752441406250
0.521484375000000
0.656433105468750
0.538391113281250
0.663879394531250
0.528686523437500
0.526916503906250
0.531005859375000
0.530395507812500
0.664184570312500
0.524963378906250
0.665039062500000
0.534973144531250
0.649047851562500
0.530090332031250
0.661315917968750
0.528808593750000
0.668823242187500
0.538818359375000
0.653503417968750
0.537109375000000
0.670043945312500
0.545532226562500
0.552734375000000
0.673278808593750
0.528015136718750
0.563110351562500
0.672424316406250
0.531250000000000
0.660949707031250
0.529418945312500
0.661865234375000
0.512817382812500
0.658264160156250
0.529296875000000
0.672058105468750
0.512023925781250
0.666137695312500
0.519775390625000
0.646545410156250
0.662536621093750
0.533325195312500
0.528564453125000
0.669616699218750
0.527526855468750
0.656555175781250
0.532165527343750
0.660339355468750
0.522216796875000
0.667114257812500
0.524047851562500
0.661376953125000
0.531616210937500
0.669250488281250
0.530456542968750
0.667175292968750
0.525146484375000
0.660156250000000
0.530029296875000
0.657226562500000
0.531372070312500
0.662109375000000
0.531982421875000
0.661560058593750
0.527709960937500
0.664794921875000
0.526733398437500
0.663574218750000
0.522399902343750
0.664123535156250
0.524230957031250
0.536865234375000
0.668518066406250
0.531250000000000
0.671447753906250
0.507263183593750
0.662414550781250
0.642822265625000
0.533691406250000
0.660217285156250
0.535766601562500
0.527343750000000
0.649108886718750
0.659851074218750
0.534729003906250
0.534851074218750
0.653320312500000
0.538879394531250
0.663818359375000
0.531250000000000
0.661987304687500
0.535034179687500
0.667724609375000
0.534240722656250
0.659362792968750
0.527404785156250
0.667846679687500
0.526000976562500
0.644287109375000
0.515197753906250
0.661376953125000
0.518859863281250
0.669982910156250
0.528259277343750
0.664306640625000
0.532897949218750
0.659240722656250
0.530334472656250
0.662536621093750
0.528564453125000
0.658752441406250
0.532287597656250
0.663024902343750
0.540466308593750
0.531860351562500
0.658813476562500
0.656860351562500
0.529052734375000
0.528259277343750
0.658935546875000
0.534057617187500
0.663208007812500
0.536499023437500
0.660949707031250
0.532226562500000
0.643066406250000
0.532165527343750
0.657470703125000
0.530578613281250
0.671630859375000
0.532531738281250
0.658081054687500
0.534729003906250
0.666992187500000
0.536865234375000
0.657714843750000
0.541076660156250
0.660034179687500
0.527954101562500
0.641662597656250
0.531555175781250
0.655212402343750
0.529235839843750
0.659790039062500
0.538085937500000
0.648437500000000
0.530944824218750
0.666015625000000
0.531616210937500
0.532653808593750
0.670227050781250
0.536437988281250
0.671264648437500
0.528320312500000
0.661865234375000
0.533081054687500
0.669982910156250
0.531372070312500
0.548400878906250
0.650451660156250
0.656738281250000
0.529785156250000
0.655761718750000
0.531921386718750
0.666687011718750
0.533203125000000
0.527648925781250
0.669128417968750
0.530639648437500
0.659667968750000
0.530883789062500
0.659912109375000
0.530517578125000
0.668762207031250
0.530029296875000
0.664489746093750
0.518005371093750
0.669921875000000
0.513122558593750
0.655517578125000
0.530700683593750
0.659729003906250
0.543212890625000
0.665954589843750
0.530151367187500
0.667602539062500
0.532897949218750
0.532592773437500
0.669189453125000
0.535949707031250
0.665893554687500
0.536437988281250
0.670959472656250
0.534240722656250
0.646118164062500
0.525085449218750
0.667236328125000
0.529296875000000
0.665893554687500
0.534790039062500
0.537597656250000
0.666809082031250
0.537902832031250
0.638732910156250
0.664306640625000
0.532043457031250
0.652282714843750
0.523742675781250
0.662902832031250
0.527526855468750
0.534301757812500
0.662841796875000
0.541809082031250
0.664855957031250
0.513427734375000
0.660705566406250
0.529418945312500
0.658325195312500
0.531860351562500
0.669799804687500
0.533508300781250
0.664245605468750
0.535522460937500
0.638305664062500
0.537048339843750
0.668090820312500
0.533203125000000
0.668823242187500
0.530456542968750
0.668090820312500
0.533752441406250
0.540527343750000
0.663940429687500
0.530395507812500
0.670288085937500
0.527648925781250
0.658874511718750
0.521362304687500
0.632507324218750
0.647766113281250
0.525085449218750
0.663391113281250
0.528869628906250
0.667114257812500
0.532470703125000
0.663879394531250
0.528564453125000
0.661132812500000
0.525329589843750
0.656311035156250
0.529235839843750
0.654052734375000
0.529296875000000
0.651489257812500
0.537597656250000
0.533325195312500
0.646545410156250
0.660949707031250
0.536621093750000
0.661376953125000
0.542419433593750
0.531799316406250
0.664916992187500
0.531555175781250
0.645874023437500
0.534912109375000
0.658447265625000
0.530212402343750
0.664428710937500
0.530212402343750
0.673095703125000
0.524047851562500
0.666198730468750
0.533447265625000
0.666381835937500
0.542541503906250
0.662048339843750
0.534606933593750
0.526062011718750
0.670227050781250
0.528137207031250
0.665466308593750
0.526184082031250
0.677673339843750
0.525268554687500
0.666564941406250
0.533935546875000
0.649047851562500
0.527648925781250
0.662292480468750
0.525329589843750
0.661437988281250
0.522094726562500
0.665954589843750
0.519531250000000
0.653625488281250
0.522277832031250
0.663635253906250
0.656433105468750
0.533508300781250
0.653686523437500
0.537963867187500
0.645385742187500
0.528625488281250
0.662536621093750
0.527282714843750
0.662475585937500
0.529296875000000
0.673034667968750
0.524353027343750
0.670166015625000
0.533325195312500
0.659057617187500
0.526611328125000
0.665588378906250
0.534667968750000
0.662597656250000
0.535034179687500
0.655700683593750
0.529785156250000
0.674316406250000
0.538146972656250
0.662780761718750
0.538940429687500
0.664245605468750
0.530273437500000
0.662353515625000
0.526489257812500
0.660461425781250
0.533691406250000
0.665222167968750
0.539062500000000
0.662231445312500
0.533203125000000
0.659362792968750
0.534545898437500
0.662963867187500
0.531921386718750
0.542480468750000
0.670043945312500
0.528320312500000
0.671142578125000
0.538208007812500
0.662475585937500
0.539611816406250
0.660095214843750
0.531555175781250
0.666198730468750
0.536437988281250
0.657897949218750
0.544189453125000
0.668579101562500
0.533569335937500
0.661193847656250
0.532531738281250
0.664672851562500
0.536804199218750
0.672668457031250
0.529846191406250
0.668334960937500
0.516540527343750
0.671386718750000
0.518188476562500
0.647521972656250
0.535644531250000
0.668151855468750
0.533020019531250
0.668090820312500
0.525085449218750
0.656799316406250
0.534301757812500
0.677612304687500
0.532165527343750
0.664367675781250
0.532226562500000
0.637634277343750
0.531738281250000
0.652343750000000
0.672546386718750
0.531494140625000
0.538391113281250
0.677856445312500
0.536071777343750
0.663208007812500
0.534118652343750
0.662841796875000
0.538452148437500
0.662109375000000
0.529357910156250
0.665954589843750
0.522094726562500
0.684143066406250
0.540161132812500
0.670959472656250
0.534912109375000
0.668762207031250
0.541137695312500
0.669433593750000
0.542053222656250
0.658874511718750
0.540771484375000
0.673339843750000
0.519348144531250
0.665893554687500
0.535583496093750
0.672119140625000
0.542846679687500
0.534545898437500
0.656677246093750
0.664550781250000
0.534301757812500
0.669616699218750
0.538269042968750
0.538574218750000
0.670104980468750
0.538818359375000
0.666625976562500
0.524780273437500
0.673522949218750
0.532348632812500
0.664245605468750
0.636718750000000
0.500366210937500
0.653869628906250
0.652709960937500
0.537658691406250
0.666503906250000
0.534179687500000
0.669372558593750
0.538818359375000
0.666870117187500
0.537353515625000
0.664184570312500
0.539611816406250
0.666137695312500
0.545593261718750
0.643859863281250
0.543029785156250
0.672912597656250
0.543151855468750
0.662475585937500
0.544128417968750
0.535522460937500
0.671997070312500
0.535217285156250
0.666259765625000
0.534973144531250
0.668762207031250
0.541381835937500
0.654174804687500
0.532958984375000
0.678649902343750
0.536254882812500
0.672119140625000
0.539245605468750
0.671020507812500
0.538940429687500
0.674865722656250
0.540283203125000
0.672668457031250
0.539062500000000
0.663208007812500
0.537536621093750
0.677734375000000
0.535217285156250
0.652282714843750
0.541931152343750
0.543457031250000
0.676696777343750
0.534606933593750
0.671630859375000
0.534790039062500
0.674804687500000
0.539855957031250
0.683105468750000
0.536132812500000
0.651550292968750
0.533447265625000
0.676757812500000
0.539245605468750
0.680664062500000
0.541992187500000
0.538940429687500
0.679687500000000
0.536071777343750
0.673522949218750
0.537170410156250
0.672973632812500
0.542663574218750
0.678771972656250
0.537719726562500
0.674987792968750
0.537902832031250
0.671752929687500
0.540649414062500
0.539978027343750
0.671020507812500
0.537414550781250
0.657348632812500
0.543090820312500
0.660461425781250
0.537597656250000
0.683654785156250
0.520507812500000
0.660888671875000
0.668762207031250
0.520874023437500
0.678161621093750
0.535583496093750
0.543518066406250
0.679626464843750
0.537658691406250
0.675292968750000
0.535278320312500
0.676269531250000
0.528442382812500
0.674499511718750
0.540405273437500
0.667114257812500
0.534790039062500
0.671691894531250
0.539672851562500
0.671691894531250
0.536499023437500
0.674560546875000
0.528930664062500
0.678161621093750
0.540161132812500
0.541625976562500
0.673095703125000
0.532226562500000
0.677246093750000
0.542907714843750
0.677612304687500
0.538024902343750
0.662475585937500
0.539672851562500
0.673339843750000
0.543884277343750
0.673217773437500
0.540893554687500
0.659790039062500
0.541687011718750
0.544189453125000
0.676574707031250
0.541564941406250
0.668151855468750
0.542785644531250
0.673278808593750
0.534790039062500
0.680053710937500
0.538818359375000
0.674865722656250
0.536315917968750
0.545471191406250
0.676086425781250
0.533447265625000
0.677001953125000
0.520996093750000
0.675354003906250
0.543884277343750
0.675048828125000
0.532531738281250
0.672790527343750
0.540954589843750
0.671325683593750
0.539062500000000
0.676635742187500
0.531677246093750
0.677062988281250
0.542602539062500
0.537231445312500
0.670104980468750
0.533142089843750
0.680969238281250
0.540161132812500
0.678222656250000
0.535949707031250
0.677429199218750
0.539550781250000
0.670043945312500
0.531982421875000
0.673034667968750
0.544433593750000
0.658508300781250
0.535400390625000
0.653381347656250
0.534118652343750
0.673461914062500
0.530456542968750
0.681152343750000
0.535888671875000
0.673339843750000
0.546752929687500
0.534912109375000
0.675476074218750
0.538635253906250
0.662597656250000
0.654785156250000
0.538452148437500
0.650085449218750
0.539306640625000
0.669067382812500
0.546264648437500
0.542541503906250
0.670593261718750
0.537780761718750
0.670532226562500
0.545471191406250
0.653991699218750
0.539306640625000
0.680175781250000
0.533081054687500
0.674072265625000
0.537231445312500
0.679992675781250
0.541992187500000
0.654296875000000
0.522033691406250
0.650085449218750
0.651000976562500
0.552734375000000
0.650573730468750
0.535400390625000
0.544128417968750
0.670288085937500
0.542480468750000
0.669433593750000
0.544616699218750
0.677795410156250
0.540344238281250
0.674682617187500
0.516845703125000
0.680053710937500
0.519958496093750
0.682006835937500
0.547668457031250
0.670349121093750
0.537902832031250
0.661071777343750
0.533813476562500
0.670959472656250
0.543395996093750
0.673095703125000
0.537048339843750
0.542236328125000
0.679748535156250
0.542663574218750
0.676940917968750
0.403015136718750
0.653564453125000
0.545959472656250
0.651000976562500
0.541198730468750
0.677429199218750
0.543212890625000
0.675537109375000
0.536376953125000
0.654479980468750
0.535766601562500
0.655822753906250
0.538330078125000
0.654296875000000
0.536376953125000
0.671936035156250
0.544189453125000
0.667053222656250
0.539489746093750
0.658325195312500
0.542846679687500
0.677429199218750
0.534057617187500
0.674987792968750
0.540405273437500
0.664794921875000
0.545349121093750
0.670959472656250
0.533996582031250
0.544860839843750
0.680236816406250
0.540100097656250
0.669311523437500
0.542907714843750
0.675354003906250
0.550476074218750
0.670959472656250
0.538269042968750
0.542968750000000
0.675720214843750
0.541870117187500
0.674011230468750
0.544250488281250
0.670410156250000
0.541992187500000
0.674743652343750
0.541992187500000
0.671081542968750
0.540771484375000
0.545166015625000
0.666137695312500
0.542846679687500
0.667846679687500
0.540710449218750
0.666259765625000
0.538635253906250
0.663513183593750
0.537719726562500
0.672363281250000
0.548461914062500
0.678222656250000
0.530151367187500
0.677795410156250
0.542846679687500
0.670959472656250
0.518493652343750
0.665466308593750
0.539855957031250
0.671569824218750
0.543273925781250
0.647094726562500
0.542358398437500
0.670593261718750
0.519653320312500
0.653076171875000
0.538757324218750
0.668640136718750
0.538879394531250
0.679016113281250
0.532531738281250
0.673950195312500
0.537963867187500
0.676330566406250
0.538085937500000
0.671875000000000
0.538330078125000
0.540222167968750
0.675598144531250
0.647766113281250
0.541015625000000
0.667541503906250
0.545043945312500
0.649291992187500
0.538574218750000
0.673889160156250
0.539978027343750
0.548889160156250
0.669799804687500
0.544372558593750
0.671142578125000
0.534423828125000
0.672851562500000
0.535766601562500
0.649719238281250
0.536804199218750
0.679382324218750
0.523132324218750
0.670593261718750
0.543762207031250
0.676818847656250
0.535644531250000
0.674499511718750
0.536193847656250
0.671264648437500
0.542663574218750
0.539367675781250
0.679382324218750
0.537048339843750
0.670898437500000
0.544250488281250
0.669311523437500
0.541992187500000
0.677368164062500
0.525024414062500
0.678588867187500
0.539306640625000
0.676086425781250
0.539611816406250
0.541992187500000
0.672790527343750
0.538879394531250
0.667907714843750
0.534973144531250
0.668029785156250
0.540039062500000
0.652587890625000
0.542602539062500
0.668273925781250
0.543090820312500
0.668945312500000
0.544921875000000
0.677307128906250
0.531799316406250
0.670288085937500
0.535522460937500
0.680053710937500
0.549438476562500
0.671691894531250
0.542114257812500
0.539916992187500
0.674133300781250
0.543762207031250
0.675354003906250
0.538452148437500
0.676696777343750
0.542602539062500
0.672363281250000
0.542541503906250
0.544189453125000
0.662780761718750
0.546691894531250
0.662719726562500
0.524169921875000
0.678649902343750
0.531921386718750
0.676635742187500
0.537170410156250
0.670898437500000
0.532043457031250
0.666931152343750
0.549743652343750
0.670776367187500
0.524841308593750
0.653076171875000
0.537292480468750
0.659484863281250
0.545227050781250
0.666076660156250
0.540466308593750
0.681335449218750
0.539062500000000
0.646850585937500
0.542724609375000
0.656127929687500
0.543090820312500
0.671936035156250
0.534057617187500
0.673217773437500
0.538452148437500
0.674316406250000
0.541076660156250
0.668273925781250
0.544067382812500
0.667358398437500
0.542541503906250
0.656860351562500
0.547302246093750
0.656921386718750
0.535644531250000
0.668151855468750
0.534179687500000
0.677062988281250
0.535705566406250
0.674011230468750
0.520812988281250
0.677612304687500
0.531127929687500
0.674621582031250
0.535400390625000
0.664733886718750
0.535583496093750
0.669250488281250
0.532287597656250
0.662658691406250
0.537475585937500
0.671875000000000
0.517578125000000
0.659729003906250
0.537841796875000
0.681335449218750
0.533386230468750
0.662597656250000
0.536254882812500
0.683288574218750
0.536926269531250
0.543395996093750
0.673095703125000
0.543457031250000
0.672973632812500
0.541198730468750
0.676208496093750
0.537231445312500
0.674316406250000
0.537658691406250
0.677368164062500
0.536926269531250
0.677917480468750
0.532348632812500
0.672729492187500
0.536010742187500
0.543762207031250
0.677185058593750
0.536743164062500
0.663940429687500
0.539245605468750
0.682983398437500
0.518493652343750
0.685180664062500
0.535827636718750
0.671813964843750
0.532409667968750
0.675109863281250
0.521911621093750
0.676513671875000
0.546936035156250
0.651977539062500
0.544372558593750
0.677246093750000
0.545471191406250
0.669006347656250
0.544250488281250
0.527709960937500
0.677062988281250
0.534179687500000
0.687316894531250
0.520812988281250
0.676269531250000
0.535766601562500
0.676513671875000
0.543273925781250
0.684020996093750
0.537475585937500
0.542297363281250
0.678344726562500
0.539794921875000
0.668029785156250
0.543090820312500
0.672729492187500
0.546875000000000
0.666259765625000
0.540344238281250
0.664123535156250
0.548156738281250
0.653808593750000
0.533325195312500
0.672790527343750
0.546752929687500
0.672851562500000
0.543029785156250
0.539916992187500
0.684326171875000
0.546142578125000
0.682373046875000
0.529357910156250
0.690185546875000
0.526733398437500
0.672424316406250
0.539123535156250
0.660339355468750
0.534484863281250
0.687316894531250
0.538940429687500
0.538940429687500
0.675476074218750
0.532470703125000
0.677978515625000
0.537902832031250
0.674682617187500
0.546203613281250
0.676818847656250
0.546447753906250
0.653503417968750
0.542053222656250
0.676391601562500
0.541259765625000
0.538452148437500
0.668884277343750
0.536071777343750
0.664306640625000
0.546508789062500
0.688171386718750
0.545227050781250
0.684936523437500
0.542602539062500
0.670776367187500
0.549804687500000
0.651855468750000
0.545837402343750
0.539062500000000
0.680114746093750
0.537536621093750
0.668029785156250
0.525451660156250
0.658264160156250
0.540710449218750
0.646789550781250
0.664306640625000
0.545043945312500
0.673156738281250
0.540405273437500
0.680297851562500
0.541198730468750
0.536193847656250
0.677429199218750
0.541687011718750
0.676757812500000
0.544494628906250
0.674133300781250
0.538146972656250
0.669250488281250
0.554504394531250
0.673583984375000
0.541076660156250
0.668579101562500
0.540405273437500
0.680847167968750
0.543640136718750
0.543823242187500
0.672912597656250
0.550354003906250
0.679687500000000
0.537292480468750
0.662658691406250
0.517517089843750
0.688842773437500
0.518676757812500
0.665222167968750
0.529235839843750
0.685791015625000
0.545532226562500
0.673461914062500
0.542724609375000
0.674255371093750
0.537536621093750
0.670959472656250
0.537414550781250
0.681823730468750
0.536499023437500
0.676635742187500
0.526245117187500
0.679687500000000
0.492736816406250
0.679931640625000
0.543945312500000
0.677551269531250
0.546081542968750
0.654968261718750
0.538696289062500
0.673767089843750
0.539123535156250
0.671997070312500
0.529174804687500
0.653076171875000
0.545471191406250
0.685668945312500
0.535400390625000
0.662414550781250
0.547241210937500
0.676879882812500
0.538269042968750
0.669067382812500
0.547607421875000
0.659545898437500
0.543395996093750
0.679199218750000
0.525451660156250
0.671325683593750
0.545410156250000
0.667968750000000
0.548400878906250
0.671569824218750
0.543701171875000
0.673156738281250
0.545166015625000
0.547973632812500
0.679260253906250
0.524963378906250
0.674377441406250
0.552673339843750
0.675842285156250
0.547668457031250
0.681884765625000
0.542236328125000
0.683288574218750
0.549377441406250
0.545410156250000
0.672058105468750
0.655578613281250
0.550415039062500
0.538146972656250
0.679565429687500
0.546691894531250
0.671630859375000
0.540588378906250
0.670410156250000
0.543212890625000
0.671325683593750
0.549560546875000
0.657775878906250
0.544677734375000
0.673706054687500
0.541381835937500
0.688293457031250
0.520690917968750
0.656677246093750
0.534973144531250
0.677673339843750
0.540710449218750
0.660949707031250
0.664062500000000
0.529174804687500
0.680358886718750
0.542358398437500
0.674438476562500
0.540161132812500
0.549499511718750
0.678710937500000
0.550659179687500
0.679504394531250
0.539611816406250
0.679260253906250
0.545410156250000
