1809092
2315948
4756786
5100010
5097692
5098704
5100010
5100000
5100000
5100000
5100000
5099989
5100010
5100000
5100000
5099989
5100010
5100000
5100010
5099979
5100000
5099989
5100010
5100000
5100000
5100000
5100010
5099989
5100020
5098137
5099544
5097682
5094955
5096590
5090337
5090330
5085681
5085665
5084208
5083323
5098151
5100010
5100000
5099989
5100010
5100000
5099989
5100000
5100010
5099989
5100010
5100000
5099989
5100000
5099989
5100020
5100000
5100000
5100000
5099989
5100010
5100000
5099989
5100010
5100000
5100000
5100000
5099989
5100010
5099979
5100010
5100020
5099979
5100000
5100000
5099989
5100020
5100000
5100000
5099249
5100010
5099989
5098590
5099672
5100010
5100000
5099736
5100000
5100000
5099989
5100010
5097786
5098572
5098085
5099539
5099496
5100000
5100000
5100000
5100000
5099989
5100000
5099989
5100010
5100000
5100000
5100000
5100010
5100000
5100000
5100000
5099989
5100010
5099989
5100000
5100000
5100010
5099989
5100010
5099989
5100010
5099989
5100000
5100010
5100000
5099989
5100020
5099989
5099989
5100010
5100000
5099989
5100010
5099989
5099989
5100010
5100010
5100000
5099989
5100000
5100010
5100010
5099979
5100000
5100000
5100010
5100000
5100000
5100000
5100000
5099989
5100000
5100010
5100000
5100000
5099989
5099989
5100020
5100000
5099989
5100000
5100000
5100010
5099979
5100000
5100030
5099989
5099989
5100000
5100010
5100000
5100000
5099989
5100010
5099989
5100010
5099989
5100010
5099989
5100000
5100010
5100000
5100000
5099989
5100010
5099989
5100000
5100010
5100000
5100000
5100000
5099989
5100020
5099989
5099989
5100000
5100010
5099989
5100010
5099989
5100010
5100000
5099989
5100000
5100010
5100000
5099989
5100000
5100010
5099989
5100010
5099989
5100000
5100010
5099989
5100010
5099989
5100020
5099989
5100000
5099989
5100000
5100010
5100000
5100000
5100000
5099989
5100010
5099989
5100000
5100010
5099979
5100010
5100000
5100000
5100000
5100000
5100010
5100000
5099989
5099989
5100020
5100000
5099989
5100010
5099979
5100030
5100000
5099989
5099989
5100000
5100010
5099989
5100000
5100010
5100000
5100000
5100000
5099989
5100010
5100000
5099989
5100010
5099989
5099989
5100010
5100000
5100010
5099989
5100000
5100010
5099989
5100010
5100000
5100010
5099989
5100000
5100000
5099969
5100020
5100010
5100000
5099989
5100010
5100000
5100000
5099989
5100000
5100010
5099989
5100000
5100010
5099989
5100010
5100000
5100000
5100000
5100010
5099979
5100000
5100000
5100010
5099989
5100010
5099989
5100000
5100000
5100000
5100000
5100010
5099989
5100010
5099989
5100000
5100000
5100000
5100010
5100000
5099989
5100000
5100010
5100000
5100000
5099989
5100000
5100000
5100010
5100000
5100000
5100000
5099979
5100020
5099989
5100010
5099989
5100000
5100000
5100000
5100000
5100000
5100010
5099989
5100000
5100000
5100010
5100000
5099989
5100000
5099989
5100010
5100000
5100010
5099989
5100000
5100010
5100010
5099989
5099989
5100010
5100000
5100000
5099989
5100000
5100000
5100010
5099989
5100000
5100010
5099989
5100000
5100000
5100000
5100000
5100010
5100000
5099989
5100000
5100010
5099989
5100010
5099989
5100000
5100000
5100000
5100000
5100000
5100010
5099989
5100010
5100000
5100000
5099989
5100000
5100010
5099989
5100010
5099989
5100010
5099989
5100020
5099989
5099989
5100000
5100010
5099989
5100000
5100010
5099979
5100020
5100000
5100000
5099989
5100000
5100010
5099989
5100010
5100010
5099969
5100010
5100010
5100010
5099979
5100000
5100000
5100010
5100000
5100000
5099989
5100010
5100000
5099989
5100000
5100010
5100000
5099989
5100000
5100010
5099989
5100000
5100000
5099079
5100000
5100010
5097680
5097679
5099940
5100010
5099989
5100010
5099989
5100020
5099989
5099989
5100000
5100000
5099989
5100010
5100000
5100010
5099989
5100000
5100000
5099989
5100020
5099989
5100010
5100010
5100000
5099989
5100000
5100000
5099989
5100000
5100000
5100010
5099989
5100010
5100000
5099989
5100000
5100010
5099989
5099989
5100010
5100010
5099989
5100010
5100000
5099989
5100010
5099989
5100000
5100000
5100010
5100000
5100000
5099989
5100010
5099989
5100000
5100000
5100010
5099989
5100000
5100000
5100010
5099989
5100000
5100010
5100000
5099989
5100010
5100010
5099979
5100000
5100000
5100010
5100000
5100000
5099979
5100020
5100000
5100000
5100000
5099989
5100000
5100000
5100000
5100000
5100020
5099989
5099989
5100000
5100000
5100000
5100000
5100010
5100000
5100000
5100000
5099989
5100010
5100000
5099989
5100010
5099989
5100000
5100010
5099989
5100000
5100000
5100010
5100000
5100000
5100000
5099979
5100010
5100010
5100000
5099989
5100010
5099989
5100010
5099979
5100010
5099989
5100010
5100000
5100000
5100010
5100000
5099989
5100000
5099989
5100020
5100000
5099989
5100000
5100010
5100000
5100000
5099989
5100010
5100010
5099979
5100000
5099989
5100020
5099989
5100010
5100000
5100010
5099959
5100030
5100000
5099989
5100000
5100010
5100000
5099989
5099989
5100010
5100000
5100000
5100010
5100000
5099989
5100010
5099989
5100020
5099979
5100000
5100000
5100010
5100000
5100000
5099979
5100020
5099989
5100000
5100000
5100010
5099989
5100010
5100000
5099989
5100000
5100000
5100010
5099989
5100000
5100010
5099989
5099989
5100010
5100000
5100000
5100010
5099989
5100000
5100010
5100000
5100000
5100000
5100010
5099989
5099989
5100000
5100000
5100000
5100000
5100010
5099989
5100000
5100000
5100000
5100000
5100000
5100010
5100000
5099989
5100000
5100010
5099969
5100030
5099989
5100000
5100010
5099989
5100000
5100000
5100010
5099989
5100000
5100000
5100010
5099989
5100000
5100010
5100000
5099979
5100020
5100000
5099989
5100010
5099979
5100020
5100000
5100000
5099989
5100010
5099989
5100010
5100000
5099969
5100020
5100000
5100000
5100000
5100010
5100000
5100000
5099989
5100000
5100020
5099989
5100000
5100000
5099989
5100020
5099979
5100010
5099989
5100010
5099979
5100020
5100000
5100000
5099989
5100010
5099979
5100010
5100010
5100010
5092295
5099989
5100010
5099989
5100000
5100010
5100000
5100000
5099979
5100010
5100000
5100010
5100000
5100000
5099989
5100000
5100010
5099989
5100000
5099989
5100010
5100010
5099905
5100000
5099989
5097896
5096751
5099969
5100020
5098715
5099572
5095616
5100000
5098922
5100000
5099989
5100010
5099979
5099000
5097031
5099979
5100020
5098980
5099338
5100000
5100000
5100010
5099989
5099825
5098001
5100000
5099989
5100010
5099989
5100010
5100000
5100000
5099979
5100020
5100000
5100000
5099989
5100010
5099979
5100020
5099989
5100000
5100000
5100000
5100000
5100020
5099969
5100020
5099989
5100000
5100020
5099979
5100000
5100000
5100010
5100000
5100000
5100000
5099989
5100010
5099979
5100020
5100000
5100000
5099989
5100000
5099989
5100020
5100000
5099989
5100010
5100000
5099979
5100010
5100010
5099989
5100010
5099989
5100000
5100010
5099979
5100020
5100000
5100000
5099989
5100010
5099989
5100010
5100000
5100000
5100000
5100000
5099989
5100010
5100000
5099989
5100010
5099989
5100000
5100010
5099989
5100000
5100010
5100000
5099989
5100000
5100000
5100020
5099979
5100010
5099989
5100000
5100010
5099989
5100000
5100000
5100000
5100000
5100010
5099989
5100020
5099979
5100010
5099989
5100010
5099989
5100000
5100010
5100000
5099989
5100010
5100000
5100000
5099989
5100020
5099979
5100000
5100010
5099989
5100010
5100000
5100000
5100000
5100000
5100000
5100000
5099989
5100010
5100000
5100000
5100000
5100000
5099989
5100010
5100000
5100000
5100000
5100000
5100000
5100010
5099979
5100000
5100010
5100000
5099989
5100010
5100000
5100010
5099989
5100000
5100010
5099989
5100000
5099989
5100000
5100010
5099989
5100000
5100010
5099989
5100000
5100000
5100000
5100010
5099989
5100000
5100010
5100000
5100000
5100000
5100000
5100000
5100010
5100000
5099989
5099989
5100010
5099989
5100000
5100000
5100000
5100010
5100000
5099989
5100010
5099989
5100010
5099989
5100000
5100000
5100000
5100000
5100010
5100000
5100000
5099989
5100000
5100010
5099989
5100000
5100000
5100000
5100000
5100010
5100000
5099989
5100020
5099979
5100000
5100000
5100010
5099979
5100020
5099989
5100010
5100000
5100000
5099989
5100010
5100000
5099989
5100010
5099989
5100010
5100010
5099989
5100000
5099989
5100010
5100000
5099989
5100010
5099989
5100000
5100010
5100000
5099989
5100000
5100000
5100020
5099989
5099989
5100000
5100000
5100000
5100020
5099969
5100020
5099979
5100010
5100010
5100010
5099979
5100010
5100000
5099989
5100000
5100020
5099979
5100000
5099989
5100020
5100000
5099989
5100010
5100000
5100000
5100000
5100000
5099989
5100010
5099989
5100010
5100000
5099989
5100020
5099989
5099989
5100000
5100010
5100000
5100000
5100000
5099989
5100010
5099979
5100020
5099989
5100010
5099623
5100010
5099989
5100010
5099989
5100010
5100000
5099989
5100000
5100000
5099710
5094178
5099056
5097912
5098905
5100000
5100000
5099969
5099801
5099979
5098931
5100010
5099989
5100000
5100000
5100000
5100000
5100010
5100000
5097680
5100010
5099437
5100000
5100010
5099989
5100000
5100000
5099618
5100010
5100000
5100000
5100000
5099234
5099979
5100000
5099455
5100000
5100000
5100000
5100000
5100010
5100000
5100000
5100000
5099848
5100151
5100000
5099989
5100000
5100000
5100010
5099989
5100010
5099989
5100000
5100000
5100000
5100010
5100000
5100000
5100000
5099989
5100000
5100010
5099989
5100000
5100010
5099989
5100000
5099989
5100010
5100000
5100000
5100000
5100000
5100010
5099989
5100000
5100010
5099989
5100000
5099989
5100010
5100010
5099989
5100000
5100010
5099989
5100000
5100010
5100000
5100000
5099989
5100000
5100010
5099989
5100010
5100000
5099979
5100020
5100000
5100000
5099989
5100000
5100000
5100008
5100000
5099989
5100010
5100000
5099989
5100010
5099989
5100010
5100000
5099979
5100010
5100010
5099989
5100020
5099989
5100000
5100000
5099989
5100000
5100010
5099989
5100010
5100000
5099989
5100010
5099989
5100000
5100000
5099989
5100020
5100000
5100000
5099989
5100000
5100010
5099979
5100010
5100010
5100000
5099989
5100000
5100010
5099989
5100020
5099979
5100010
5100000
5099989
5100000
5100000
5100010
5100000
5100000
5099979
5100020
5099989
5100010
5099989
5100010
5099989
5099989
5100010
5100010
5100000
5100000
5100010
5099989
5100000
5099989
5100000
5100010
5100000
5100000
5099989
5100010
5099989
5100010
5099989
5100000
5100010
5099989
5100000
5100010
5100000
5099989
5100010
5100010
5099989
5099989
5100010
5099989
5100010
5099989
5100010
5100000
5100000
5100000
5099989
5100010
5099979
5100010
5100000
5100000
5100000
5100010
5099989
5100010
5099989
5100010
5100000
5100000
5099989
5100020
5099989
5100000
5100000
5100000
5099989
5100010
5100000
5099979
5100010
5100010
5099989
5100010
5100000
5100000
5100000
5100000
5100000
5099979
5100020
5100000
5100000
5099989
5100000
5100010
5099989
5100010
5099989
5100010
5100000
5100000
5099989
5100000
5100000
5100010
5099989
5100010
5099989
5100000
5100010
5099989
5100010
5100000
5100000
5099989
5100000
5100000
5100000
5100000
5100000
5100010
5100000
5099989
5100000
5100010
5100000
5099989
5100010
5100000
5099989
5100010
5100000
5100000
5099989
5100010
5099989
5100000
5100000
5100000
5100010
5100010
5099979
5100010
5099989
5100000
5100010
5100000
5100000
5100000
5099989
5100000
5100000
5100000
5100010
5099989
5099989
5100010
5100000
5100010
5100000
5099989
5100000
5100000
5100000
5100000
5100010
5099989
5100000
5100000
5099989
5100020
5100000
5099989
5100010
5099989
5100010
5099989
5100010
5099989
5100000
5100010
5100000
5100000
5099979
5100020
5100000
5100000
5100000
5099989
5100000
5100000
5100010
5100000
5100000
5099989
5100000
5100010
5100000
5099989
5099989
5100010
5100010
5100000
5099989
5100000
5100000
5100010
5099989
5100010
5100000
5100010
5099979
5099989
5100010
5100010
5099989
5100010
5100000
5099989
5100000
5100000
5099989
5100020
5099989
5100000
5100000
5100000
5099989
5100010
5100000
5100000
5100000
5100010
5099989
5100020
5099979
5100000
5100010
5099989
5100000
5100000
5100010
5100000
5099989
5100010
5100000
5100000
5099989
5100010
5099989
5099989
5100010
5100000
5100010
5100000
5100000
5099989
5100010
5099989
5100000
5100000
5100000
5099621
5098080
5099989
5100000
5100000
5100010
5100000
5100000
5099989
5100010
5100000
5098976
5100010
5100000
5099451
5100000
5100010
5099989
5100000
5100010
5097371
5100000
5099989
5095215
5098404
5099988
5099989
5096176
5099527
5097080
5099392
5100000
5096243
5099775
5100000
5098205
5097968
5097827
5097692
5098954
5098720
5098959
5097657
5100000
5093542
5099454
5096106
5098075
5099223
5099548
5097566
5099763
5098160
5099270
5098584
5097738
5095102
5096149
5096524
5097683
5097672
5098443
5094220
5096184
5096505
5099640
5099650
5099309
5096917
5097666
5095889
5097518
5098835
5093591
5096553
5094904
5099730
5096360
5094968
5096743
5098969
5092660
5096593
5097219
5098006
5096682
5099757
5096827
5092888
5100010
5097145
5094130
5092793
5095683
5096646
5096630
5098652
5100000
5095985
5098061
5100000
5092067
5087529
5093034
5096503
5096410
5095335
5095637
5095898
5093432
5093527
5095849
5099697
5097804
5097521
5100000
5099292
5099287
5099989
5100000
5099648
5098753
5098220
5092471
5088998
5090347
5098999
5099328
5100000
5099262
5097687
5096917
5092037
5090907
5093314
5090728
5095227
5097906
5094042
5098935
5094181
5099989
5099290
5098992
5096251
5095236
5091230
5096439
5097383
5100010
5098237
5099117
5096698
5098586
5099106
5099268
5099299
5100000
5100000
5100000
5099989
5095154
5092257
5088614
5090145
5095517
5099287
5099636
5100000
5100000
5100000
5100010
5099989
5100010
5100010
5099274
5099989
5100010
5099989
5100010
5100000
5099989
5100000
5100010
5099989
5100010
5100000
5099989
5099989
5100020
5100000
5100000
5099989
5100010
5100000
5100000
5100000
5099989
5100010
5100000
5100010
5099979
5100000
5100020
5099989
5099989
5100000
5100000
5100000
5100000
5100000
5099989
5100030
5099979
5100010
5100000
5100000
5099989
5100000
5100000
5100010
5099989
5100000
5100010
5100000
5099989
5100010
5100000
5100000
5100000
5099989
5100010
5099989
5100000
5100000
5100010
5100000
5100010
5099979
5100000
5100010
5099989
5100010
5099989
5100000
5100000
5100000
5100000
5100000
5100000
5100000
5100000
5100010
5099989
5100000
5100010
5100000
5100000
5100000
5100000
5099989
5100000
5100000
5100000
5100000
5100000
5100010
5099989
5100010
5100000
5099989
5099989
5100020
5099989
5100000
5100000
5100010
5099989
5100000
5100000
5100010
5100000
5100000
5099989
5100010
5100010
5099989
5099989
5100010
5099989
5100010
5099989
5100010
5099989
5100008
5099989
5100000
5100000
5100010
5100000
5099989
5100010
5099989
5100010
5100000
5099989
5100010
5100000
5100000
5100000
5100000
5099989
5100000
5100000
5100010
5099989
5100000
5100000
5100010
5100000
5100000
5100000
5100000
5100000
5099989
5100000
5099989
5100010
5100020
5099989
5100010
5099979
5100000
5100000
5100010
5099989
5100000
5100000
5100010
5100000
5099979
5100010
5100000
5100010
5100000
5099989
5100000
5100000
5100000
5100000
5100000
5100010
5100000
5099989
5100000
5100000
5100000
5100000
5100000
5100010
5100000
5099989
5100000
5100010
5099989
5100010
5100000
5099989
5100010
5099989
5100000
5100000
5100010
5099989
5100000
5100000
5100000
5100010
5099959
5100040
5100000
5100010
5099989
5100000
5100000
5099989
5100010
5099989
5100000
5100000
5100000
5100000
5100000
5100010
5100010
5099989
5099989
5100000
5100000
5100010
5099989
5100000
5100000
5100010
5099989
5100010
5099989
5099989
5100010
5100000
5100000
5100000
5100010
5099989
5100010
5100000
5100000
5099989
5100010
5100000
5100000
5100000
5099989
5100010
5099989
5100000
5100000
5100010
5099979
5100020
5100000
5099989
5100010
5100000
5100000
5100000
5100000
5099989
5100000
5100000
5099989
5100010
5100010
5099989
5100010
5100000
5100000
5100000
5099989
5100000
5100020
5099989
5099979
5100020
5099989
5100000
5100000
5100000
5100000
5100010
5100000
5100000
5100000
5100000
5100000
5100000
5100000
5099989
5100010
5100000
5100000
5099989
5100010
5099989
5100010
5099989
5100010
5100000
5099989
5100010
5100000
5100000
5099989
5100020
5099969
5100010
5099989
5100020
5100000
5100000
5100000
5100000
5100000
5100000
5099989
5100000
5100000
5100010
5100000
5100000
5100000
5099989
5100000
5100010
5099989
5100010
5100000
5099989
5100010
5100000
5100000
5100000
5099989
5100000
5100000
5100010
5099989
5100000
5100000
5100000
5100000
5100000
5100010
5100000
5100000
5099989
5100010
5099989
5100000
5100000
5100000
5100010
5099989
5100010
5099989
5100000
5100000
5100010
5099989
5041345
5030243
5100010
5100000
5099989
5100000
5100000
5100010
5099989
5100000
5100000
5100010
5100010
5099979
5100000
5100010
5100000
5100000
5098054
5100000
5099989
5100010
5099979
5100020
5100000
5099989
5097882
5100000
5100000
5098354
5100020
5099051
5097530
5097693
4910827
5100000
5100000
5099348
5099989
5100010
5100000
5099979
5100010
5098537
5099703
5096228
5096515
5100010
5097692
5099619
5094841
5098978
5100000
5097692
5097865
5098028
5100000
5098030
5100000
5098004
5097719
5099450
5097812
5099300
5098254
5099115
5099989
5093814
5099079
5100010
5099989
5098584
5099774
5100010
5099215
5099275
4962762
5099706
5100000
5100000
5097692
5099386
5098532
5100000
5095666
5099336
5099237
5098775
5099261
5100000
5100000
5099989
5100000
5100000
5100000
5100010
5099989
5100000
5100000
5100000
5100000
5100000
5100010
5099989
5100010
5099989
5100010
5099989
5100020
5099989
5099979
5100020
5100000
5100000
5099989
5100020
5099979
4907366
5100000
5097692
5093529
5094071
5096674
5093052
5097688
5097682
5069999
5099989
5095036
5095702
5097308
5093035
5092274
5091571
5095347
5095369
5093032
5097702
5092925
5096747
5092669
5094406
5090901
5092657
5086267
5092090
4907640
5088569
5093291
5092786
5093023
5093045
5093088
5093066
5091105
5094933
5090416
5093336
5093060
5098599
5092134
5095527
5090342
5090992
5092022
5090345
5090322
5090229
4979863
5015628
5094371
5092663
5090318
5094858
5088193
5090846
5093014
5091826
5087316
5086373
5090329
5090798
5087552
5085656
5090478
5087635
5083740
5088013
5083333
5092672
5087152
5090720
5088350
5089649
5086209
5085187
5085678
5085669
5085676
5090341
5083588
5087763
5088638
5091600
4896089
5095916
5092523
5088205
5083344
5085676
5088025
5084578
5088707
5085685
5090635
5090667
5094252
5085671
5090340
5092586
5090301
5086676
5090064
5085986
5088416
5089726
5091070
5085993
4966664
5088802
5093584
5092649
5087160
5087297
5094676
5093147
4906259
5091653
5091379
5086087
5095099
4901127
5085336
5089195
5089387
5096457
4920731
5078553
5085185
5092222
4936784
5074336
5090041
5097164
5098194
5088856
5090984
5091571
4972529
5095846
5091159
5100000
5099448
5098505
5097832
5097794
5096336
5098564
5099291
5099215
5099281
5096378
5093391
5096395
5094112
5092266
5096428
5100000
4941312
5066209
4959455
5048948
5099989
5100010
4912897
5100000
4975076
5094224
4919883
5098958
4906576
5085642
5090506
5098558
4966607
5099430
5092150
5096954
5094203
4976193
4956139
5052049
5088729
5025755
4966034
5053867
4952249
5097093
4991944
5005103
4904391
5099481
5095272
4963686
4904610
5099579
5076570
4927438
5096404
4971104
4967780
5100000
5097026
5096410
5092990
4968433
4921132
4910121
5098573
4964655
5100000
4904224
4951384
5050114
4968301
5093065
5094734
4904753
5100000
4969536
5096605
4965586
5088347
5095016
4908541
5095970
5089155
4900004
5095609
4975242
4970328
5097038
4977035
5100000
4978510
5100000
4902348
5099655
4972703
5096901
4962612
5091102
5099395
4963945
5093104
4910299
5100010
4969286
5061701
4937855
4906472
5098930
4968224
5095275
4904057
4979517
4999982
5019204
4904522
4970819
5017630
5047017
4903877
5094123
4919516
4910945
5100000
4910478
5073615
4947932
4917790
5099655
4899037
5009804
5056481
4969307
4917311
5035337
5042099
4917303
5099979
4968114
4961320
4901400
5092917
4916051
4974257
5094957
4953146
4909403
5028734
4994871
4974077
5001071
5003643
5014000
5006225
4920752
4907808
5100000
4968427
4912526
4909096
5098902
4905329
4967449
4970366
5065502
4990783
4968419
4971411
4974215
5050071
5009300
4913999
4967375
5100000
4967323
4905696
5096971
4907216
4911928
5068281
4923937
4906963
5011706
4983127
4971026
5099989
4966918
4901648
5033375
4976197
4903886
4918605
5048732
4962179
4907088
4970013
5031648
4972080
4963634
4899372
5097744
4969343
4906866
4972247
4998157
5001607
4924894
4913657
4907230
4947868
5053917
4904770
4898631
4939848
5009311
5022811
4957831
4897196
4960143
4839065
5098581
4914919
4961393
4915244
4908742
4909925
4987609
5070378
4985924
4914960
4914338
4912487
4978491
5004310
4931377
4972130
4900339
4899877
4927513
5020290
4942724
4930742
4915442
4969204
4967780
4894230
4946345
5017620
4959160
4970952
4914271
4907365
4858979
5090692
4923187
4973374
4979650
4972812
4977737
4965765
4999783
5005381
4905422
4969019
4899169
4901144
5035128
4880706
5024756
4934028
4907674
4905019
4963672
4901726
4913287
5100000
4904587
4905427
5097291
4977656
4966756
4964120
4965033
4858772
4952095
4916083
4968367
4922436
5022363
5027227
4925261
4916887
4904060
5023609
5050771
4967793
4968045
4907738
4967963
4902147
4906074
4965104
4969790
4911321
4956032
4989922
4973251
4978922
4908906
4952472
4978665
4957627
4958371
4969539
4972285
4963524
5077582
4940305
4974672
4903322
4966828
4904039
4918320
5006777
4995211
4904210
4906899
4921700
4956974
4917847
4966080
4965257
4908115
4955790
5028519
5039707
4970967
4910171
4968982
4913403
4911750
4904129
4906381
5002661
5004460
4966327
4951928
4961263
4906113
4920273
4906244
4911920
4998897
5014636
4961589
4910759
4915264
4896435
4910768
4908103
4908413
4909031
4953455
4967992
4999834
4901603
4906137
4957068
4914196
4908658
4913401
4961239
5041840
4983421
4948889
4908134
4915494
4967549
4912181
4954598
4976601
4964460
4910613
4965579
5097452
4913918
4962816
4918080
4908611
4914773
4904738
4968248
4912449
5060464
4998556
4832959
4994426
4896910
4981380
4931465
4936394
4924831
4908219
4913560
4909691
4959022
4900579
4933068
4986215
4994484
4956827
4987696
4974288
4906242
4963472
4962996
4905418
4970569
4914528
5009780
4998590
4908346
4968330
4907573
4971652
4912997
4973741
4913585
4960315
4898530
4961142
5011019
4955553
4904635
4958543
4905266
4969358
4914315
4910033
4968255
4955210
5057603
4895231
4948688
4992739
4840452
5043394
4890543
5009190
4884638
4992836
4946674
4907052
4897195
4912470
4956367
4953114
4969417
4963786
4902321
4984432
4965298
4986212
4909843
4964071
4913543
4967463
4970277
4904472
4964371
4966011
4901366
4971102
4908231
4920770
4979904
4914940
4959551
4971182
4975237
4916891
4968289
5003617
4877251
4994084
4870145
4979717
4958999
4910922
4924615
5014262
5048426
4903011
4906002
4991349
5006892
4889915
4828636
5005076
4985434
4845819
4971684
4903744
4909053
4911494
4909775
4962205
4903959
4973369
4905192
4906223
4963068
4971732
4909059
4979867
4907305
4906079
4909170
4923689
4964758
4903420
4957561
4904142
4956887
4970734
4908582
4958424
5037310
5017205
4970788
4953564
4886699
4935844
4976944
4877702
4923146
4970555
4901320
4911013
4982258
5009666
4831423
4930042
4913511
4899522
4961770
4909254
4907285
4970828
4916511
4886959
4960520
4967112
4911691
4903604
4916187
4908407
4908680
4969364
4963258
4902298
4891163
4863080
4908163
4970423
4971247
4911787
4915033
4907606
4972770
4959806
4932929
4830987
4942600
4877116
4954129
4825690
4837361
5001601
4889837
4895601
4968897
4902911
4908848
4897175
4964407
4914726
4908544
4901466
4968901
4907612
4970507
4905509
4966470
4899460
4856865
4892427
4904285
4971425
4967913
4916802
4908489
4912825
4925438
4832097
4902882
4914568
4912082
4907492
4969428
4917883
4899435
4956050
4890239
4926840
4910944
4913766
4909130
4967120
4956669
4930732
4878467
4850395
4942896
4900022
4977733
4978285
4957743
4952314
4905509
4890139
4886951
4921407
4909562
4899442
4907635
4903547
4876686
4908420
4968323
4888453
4880650
4873056
4891227
4962022
4909324
4906876
4975680
4886266
4891242
4867312
4850721
4959839
4948416
4964076
4892064
4967092
4918875
4917874
4940380
4887531
4811120
4966354
4944972
4966569
4853944
4976392
4945256
4871828
4891462
4937061
4953373
4902601
4899568
4904386
4912604
4966803
4835716
4848760
4894752
4906650
4966751
4904258
4899762
4937979
4922403
4888295
4890648
4869771
4933063
4907657
4965999
4956442
4918658
4902329
4849539
4833337
4872557
5017465
4900993
4900630
4892348
4903510
4857250
4883432
4915363
4970505
4895214
4968039
4906007
4896577
4963746
4949797
4879039
4827641
4917180
4958452
4957408
4901292
4953009
4901370
4908006
4841950
4821461
4957995
4944535
4904433
4960070
4898337
4894313
4938557
4881132
4919247
4883975
4903483
4949765
4886804
4900049
4899071
4942163
4876909
4854935
4892714
4897265
4880266
4956198
4901194
4952796
4892550
4897877
4892570
4875192
4878545
4822230
4960253
4888308
4904973
4893751
4906294
4942111
4822781
4874266
4876722
4958283
4959430
4841898
4905772
4944366
4950938
4890187
4942381
4891946
4811634
4835844
5070990
4884025
4899113
4935051
4948734
4880134
4865324
4862949
4932059
4885113
4953930
4896483
4946160
4908473
4881784
4887391
4844358
4830380
4835657
4978793
4943714
4950918
4915347
4864282
4877090
4958256
4883696
4906955
4897071
4900134
4852280
4859009
4827587
4887250
4896828
4989900
4945930
4908078
4953153
4855415
4817062
4870064
4952729
4942469
4825069
4946555
4882986
4829811
4814871
4900144
4950519
4835198
4942225
4940691
4938467
4881631
4859288
4938691
4901266
4786622
4891844
4949113
4881031
4887257
4879601
4876830
4932234
4867209
4871945
4859567
4873868
4937849
4885058
4883302
4933428
4932478
4894666
4861399
4863225
4915421
4881786
4937135
4947070
4887739
4935630
4939853
4865509
4870703
4900447
4941381
4928339
4860130
4897966
4870642
4876884
4815792
4927620
4941722
4931714
4922360
4926694
4853703
4930245
4926596
4871502
4894159
4929138
4856172
4859375
4948630
4878293
4934563
4968634
4856408
4863504
4883877
4870773
4901044
4897295
4881463
4918925
4925583
4902717
4846876
4803617
4891839
4869669
4940824
4931981
4869445
4881333
4879907
4800444
4892959
4925303
4867165
4879893
4925434
4871212
4846912
4846067
4852426
4882996
4915878
4864714
4927170
4876652
4865067
4917519
4846810
4843911
4869764
4922257
4919159
4929322
4797341
4850049
4831670
4921941
4867441
4876234
4862764
4928722
4834363
4887194
4809404
4842167
4870360
4876568
4881679
4863332
4868704
4863640
4853318
4816018
4790555
4929904
4927234
4834762
4921459
4870998
4853886
4798060
4849139
4916117
4919478
4908055
4863567
4861865
4863345
4808614
4782157
4840179
4866788
4869958
4863803
4879653
4879775
4855925
4772543
4813253
4933675
4915521
4946836
4915862
4923427
4876118
4842766
4845693
4836214
4918237
4865926
4860377
4933802
4860085
4863716
4800500
4828843
4832772
4931275
4902025
4873542
4863749
4863686
4926323
4876890
4837796
4872079
4841075
4880094
4876524
4866036
4937414
4926453
4776304
4884754
4930282
4922764
4916608
4864950
4872497
4912152
4890422
4857999
4882623
4917610
4789115
4875087
4932802
4881742
4889976
4908741
4805171
4913160
4876695
4907822
4897091
4879548
4799397
4809561
4853395
4928395
4925218
4918779
4923207
4848551
4884868
4929710
4875937
4859055
4861061
4848364
4882690
4913491
4927676
4912021
4865530
4847636
4783524
4906152
4885815
4926519
4862087
4875789
4919010
4863465
4847019
4865204
4871843
4911795
4894461
4849079
4796309
4840675
4930696
4871638
4871876
4879432
4876196
4752356
4876812
4864297
4903718
4836002
4788945
4852694
4927213
4866556
4901088
4809609
4835687
4879582
4866788
4902783
4859780
4803491
4856182
4862721
4921285
4868314
4909885
4899609
4816950
4739780
4871947
4876420
4900382
4881537
4835352
4864980
4887945
4907780
4852855
4855554
4912068
4821548
4863049
4874967
4911902
4890620
4827479
4847513
4876852
4853567
4851421
4856222
4859817
4805594
4853589
4878116
4919367
4857618
4907695
4807318
4880252
4819274
4778456
4833700
4935991
4854497
4868474
4883068
4826944
4839162
4913818
4899656
4915554
4870210
4855156
4831726
4883235
4909879
4909744
4804776
4793517
4822362
4931025
4874728
4781248
4873587
4867712
4915868
4918581
4908320
4881079
4780420
4846957
4875691
4849716
4943864
4788120
4848771
4896970
4861341
4858267
4909546
4777290
4785716
4895891
4870933
4901445
4857330
4730867
4863099
4810582
4861055
4861236
4849986
4810668
4779744
4857296
4925695
4820753
4831414
4811004
4846155
4854864
4858703
4851024
4788603
4906202
4850481
4862561
4858338
4900833
4793508
4854472
4922589
4854090
4905849
4687571
4827094
4857323
4914756
4909762
4846445
4807260
4887477
4857491
4848118
4853234
4846363
4843775
4811898
4852980
4858770
4856160
4847276
4826104
4850424
4893910
4859110
4897633
4848745
4743700
4920751
4882002
4861505
4945027
4818720
4842233
4854776
4825606
4869963
4901217
4865092
4913757
4848015
4855871
4887433
4781282
4733897
4906689
4898587
4854683
4905354
4736615
4870575
4859087
4841209
4799190
4906966
4743631
4897438
4860974
4848640
4900134
4825886
4882903
4856840
4732589
4831228
4848469
4855051
4860300
4816710
4789152
4832450
4858322
4845674
4783893
4860805
4901131
4843356
4761229
4862603
4904757
4902328
4838901
4855594
4852342
4858853
4866163
4816581
4869501
4801723
4903440
4712889
4856635
4903888
4738086
4858371
4897789
4831584
4798357
4836881
4842270
4844046
4889153
4799573
4819796
4798042
4889550
4892865
4784147
4812424
4846242
4892184
4779493
4835392
4905659
4754004
4868322
4896000
4807864
4836913
4804700
4765655
4865350
4852279
4893353
4767391
4816386
4893443
4807681
4830507
4787938
4864445
4849974
4864962
4749636
4840934
4854356
4733267
4889166
4851372
4848104
4897372
4823486
4753483
4798986
4884399
4845339
4733928
4850499
4855307
4866547
4781337
4816164
4841707
4866413
4848254
4799955
4828909
4760174
4850929
4803051
4819125
4899154
4851687
4714741
4818804
4839195
4904200
4808646
4764510
4887757
4813345
4830956
4836739
4770801
4892727
4845695
4878306
4888539
4704626
4831613
4824413
4738969
4891130
4795506
4851316
4801034
4776762
4824340
4808835
4892037
4931033
4779246
4889497
4775508
4834539
4855568
4821611
4839506
4729751
4817427
4839917
4817071
4846917
4761766
4807607
4828157
4874774
4773387
4823870
4873092
4845195
4847922
4798609
4748120
4848029
4847633
4789571
4839525
4736759
4816865
4847816
4769906
4813463
4809568
4773256
4807438
4838064
4813976
4776400
4893907
4744309
4840313
4739716
4840737
4851140
4736585
4876654
4790382
4839942
4811427
4764916
4830908
4784449
4887359
4764420
4776212
4836066
4845860
4794516
4894178
4733148
4808199
4890794
4736224
4858398
4765175
4792678
4895404
4838208
4766763
4795209
4798319
4807286
4841146
4844600
4704674
4900491
4735422
4902479
4769442
4889332
4833004
4758624
4740773
4882153
4815571
4881349
4785892
4847851
4800000
4733025
4803754
4826645
4850056
4792335
4820634
4836101
4720525
4838460
4883901
4731775
4886262
4780669
4740422
4866812
4717023
4847800
4839812
4709899
4892746
4711757
4844336
4845206
4827155
4782605
4803190
4839025
4869573
4769183
4885071
4821680
4802564
4884604
4765079
4739701
4858013
4878085
4703000
4883263
4688965
4844485
4828116
4828430
4808815
4748992
4812446
4886803
4688837
4860381
4891982
4784805
4840632
4809966
4731656
4809613
4806485
4722035
4814390
4717161
4869280
4711780
4810093
4784113
4750451
4848848
4846645
4831279
4773607
4829239
4808002
4843354
4778678
4724453
4895056
4745131
4778841
4904452
4715446
4772106
4815448
4885341
4738569
4865887
4769687
4828793
4740733
4811713
4812235
4843728
4807189
4845948
4756740
4805248
4799490
4776698
4866929
4674934
4815440
4825901
4804607
4788823
4669460
4891799
4769695
4845788
4683420
4847861
4743460
4874533
4741563
4846392
4772899
4947286
4812479
4790297
4886754
4728289
4890088
4760284
4882035
4745556
4843667
4842596
4867908
4825477
4769922
4797609
4767337
4821290
4782855
4802152
4725751
4846477
4770920
4873184
4736306
4840915
4731297
4888687
4749191
4874364
4710705
4882167
4750745
4797305
4839573
4766519
4886672
4675054
4901216
4728644
4835884
4729072
4833548
4730995
4841017
4689916
4822585
4706164
4816926
4772108
4804585
4775207
4849017
4779264
4857939
4821731
4795881
4852842
4780065
4826670
4751974
4857191
4797151
4834227
4784959
4848844
4825571
4821694
4749931
4831110
4737829
4792330
4721142
4824381
4755135
4842158
4779140
4816377
4807724
4783761
4780305
4798538
4757612
4822503
4855215
4776382
4777308
4795189
4771766
4823396
4748953
4837203
4727064
4890412
4730792
4870669
4734625
4891645
4774053
4839183
4761531
4837896
4787073
4895189
4778150
4895667
4740681
4833308
4783664
4778586
4541951
4399991
4338042
4200000
4200000
4200000
4184699
4000000
4000000
4000007
3999992
4000000
4000000
4000000
4000000
3999992
4000007
4000007
