1835837
2167790
4691022
5100000
5099989
5100010
5100000
5100000
5100000
5100000
5100010
5099989
5100010
5099989
5100000
5100000
5100000
5100000
5100000
5100000
5100010
5099989
5100000
5100010
5099989
5100000
5100010
5100000
5099979
5100020
5099979
5100000
5100010
5100010
5099979
5097702
5097635
5095397
5097508
5095527
5095331
5096541
5094099
5088322
5093211
5092803
5088326
5093067
5095366
5090500
5100000
5100000
5097412
5096895
5100000
5100000
5100000
5100000
5099989
5100000
5100000
5100000
5100000
5100000
5100020
5100000
5099989
5097826
5097790
5097861
5099989
5099288
5097524
5100000
5099286
5098533
5100010
5100000
5100010
5099989
5099989
5100010
5100000
5100000
5100000
5100000
5100000
5100010
5099979
5100010
5100010
5099989
5100000
5100000
5100000
5099989
5100000
5100010
5099989
5100010
5100000
5100010
5099989
5100000
5100000
5100000
5100000
5100000
5099989
5100010
5100000
5099989
5100010
5100000
5100000
5100010
5099989
5099989
5100000
5100010
5100010
5100000
5100000
5099989
5100000
5100010
5099989
5100000
5100010
5099989
5100000
5100000
5100010
5099989
5100000
5100010
5099989
5100010
5100000
5099989
5099989
5100000
5100010
5100010
5099989
5100010
5099016
5099989
5099759
5100010
5097682
5097689
5097707
5095377
5095390
5097677
5098577
5095676
5095371
5095369
5096085
5097680
5095373
5090720
5095517
5100010
5095959
5099499
5098191
5097709
5093783
5097692
5096210
5097687
5099711
5096149
5096001
5096996
5093009
5095053
5096516
5099989
5095006
5094407
5100000
5100010
5099989
5100010
5093015
5088275
5092921
5096207
5099989
5100000
5095592
5089771
5098072
5100010
5097413
5097806
5091878
5097839
5094995
5089422
5091797
5091574
5088017
5092450
5084409
5094894
5093541
5091789
5090394
5085664
5088024
5090780
5095279
5095375
5089228
5088055
5087779
5085931
5090774
5091294
5089513
5085664
5090360
5088040
5083323
5088019
5085650
5083353
5083323
5092446
5083734
5090207
5088990
5087074
5083332
5085670
5088027
5088004
5083323
5099463
5089890
5087857
5083332
5083343
5083323
5083353
5091753
5100000
5100000
5100000
5100000
5100000
5100000
5100010
5099989
5100000
5100000
5100000
5100000
5099989
5100010
5100000
5099989
5099989
5100020
5099979
5100020
5100000
5099989
5100000
5100020
5099989
5100000
5099989
5100010
5099989
5100010
5099979
5100010
5100020
5100000
5099989
5099989
5100010
5100000
5099989
5100000
5100010
5100000
5100010
5099989
5099989
5100010
5100000
5100000
5100010
5099989
5100000
5100000
5099989
5100010
5100000
5100000
5100010
5100000
5099989
5099989
5100020
5100000
5099989
5100000
5100010
5100000
5099989
5100000
5100000
5100010
5099989
5100000
5099989
5100020
5100000
5099979
5100010
5099979
5100020
5099989
5100010
5100000
5100000
5100000
5100000
5100000
5100000
5100000
5099989
5100010
5100010
5099989
5100000
5100000
5100000
5100000
5099989
5100010
5100000
5100010
5099989
5099989
5100010
5099989
5099989
5100020
5100000
5100000
5100000
5100000
5100000
5099989
5100000
5100010
5099989
5100010
5100000
5100000
5100000
5100000
5100000
5100000
5099989
5100020
5099989
5100000
5100000
5100010
5099989
5099989
5100010
5100010
5099989
5099989
5100010
5100010
5100000
5099989
5100000
5100000
5099989
5099989
5100030
5099989
5100010
5100000
5099989
5099989
5100010
5100010
5099989
5100000
5099989
5100020
5100000
5099989
5099989
5100010
5100000
5099989
5100000
5100010
5100000
5100000
5100000
5100000
5100000
5100000
5099989
5100020
5100000
5100000
5099989
5100000
5100000
5100000
5100000
5100000
5100000
5100000
5100000
5100000
5100000
5100000
5100000
5100000
5100000
5100000
5099989
5100010
5100010
5099989
5100000
5100000
5100010
5099989
5100010
5100000
5099979
5100010
5100000
5099989
5100000
5100020
5100000
5099989
5100000
5100000
5100000
5099989
5100010
5100000
5100000
5100000
5099989
5100020
5099989
5100000
5100000
5099989
5100020
5099979
5100020
5099989
5100000
5100000
5100000
5100000
5100000
5099989
5100010
5100010
5099989
5100010
5099989
5100000
5100010
5099989
5100010
5100000
5099989
5100000
5099989
5100020
5100000
5099989
5100000
5100000
5099989
5100010
5100000
5100000
5100000
5100000
5099989
5100000
5100000
5100010
5100000
5100010
5099989
5100000
5100000
5099979
5100030
5099989
5100000
5100000
5100010
5100000
5100000
5099979
5100000
5100000
5100010
5100000
5099989
5100010
5100000
5100000
5100000
5100000
5100000
5099989
5100010
5099989
5100010
5099989
5100010
5100000
5100000
5100000
5100010
5100000
5100000
5100000
5100000
5099989
5100000
5100000
5100000
5099989
5100010
5100000
5100000
5100000
5100000
5100000
5100000
5099989
5100010
5100000
5099989
5100020
5100000
5099989
5099989
5100010
5100000
5100000
5100010
5100000
5100000
5099989
5100000
5100000
5100000
5100000
5100010
5099979
5100010
5100010
5100000
5100000
5099989
5100000
5100000
5100000
5100010
5099989
5100000
5100000
5100010
5099989
5100000
5100000
5099989
5100010
5097916
5099467
5100000
5100000
5100000
5100000
5100000
5100000
5100000
5100010
5099836
5099669
5099389
5099838
5097193
5100000
5099365
5100000
5100000
5100000
5100000
5100000
5100010
5099989
5099989
5100020
5100000
5100000
5099989
5099989
5100020
5100000
5100000
5100000
5099989
5100010
5099989
5099989
5100010
5100010
5099989
5099116
5098893
5100000
5100000
5099443
5099602
5099296
5100000
5100000
5100000
5100000
5100000
5099989
5099404
5100000
5099280
5100000
5100000
5099303
5099989
5097699
5100010
5099979
5100020
5099268
5098239
5099989
5100010
5098731
5099114
5096199
5099425
5098636
5098173
5100000
5100000
5098596
5099989
5096987
5098578
5099685
5100000
5100000
5099180
5097274
5098992
5097964
5100010
5099989
5100000
5100000
5100000
5100000
5099171
5096196
5100010
5099979
5100000
5100010
5099752
5100000
5097938
5098658
5100010
5100000
5099989
5100000
5100000
5099197
5100010
5100000
5099311
5099489
5100000
5100000
5098970
5098675
5099207
5098511
5099387
5097216
5097265
5099617
5099062
5098818
5099161
5100000
5100000
5100000
5099989
5097831
5100000
5100000
5100000
5100000
5099681
5100000
5100010
5099989
5100000
5099594
5099800
5100010
5099989
5099640
5100000
5100000
5099989
5100010
5099989
5099302
5100000
5100010
5100000
5100000
5099989
5100010
5100000
5100000
5099989
5100010
5098557
5100010
5099462
5100000
5100000
5099588
5100000
5100000
5100000
5100000
5099989
5100010
5100010
5099989
5100000
5100000
5100010
5100000
5099989
5100010
5099989
5100000
5099989
5100010
5100000
5099451
5099989
5100000
5100010
5100000
5100010
5099989
5100000
5100000
5100010
5099989
5100000
5100000
5099979
5100030
5099989
5100000
5100000
5100000
5100000
5100000
5099989
5100010
5100000
5100000
5100000
5099989
5100010
5100000
5100010
5099989
5100000
5100010
5100000
5099989
5100000
5100000
5100000
5099989
5100020
5099989
5100000
5100000
5100000
5100000
5099989
5100010
5099989
5100020
5099989
5099989
5100010
5100000
5100010
5099989
5100000
5099989
5100010
5100000
5100000
5099989
5100020
5099989
5099989
5100010
5100000
5100000
5100000
5100000
5100000
5100010
5100000
5099979
5100000
5100000
5100000
5100010
5100000
5100000
5099989
5100010
5100010
5099979
5100010
5099989
5100020
5099989
5100000
5100000
5100000
5100000
5100000
5100000
5099989
5100010
5100000
5100000
5100000
5100000
5100000
5100000
5100010
5100000
5099989
5100010
5100000
5099989
5100000
5100010
5100000
5099989
5100000
5100000
5100000
5100000
5100000
5100000
5100000
5100010
5099989
5100010
5099989
5100000
5100010
5100000
5099989
5100000
5100000
5100000
5100000
5100000
5100000
5100000
5100000
5100000
5100000
5100000
5099989
5100010
5100000
5100000
5100000
5100000
5100000
5100000
5100000
5100000
5100000
5100010
5099989
5100000
5063720
5100000
5100000
5100000
5100000
5100000
5100000
5100010
5099989
5100000
5100010
5099989
5100000
5100010
5099989
5100010
5100000
5099989
5100000
5100000
5099989
5100010
5100000
5100000
5100010
5099992
5100000
5100000
5100000
5100000
5100000
5100000
5100000
5100000
5100000
5100000
5100000
5100000
5100000
5100000
5100000
5100000
5100000
5100000
5100000
5100000
5100010
5099989
5100000
5100000
5100000
5100000
5100000
5100000
5100000
5100010
5099989
5100000
5100000
5100000
5100000
5100000
5100000
5099989
5100020
5100000
5099989
5100000
5100000
5100000
5100000
5100010
5099989
5100000
5100000
5100000
5099989
5100010
5100010
5099989
5100010
5099989
5100000
5100010
5100000
5099989
5100000
5100010
5099989
5100000
5100000
5100000
5100000
5100000
5100000
5100000
5100000
5100000
5100010
5099989
5100000
5100000
5100000
5100000
5100010
5099989
5100000
5100000
5100000
5100000
5100000
5100010
5099989
5100000
5100000
5100000
5100010
5099989
5100000
5100010
5100000
5099989
5100000
5100000
5100010
5099989
5100000
5100000
5100010
5099989
5100000
5100000
5100000
5099979
5100000
5100020
5100000
5100000
5100000
5071663
5100000
5100000
5100000
5099989
5100010
5100000
5100000
5100010
5099989
5100000
5100000
5100000
5100010
5099989
5100000
5100010
5099989
5100000
5100000
5100000
5100000
5100010
5099989
5100000
5100000
5100000
5100010
5099989
5100000
5100000
5100000
5100000
5100000
5100000
5100000
5100000
5100000
5100000
5100000
5100000
5100010
5099989
5100010
5100000
5099989
5100010
5099989
5100000
5100000
5100000
5099989
5100010
5100000
5100000
5100000
5100000
5100000
5100000
5100000
5100000
5100000
5100000
5100000
5100010
5099979
5100000
5100010
5100000
5100010
5100000
5099989
5100010
5099989
5099989
5100010
5100000
5100000
5100000
5100000
5100000
5100000
5100000
5100000
5100000
5100010
5099989
5100010
5100000
5099989
5100000
5100000
5100010
5099989
5100010
5100000
5099989
5100000
5100000
5100000
5100000
5100000
5099989
5100020
5099989
5100000
5099989
5100020
5099979
5100010
5100000
5099989
5100010
5100000
5100000
5100000
5100000
5100000
5100000
5100000
5100000
5100000
5100000
5100000
5100000
5100000
5100000
5100000
5100000
5100010
5099989
5100000
5100000
5100000
5100000
5099989
5100010
5100000
5100010
5100000
5099989
5100010
5099989
5100000
5100000
5100000
5100010
5099989
5100000
5100010
5099989
5100000
5100010
5100000
5099989
5100010
5099989
5100000
5100000
5100000
5100000
5099979
5100020
5100000
5100010
5099989
5100000
5100000
5100000
5100000
5100000
5100000
5100000
5100000
5100000
5100000
5100010
5099989
5100000
5100000
5100000
5100000
5100010
5099989
5100000
5100000
5100000
5100010
5099989
5099989
5100010
5100000
5100000
5100000
5100000
5100000
5100000
5100010
5099989
5100000
5100010
5099989
5100000
5100000
5100000
5100000
5100010
5099989
5100010
5099989
5100000
5100000
5100000
5100000
5100000
5100000
5100000
5100000
5100000
5100000
5100010
5099989
5100000
5100000
5100010
5099979
5100010
5100000
5100000
5100000
5100000
5100010
5099989
5100000
5099989
5100010
5100000
5100000
5100000
5100000
5100010
5100000
5099989
5100000
5100010
5099989
5100010
5099989
5100000
5100010
5099989
5100000
5100000
5100000
5100010
5099989
5099989
5100010
5100000
5100000
5100000
5100000
5100000
5100000
5100000
5100000
5100000
5100000
5100000
5100000
5100000
5100000
5100000
5100000
5100000
5100000
5100000
5100000
5100000
5100000
5100000
5100000
5100000
5100000
5100000
5100000
5100000
5100000
5100010
5099989
5100000
5100000
5100000
5100000
5100000
5100000
5100000
5100000
5100000
5100000
5100000
5100000
5100000
5100000
5100000
5099989
5100020
5099989
5100010
5100000
5100000
5099989
5100010
5099989
5100000
5100000
5100000
5100000
5100000
5100000
5100000
5100000
5100010
5099989
5100010
5099989
5100000
5100000
5100000
5100010
5099989
5100000
5100000
5100000
5100000
5100000
5100010
5099979
5100010
5100000
5100000
5100000
5099979
5100020
5100010
5099989
5100000
5100000
5100000
5100010
5099989
5100000
5100000
5100000
5099979
5100030
5099989
5100000
5100000
5100000
5100000
5100000
5099989
5100010
5100000
5100000
5100000
5100000
5100000
5100000
5100000
5099989
5100020
5099989
5100000
5100000
5100000
5100000
5100000
5100000
5100000
5100010
5099989
5100010
5099989
5100000
5100000
5100000
5100000
5100010
5099989
5100000
5100000
5100000
5099989
5100020
5099989
5100000
5100000
5100010
5099989
5100010
5100000
5099989
5100000
5100010
5099989
5100000
5100000
5100000
5100000
5100000
5100000
5100000
5100000
5100010
5099989
5100000
5100010
5099989
5100010
5099989
5100010
5099989
5100000
5100000
5100000
5100000
5100000
5100000
5100000
5099979
5100030
5099989
5100000
5100000
5100000
5100000
5100000
5100000
5100010
5100000
5100000
5099989
5100010
5099989
5100000
5100010
5099989
5100000
5100000
5100000
5100000
5100000
5100000
5100000
5100000
5100000
5100000
5100000
5100010
5099979
5100010
5100000
5100010
5099989
5100000
5100010
5099989
5100010
5100000
5099989
5100000
5100000
5100000
5100000
5100000
5100000
5100000
5100000
5100000
5100000
5100000
5100010
5099989
5100000
5100000
5099989
5100020
5100000
5099989
5100000
5100000
5100010
5099989
5100000
5100000
5100000
5100010
5099989
5100000
5100000
5100010
5099989
5100000
5100000
5100000
5099989
5100020
5099989
5100010
5099989
5100000
5100000
5100010
5099989
5100000
5100000
5100000
5100000
5100000
5100000
5100000
5100010
5099989
5100000
5100000
5100000
5100000
5100000
5100000
5100000
5100000
5100000
5100000
5100000
5099989
5100010
5100000
5100000
5100000
5100010
5099989
5100000
5100000
5100000
5100000
5100000
5100000
5100000
5100000
5100000
5100000
5100010
5099989
5100000
5100010
5099989
5100000
5100000
5100010
5099989
5100000
5100010
5100000
5099989
5100000
5100000
5100000
5100000
5100000
5100000
5100000
5100000
5100000
5100000
5100010
5099989
5100000
5100000
5100000
5100000
5100000
5100000
5100000
5100000
5100000
5100000
5100000
5100000
5100000
5100000
5100000
5100000
5100000
5100010
5099989
5100010
5099989
5100000
5100000
5100000
5100010
5099989
5100000
5100000
5100000
5099989
5100010
5100000
5100000
5100000
5100000
5100000
5100000
5100000
5100000
5100000
5100000
5100000
5100010
5099989
5100000
5100000
5100000
5100010
5100000
5099989
5100000
5100010
5099989
5100000
5100000
5100010
5099989
5100000
5100010
5099989
5100000
5100000
5100000
5100000
5100010
5099989
5100000
5100000
5099989
5100010
5100000
5100010
5099989
5100010
5099989
5100010
5099989
5100000
5100000
5100000
5100010
5082967
5099989
5100010
5100000
5100010
5099989
5100000
5100000
5100010
5099989
5100010
5099979
5100010
5100000
5100000
5099989
5100010
5100000
5100000
5100000
5100010
5099989
5100000
5100000
5100000
5100000
5100010
5099989
5100000
5100000
5100000
5100000
5100000
5100010
5099989
5100000
5100010
5100000
5099989
5100000
5100000
5100000
5100000
5100000
5100000
5100000
5100000
5100000
5100000
5100000
5100000
5100010
5099989
5100000
5100010
5099989
5100000
5100000
5100000
5100000
5100010
5099989
5100010
5099989
5100000
5100000
5100000
5100000
5100000
5100000
5100010
5099989
5100000
5100000
5100000
5100010
5100000
5099989
5100000
5100010
5099989
5100000
5100000
5100000
5100000
5100000
5100000
5100000
5100000
5100000
5099989
5100010
5100000
5100010
5100000
5099989
5100000
5100000
5100000
5100000
5100000
5100000
5100000
5100000
5100010
5099989
5100000
5100000
5100000
5100000
5100000
5100000
5100000
5100000
5100010
5099989
5100000
5100000
5100010
5099989
5100010
5099989
5100000
5100000
5100000
5100000
5100000
5100010
5099989
5100000
5100000
5100010
5099989
5100010
5100000
5099989
5100000
5100010
5099989
5100000
5100000
5100010
5099989
5100000
5100000
5100000
5100000
5100010
5100000
5099989
5100000
5100010
5099989
5100000
5100000
5100000
5100000
5100000
5100000
5100000
5100000
5100000
5100010
5099989
5100000
5100000
5100000
5100010
5099989
5100000
5100000
5100000
5100000
5100000
5100000
5100000
5100010
5100000
5099989
5100000
5100000
5100000
5100010
5099989
5100000
5100000
5100000
5100000
5100010
5099989
5100000
5100010
5099989
5100000
5100000
5100000
5100000
5100000
5100010
5099989
5100000
5100010
5099989
5100000
5100010
5099989
5100000
5100000
5100010
5099989
5100000
5100000
5100000
5100000
5100000
5100000
5100000
5100010
5099989
5100000
5100000
5100000
5100000
5100000
5100000
5100000
5100010
5100000
5099989
5100000
5100000
5100000
5100000
5100010
5099989
5100000
5100000
5100010
5099989
5100000
5100000
5100000
5100000
5100000
5100010
5099989
5100000
5100010
5099989
5100000
5100000
5100000
5100000
5100000
5099989
5100020
5099979
5100000
5100010
5100000
5100000
5100010
5100000
5099989
5100000
5100000
5100000
5100000
5100000
5100000
5100000
5100000
5099989
5100010
5100000
5100000
5100000
5100000
5100000
5100000
5100000
5100000
5100010
5099989
5100000
5100000
5100000
5099989
5099989
5100020
5100000
5100000
5100000
5100000
5100000
5100000
5100000
5100000
5100000
5100000
5100000
5100000
5100000
5100000
5100000
5100000
5100000
5100000
5100000
5100000
5100000
5100000
5099979
5100020
5100000
5100000
5100000
5100000
5100000
5100000
5100000
5100000
5100000
5100010
5100000
5099989
5100000
5100000
5100000
5100000
5100000
5100010
5099989
5100010
5099989
5100010
5099989
5100000
5100010
5099989
5100000
5100000
5100010
5100000
5099989
5100000
5100000
5100000
5100000
5100010
5099989
5100000
5100010
5099989
5100000
5100000
5100000
5100000
5100000
5100000
5100000
5100000
5100000
5100000
5100000
5100010
5099989
5100000
5100010
5100000
5100000
5099989
5100000
5100000
5100000
5100000
5100000
5100000
5100000
5100000
5100010
5098691
5099544
5099989
5100000
5100000
5100000
5100000
5099989
5100010
5100000
5098971
5099989
5100000
5100000
5100000
5100000
5100000
5100000
5099346
5100000
5100000
5100000
5100000
5100000
5100010
5099989
5098949
5100010
5099989
5100000
5100000
5099989
5100010
5100000
5100010
5096450
5100000
5097667
5100000
5100000
5100010
5099989
5099143
5100010
5099989
5098877
5097620
5100010
5099097
5100000
5100000
5100000
5100000
5100010
5100000
5099989
5100010
5099989
5098486
5099833
5100000
5098477
5100000
5100000
5099632
5099398
5099655
5099989
5100010
5099989
5099696
5098452
5100000
5100000
5100000
5100000
5100000
5100000
5099776
5100000
5100000
5097669
5098350
5099806
5097877
5100000
5100000
5099504
5100000
5100010
5100000
5100000
5100000
5099543
5099528
5100010
5097404
5100000
5100000
5099779
5099056
5099598
5099989
5100000
5098711
5100000
5100000
5100000
5098176
5100000
5098344
5100010
5099989
5100000
5098418
5099989
5098397
5098845
5099989
5100010
5100010
5097697
5093733
5097710
5099989
5097383
5099989
5100000
5100000
5100000
5100000
5098174
5097520
5099603
5099358
5097738
5100010
5098460
5099989
5100010
5098348
5100010
5099451
5098972
5099782
5100000
5100000
5096320
5095841
5099989
5098852
5098860
5097592
5097702
5097546
5097098
5100010
5097854
5097688
5097471
5096167
5098997
5099170
5100000
5098094
5094910
5096105
5096708
5096948
5100000
5097693
5098334
5098038
5096745
5099288
5098437
5098886
5099172
5098150
5099258
5097689
5099767
5097958
5096798
5100000
5099412
5099440
5099989
5098025
5099505
5098842
5099668
5099686
5100000
5098322
5099979
5100010
5099262
5100000
5099238
5099989
5099287
5099284
5100000
5098484
5100000
5098861
5099282
5100000
5100010
5099989
5100010
5099226
5100010
5099514
5099862
5100010
5099989
5098796
5098968
5099311
5099989
5098369
5098082
5096997
5100000
5099021
5100000
5098625
5099253
5100000
5097953
5099001
5100010
5100000
5098137
5098426
5098087
5099930
5099873
5098876
5099461
5099260
5097910
5097725
5098451
5099868
5100000
5097120
5097592
5100000
5098135
5096661
5099310
5098565
5096089
5096399
5098883
5100000
5098808
5095478
5098990
5099350
5098468
5099513
5095756
5097216
5095802
5097490
5096460
5099231
5099287
5100000
5100000
5097178
5099511
5100000
5100000
5099368
5099915
5099193
5100010
5099989
5100000
5097213
5097664
5097526
5099640
5098568
5098846
5097357
5097254
5098458
5099235
5099290
5098621
5100000
5100000
5097840
5099989
5099286
5099754
5098560
5097953
5098271
5099989
5099989
5100010
5099177
5099693
5098486
5098044
5099715
5099128
5099278
5100010
5100010
5099989
5100010
5099989
5099586
5100000
5100010
5098172
5097492
5099291
5098655
5099989
5100020
5099395
5099179
5100010
5099989
5100010
5097963
5099290
5100010
5099989
5100000
5100000
5099240
5099446
5100000
5100000
5100000
5100010
5099989
5100000
5100000
5100000
5100000
5100000
5100010
5099989
5099289
5099812
5097315
5100000
5099294
5100000
5100000
5100000
5100010
5099989
5100000
5100010
5098514
5100000
5098545
5100020
5100000
5100000
5100000
5100000
5099979
5100030
5099989
5100010
5099989
5100000
5100000
5100000
5100000
5100010
5099989
5100000
5100010
5100000
5099989
5100000
5100000
5100000
5100000
5100010
5099989
5100010
5099989
5100000
5100000
5100000
5100000
5100010
5099989
5100000
5100000
5074834
5100000
5100000
5100000
5100000
5100000
5100000
5100000
5100000
5100000
5099989
5100010
5100000
5100000
5100000
5100000
5100000
5100000
5100000
5100000
5100000
5100000
5100000
5100000
5100000
5100000
5100000
5100000
5100000
5100000
5100000
5100010
5099989
5099989
5100010
5100000
5100010
5099989
5100000
5100000
5099989
5100020
5099989
5100000
5100000
5100000
5100000
5100000
5100000
5100000
5100000
5100000
5100000
5100000
5100000
5100000
5100010
5100000
5099989
5100000
5100000
5100010
5099989
5099989
5100010
5100000
5100000
5100000
5100000
5100000
5100000
5100000
5100000
5100000
5100010
5099979
5100000
5100010
5100000
5100000
5100000
5100000
5100000
5100000
5100010
5099989
5100000
5100000
5100000
5100000
5100000
5100000
5100000
5100000
5100000
5100010
5099989
5100000
5100000
5100000
5100000
5100010
5099989
5100000
5100000
5100000
5100000
5100000
5100000
5100010
5099989
5100000
5100000
5100010
5099989
5100000
5100000
5100010
5100000
5099989
5100000
5100000
5100010
5100000
5099989
5100000
5100000
5100010
5099989
5100000
5100000
5100000
5100000
5100000
5099989
5100010
5100000
5100000
5100000
5100000
5100000
5100000
5100000
5100000
5100000
5100000
5100000
5100000
5100010
5099989
5100000
5100000
5100010
5099989
5100000
5100000
5100000
5100010
5100000
5099989
5100000
5100000
5100010
5099989
5100010
5099989
5100000
5099989
5100010
5100000
5100010
5100000
5099989
5100000
5100000
5100010
5100000
5099989
5100000
5100000
5100000
5100000
5100000
5100010
5099989
5100000
5100000
5100000
5100000
5100000
5100000
5100000
5100000
5100000
5100000
5100000
5100000
5100000
5100000
5100000
5100000
5100000
5100000
5100000
5100000
5099989
5100010
5100010
5099989
5100000
5100000
5100010
5099989
5100000
5100000
5100000
5100000
5100000
5100000
5100000
5100000
5100010
5099989
5100000
5100000
5100000
5100000
5100000
5100010
5099989
5100000
5100000
5100000
5100010
5099969
5100020
5100000
5100000
5100010
5099989
5100000
5100000
5100000
5100000
5099989
5100010
5100000
5100000
5100000
5100000
5100000
5100010
5099989
5100000
5100000
5100000
5100000
5100000
5100000
5100000
5100010
5099969
5100020
5100000
5100000
5100000
5100000
5100000
5100000
5100000
5100010
5099989
5100000
5100000
5100000
5100000
5100010
5099989
5100000
5100000
5100000
5100000
5100000
5100000
5100000
5100000
5100000
5100000
5100000
5100000
5100000
5100000
5100000
5100000
5100010
5099989
5099989
5100020
5099989
5100000
5100000
5100000
5100010
5099989
5100000
5100000
5100000
5100010
5099989
5100000
5100000
5100000
5100000
5100000
5100000
5100000
5100000
5100000
5100000
5100000
5100000
5100000
5100000
5099989
5100010
5100000
5100000
5100000
5100000
5100000
5099989
5100010
5100000
5100000
5100000
5100000
5100000
5099989
5100010
5100000
5100000
5100000
5099989
5100010
5100010
5099989
5100000
5100000
5100000
5100000
5100010
5099989
5100000
5100000
5100000
5100000
5100000
5100000
5100000
5100000
5100000
5100000
5100010
5099979
5100010
5100000
5100000
5100000
5100000
5100000
5100000
5100000
5100010
5099989
5100000
5100000
5100000
5100000
5100000
5100000
5100010
5099989
5100000
5100000
5100000
5100000
5100000
5100000
5100010
5099989
5100000
5100000
5100000
5100000
5100000
5100010
5099878
5100111
5100000
5100000
5100000
5100000
5100000
5100000
5100000
5100000
5099989
5100010
5100000
5100000
5100000
5100000
5100000
5100010
5099989
5100000
5100000
5100000
5100000
5100000
5100000
5100000
5100000
5100000
5100010
5099989
5100000
5100000
5100010
5099989
5100010
5099989
5099868
5100131
5099989
5100010
5100000
5100000
5100000
5100000
5100010
5099989
5100000
5099989
5100010
5100000
5100000
5100000
5100000
5100000
5100000
5100000
5099989
5100010
5100000
5100000
5100000
5100000
5100010
5099979
5100010
5100000
5100000
5100010
5099989
5100010
5099989
5100000
5100000
5100010
5100000
5099989
5100000
5100010
5100000
5099989
5100000
5100000
5100010
5099989
5100000
5100000
5100000
5099979
5100020
5100000
5100000
5100010
5099989
5100000
5100000
5100000
5100000
5100000
5100000
5100000
5100000
5100010
5100000
5100000
5099989
5100000
5100000
5100000
5100000
5100000
5100000
5100000
5100000
5100010
5099989
5100000
5100000
5100010
5099979
5100010
5100000
5100000
5100000
5100000
5100000
5100000
5100010
5099989
5100000
5100000
5100000
5100000
5100000
5100000
5100000
5100000
5100010
5100000
5100000
5099989
5100000
5100000
5100010
5100000
5100000
5100000
5099989
5100000
5100000
5100000
5100000
5100000
5100000
5100010
5099989
5100010
5099989
5100010
5099989
5100000
5100000
5100000
5100000
5100000
5100000
5100000
5100010
5099989
5100000
5100010
5099989
5100000
5100000
5100010
5099989
5100000
5100000
5100010
5099989
5100010
5099989
5100000
5100000
5100000
5100010
5099989
5100010
5100000
5099989
5099989
5100010
5100000
5100000
5100000
5100000
5100010
5100000
5099989
5100000
5100010
5100000
5099989
5100000
5100000
5100010
5099989
5100000
5100000
5100000
5100000
5100000
5100000
5100000
5100010
5099989
5100000
5100000
5100010
5099989
5100010
5100000
5099989
5099989
5100010
5100000
5100000
5100000
5100000
5100000
5100000
5100000
5100000
5100000
5100010
5099989
5100000
5100000
5100000
5100000
5100000
5100000
5100000
5100000
5100000
5100000
5100000
5100000
5100000
5100000
5100010
5100000
5099989
5100000
5100000
5100000
5100000
5100000
5100000
5100000
5100000
5100010
5099989
5100000
5100010
5100000
5099989
5100010
5100000
5099989
5100010
5099989
5100010
5099989
5100000
5099989
5100010
5100010
5099989
5100000
5100000
5100000
5100010
5099989
5100000
5100000
5100000
5100000
5100000
5100000
5100000
5100000
5100010
5099989
5100000
5100000
5100000
5100000
5100000
5100000
5100000
5099989
5100000
5100020
5100000
5099989
5100000
5100010
5099989
5100010
5099989
5100000
5100000
5100000
5100000
5100000
5100010
5099989
5099989
5100010
5100000
5100010
5099989
5100000
5100000
5100000
5100000
5100000
5100000
5100000
5100000
5100010
5099989
5100010
5099989
5100000
5100000
5100000
5100000
5100010
5100000
5100000
5099989
5100000
5100000
5100000
5100000
5100000
5099989
5100020
5099989
5100000
5100000
5100000
5100000
5100010
5099989
5100000
5100010
5099989
5100000
5100000
5100000
5100010
5099989
5100000
5099119
5100010
5100000
5099989
5100000
5100000
5100000
5100010
5099989
5100000
5100000
5100000
5099989
5100010
5100000
5100000
5100000
5100000
5100010
5099989
5100000
5100000
5100000
5100000
5100010
5099989
5100000
5100010
5099989
5099378
5100000
5100010
5099989
5100000
5097694
5100000
5100010
5099989
5100010
5099989
5100000
5100000
5100000
5100000
5100000
5100000
5100000
5100010
5099989
5100000
5099989
5100010
5100010
5100000
5099989
5100000
5100010
5098811
5097689
5099989
5100010
5100010
5098581
5098730
5100000
5100000
5100000
5100000
5100000
5100010
5099989
5100010
5099989
5100000
5100000
5100000
5100000
5100000
5099452
5100000
5100000
5100000
5100010
5099989
5100000
5100000
5100000
5100000
5100000
5100000
5100000
5100000
5100000
5099104
5100000
5100000
5100000
5100000
5100000
5100000
5100000
5099867
5100010
5099989
5100010
5099989
5100000
5100010
5100000
5099989
5100000
5100010
5099989
5100000
5100000
5100000
5100000
5100000
5100000
5100000
5100010
5100000
5100000
5099989
5100000
5100000
5099989
5100010
5100000
5100000
5100000
5100000
5100000
5100000
5100000
5100000
5100000
5100000
5100000
5100000
5100010
5099989
5099989
5100010
5100000
5100010
5100000
5100000
5100000
5099989
5100000
5100000
5100000
5100000
5100010
5099989
5100000
5100000
5100010
5100000
5099989
5100000
5100000
5100000
5100000
5100010
5100000
5099989
5100000
5100000
5100000
5100010
5099989
5100000
5100000
5100000
5100000
5100000
5100000
5100000
5100010
5099989
5100010
5099989
5100000
5099989
5100010
5100000
5100000
5100000
5100000
5100000
5100000
5100000
5100000
5100000
5100010
5099989
5100000
5100000
5100000
5100000
5100000
5100000
5100000
5099989
5099989
5100030
5099989
5099989
5100020
5099979
5100020
5099989
5099989
5100000
5100010
5100000
