0.115417480468750 4967122
0.115173339843750 5100048
0.114624023437500 5100000
0.114929199218750 5100000
0.115661621093750 5100000
0.119384765625000 5100000
0.103698730468750 5100000
0.000000000000000 5100000
0.118225097656250 5100000
0.117980957031250 5100000
0.117431640625000 5100000
0.101928710937500 5099951
0.115112304687500 5100048
0.100036621093750 5100000
0.113525390625000 5099951
0.100708007812500 5100048
0.113769531250000 5100048
0.119567871093750 5099951
0.116210937500000 5100050
0.112854003906250 5099951
0.101257324218750 5100048
0.114990234375000 5099951
0.114135742187500 5100000
0.000000000000000 5100000
0.113647460937500 5100000
0.115783691406250 5100000
0.114440917968750 5100000
0.115966796875000 5100000
0.113281250000000 5100000
0.112243652343750 5100000
0.114074707031250 5100000
0.108703613281250 5099951
0.115234375000000 5100048
0.112487792968750 5100000
0.115661621093750 5100048
0.000000000000000 5099951
0.113830566406250 5099951
0.112487792968750 5100048
0.116455078125000 5100050
0.108215332031250 5099951
0.117065429687500 5100000
0.113647460937500 5100048
0.113281250000000 5099902
0.113891601562500 5100097
0.109375000000000 5099805
0.113830566406250 5100097
0.110351562500000 5100097
0.000000000000000 5100000
0.112182617187500 5099951
0.113708496093750 5099951
0.099121093750000 5100000
0.111877441406250 5100048
0.114074707031250 5100000
0.111511230468750 5100048
0.113708496093750 5100000
0.110778808593750 5099902
0.112792968750000 5100048
0.119262695312500 5100000
0.118286132812500 5100000
0.118591308593750 5100048
0.000000000000000 5099951
0.115173339843750 5100000
0.114135742187500 5099951
0.116027832031250 5100048
0.117675781250000 5100048
0.117675781250000 5100000
0.119812011718750 5099951
0.114990234375000 5100000
0.116088867187500 5099951
0.115356445312500 5100048
0.102905273437500 5100000
0.114868164062500 5099951
0.117919921875000 5100048
0.119750976562500 5100000
0.000000000000000 5100048
0.115600585937500 5099951
0.115356445312500 5100048
0.115051269531250 5100000
0.116088867187500 5099949
0.115966796875000 5100000
0.119201660156250 5100000
0.117797851562500 5100000
0.115478515625000 5100000
0.119995117187500 5100000
0.118835449218750 5100000
0.116027832031250 5100000
0.000000000000000 5099951
0.114196777343750 5100048
0.117309570312500 5100000
0.118347167968750 5100000
0.115051269531250 5100000
0.117736816406250 5100000
0.116455078125000 5100048
0.118286132812500 5099951
0.114746093750000 5100000
0.117309570312500 5099951
0.119262695312500 5100048
0.114562988281250 5100000
0.000000000000000 5100000
0.118530273437500 5100000
0.116882324218750 5100000
0.119689941406250 5100048
0.113403320312500 5099951
0.117187500000000 5100048
0.116516113281250 5099951
0.115783691406250 5100000
0.116638183593750 5100000
0.111145019531250 5100000
0.119873046875000 5100000
0.112609863281250 5100000
0.116943359375000 5100048
0.000000000000000 5100000
0.115478515625000 5099902
0.117309570312500 5100048
0.115417480468750 5100000
0.119567871093750 5100000
0.116333007812500 5100048
0.115478515625000 5100000
0.118286132812500 5099949
0.117431640625000 5100000
0.111572265625000 5100000
0.117431640625000 5100000
0.116088867187500 5100048
0.117431640625000 5100000
0.000000000000000 5100000
0.116638183593750 5099951
0.114746093750000 5099951
0.118835449218750 5100048
0.117614746093750 5100000
0.113769531250000 5100048
0.115905761718750 5099951
0.120666503906250 5100048
0.112976074218750 5099951
0.120849609375000 5100000
0.117797851562500 5100000
0.114440917968750 5100000
0.000000000000000 5100000
0.115905761718750 5100048
0.118713378906250 5100000
0.118591308593750 5099951
0.112426757812500 5100000
0.115661621093750 5099951
0.121520996093750 5100048
0.113464355468750 5100000
0.114501953125000 5100000
0.112609863281250 5099951
0.118713378906250 5100097
0.114562988281250 5099902
0.118530273437500 5100048
0.000000000000000 5100000
0.114685058593750 5100000
0.119995117187500 5100048
0.119995117187500 5099902
0.114624023437500 5100097
0.118286132812500 5099902
0.115661621093750 5100097
0.119079589843750 5099951
0.118408203125000 5100000
0.118652343750000 5100050
0.115722656250000 5099854
0.000000000000000 5100097
0.220458984375000 5100000
0.000000000000000 5100000
0.217407226562500 5100000
0.000000000000000 5100000
0.112792968750000 5100048
0.118103027343750 5100000
0.120666503906250 5099951
0.113220214843750 5100000
0.115966796875000 5100000
0.115478515625000 5100000
0.118530273437500 5100048
0.117309570312500 5099951
0.114196777343750 5100000
0.119567871093750 5099951
0.117004394531250 5100048
0.000000000000000 5100000
0.118652343750000 5099951
0.114440917968750 5100050
0.117370605468750 5100000
0.114807128906250 5100000
0.116516113281250 5100000
0.117431640625000 5100048
0.113647460937500 5099951
0.114074707031250 5100048
0.120849609375000 5099951
0.119506835937500 5100000
0.113586425781250 5100000
0.102233886718750 5100048
0.114929199218750 5100000
0.103393554687500 5099951
0.000000000000000 5100000
0.117797851562500 5100000
0.113464355468750 5100000
0.118591308593750 5100000
0.117919921875000 5100048
0.119323730468750 5100000
0.114135742187500 5099951
0.117858886718750 5100000
0.118164062500000 5100000
0.117126464843750 5100048
0.119140625000000 5099951
0.117980957031250 5100000
0.000000000000000 5100000
0.119018554687500 5100000
0.112060546875000 5099951
0.102233886718750 5100097
0.115722656250000 5099951
0.118225097656250 5100000
0.115356445312500 5100000
0.114624023437500 5099951
0.119689941406250 5100048
0.116943359375000 5100000
0.113708496093750 5100000
0.113403320312500 5100000
0.104736328125000 5100000
0.115783691406250 5100000
0.116210937500000 5100000
0.000000000000000 5100000
0.117004394531250 5099951
0.119323730468750 5100048
0.123779296875000 5100048
0.113098144531250 5099951
0.118164062500000 5100000
0.115234375000000 5099951
0.118835449218750 5100048
0.115722656250000 5099951
0.116699218750000 5100097
0.116271972656250 5099951
0.117797851562500 5100000
0.000000000000000 5100000
0.115234375000000 5100000
0.119384765625000 5100000
0.112365722656250 5100000
0.117858886718750 5100000
0.117553710937500 5100048
0.115722656250000 5099951
0.118347167968750 5099951
0.118835449218750 5100049
0.102600097656250 5100048
0.114868164062500 5100000
0.118835449218750 5100000
0.116088867187500 5100000
0.000000000000000 5099951
0.119689941406250 5100000
0.117187500000000 5100000
0.120910644531250 5099951
0.120544433593750 5100097
0.112609863281250 5099951
0.119567871093750 5100000
0.116027832031250 5100000
0.117431640625000 5100048
0.113891601562500 5099951
0.118347167968750 5100000
0.000000000000000 5100000
0.118530273437500 5100000
0.115661621093750 5100000
0.117736816406250 5100048
0.113037109375000 5099898
0.120239257812500 5100097
0.115539550781250 5099951
0.119201660156250 5100000
0.117370605468750 5100000
0.115234375000000 5100048
0.117187500000000 5099951
0.117797851562500 5100000
0.000000000000000 5100048
0.115234375000000 5100000
0.113220214843750 5099951
0.119506835937500 5100000
0.117004394531250 5100048
0.111328125000000 5099951
0.121154785156250 5100000
0.115478515625000 5100000
0.119262695312500 5100048
0.116210937500000 5099951
0.118286132812500 5100000
0.116821289062500 5099951
0.000000000000000 5100050
0.116394042968750 5100000
0.116760253906250 5100048
0.115234375000000 5099951
0.117980957031250 5100048
0.113098144531250 5100000
0.118530273437500 5099951
0.119873046875000 5100000
0.115966796875000 5100048
0.112670898437500 5099951
0.115173339843750 5100048
0.118164062500000 5099902
0.114440917968750 5100048
0.102478027343750 5100048
0.000000000000000 5099951
0.118408203125000 5100000
0.117004394531250 5100000
0.119506835937500 5100048
0.117248535156250 5100000
0.114379882812500 5099951
0.112548828125000 5100000
0.116333007812500 5100000
0.117675781250000 5099951
0.114929199218750 5100097
0.116149902343750 5099951
0.115051269531250 5100000
0.121215820312500 5100000
0.000000000000000 5100048
0.116638183593750 5100000
0.117858886718750 5099951
0.121032714843750 5100000
0.114807128906250 5100048
0.115173339843750 5100000
0.118103027343750 5100000
0.117431640625000 5100000
0.113525390625000 5100000
0.105285644531250 5099951
0.