0.039978027343750
0.151123046875000
0.379028320312500
0.532531738281250
0.459045410156250
0.568420410156250
0.453186035156250
0.568359375000000
0.435974121093750
0.570068359375000
0.457214355468750
0.575256347656250
0.458435058593750
0.572814941406250
0.438476562500000
0.572021484375000
0.464538574218750
0.569946289062500
0.459045410156250
0.568908691406250
0.462707519531250
0.552429199218750
0.574645996093750
0.460998535156250
0.467529296875000
0.573852539062500
0.454711914062500
0.573913574218750
0.562744140625000
0.455505371093750
0.571228027343750
0.461730957031250
0.568359375000000
0.461730957031250
0.571899414062500
0.458190917968750
0.573425292968750
0.459106445312500
0.572875976562500
0.452941894531250
0.574768066406250
0.458923339843750
0.575256347656250
0.469238281250000
0.463684082031250
0.580017089843750
0.457702636718750
0.585083007812500
0.466369628906250
0.581665039062500
0.465881347656250
0.581237792968750
0.465209960937500
0.587097167968750
0.466918945312500
0.585876464843750
0.466552734375000
0.587585449218750
0.470336914062500
0.594238281250000
0.471557617187500
0.582702636718750
0.473693847656250
0.572265625000000
0.469482421875000
0.574096679687500
0.462646484375000
0.590576171875000
0.469604492187500
0.465148925781250
0.594787597656250
0.466796875000000
0.582885742187500
0.469909667968750
0.578491210937500
0.466918945312500
0.579223632812500
0.468139648437500
0.579833984375000
0.469177246093750
0.593750000000000
0.468505859375000
0.585205078125000
0.464050292968750
0.586975097656250
0.467895507812500
0.587768554687500
0.466491699218750
0.587097167968750
0.470947265625000
0.583984375000000
0.469970703125000
0.470397949218750
0.587158203125000
0.463500976562500
0.582885742187500
0.582519531250000
0.465209960937500
0.472595214843750
0.586242675781250
0.467834472656250
0.586181640625000
0.469604492187500
0.589355468750000
0.477355957031250
0.593139648437500
0.470214843750000
0.592651367187500
0.477050781250000
0.590698242187500
0.471374511718750
0.590087890625000
0.474792480468750
0.591979980468750
0.478454589843750
0.587158203125000
0.477111816406250
0.474670410156250
0.596374511718750
0.474243164062500
0.593872070312500
0.472351074218750
0.588928222656250
0.474487304687500
0.596862792968750
0.473388671875000
0.598266601562500
0.468383789062500
0.599487304687500
0.475830078125000
0.591796875000000
0.472045898437500
0.586608886718750
0.472534179687500
0.575134277343750
0.590393066406250
0.468505859375000
0.488403320312500
0.589416503906250
0.574584960937500
0.478027343750000
0.591796875000000
0.469909667968750
0.594970703125000
0.476562500000000
0.472839355468750
0.598205566406250
0.474731445312500
0.595275878906250
0.474731445312500
0.597473144531250
0.477722167968750
0.606262207031250
0.495178222656250
0.573181152343750
0.477844238281250
0.595764160156250
0.474914550781250
0.592651367187500
0.479553222656250
0.473632812500000
0.602600097656250
0.479309082031250
0.597167968750000
0.471008300781250
0.596557617187500
0.473571777343750
0.591857910156250
0.475463867187500
0.597534179687500
0.479003906250000
0.587463378906250
0.479064941406250
0.588806152343750
0.475036621093750
0.589477539062500
0.473632812500000
0.593322753906250
0.474426269531250
0.598754882812500
0.471069335937500
0.597412109375000
0.467773437500000
0.594116210937500
0.472656250000000
0.475830078125000
0.595275878906250
0.580322265625000
0.479309082031250
0.594177246093750
0.470092773437500
0.477416992187500
0.601806640625000
0.483337402343750
0.592712402343750
0.482055664062500
0.589233398437500
0.480834960937500
0.595397949218750
0.473205566406250
0.594116210937500
0.479309082031250
0.595825195312500
0.354187011718750
0.477111816406250
0.595092773437500
0.476806640625000
0.592834472656250
0.473144531250000
0.594299316406250
0.477111816406250
0.593750000000000
0.485168457031250
0.594482421875000
0.480468750000000
0.586791992187500
0.475708007812500
0.583557128906250
0.475158691406250
0.594360351562500
0.474243164062500
0.597961425781250
0.461059570312500
0.597045898437500
0.476562500000000
0.595642089843750
0.474426269531250
0.596923828125000
0.477539062500000
0.597045898437500
0.479248046875000
0.597534179687500
0.476501464843750
0.586791992187500
0.476501464843750
0.602416992187500
0.481628417968750
0.602600097656250
0.478759765625000
0.602478027343750
0.480590820312500
0.608459472656250
0.475402832031250
0.600036621093750
0.482421875000000
0.603332519531250
0.474121093750000
0.598388671875000
0.481933593750000
0.595275878906250
0.483215332031250
0.601745605468750
0.478149414062500
0.594299316406250
0.480224609375000
0.598937988281250
0.475524902343750
0.599670410156250
0.474853515625000
0.598754882812500
0.477600097656250
0.604553222656250
0.478332519531250
0.599670410156250
0.476257324218750
0.598510742187500
0.477233886718750
0.603393554687500
0.478393554687500
0.599975585937500
0.478027343750000
0.596069335937500
0.479492187500000
0.601318359375000
0.477844238281250
0.598571777343750
0.477050781250000
0.604797363281250
0.477722167968750
0.600402832031250
0.483581542968750
0.601928710937500
0.483215332031250
0.603027343750000
0.467346191406250
0.603271484375000
0.487792968750000
0.603332519531250
0.477172851562500
0.604858398437500
0.487548828125000
0.601440429687500
0.485107421875000
0.600952148437500
0.483947753906250
0.605163574218750
0.480834960937500
0.599975585937500
0.481933593750000
0.599121093750000
0.484313964843750
0.598266601562500
0.481079101562500
0.485778808593750
0.601501464843750
0.477172851562500
0.604248046875000
0.588867187500000
0.478210449218750
0.606445312500000
0.479187011718750
0.600830078125000
0.477844238281250
0.603149414062500
0.476501464843750
0.599304199218750
0.477600097656250
0.606384277343750
0.479248046875000
0.598510742187500
0.487304687500000
0.484191894531250
0.594055175781250
0.488891601562500
0.606262207031250
0.480957031250000
0.600524902343750
0.479064941406250
0.601745605468750
0.480529785156250
0.606140136718750
0.488037109375000
0.605285644531250
0.485168457031250
0.606262207031250
0.507385253906250
0.477722167968750
0.591979980468750
0.487060546875000
0.602783203125000
0.484741210937500
0.608886718750000
0.481018066406250
0.608154296875000
0.479858398437500
0.610961914062500
0.489990234375000
0.605102539062500
0.484558105468750
0.605529785156250
0.469787597656250
0.613342285156250
0.464843750000000
0.594482421875000
0.473327636718750
0.597473144531250
0.483947753906250
0.611572265625000
0.491943359375000
0.623291015625000
0.468200683593750
0.594604492187500
0.481689453125000
0.615844726562500
0.482177734375000
0.604003906250000
0.485595703125000
0.603271484375000
0.488647460937500
0.605285644531250
0.488098144531250
0.607238769531250
0.490234375000000
0.487976074218750
0.611633300781250
0.498474121093750
0.606811523437500
0.486267089843750
0.606445312500000
0.487670898437500
0.609375000000000
0.481323242187500
0.608703613281250
0.481079101562500
0.598754882812500
0.484191894531250
0.610961914062500
0.485717773437500
0.610534667968750
0.492736816406250
0.605468750000000
0.488342285156250
0.614379882812500
0.492858886718750
0.600769042968750
0.490966796875000
0.610473632812500
0.593261718750000
0.485717773437500
0.611267089843750
0.492492675781250
0.613342285156250
0.488830566406250
0.607299804687500
0.498413085937500
0.488281250000000
0.619812011718750
0.495239257812500
0.599365234375000
0.485534667968750
0.620117187500000
0.491821289062500
0.615844726562500
0.489440917968750
0.610961914062500
0.487182617187500
0.620605468750000
0.493713378906250
0.619506835937500
0.492980957031250
0.608581542968750
0.486083984375000
0.612548828125000
0.486755371093750
0.611877441406250
0.487182617187500
0.614929199218750
0.495605468750000
0.603332519531250
0.474182128906250
0.611206054687500
0.493774414062500
0.614562988281250
0.489074707031250
0.613586425781250
0.495849609375000
0.614990234375000
0.489013671875000
0.493225097656250
0.616149902343750
0.608703613281250
0.486267089843750
0.612731933593750
0.488952636718750
0.608764648437500
0.492797851562500
0.609558105468750
0.487731933593750
0.606811523437500
0.487731933593750
0.611694335937500
0.492553710937500
0.607910156250000
0.487365722656250
0.614013671875000
0.487426757812500
0.610229492187500
0.489257812500000
0.612854003906250
0.485900878906250
0.602661132812500
0.490539550781250
0.613891601562500
0.489501953125000
0.497741699218750
0.618957519531250
0.484252929687500
0.608886718750000
0.493286132812500
0.611389160156250
0.484802246093750
0.606933593750000
0.606262207031250
0.488159179687500
0.613952636718750
0.488037109375000
0.608581542968750
0.484985351562500
0.607971191406250
0.486267089843750
0.612182617187500
0.486145019531250
0.606994628906250
0.488586425781250
0.607788085937500
0.490234375000000
0.605895996093750
0.492065429687500
0.620849609375000
0.494934082031250
0.620849609375000
0.489440917968750
0.490295410156250
0.612060546875000
0.496032714843750
0.609863281250000
0.602966308593750
0.486938476562500
0.608154296875000
0.488830566406250
0.609802246093750
0.483337402343750
0.617370605468750
0.482116699218750
0.614379882812500
0.493408203125000
0.609863281250000
0.492797851562500
0.610839843750000
0.479614257812500
0.614379882812500
0.496887207031250
0.490051269531250
0.613586425781250
0.487487792968750
0.618530273437500
0.494506835937500
0.615844726562500
0.488952636718750
0.619079589843750
0.489196777343750
0.601379394531250
0.489868164062500
0.617675781250000
0.490661621093750
0.608337402343750
0.490356445312500
0.609619140625000
0.487548828125000
0.608032226562500
0.493286132812500
0.610961914062500
0.495605468750000
0.609802246093750
0.486633300781250
0.582275390625000
0.495300292968750
0.614440917968750
0.502624511718750
0.592407226562500
0.493713378906250
0.619018554687500
0.486999511718750
0.617431640625000
0.491638183593750
0.608947753906250
0.487548828125000
0.613281250000000
0.498535156250000
0.612304687500000
0.466430664062500
0.616638183593750
0.490661621093750
0.598754882812500
0.487365722656250
0.610534667968750
0.493164062500000
0.600830078125000
0.594787597656250
0.495910644531250
0.614562988281250
0.491027832031250
0.490051269531250
0.596557617187500
0.621337890625000
0.489685058593750
0.607543945312500
0.494750976562500
0.492431640625000
0.616271972656250
0.494873046875000
0.610290527343750
0.495178222656250
0.609497070312500
0.491821289062500
0.608398437500000
0.488525390625000
0.617553710937500
0.492553710937500
0.617187500000000
0.491149902343750
0.614501953125000
0.489929199218750
0.614685058593750
0.493103027343750
0.599731445312500
0.493591308593750
0.620178222656250
0.487487792968750
0.616271972656250
0.492248535156250
0.492736816406250
0.613891601562500
0.499694824218750
0.611328125000000
0.499633789062500
0.606140136718750
0.495727539062500
0.602600097656250
0.491760253906250
0.611450195312500
0.488403320312500
0.616394042968750
0.489746093750000
0.612915039062500
0.488525390625000
0.615783691406250
0.488769531250000
0.617797851562500
0.491455078125000
0.615600585937500
0.493225097656250
0.497558593750000
0.607360839843750
0.499084472656250
0.610839843750000
0.495422363281250
0.600646972656250
0.493103027343750
0.608337402343750
0.495666503906250
0.610839843750000
0.493591308593750
0.611572265625000
0.496459960937500
0.618713378906250
0.492492675781250
0.615661621093750
0.476318359375000
0.614501953125000
0.488037109375000
0.617370605468750
0.493286132812500
0.609252929687500
0.486450195312500
0.616577148437500
0.490600585937500
0.603332519531250
0.489013671875000
0.615112304687500
0.470458984375000
0.618774414062500
0.484558105468750
0.626586914062500
0.483093261718750
0.620605468750000
0.492797851562500
0.602478027343750
0.488769531250000
0.611572265625000
0.492370605468750
0.612487792968750
0.493225097656250
0.607299804687500
0.494567871093750
0.613830566406250
0.491516113281250
0.493164062500000
0.619873046875000
0.491210937500000
0.615356445312500
0.487915039062500
0.614318847656250
0.495849609375000
0.597473144531250
0.491821289062500
0.616333007812500
0.494384765625000
0.610961914062500
0.488647460937500
0.616210937500000
0.495300292968750
0.618469238281250
0.495788574218750
0.605834960937500
0.494323730468750
0.612609863281250
0.495849609375000
0.618652343750000
0.484130859375000
0.614624023437500
0.488586425781250
0.615295410156250
0.494567871093750
0.618225097656250
0.496704101562500
0.501403808593750
0.612304687500000
0.494201660156250
0.614990234375000
0.489257812500000
0.620849609375000
0.498962402343750
0.620300292968750
0.497924804687500
0.617004394531250
0.496154785156250
0.619628906250000
0.490295410156250
0.614990234375000
0.496948242187500
0.622375488281250
0.494628906250000
0.498901367187500
0.623413085937500
0.495239257812500
0.621887207031250
0.488952636718750
0.626708984375000
0.495178222656250
0.617614746093750
0.500793457031250
0.619384765625000
0.494812011718750
0.610229492187500
0.499084472656250
0.600341796875000
0.491027832031250
0.611755371093750
0.492797851562500
0.613952636718750
0.492370605468750
0.620361328125000
0.493835449218750
0.619812011718750
0.615234375000000
0.496154785156250
0.612426757812500
0.502807617187500
0.610290527343750
0.500732421875000
0.506774902343750
0.622192382812500
0.479370117187500
0.604370117187500
0.599792480468750
0.498474121093750
0.614868164062500
0.493530273437500
0.615112304687500
0.501770019531250
0.630432128906250
0.499572753906250
0.625549316406250
0.492553710937500
0.622314453125000
0.481689453125000
0.633728027343750
0.475402832031250
0.626464843750000
0.493774414062500
0.619140625000000
0.493164062500000
0.620178222656250
0.498413085937500
0.622924804687500
0.495300292968750
0.618225097656250
0.495361328125000
0.623962402343750
0.497253417968750
0.609741210937500
0.492187500000000
0.621154785156250
0.498229980468750
0.618164062500000
0.498107910156250
0.617980957031250
0.498535156250000
0.619506835937500
0.483093261718750
0.618225097656250
0.496765136718750
0.622619628906250
0.503417968750000
0.614562988281250
0.502502441406250
0.623718261718750
0.492309570312500
0.618774414062500
0.497192382812500
0.622009277343750
0.493530273437500
0.619873046875000
0.495117187500000
0.627929687500000
0.497131347656250
0.631347656250000
0.504211425781250
0.499755859375000
0.610351562500000
0.614807128906250
0.497741699218750
0.618713378906250
0.500793457031250
0.621582031250000
0.498779296875000
0.621032714843750
0.496948242187500
0.498596191406250
0.629333496093750
0.499023437500000
0.625549316406250
0.495239257812500
0.623657226562500
0.492248535156250
0.622314453125000
0.492431640625000
0.624267578125000
0.501831054687500
0.621276855468750
0.496948242187500
0.616638183593750
0.499877929687500
0.619934082031250
0.497924804687500
0.605957031250000
0.495483398437500
0.608642578125000
0.492004394531250
0.619750976562500
0.497436523437500
0.630737304687500
0.497985839843750
0.625549316406250
0.503173828125000
0.627258300781250
0.500854492187500
0.619934082031250
0.498474121093750
0.621520996093750
0.501281738281250
0.620910644531250
0.506042480468750
0.503906250000000
0.626892089843750
0.497497558593750
0.627990722656250
0.497985839843750
0.615478515625000
0.480895996093750
0.623962402343750
0.494506835937500
0.622253417968750
0.502319335937500
0.497314453125000
0.494934082031250
0.619201660156250
0.503417968750000
0.625000000000000
0.503784179687500
0.622558593750000
0.505310058593750
0.612731933593750
0.499694824218750
0.626708984375000
0.499267578125000
0.505065917968750
0.616516113281250
0.497558593750000
0.605102539062500
0.623046875000000
0.498107910156250
0.603637695312500
0.497680664062500
0.620971679687500
0.493957519531250
0.634582519531250
0.502075195312500
0.500366210937500
0.627136230468750
0.502258300781250
0.620117187500000
0.503295898437500
0.619628906250000
0.506225585937500
0.624328613281250
0.498962402343750
0.619506835937500
0.499938964843750
0.627685546875000
0.499877929687500
0.607788085937500
0.498840332031250
0.624938964843750
0.499023437500000
0.623107910156250
0.494567871093750
0.609069824218750
0.496398925781250
0.625244140625000
0.497497558593750
0.628723144531250
0.496643066406250
0.503906250000000
0.608154296875000
0.628479003906250
0.496887207031250
0.506164550781250
0.614562988281250
0.505187988281250
0.625854492187500
0.503112792968750
0.629821777343750
0.492248535156250
0.608581542968750
0.502441406250000
0.628051757812500
0.507202148437500
0.623901367187500
0.496520996093750
0.624694824218750
0.502807617187500
0.500488281250000
0.623413085937500
0.505065917968750
0.620178222656250
0.505920410156250
0.631896972656250
0.502197265625000
0.620422363281250
0.500000000000000
0.627136230468750
0.495605468750000
0.627807617187500
0.497375488281250
0.498596191406250
0.621398925781250
0.496826171875000
0.619750976562500
0.502197265625000
0.630859375000000
0.600769042968750
0.496337890625000
0.611694335937500
0.499023437500000
0.628540039062500
0.493225097656250
0.623107910156250
0.496459960937500
0.503112792968750
0.624023437500000
0.496948242187500
0.625183105468750
0.489562988281250
0.629699707031250
0.481201171875000
0.621948242187500
0.500610351562500
0.624572753906250
0.493225097656250
0.625366210937500
0.499084472656250
0.625305175781250
0.498352050781250
0.626525878906250
0.496520996093750
0.628112792968750
0.497070312500000
0.625183105468750
0.498657226562500
0.633972167968750
0.496704101562500
0.504577636718750
0.618469238281250
0.500000000000000
0.624816894531250
0.495544433593750
0.625122070312500
0.499084472656250
0.627197265625000
0.501220703125000
0.630065917968750
0.492248535156250
0.615112304687500
0.496826171875000
0.624084472656250
0.496032714843750
0.625488281250000
0.496826171875000
0.625122070312500
0.486206054687500
0.623840332031250
0.502319335937500
0.627075195312500
0.494262695312500
0.630554199218750
0.499755859375000
0.498046875000000
0.622558593750000
0.619262695312500
0.500366210937500
0.498535156250000
0.627990722656250
0.497314453125000
0.621032714843750
0.504760742187500
0.623107910156250
0.494079589843750
0.631591796875000
0.498352050781250
0.626770019531250
0.498901367187500
0.629455566406250
0.496093750000000
0.630187988281250
0.496459960937500
0.620849609375000
0.502563476562500
0.624633789062500
0.503906250000000
0.502685546875000
0.626220703125000
0.497497558593750
0.627197265625000
0.502136230468750
0.625000000000000
0.500427246093750
0.625732421875000
0.501770019531250
0.632873535156250
0.484497070312500
0.630310058593750
0.498901367187500
0.628723144531250
0.499450683593750
0.629150390625000
0.501281738281250
0.638671875000000
0.505065917968750
0.626770019531250
0.505615234375000
0.500610351562500
0.631042480468750
0.501464843750000
0.629821777343750
0.506225585937500
0.635070800781250
0.499206542968750
0.634033203125000
0.502075195312500
0.630493164062500
0.500732421875000
0.636779785156250
0.510803222656250
0.503051757812500
0.618957519531250
0.504638671875000
0.635864257812500
0.503784179687500
0.627075195312500
0.509704589843750
0.634704589843750
0.505554199218750
0.631347656250000
0.498779296875000
0.632263183593750
0.504028320312500
0.631774902343750
0.509094238281250
0.632202148437500
0.502136230468750
0.626708984375000
0.497924804687500
0.635925292968750
0.509460449218750
0.625671386718750
0.505065917968750
0.505920410156250
0.635375976562500
0.498168945312500
0.632995605468750
0.499816894531250
0.631896972656250
0.610229492187500
0.504699707031250
0.627685546875000
0.503295898437500
0.505737304687500
0.633422851562500
0.504455566406250
0.630737304687500
0.507934570312500
0.632141113281250
0.501342773437500
0.635375976562500
0.504760742187500
0.633728027343750
0.506408691406250
0.631286621093750
0.505187988281250
0.633666992187500
0.506652832031250
0.634521484375000
0.507629394531250
0.503417968750000
0.630310058593750
0.500671386718750
0.638305664062500
0.505554199218750
0.635620117187500
0.499389648437500
0.630126953125000
0.504943847656250
0.631958007812500
0.500854492187500
0.639831542968750
0.508178710937500
0.633544921875000
0.506103515625000
0.632751464843750
0.499572753906250
0.507995605468750
0.631958007812500
0.500610351562500
0.628112792968750
0.500610351562500
0.627136230468750
0.502136230468750
0.630920410156250
0.623352050781250
0.508300781250000
0.504455566406250
0.638305664062500
0.499023437500000
0.634399414062500
0.500976562500000
0.633361816406250
0.501586914062500
0.623291015625000
0.611572265625000
0.511169433593750
0.627441406250000
0.501831054687500
0.631469726562500
0.506652832031250
0.510986328125000
0.624816894531250
0.513732910156250
0.627441406250000
0.506896972656250
0.632934570312500
0.508117675781250
0.634521484375000
0.490417480468750
0.633239746093750
0.496948242187500
0.633117675781250
0.501220703125000
0.630249023437500
0.506774902343750
0.632751464843750
0.507995605468750
0.638427734375000
0.507141113281250
0.622253417968750
0.509033203125000
0.627990722656250
0.503784179687500
0.630981445312500
0.505249023437500
0.631774902343750
0.503479003906250
0.630798339843750
0.488769531250000
0.632568359375000
0.516540527343750
0.632141113281250
0.506103515625000
0.622009277343750
0.509826660156250
0.629150390625000
0.495666503906250
0.632202148437500
0.508544921875000
0.510864257812500
0.630798339843750
0.512268066406250
0.626220703125000
0.499023437500000
0.628295898437500
0.618286132812500
0.517700195312500
0.501647949218750
0.629638671875000
0.499023437500000
0.629638671875000
0.612121582031250
0.504699707031250
0.628417968750000
0.506469726562500
0.629028320312500
0.502319335937500
0.611938476562500
0.502929687500000
0.633056640625000
0.488891601562500
0.635070800781250
0.491516113281250
0.635375976562500
0.504333496093750
0.635559082031250
0.508605957031250
0.637634277343750
0.508117675781250
0.633728027343750
0.505371093750000
0.616577148437500
0.515686035156250
0.613342285156250
0.513183593750000
0.628173828125000
0.508850097656250
0.618347167968750
0.517456054687500
0.634765625000000
0.503845214843750
0.633789062500000
0.503051757812500
0.512451171875000
0.626892089843750
0.507629394531250
0.613952636718750
0.632263183593750
0.513122558593750
0.508361816406250
0.641784667968750
0.510437011718750
0.759460449218750
0.629821777343750
0.514282226562500
0.510437011718750
0.630676269531250
0.501647949218750
0.635864257812500
0.510803222656250
0.621643066406250
0.616516113281250
0.515441894531250
0.504028320312500
0.645080566406250
0.509094238281250
0.629882812500000
0.516235351562500
0.633911132812500
0.498474121093750
0.619567871093750
0.512878417968750
0.628417968750000
0.512573242187500
0.638000488281250
0.490417480468750
0.637390136718750
0.512023925781250
0.631652832031250
0.503906250000000
0.633056640625000
0.492248535156250
0.634033203125000
0.513122558593750
0.616699218750000
0.506896972656250
0.640441894531250
0.508239746093750
0.633972167968750
0.525451660156250
0.621582031250000
0.507263183593750
0.623718261718750
0.502075195312500
0.624145507812500
0.502319335937500
0.530822753906250
0.623229980468750
0.509216308593750
0.640319824218750
0.503906250000000
0.641662597656250
0.516662597656250
0.511474609375000
0.648132324218750
0.608825683593750
0.498535156250000
0.515075683593750
0.642578125000000
0.509277343750000
0.633911132812500
0.503906250000000
0.634765625000000
0.515075683593750
0.636169433593750
0.493041992187500
0.641845703125000
0.507568359375000
0.634155273437500
0.511413574218750
0.506225585937500
0.629638671875000
0.505981445312500
0.636169433593750
0.621276855468750
0.508666992187500
0.513671875000000
0.641601562500000
0.508117675781250
0.634216308593750
0.515075683593750
0.621276855468750
0.512268066406250
0.644470214843750
0.515686035156250
0.618835449218750
0.512939453125000
0.604187011718750
0.508789062500000
0.627685546875000
0.506896972656250
0.632019042968750
0.509826660156250
0.630004882812500
0.505371093750000
0.627807617187500
0.510375976562500
0.633666992187500
0.511535644531250
0.530273437500000
0.623840332031250
0.613342285156250
0.484802246093750
0.634277343750000
0.498352050781250
0.640075683593750
0.507324218750000
0.633239746093750
0.506408691406250
0.640319824218750
0.513854980468750
0.504699707031250
0.620056152343750
0.514709472656250
0.616699218750000
0.635864257812500
0.508300781250000
0.630981445312500
0.506286621093750
0.507812500000000
0.638122558593750
0.509460449218750
0.640319824218750
0.508789062500000
0.633422851562500
0.484863281250000
0.640502929687500
0.485595703125000
0.638366699218750
0.622070312500000
0.505493164062500
0.628295898437500
0.502868652343750
0.632385253906250
0.505371093750000
0.630920410156250
0.509155273437500
0.619628906250000
0.510314941406250
0.639953613281250
0.514587402343750
0.515869140625000
0.633239746093750
0.513305664062500
0.641113281250000
0.505920410156250
0.632080078125000
0.511779785156250
0.631530761718750
0.509704589843750
0.641296386718750
0.494689941406250
0.634155273437500
0.515197753906250
0.514953613281250
0.635681152343750
0.516235351562500
0.623413085937500
0.509277343750000
0.630676269531250
0.514099121093750
0.632202148437500
0.512939453125000
0.640380859375000
0.503234863281250
0.639282226562500
0.512939453125000
0.513671875000000
0.639099121093750
0.512817382812500
0.619506835937500
0.511962890625000
0.624877929687500
0.492492675781250
0.635437011718750
0.508056640625000
0.636596679687500
0.510681152343750
0.631164550781250
0.508239746093750
0.632934570312500
0.509033203125000
0.640075683593750
0.512695312500000
0.636962890625000
0.507446289062500
0.514038085937500
0.636047363281250
0.507812500000000
0.630920410156250
0.512512207031250
0.618041992187500
0.513732910156250
0.630920410156250
0.509338378906250
0.631286621093750
0.510498046875000
0.634887695312500
0.504455566406250
0.635742187500000
0.517883300781250
0.637634277343750
0.511596679687500
0.513122558593750
0.638305664062500
0.614807128906250
0.509460449218750
0.635681152343750
0.506225585937500
0.620971679687500
0.507812500000000
0.639099121093750
0.513000488281250
0.511291503906250
0.640930175781250
0.512329101562500
0.640258789062500
0.507263183593750
0.646301269531250
0.504760742187500
0.622436523437500
0.509765625000000
0.634033203125000
0.505249023437500
0.511230468750000
0.640625000000000
0.512878417968750
0.632385253906250
0.494018554687500
0.639282226562500
0.506469726562500
0.640014648437500
0.510070800781250
0.640258789062500
0.511047363281250
0.638366699218750
0.509216308593750
0.513122558593750
0.628845214843750
0.512268066406250
0.630676269531250
0.507812500000000
0.638977050781250
0.510498046875000
0.645568847656250
0.503784179687500
0.643737792968750
0.507873535156250
0.622314453125000
0.509094238281250
0.520874023437500
0.638549804687500
0.512084960937500
0.639587402343750
0.489379882812500
0.634521484375000
0.509277343750000
0.618225097656250
0.511230468750000
0.631591796875000
0.507568359375000
0.508911132812500
0.503417968750000
0.638977050781250
0.508666992187500
0.634948730468750
0.506530761718750
0.640686035156250
0.491027832031250
0.640747070312500
0.509521484375000
0.638366699218750
0.514343261718750
0.630615234375000
0.507690429687500
0.638488769531250
0.504821777343750
0.509765625000000
0.638305664062500
0.504577636718750
0.637817382812500
0.510803222656250
0.636291503906250
0.504150390625000
0.640441894531250
0.507812500000000
0.624328613281250
0.506042480468750
0.636657714843750
0.508117675781250
0.635986328125000
0.508117675781250
0.632568359375000
0.519836425781250
0.505004882812500
0.639526367187500
0.501281738281250
0.659912109375000
0.493286132812500
0.596069335937500
0.600952148437500
0.512878417968750
0.623291015625000
0.508178710937500
0.640808105468750
0.501770019531250
0.634582519531250
0.506408691406250
0.637878417968750
0.504943847656250
0.627807617187500
0.512145996093750
0.639282226562500
0.517456054687500
0.592285156250000
0.504272460937500
0.632507324218750
0.499755859375000
0.643005371093750
0.504516601562500
0.642639160156250
0.508605957031250
0.626892089843750
0.503234863281250
0.644836425781250
0.506591796875000
0.514831542968750
0.630004882812500
0.507446289062500
0.636962890625000
0.507141113281250
0.640808105468750
0.512939453125000
0.628234863281250
0.506469726562500
0.636047363281250
0.508300781250000
0.632324218750000
0.507568359375000
0.632324218750000
0.508239746093750
0.635864257812500
0.505249023437500
0.641784667968750
0.508178710937500
0.510314941406250
0.639648437500000
0.507751464843750
0.633728027343750
0.508056640625000
0.627868652343750
0.514892578125000
0.624023437500000
0.502868652343750
0.633850097656250
0.610412597656250
0.511596679687500
0.511352539062500
0.643310546875000
0.490295410156250
0.634033203125000
0.507812500000000
0.635864257812500
0.506896972656250
0.641235351562500
0.511474609375000
0.640686035156250
0.511840820312500
0.636596679687500
0.515136718750000
0.507202148437500
0.629455566406250
0.513732910156250
0.637207031250000
0.504760742187500
0.638977050781250
0.509033203125000
0.636718750000000
0.508728027343750
0.643798828125000
0.507690429687500
0.642395019531250
0.512084960937500
0.638977050781250
0.510681152343750
0.515625000000000
0.644714355468750
0.506286621093750
0.635925292968750
0.505798339843750
0.631042480468750
0.512329101562500
0.643798828125000
0.508728027343750
0.646484375000000
0.496154785156250
0.631958007812500
0.504333496093750
0.653381347656250
0.506408691406250
0.634277343750000
0.521484375000000
0.640869140625000
0.511779785156250
0.633117675781250
0.514465332031250
0.628356933593750
0.505493164062500
0.642395019531250
0.512145996093750
0.637390136718750
0.514770507812500
0.626586914062500
0.517272949218750
0.641418457031250
0.516174316406250
0.640075683593750
0.514160156250000
0.635986328125000
0.514221191406250
0.514038085937500
0.642211914062500
0.509399414062500
0.638610839843750
0.515808105468750
0.636962890625000
0.505249023437500
0.631225585937500
0.508911132812500
0.647033691406250
0.511596679687500
0.629638671875000
0.626159667968750
0.516479492187500
0.513305664062500
0.645263671875000
0.518554687500000
0.639221191406250
0.515014648437500
0.639221191406250
0.518798828125000
0.630676269531250
0.499389648437500
0.630187988281250
0.503234863281250
0.642089843750000
0.631652832031250
0.523864746093750
0.512695312500000
0.642028808593750
0.514526367187500
0.641113281250000
0.519531250000000
0.644775390625000
0.517944335937500
0.631958007812500
0.521728515625000
0.626708984375000
0.522460937500000
0.638427734375000
0.514953613281250
0.639709472656250
0.516296386718750
0.647949218750000
0.516174316406250
0.521850585937500
0.639221191406250
0.516479492187500
0.646301269531250
0.624816894531250
0.519287109375000
0.515930175781250
0.653137207031250
0.515441894531250
0.642028808593750
0.516662597656250
0.639648437500000
0.512756347656250
0.639099121093750
0.524902343750000
0.645507812500000
0.515563964843750
0.640441894531250
0.507385253906250
0.641113281250000
0.515930175781250
0.638061523437500
0.525146484375000
0.521118164062500
0.638488769531250
0.514587402343750
0.649719238281250
0.518615722656250
0.646362304687500
0.497253417968750
0.640502929687500
0.508972167968750
0.636596679687500
0.626525878906250
0.504394531250000
0.640380859375000
0.512878417968750
0.519958496093750
0.644104003906250
0.510742187500000
0.649291992187500
0.494445800781250
0.643676757812500
0.517944335937500
0.646118164062500
0.499633789062500
0.651000976562500
0.622497558593750
0.509521484375000
0.643493652343750
0.496215820312500
0.641113281250000
0.519775390625000
0.518981933593750
0.640441894531250
0.642761230468750
0.516662597656250
0.525878906250000
0.649108886718750
0.512084960937500
0.640380859375000
0.511657714843750
0.644226074218750
0.513732910156250
0.645690917968750
0.511413574218750
0.655639648437500
0.511962890625000
0.645446777343750
0.508117675781250
0.513549804687500
0.651367187500000
0.509155273437500
0.640563964843750
0.522277832031250
0.642272949218750
0.521789550781250
0.645874023437500
0.515930175781250
0.628906250000000
0.500183105468750
0.648254394531250
0.516235351562500
0.651000976562500
0.512939453125000
0.650329589843750
0.514953613281250
0.642211914062500
0.511169433593750
0.623474121093750
0.514709472656250
0.639892578125000
0.513244628906250
0.625976562500000
0.520324707031250
0.617187500000000
0.519226074218750
0.640930175781250
0.514526367187500
0.646057128906250
0.518920898437500
0.641845703125000
0.516662597656250
0.642700195312500
0.509826660156250
0.644592285156250
0.518188476562500
0.641296386718750
0.520080566406250
0.517578125000000
0.647521972656250
0.512084960937500
0.648254394531250
0.518737792968750
0.639770507812500
0.510681152343750
0.651489257812500
0.516784667968750
0.646850585937500
0.513732910156250
0.642822265625000
0.512695312500000
0.644042968750000
0.518554687500000
0.618713378906250
0.518920898437500
0.644165039062500
0.517822265625000
0.516418457031250
0.646423339843750
0.514709472656250
0.645446777343750
0.496520996093750
0.647216796875000
0.522583007812500
0.647155761718750
0.520385742187500
0.629638671875000
0.521911621093750
0.623901367187500
0.514343261718750
0.642578125000000
0.513977050781250
0.618713378906250
0.518798828125000
0.652832031250000
0.495178222656250
0.649353027343750
0.512207031250000
0.639587402343750
0.517150878906250
0.642517089843750
0.509033203125000
0.619812011718750
0.515869140625000
0.642272949218750
0.627502441406250
0.512817382812500
0.523498535156250
0.640686035156250
0.519226074218750
0.647338867187500
0.500000000000000
0.628173828125000
0.517395019531250
0.646850585937500
0.510986328125000
0.653869628906250
0.517456054687500
0.638549804687500
0.518798828125000
0.647705078125000
0.520202636718750
0.524902343750000
0.640441894531250
0.520935058593750
0.644714355468750
0.517211914062500
0.627502441406250
0.516235351562500
0.649719238281250
0.515075683593750
0.649719238281250
0.514892578125000
0.631042480468750
0.510559082031250
0.639587402343750
0.509826660156250
0.655700683593750
0.493591308593750
0.628845214843750
0.515441894531250
0.640930175781250
0.519348144531250
0.650390625000000
0.513732910156250
0.629638671875000
0.510742187500000
0.641052246093750
0.515502929687500
0.646301269531250
0.513183593750000
0.521484375000000
0.650573730468750
0.516479492187500
0.642700195312500
0.513854980468750
0.629272460937500
0.518310546875000
0.643188476562500
0.518615722656250
0.644592285156250
0.520202636718750
0.641235351562500
0.516906738281250
0.644104003906250
0.517089843750000
0.522583007812500
0.636230468750000
0.520874023437500
0.639282226562500
0.514648437500000
0.648376464843750
0.513000488281250
0.649291992187500
0.521606445312500
0.632873535156250
0.521423339843750
0.634094238281250
0.509521484375000
0.629882812500000
0.515258789062500
0.676147460937500
0.507446289062500
0.525146484375000
0.646057128906250
0.519165039062500
0.647460937500000
0.520812988281250
0.647766113281250
0.515869140625000
0.651306152343750
0.512634277343750
0.519287109375000
0.618652343750000
0.632263183593750
0.518188476562500
0.640625000000000
0.515747070312500
0.630065917968750
0.895507812500000
0.648742675781250
0.513549804687500
0.645935058593750
0.516052246093750
0.510681152343750
0.644897460937500
0.627380371093750
0.514465332031250
0.629333496093750
0.513488769531250
0.646301269531250
0.519104003906250
0.636901855468750
0.510986328125000
0.642395019531250
0.493713378906250
0.638183593750000
0.505737304687500
0.638488769531250
0.511962890625000
0.646972656250000
0.500671386718750
0.643493652343750
0.516418457031250
0.637207031250000
0.514343261718750
0.647338867187500
0.515869140625000
0.625793457031250
0.519897460937500
0.631652832031250
0.519348144531250
0.638916015625000
0.522460937500000
0.638427734375000
0.520202636718750
0.514221191406250
0.645996093750000
0.522033691406250
0.637573242187500
0.510864257812500
0.640991210937500
0.512634277343750
0.624145507812500
0.641845703125000
0.515319824218750
0.622436523437500
0.514587402343750
0.633300781250000
0.521972656250000
0.620788574218750
0.516174316406250
0.647399902343750
0.511840820312500
0.643310546875000
0.511657714843750
0.641540527343750
0.515625000000000
0.646789550781250
0.512695312500000
0.644287109375000
0.512268066406250
0.648620605468750
0.513183593750000
0.641540527343750
0.512084960937500
0.646057128906250
0.518493652343750
0.645629882812500
0.501098632812500
0.640991210937500
0.518859863281250
0.644348144531250
0.521301269531250
0.650573730468750
0.516296386718750
0.646789550781250
0.515686035156250
0.646240234375000
0.515930175781250
0.519104003906250
0.646240234375000
0.520324707031250
0.646972656250000
0.517761230468750
0.644348144531250
0.518920898437500
0.645874023437500
0.511596679687500
0.651916503906250
0.524414062500000
0.649597167968750
0.515258789062500
0.649353027343750
0.519104003906250
0.525024414062500
0.639526367187500
0.648742675781250
0.512023925781250
0.643310546875000
0.518798828125000
0.647644042968750
0.497802734375000
0.646667480468750
0.512817382812500
0.632812500000000
0.517333984375000
0.649658203125000
0.519226074218750
0.649841308593750
0.522583007812500
0.645629882812500
0.520568847656250
0.522644042968750
0.645385742187500
0.519592285156250
0.644470214843750
0.524414062500000
0.650878906250000
0.523193359375000
0.647949218750000
0.521850585937500
0.650085449218750
0.515869140625000
0.647094726562500
0.517395019531250
0.654235839843750
0.518676757812500
0.648132324218750
0.505676269531250
0.634643554687500
0.523437500000000
0.649108886718750
0.524841308593750
0.651428222656250
0.515502929687500
0.654296875000000
0.500366210937500
0.647277832031250
0.506958007812500
0.651123046875000
0.523315429687500
0.654724121093750
0.518676757812500
0.654174804687500
0.518371582031250
0.657104492187500
0.522338867187500
0.644958496093750
0.524902343750000
0.521728515625000
0.655151367187500
0.516052246093750
0.640747070312500
0.625549316406250
0.521850585937500
0.653869628906250
0.523559570312500
0.633789062500000
0.510375976562500
0.655578613281250
0.522460937500000
0.644958496093750
0.517456054687500
0.652404785156250
0.523376464843750
0.649475097656250
0.514648437500000
0.646728515625000
0.517639160156250
0.649108886718750
0.516601562500000
0.648925781250000
0.520690917968750
0.652343750000000
0.533508300781250
0.630554199218750
0.507141113281250
0.649902343750000
0.513427734375000
0.620605468750000
0.515991210937500
0.652221679687500
0.521972656250000
0.651000976562500
0.519531250000000
0.648925781250000
0.392822265625000
0.655395507812500
0.525695800781250
0.665100097656250
0.516235351562500
0.635375976562500
0.520080566406250
0.646606445312500
0.520019531250000
0.653137207031250
0.516357421875000
0.651489257812500
0.515197753906250
0.647338867187500
0.520385742187500
0.647216796875000
0.516296386718750
0.661071777343750
0.524597167968750
0.522644042968750
0.653564453125000
0.518432617187500
0.652404785156250
0.519958496093750
0.652099609375000
0.528442382812500
0.646606445312500
0.522766113281250
0.643188476562500
0.522766113281250
0.642395019531250
0.524414062500000
0.654174804687500
0.520385742187500
0.654785156250000
0.523254394531250
0.645751953125000
0.520324707031250
0.632019042968750
0.520263671875000
0.659545898437500
0.525695800781250
0.632873535156250
0.520690917968750
0.645324707031250
0.517272949218750
0.648803710937500
0.525451660156250
0.649719238281250
0.523498535156250
0.652954101562500
0.525451660156250
0.650939941406250
0.520141601562500
0.650695800781250
0.518432617187500
0.649963378906250
0.522949218750000
0.521850585937500
0.648498535156250
0.519836425781250
0.652038574218750
0.522460937500000
0.650695800781250
0.512390136718750
0.653991699218750
0.522705078125000
0.646118164062500
0.631042480468750
0.516052246093750
0.648925781250000
0.521545410156250
0.648132324218750
0.523254394531250
0.516784667968750
0.651550292968750
0.638244628906250
0.519897460937500
0.652221679687500
0.519409179687500
0.649169921875000
0.517883300781250
0.645202636718750
0.529174804687500
0.520080566406250
0.650878906250000
0.523010253906250
0.652770996093750
0.528137207031250
0.647583007812500
0.525878906250000
0.633483886718750
0.523620605468750
0.648498535156250
0.520507812500000
0.655212402343750
0.516662597656250
0.655700683593750
0.518920898437500
0.648071289062500
0.526184082031250
0.655212402343750
0.523986816406250
0.651000976562500
0.525695800781250
0.518127441406250
0.653320312500000
0.523620605468750
0.656616210937500
0.632873535156250
0.520141601562500
0.523498535156250
0.651977539062500
0.633300781250000
0.519165039062500
0.648681640625000
0.516845703125000
0.651794433593750
0.523132324218750
0.526245117187500
0.655029296875000
0.521362304687500
0.653259277343750
0.519897460937500
0.633483886718750
0.519348144531250
0.657836914062500
0.531250000000000
0.630676269531250
0.522521972656250
0.640502929687500
0.525085449218750
0.656372070312500
0.525207519531250
0.657104492187500
0.520812988281250
0.639099121093750
0.511047363281250
0.653259277343750
0.522521972656250
0.656188964843750
0.527465820312500
0.649719238281250
0.526306152343750
0.646728515625000
0.510314941406250
0.633972167968750
0.519714355468750
0.645812988281250
0.509460449218750
0.654785156250000
0.531433105468750
0.648315429687500
0.524902343750000
0.649108886718750
0.519714355468750
0.658508300781250
0.520202636718750
0.651733398437500
0.510559082031250
0.654418945312500
0.519531250000000
0.649719238281250
0.519348144531250
0.651367187500000
0.523010253906250
0.523376464843750
0.634399414062500
0.646728515625000
0.516967773437500
0.648376464843750
0.525146484375000
0.648681640625000
0.518066406250000
0.654785156250000
0.519897460937500
0.523681640625000
0.649353027343750
0.522094726562500
0.653259277343750
0.524536132812500
0.646972656250000
0.518676757812500
0.655700683593750
0.524902343750000
0.633117675781250
0.531066894531250
0.635253906250000
0.632568359375000
0.518554687500000
0.642883300781250
0.517822265625000
0.656005859375000
0.518554687500000
0.650024414062500
0.523132324218750
0.524841308593750
0.646484375000000
0.523254394531250
0.657409667968750
0.521484375000000
0.660034179687500
0.617553710937500
0.506042480468750
0.651916503906250
0.522216796875000
0.647094726562500
0.515808105468750
0.652038574218750
0.505676269531250
0.652832031250000
0.521545410156250
0.651794433593750
0.522827148437500
0.653930664062500
0.512634277343750
0.527343750000000
0.657226562500000
0.523620605468750
0.653320312500000
0.513610839843750
0.649536132812500
0.522827148437500
0.656372070312500
0.524902343750000
0.649536132812500
0.523864746093750
0.647888183593750
0.518188476562500
0.656372070312500
0.526306152343750
0.649902343750000
0.515014648437500
0.653137207031250
0.524169921875000
0.655883789062500
0.521728515625000
0.527465820312500
0.656127929687500
0.527893066406250
0.638671875000000
0.518493652343750
0.655944824218750
0.518859863281250
0.652404785156250
0.510986328125000
0.641479492187500
0.519653320312500
0.661499023437500
0.519104003906250
0.650512695312500
0.502929687500000
0.660278320312500
0.520507812500000
0.648254394531250
0.519409179687500
0.635070800781250
0.528930664062500
0.659423828125000
0.515014648437500
0.655212402343750
0.527893066406250
0.653259277343750
0.517456054687500
0.649414062500000
0.520751953125000
0.653198242187500
0.522460937500000
0.654357910156250
0.526428222656250
0.521484375000000
0.651062011718750
0.521850585937500
0.656555175781250
0.519775390625000
0.656372070312500
0.513305664062500
0.655517578125000
0.525085449218750
0.658081054687500
0.502319335937500
0.662536621093750
0.501831054687500
0.652343750000000
0.523986816406250
0.652282714843750
0.525024414062500
0.642089843750000
0.525878906250000
0.656433105468750
0.526123046875000
0.524597167968750
0.656250000000000
0.517944335937500
0.654724121093750
0.521484375000000
0.649902343750000
0.517456054687500
0.654846191406250
0.503906250000000
0.632080078125000
0.651184082031250
0.521484375000000
0.645080566406250
0.501037597656250
0.654357910156250
0.523864746093750
0.646728515625000
0.520019531250000
0.634094238281250
0.522277832031250
0.662902832031250
0.523010253906250
0.650451660156250
0.507446289062500
0.659790039062500
0.513732910156250
0.640869140625000
0.517456054687500
0.664672851562500
0.522583007812500
0.655151367187500
0.521728515625000
0.527404785156250
0.664733886718750
0.519592285156250
0.648254394531250
0.524291992187500
0.646606445312500
0.526428222656250
0.663269042968750
0.523376464843750
0.652099609375000
0.526977539062500
0.529785156250000
0.656311035156250
0.521423339843750
0.654968261718750
0.508056640625000
0.658996582031250
0.501892089843750
0.654479980468750
0.518737792968750
0.638488769531250
0.524169921875000
0.659973144531250
0.522766113281250
0.645019531250000
0.514953613281250
0.654052734375000
0.527160644531250
0.662231445312500
0.524230957031250
0.665954589843750
0.526062011718750
0.634094238281250
0.520690917968750
0.655334472656250
0.526489257812500
0.519836425781250
0.656005859375000
0.629577636718750
0.534484863281250
0.521667480468750
0.638427734375000
0.644165039062500
0.512023925781250
0.659301757812500
0.529602050781250
0.533935546875000
0.669250488281250
0.530212402343750
0.642761230468750
0.527648925781250
0.657287597656250
0.527526855468750
0.528625488281250
0.652221679687500
0.528686523437500
0.659912109375000
0.521911621093750
0.639648437500000
0.509033203125000
0.652282714843750
0.552246093750000
0.637878417968750
0.493774414062500
0.639526367187500
0.520996093750000
0.650878906250000
0.519653320312500
0.653320312500000
0.516601562500000
0.651977539062500
0.519348144531250
0.649353027343750
0.524169921875000
0.641479492187500
0.508666992187500
0.675720214843750
0.513488769531250
0.637268066406250
0.526306152343750
0.660461425781250
0.530212402343750
0.645812988281250
0.507385253906250
0.645690917968750
0.527221679687500
0.646179199218750
0.526977539062500
0.653015136718750
0.509094238281250
0.646789550781250
0.508178710937500
0.633972167968750
0.638671875000000
0.523132324218750
0.657836914062500
0.532104492187500
0.520324707031250
0.649719238281250
0.525756835937500
0.636596679687500
0.518371582031250
0.661010742187500
0.523437500000000
0.643432617187500
0.518249511718750
0.654785156250000
0.516113281250000
0.659851074218750
0.515380859375000
0.660888671875000
0.517944335937500
0.649780273437500
0.510986328125000
0.642578125000000
0.630737304687500
0.528930664062500
0.647094726562500
0.523376464843750
0.521179199218750
0.660156250000000
0.524597167968750
0.675720214843750
0.510925292968750
0.657287597656250
0.530761718750000
0.651550292968750
0.520935058593750
0.651367187500000
0.520141601562500
0.523925781250000
0.642822265625000
0.639587402343750
0.501098632812500
0.641662597656250
0.631713867187500
0.529418945312500
0.526184082031250
0.657592773437500
0.519531250000000
0.641662597656250
0.524658203125000
0.651123046875000
0.634277343750000
0.528747558593750
0.650085449218750
0.515319824218750
0.646301269531250
0.510620117187500
0.628173828125000
0.535156250000000
0.656616210937500
0.505187988281250
0.657226562500000
0.526245117187500
0.650817871093750
0.522338867187500
0.661499023437500
0.510314941406250
0.634826660156250
0.524230957031250
0.654235839843750
0.524414062500000
0.636352539062500
0.529663085937500
0.649658203125000
0.525634765625000
0.652832031250000
0.524475097656250
0.646118164062500
0.518005371093750
0.652282714843750
0.528625488281250
0.656738281250000
0.529235839843750
0.660461425781250
0.503967285156250
0.647827148437500
0.535217285156250
0.650695800781250
0.525451660156250
0.660156250000000
0.523437500000000
0.527648925781250
0.661987304687500
0.530334472656250
0.658325195312500
0.505432128906250
0.649414062500000
0.524719238281250
0.664123535156250
0.527709960937500
0.660217285156250
0.526916503906250
0.531555175781250
0.655090332031250
0.530456542968750
0.662536621093750
0.506958007812500
0.652282714843750
0.639892578125000
0.527893066406250
0.636352539062500
0.526062011718750
0.653991699218750
0.521850585937500
0.526000976562500
0.659606933593750
0.527404785156250
0.649780273437500
0.527526855468750
0.641296386718750
0.523986816406250
0.638671875000000
0.532043457031250
0.659545898437500
0.645690917968750
0.523681640625000
0.653625488281250
0.524658203125000
0.647216796875000
0.529479980468750
0.534301757812500
0.657226562500000
0.515808105468750
0.660278320312500
0.529785156250000
0.640625000000000
0.646972656250000
0.531127929687500
0.535888671875000
0.641357421875000
0.540466308593750
0.641296386718750
0.665710449218750
0.521606445312500
0.666198730468750
0.512207031250000
0.663940429687500
0.531372070312500
0.663269042968750
0.513916015625000
0.663452148437500
0.536315917968750
0.530273437500000
0.655273437500000
0.536071777343750
0.660156250000000
0.526672363281250
0.642089843750000
0.521423339843750
0.662658691406250
0.523559570312500
0.654052734375000
0.525146484375000
0.663513183593750
0.524353027343750
0.658447265625000
0.655517578125000
0.562927246093750
0.534057617187500
0.624938964843750
0.538024902343750
0.639282226562500
0.536193847656250
0.654296875000000
0.536743164062500
0.654052734375000
0.532653808593750
0.654052734375000
0.533569335937500
0.669677734375000
0.526123046875000
0.658752441406250
0.514892578125000
0.685363769531250
0.506469726562500
0.660400390625000
0.534301757812500
0.665893554687500
0.528503417968750
0.667236328125000
0.528076171875000
0.638793945312500
0.511657714843750
0.658874511718750
0.526733398437500
0.667480468750000
0.531433105468750
0.669616699218750
0.522460937500000
0.664794921875000
0.523376464843750
0.666259765625000
0.533264160156250
0.647216796875000
0.530151367187500
0.667297363281250
0.531677246093750
0.667236328125000
0.528625488281250
0.648986816406250
0.531677246093750
0.659423828125000
0.528930664062500
0.640686035156250
0.533508300781250
0.666687011718750
0.531982421875000
0.539001464843750
0.639099121093750
0.646118164062500
0.531555175781250
0.662841796875000
0.524475097656250
0.669250488281250
0.530456542968750
0.666259765625000
0.529968261718750
0.530212402343750
0.534240722656250
0.532165527343750
0.658508300781250
0.538085937500000
0.664184570312500
0.530761718750000
0.655639648437500
0.532470703125000
0.669006347656250
0.530578613281250
0.666198730468750
0.526550292968750
0.676208496093750
0.533386230468750
0.528442382812500
0.672302246093750
0.530578613281250
0.667907714843750
0.528442382812500
0.670776367187500
0.531616210937500
0.653076171875000
0.533386230468750
0.667907714843750
0.528381347656250
0.668334960937500
0.539123535156250
0.531860351562500
0.665039062500000
0.530395507812500
0.665649414062500
0.532043457031250
0.667602539062500
0.524841308593750
0.667724609375000
0.529357910156250
0.666687011718750
0.532958984375000
0.665161132812500
0.534973144531250
0.529541015625000
0.654846191406250
0.535095214843750
0.660461425781250
0.536376953125000
0.664672851562500
0.528442382812500
0.666320800781250
0.535522460937500
0.671813964843750
0.536254882812500
0.536987304687500
0.671386718750000
0.529968261718750
0.664550781250000
0.528198242187500
0.661926269531250
0.534240722656250
0.672485351562500
0.531066894531250
0.649658203125000
0.530578613281250
0.665710449218750
0.535522460937500
0.667114257812500
0.530517578125000
0.535461425781250
0.664123535156250
0.536132812500000
0.669616699218750
0.529418945312500
0.665344238281250
0.526245117187500
0.668029785156250
0.532409667968750
0.664672851562500
0.537475585937500
0.660400390625000
0.534545898437500
0.532409667968750
0.656311035156250
0.531555175781250
0.661926269531250
0.528808593750000
0.660522460937500
0.533203125000000
0.666564941406250
0.532714843750000
0.672546386718750
0.526611328125000
0.666992187500000
0.528381347656250
0.651977539062500
0.527709960937500
0.669372558593750
0.522460937500000
0.656494140625000
0.529541015625000
0.669250488281250
0.533081054687500
0.662963867187500
0.532836914062500
0.524841308593750
0.662414550781250
0.531860351562500
0.645507812500000
0.535095214843750
0.656921386718750
0.539367675781250
0.661804199218750
0.535705566406250
0.643737792968750
0.535888671875000
0.666564941406250
0.525817871093750
0.661376953125000
0.525817871093750
0.648010253906250
0.530578613281250
0.660705566406250
0.528015136718750
0.658752441406250
0.523864746093750
0.663208007812500
0.646911621093750
0.531921386718750
0.532409667968750
0.670104980468750
0.513427734375000
0.668029785156250
0.514465332031250
0.664794921875000
0.529235839843750
0.662109375000000
0.524414062500000
0.654357910156250
0.652587890625000
0.541137695312500
0.520019531250000
0.663146972656250
0.554016113281250
0.663024902343750
0.529418945312500
0.663208007812500
0.534362792968750
0.663024902343750
0.531738281250000
0.659973144531250
0.527526855468750
0.674011230468750
0.527954101562500
0.652526855468750
0.516296386718750
0.664733886718750
0.533691406250000
0.662048339843750
0.531860351562500
0.529907226562500
0.660705566406250
0.658325195312500
0.523742675781250
0.662536621093750
0.532897949218750
0.658081054687500
0.530700683593750
0.656555175781250
0.522949218750000
0.658569335937500
0.531005859375000
0.530822753906250
0.655578613281250
0.661010742187500
0.527099609375000
0.529052734375000
0.658142089843750
0.655395507812500
0.526733398437500
0.656433105468750
0.537353515625000
0.654296875000000
0.526977539062500
0.654968261718750
0.524536132812500
0.651245117187500
0.529663085937500
0.657836914062500
0.537292480468750
0.656860351562500
0.523437500000000
0.658020019531250
0.530456542968750
0.637207031250000
0.521484375000000
0.664916992187500
0.524414062500000
0.664611816406250
0.531616210937500
0.658203125000000
0.525573730468750
0.649841308593750
0.531555175781250
0.662658691406250
0.535400390625000
0.661315917968750
0.527221679687500
0.661132812500000
0.521850585937500
0.663757324218750
0.533203125000000
0.656677246093750
0.531982421875000
0.662475585937500
0.528076171875000
0.663024902343750
0.528137207031250
0.668945312500000
0.536376953125000
0.655029296875000
0.534301757812500
0.659057617187500
0.515197753906250
0.660156250000000
0.515258789062500
0.661621093750000
0.515136718750000
0.662841796875000
0.532531738281250
0.665527343750000
0.527893066406250
0.648559570312500
0.527465820312500
0.662414550781250
0.528381347656250
0.667419433593750
0.528564453125000
0.664184570312500
0.535217285156250
0.651428222656250
0.534240722656250
0.534973144531250
0.650268554687500
0.662536621093750
0.531372070312500
0.658264160156250
0.528564453125000
0.539550781250000
0.662292480468750
0.535644531250000
0.659240722656250
0.532165527343750
0.672851562500000
0.528015136718750
0.668945312500000
0.533020019531250
0.662963867187500
0.529846191406250
0.669006347656250
0.534057617187500
0.539611816406250
0.667724609375000
0.530517578125000
0.674987792968750
0.532897949218750
0.662963867187500
0.535766601562500
0.539733886718750
0.663269042968750
0.534118652343750
0.640014648437500
0.649169921875000
0.513122558593750
0.650512695312500
0.532531738281250
0.672546386718750
0.530212402343750
0.667175292968750
0.536987304687500
0.534118652343750
0.668579101562500
0.520385742187500
0.659179687500000
0.528198242187500
0.662475585937500
0.536010742187500
0.658264160156250
0.531005859375000
0.651000976562500
0.535949707031250
0.659606933593750
0.536254882812500
0.672363281250000
0.527099609375000
0.666870117187500
0.526733398437500
0.662353515625000
0.536560058593750
0.663024902343750
0.532958984375000
0.659484863281250
0.534484863281250
0.533142089843750
0.668395996093750
0.511230468750000
0.662353515625000
0.526733398437500
0.667785644531250
0.533508300781250
0.666503906250000
0.510253906250000
0.666809082031250
0.536926269531250
0.666625976562500
0.524353027343750
0.665893554687500
0.529907226562500
0.667968750000000
0.526733398437500
0.661499023437500
0.534301757812500
0.631042480468750
0.536499023437500
0.656921386718750
0.529907226562500
0.668579101562500
0.536621093750000
0.667907714843750
0.521972656250000
0.674072265625000
0.523498535156250
0.657531738281250
0.533020019531250
0.531677246093750
0.663635253906250
0.532409667968750
0.669616699218750
0.516784667968750
0.664489746093750
0.632690429687500
0.536376953125000
0.555541992187500
0.657287597656250
0.529174804687500
0.665771484375000
0.517272949218750
0.665649414062500
0.529296875000000
0.662963867187500
0.530822753906250
0.660461425781250
0.528442382812500
0.655578613281250
0.626647949218750
0.552124023437500
0.516357421875000
0.671813964843750
0.532592773437500
0.671875000000000
0.532897949218750
0.665344238281250
0.539611816406250
0.641601562500000
0.536865234375000
0.664611816406250
0.536804199218750
0.531005859375000
0.652343750000000
0.646484375000000
0.526000976562500
0.667358398437500
0.514892578125000
0.646850585937500
0.532104492187500
0.661987304687500
0.518554687500000
0.670043945312500
0.534362792968750
0.668457031250000
0.534912109375000
0.646972656250000
0.513916015625000
0.669433593750000
0.532775878906250
0.646789550781250
0.528442382812500
0.670532226562500
0.533996582031250
0.662719726562500
0.531494140625000
0.673278808593750
0.531738281250000
0.528442382812500
0.662231445312500
0.649780273437500
0.529602050781250
0.650085449218750
0.531860351562500
0.668518066406250
0.539855957031250
0.537109375000000
0.667114257812500
0.526916503906250
0.664123535156250
0.528991699218750
0.657836914062500
0.534729003906250
0.662902832031250
0.526855468750000
0.661682128906250
0.538635253906250
0.662048339843750
0.532348632812500
0.666015625000000
0.534606933593750
0.661987304687500
0.525451660156250
0.662048339843750
0.535217285156250
0.666320800781250
0.537597656250000
0.655395507812500
0.537536621093750
0.662536621093750
0.541809082031250
0.532775878906250
0.663879394531250
0.535339355468750
0.663146972656250
0.526184082031250
0.670959472656250
0.528747558593750
0.666625976562500
0.533325195312500
0.668151855468750
0.518859863281250
0.661865234375000
0.651916503906250
0.536437988281250
0.527526855468750
0.656494140625000
0.661621093750000
0.515502929687500
0.669006347656250
0.530944824218750
0.649230957031250
0.528991699218750
0.663391113281250
0.523681640625000
0.657592773437500
0.529663085937500
0.661926269531250
0.533752441406250
0.660888671875000
0.532714843750000
0.660644531250000
0.530822753906250
0.668029785156250
0.533996582031250
0.661560058593750
0.527648925781250
0.661315917968750
0.529541015625000
0.655517578125000
0.531311035156250
0.662475585937500
0.521301269531250
0.657470703125000
0.656311035156250
0.533569335937500
0.666320800781250
0.537048339843750
0.539855957031250
0.663818359375000
0.538269042968750
0.663208007812500
0.530700683593750
0.663818359375000
0.539062500000000
0.659240722656250
0.537780761718750
0.659851074218750
0.534484863281250
0.664978027343750
0.516357421875000
0.663879394531250
0.544128417968750
0.665527343750000
0.536621093750000
0.652038574218750
0.540222167968750
0.663208007812500
0.534362792968750
0.667358398437500
0.542297363281250
0.668579101562500
0.536743164062500
0.673950195312500
0.534423828125000
0.670898437500000
0.535339355468750
0.666076660156250
0.535278320312500
0.670410156250000
0.538696289062500
0.673889160156250
0.533447265625000
0.666992187500000
0.544860839843750
0.669433593750000
0.542846679687500
0.673828125000000
0.535705566406250
0.542236328125000
0.651550292968750
0.669616699218750
0.539794921875000
0.667297363281250
0.511779785156250
0.676696777343750
0.536560058593750
0.668579101562500
0.532226562500000
0.643493652343750
0.539245605468750
0.671325683593750
0.538635253906250
0.678894042968750
0.540954589843750
0.542480468750000
0.673278808593750
0.654846191406250
0.538513183593750
0.544311523437500
0.646911621093750
0.562561035156250
0.643371582031250
0.649963378906250
0.533813476562500
0.687988281250000
0.524475097656250
0.673034667968750
0.540466308593750
0.664367675781250
0.541503906250000
0.672973632812500
0.539733886718750
0.539794921875000
0.646423339843750
0.681701660156250
0.542724609375000
0.533386230468750
0.637573242187500
0.661132812500000
0.540893554687500
0.667785644531250
0.531738281250000
0.674987792968750
0.538146972656250
0.668823242187500
0.536193847656250
0.665527343750000
0.515869140625000
0.667297363281250
0.540100097656250
0.675781250000000
0.539428710937500
0.667358398437500
0.533386230468750
0.675476074218750
0.535278320312500
0.541870117187500
0.671630859375000
0.658020019531250
0.531677246093750
0.543945312500000
0.678283691406250
0.536071777343750
0.676452636718750
0.533325195312500
0.667663574218750
0.533874511718750
0.669555664062500
0.529113769531250
0.656921386718750
0.531921386718750
0.667053222656250
0.535522460937500
0.679443359375000
0.539184570312500
0.675292968750000
0.516052246093750
0.673583984375000
0.530883789062500
0.676635742187500
0.541931152343750
0.679382324218750
0.523071289062500
0.678344726562500
0.532714843750000
0.673095703125000
0.537353515625000
0.665466308593750
0.543823242187500
0.666198730468750
0.525329589843750
0.677978515625000
0.539550781250000
0.676940917968750
0.534729003906250
0.539428710937500
0.673095703125000
0.662841796875000
0.529541015625000
0.672851562500000
0.532592773437500
0.666320800781250
0.535827636718750
0.540954589843750
0.676391601562500
0.539916992187500
0.672241210937500
0.540527343750000
0.664184570312500
0.541259765625000
0.666870117187500
0.544067382812500
0.671630859375000
0.531677246093750
0.682189941406250
0.537414550781250
0.675292968750000
0.532714843750000
0.542175292968750
0.679626464843750
0.541015625000000
0.666564941406250
0.535278320312500
0.677978515625000
0.541320800781250
0.679687500000000
0.538391113281250
0.666625976562500
0.540771484375000
0.531616210937500
0.519531250000000
0.649230957031250
0.539245605468750
0.672729492187500
0.539978027343750
0.653259277343750
0.539001464843750
0.674194335937500
0.528076171875000
0.676330566406250
0.534545898437500
0.665161132812500
0.533569335937500
0.668945312500000
0.535888671875000
0.674255371093750
0.537231445312500
0.677795410156250
0.540649414062500
0.666992187500000
0.541992187500000
0.654357910156250
0.540283203125000
0.671508789062500
0.541076660156250
0.667785644531250
0.541809082031250
0.544982910156250
0.680297851562500
0.535034179687500
0.673889160156250
0.531433105468750
0.675476074218750
0.533813476562500
0.679260253906250
0.536254882812500
0.649169921875000
0.535217285156250
0.676269531250000
0.540710449218750
0.672363281250000
0.546936035156250
0.548767089843750
0.672546386718750
0.650085449218750
0.535278320312500
0.543457031250000
0.670104980468750
0.545104980468750
0.674804687500000
0.537048339843750
0.679565429687500
0.541625976562500
0.671447753906250
0.540100097656250
0.675964355468750
0.532287597656250
0.675537109375000
0.539245605468750
0.538818359375000
0.669372558593750
0.541931152343750
0.673645019531250
0.543273925781250
0.670654296875000
0.543640136718750
0.669128417968750
0.543579101562500
0.672241210937500
0.543518066406250
0.536437988281250
0.673278808593750
0.536499023437500
0.680114746093750
0.532043457031250
0.664001464843750
0.531250000000000
0.669494628906250
0.535705566406250
0.667297363281250
0.538085937500000
0.667602539062500
0.528259277343750
0.678710937500000
0.537292480468750
0.669067382812500
0.537597656250000
0.674499511718750
0.522644042968750
0.676025390625000
0.531250000000000
0.635803222656250
0.640686035156250
0.532470703125000
0.676208496093750
0.535095214843750
0.675476074218750
0.534606933593750
0.666015625000000
0.537048339843750
0.664916992187500
0.537963867187500
0.666198730468750
0.543212890625000
0.685852050781250
0.514404296875000
0.642028808593750
0.538879394531250
0.681640625000000
0.533020019531250
0.670532226562500
0.541320800781250
0.668884277343750
0.541198730468750
0.673339843750000
0.538146972656250
0.677246093750000
0.520935058593750
0.650939941406250
0.536071777343750
0.675842285156250
0.540222167968750
0.674560546875000
0.539550781250000
0.676696777343750
0.538208007812500
0.543151855468750
0.664306640625000
0.540344238281250
0.647460937500000
0.668273925781250
0.530822753906250
0.661254882812500
0.540588378906250
0.670898437500000
0.541259765625000
0.665954589843750
0.534301757812500
0.665893554687500
0.536743164062500
0.662292480468750
0.542846679687500
0.674987792968750
0.534240722656250
0.669433593750000
0.534606933593750
0.543884277343750
0.665893554687500
0.539245605468750
0.674316406250000
0.535034179687500
0.674438476562500
0.533020019531250
0.667358398437500
0.533752441406250
0.676025390625000
0.540344238281250
0.667968750000000
0.542297363281250
0.671569824218750
0.541259765625000
0.678344726562500
0.544006347656250
0.538269042968750
0.665161132812500
0.541748046875000
0.671508789062500
0.541870117187500
0.667541503906250
0.546813964843750
0.680358886718750
0.542114257812500
0.670532226562500
0.546936035156250
0.542419433593750
0.673950195312500
0.542663574218750
0.668640136718750
0.537963867187500
0.673095703125000
0.535644531250000
0.677978515625000
0.543151855468750
0.679504394531250
0.524475097656250
0.547180175781250
0.661865234375000
0.549255371093750
0.940002441406250
0.536193847656250
0.542419433593750
0.674560546875000
0.533630371093750
0.669677734375000
0.543823242187500
0.676696777343750
0.536621093750000
0.667053222656250
0.530883789062500
0.668823242187500
0.541442871093750
0.665039062500000
0.540588378906250
0.670043945312500
0.529296875000000
0.667236328125000
0.539428710937500
0.656982421875000
0.539672851562500
0.677673339843750
0.543212890625000
0.663696289062500
0.533813476562500
0.673339843750000
0.517883300781250
0.675354003906250
0.520324707031250
0.673889160156250
0.528991699218750
0.671936035156250
0.536987304687500
0.675720214843750
0.538879394531250
0.670959472656250
0.535705566406250
0.682434082031250
0.537414550781250
0.675781250000000
0.536499023437500
0.540893554687500
0.670288085937500
0.536987304687500
0.675170898437500
0.541015625000000
0.673034667968750
0.536682128906250
0.666748046875000
0.521728515625000
0.674682617187500
0.535156250000000
0.685058593750000
0.534729003906250
0.667480468750000
0.541503906250000
0.675231933593750
0.531066894531250
0.651367187500000
0.531188964843750
0.674438476562500
0.536682128906250
0.671691894531250
0.526611328125000
0.679016113281250
0.535156250000000
0.668640136718750
0.531799316406250
0.674804687500000
0.540649414062500
0.663696289062500
0.524230957031250
0.674987792968750
0.540161132812500
0.674011230468750
0.540283203125000
0.669311523437500
0.534729003906250
0.542907714843750
0.663574218750000
0.536621093750000
0.671691894531250
0.542846679687500
0.665405273437500
0.529663085937500
0.672363281250000
0.536987304687500
0.672119140625000
0.529785156250000
0.672363281250000
0.535705566406250
0.676025390625000
0.539489746093750
0.666687011718750
0.543518066406250
0.657348632812500
0.534973144531250
0.682373046875000
0.524291992187500
0.666748046875000
0.530639648437500
0.652954101562500
0.556945800781250
0.669128417968750
0.536499023437500
0.672485351562500
0.537597656250000
0.657470703125000
0.542114257812500
0.666992187500000
0.531860351562500
0.672912597656250
0.540832519531250
0.659790039062500
0.538085937500000
0.632751464843750
0.536987304687500
0.670654296875000
0.537292480468750
0.678649902343750
0.537963867187500
0.677673339843750
0.534423828125000
0.673767089843750
0.536621093750000
0.669921875000000
0.529907226562500
0.665161132812500
0.534301757812500
0.672180175781250
0.534057617187500
0.679199218750000
0.531250000000000
0.678771972656250
0.540893554687500
0.538146972656250
0.656799316406250
0.674804687500000
0.538513183593750
0.535156250000000
0.675781250000000
0.532836914062500
0.669616699218750
0.655517578125000
0.545043945312500
0.649902343750000
0.552551269531250
0.539184570312500
0.676635742187500
0.528564453125000
0.685241699218750
0.540527343750000
0.680480957031250
0.527770996093750
0.678405761718750
0.540283203125000
0.672851562500000
0.545959472656250
0.673034667968750
0.524414062500000
0.672668457031250
0.541076660156250
0.662170410156250
0.541015625000000
0.669555664062500
0.540893554687500
0.536987304687500
0.678222656250000
0.536865234375000
0.669921875000000
0.534057617187500
0.673522949218750
0.530456542968750
0.671752929687500
0.542236328125000
0.670898437500000
0.544189453125000
0.677185058593750
0.538085937500000
0.673217773437500
0.536071777343750
0.541381835937500
0.671813964843750
0.532409667968750
0.652160644531250
0.657836914062500
0.512268066406250
0.671752929687500
0.532958984375000
0.677124023437500
0.536926269531250
0.658386230468750
0.539367675781250
0.677612304687500
0.540832519531250
0.676452636718750
0.540832519531250
0.665832519531250
0.537353515625000
0.671325683593750
0.545043945312500
0.545654296875000
0.679565429687500
0.538085937500000
0.675048828125000
0.532653808593750
0.678710937500000
0.540161132812500
0.678588867187500
0.541564941406250
0.662414550781250
0.539001464843750
0.656555175781250
0.535949707031250
0.674865722656250
0.545288085937500
0.542358398437500
0.671447753906250
0.541931152343750
0.668518066406250
0.542114257812500
0.676635742187500
0.519775390625000
0.677368164062500
0.539001464843750
0.677185058593750
0.516479492187500
0.669616699218750
0.540222167968750
0.659179687500000
0.534790039062500
0.681091308593750
0.539489746093750
0.670288085937500
0.538635253906250
0.678710937500000
0.538208007812500
0.540588378906250
0.679565429687500
0.544738769531250
0.681518554687500
0.546020507812500
0.679321289062500
0.539123535156250
0.544311523437500
0.679199218750000
0.534179687500000
0.660888671875000
0.525024414062500
0.680419921875000
0.542846679687500
0.673400878906250
0.537719726562500
0.664001464843750
0.536315917968750
0.674743652343750
0.550415039062500
0.542907714843750
0.682250976562500
0.537780761718750
0.681945800781250
0.532348632812500
0.678649902343750
0.539001464843750
0.676391601562500
0.545898437500000
0.677795410156250
0.550903320312500
0.655639648437500
0.546508789062500
0.535644531250000
0.665466308593750
0.657287597656250
0.543701171875000
0.538269042968750
0.661621093750000
0.536437988281250
0.681762695312500
0.544616699218750
0.679443359375000
0.549926757812500
0.681518554687500
0.547119140625000
0.544372558593750
0.683410644531250
0.540588378906250
0.672851562500000
0.534057617187500
0.678833007812500
0.539489746093750
0.666870117187500
0.547363281250000
0.673278808593750
0.545288085937500
0.540405273437500
0.662841796875000
0.556396484375000
0.671752929687500
0.520568847656250
0.657958984375000
0.540161132812500
0.673095703125000
0.547058105468750
0.678527832031250
0.538085937500000
0.676452636718750
0.543884277343750
0.660400390625000
0.540283203125000
0.691955566406250
0.537475585937500
0.671752929687500
0.528564453125000
0.661682128906250
0.536376953125000
0.675903320312500
0.535278320312500
0.684631347656250
0.536804199218750
0.666442871093750
0.519653320312500
0.679687500000000
0.520080566406250
0.689208984375000
0.544738769531250
0.542907714843750
0.684082031250000
0.544982910156250
0.673278808593750
0.544494628906250
0.676879882812500
0.544677734375000
0.665405273437500
0.538696289062500
0.665954589843750
0.546752929687500
0.677673339843750
0.537170410156250
0.548889160156250
0.680175781250000
0.537597656250000
0.675231933593750
0.545043945312500
0.674865722656250
0.544006347656250
0.673400878906250
0.520202636718750
0.679199218750000
0.539306640625000
0.685241699218750
0.546691894531250
0.678283691406250
0.548339843750000
0.673950195312500
0.523498535156250
0.673828125000000
0.516784667968750
0.671813964843750
0.523620605468750
0.673278808593750
0.544372558593750
0.675964355468750
0.540466308593750
0.676330566406250
0.522583007812500
0.671081542968750
0.546386718750000
0.680969238281250
0.541442871093750
0.680664062500000
0.546569824218750
0.675292968750000
0.545654296875000
0.543701171875000
0.674560546875000
0.538757324218750
0.674133300781250
0.543457031250000
0.666198730468750
0.538024902343750
0.655944824218750
0.678222656250000
0.536071777343750
0.542968750000000
0.664428710937500
0.547607421875000
0.656738281250000
0.680541992187500
0.545654296875000
0.545776367187500
0.672729492187500
0.545654296875000
0.676574707031250
0.533020019531250
0.675476074218750
0.545043945312500
0.686584472656250
