0.063903808593750
0.237182617187500
0.620422363281250
0.836730957031250
0.704711914062500
0.886108398437500
0.699462890625000
0.871582031250000
0.709167480468750
0.873352050781250
0.704711914062500
0.708374023437500
0.871643066406250
0.711303710937500
0.882812500000000
0.687561035156250
0.874877929687500
0.708129882812500
0.877319335937500
0.706542968750000
0.876281738281250
0.711547851562500
0.886169433593750
0.709655761718750
0.906677246093750
0.703430175781250
0.896301269531250
0.710449218750000
0.890502929687500
0.705688476562500
0.891601562500000
0.711242675781250
0.883666992187500
0.714782714843750
0.901550292968750
0.697631835937500
0.883544921875000
0.713134765625000
0.874023437500000
0.720214843750000
0.897155761718750
0.706420898437500
0.889465332031250
0.711791992187500
0.899230957031250
0.714172363281250
0.892578125000000
0.708618164062500
0.897766113281250
0.714721679687500
0.890686035156250
0.722900390625000
0.893066406250000
0.725280761718750
0.891235351562500
0.732727050781250
0.729003906250000
0.902221679687500
0.722839355468750
0.906311035156250
0.723449707031250
0.906372070312500
0.713745117187500
0.897766113281250
0.719421386718750
0.890075683593750
0.718994140625000
0.898071289062500
0.715270996093750
0.908142089843750
0.719604492187500
0.911499023437500
0.728393554687500
0.915283203125000
0.726745605468750
0.882324218750000
0.727050781250000
0.899108886718750
0.719543457031250
0.914245605468750
0.722595214843750
0.898315429687500
0.737060546875000
0.889221191406250
0.706176757812500
0.924804687500000
0.735900878906250
0.713562011718750
0.921325683593750
0.723693847656250
0.925903320312500
0.708801269531250
0.920898437500000
0.730468750000000
0.913574218750000
0.734252929687500
0.901550292968750
0.714904785156250
0.907592773437500
0.729675292968750
0.916503906250000
0.719787597656250
0.915222167968750
0.720825195312500
0.903137207031250
0.732727050781250
0.907104492187500
0.728576660156250
0.921569824218750
0.731506347656250
0.914672851562500
0.734802246093750
0.915710449218750
0.733093261718750
0.732421875000000
0.909729003906250
0.744873046875000
0.913208007812500
0.731262207031250
0.915588378906250
0.740661621093750
0.933532714843750
0.730285644531250
0.929382324218750
0.734558105468750
0.935119628906250
0.752258300781250
0.734130859375000
0.917297363281250
0.742797851562500
0.899353027343750
0.732116699218750
0.931274414062500
0.731445312500000
0.923156738281250
0.737670898437500
0.927124023437500
0.740051269531250
0.921569824218750
0.730895996093750
0.902709960937500
0.740234375000000
0.923278808593750
0.741455078125000
0.915771484375000
0.740417480468750
0.931762695312500
0.733398437500000
0.914855957031250
0.744140625000000
0.934875488281250
0.739807128906250
0.736694335937500
0.930725097656250
0.738220214843750
0.930175781250000
0.735351562500000
0.928100585937500
0.748107910156250
0.923889160156250
0.751708984375000
0.931274414062500
0.746337890625000
0.923645019531250
0.737182617187500
0.936950683593750
0.747070312500000
0.923767089843750
0.713806152343750
0.932006835937500
0.744384765625000
0.855041503906250
0.932739257812500
0.735717773437500
0.752197265625000
0.945007324218750
0.751770019531250
0.931396484375000
0.747680664062500
0.932189941406250
0.739135742187500
0.938720703125000
0.744995117187500
0.933715820312500
0.763854980468750
0.743774414062500
0.892517089843750
0.924865722656250
0.741821289062500
0.920776367187500
0.737976074218750
0.914855957031250
0.744018554687500
0.917602539062500
0.746765136718750
0.922485351562500
0.750610351562500
0.931335449218750
0.732238769531250
0.931335449218750
0.740051269531250
0.740051269531250
0.930297851562500
0.743041992187500
0.938171386718750
0.741455078125000
0.933959960937500
0.743469238281250
0.927368164062500
0.742919921875000
0.923889160156250
0.747924804687500
0.927124023437500
0.743957519531250
0.919677734375000
0.744812011718750
0.930786132812500
0.746520996093750
0.934326171875000
0.742126464843750
0.748229980468750
0.937683105468750
0.740600585937500
0.936279296875000
0.744750976562500
0.936340332031250
0.740661621093750
0.929138183593750
0.749572753906250
0.952148437500000
0.744567871093750
0.932312011718750
0.729431152343750
0.932312011718750
0.758850097656250
0.912536621093750
0.755126953125000
0.760192871093750
0.928710937500000
0.749206542968750
0.943664550781250
0.747314453125000
0.916320800781250
0.750488281250000
0.922485351562500
0.745544433593750
0.942077636718750
0.750732421875000
0.943542480468750
0.756408691406250
0.933410644531250
0.762817382812500
0.948486328125000
0.750915527343750
0.934143066406250
0.756713867187500
0.934387207031250
0.752807617187500
0.745605468750000
0.941589355468750
0.754394531250000
0.939575195312500
0.751098632812500
0.944519042968750
0.746948242187500
0.935729980468750
0.747131347656250
0.936706542968750
0.750122070312500
0.945190429687500
0.755126953125000
0.911071777343750
0.746154785156250
0.939208984375000
0.745239257812500
0.935302734375000
0.756835937500000
0.749877929687500
0.939331054687500
0.745910644531250
0.938964843750000
0.759521484375000
0.934448242187500
0.729492187500000
0.935852050781250
0.757812500000000
0.943847656250000
0.719055175781250
0.956604003906250
0.755126953125000
0.940734863281250
0.757934570312500
0.918701171875000
0.760925292968750
0.910156250000000
0.764465332031250
0.943786621093750
0.766357421875000
0.937500000000000
0.757141113281250
1.502624511718750
0.904968261718750
0.752502441406250
0.962951660156250
0.759033203125000
0.951232910156250
0.754150390625000
0.930786132812500
0.750427246093750
0.943115234375000
0.924011230468750
0.758666992187500
0.757873535156250
0.935119628906250
0.945434570312500
0.756164550781250
0.763549804687500
0.948181152343750
0.928039550781250
0.754882812500000
0.751770019531250
0.950012207031250
0.766540527343750
0.926208496093750
0.769348144531250
0.937561035156250
0.756286621093750
0.943603515625000
0.759704589843750
0.946411132812500
0.757995605468750
0.926391601562500
0.933959960937500
0.758850097656250
0.762756347656250
0.935058593750000
0.944458007812500
0.765991210937500
0.760620117187500
0.941894531250000
0.754699707031250
0.938964843750000
0.752624511718750
0.941467285156250
0.759216308593750
0.917541503906250
0.950317382812500
0.762695312500000
0.934997558593750
0.760986328125000
0.938903808593750
0.756591796875000
0.757690429687500
0.942077636718750
0.751403808593750
0.937866210937500
0.934509277343750
0.754760742187500
0.951416015625000
0.751953125000000
0.761352539062500
0.942749023437500
0.752868652343750
0.951477050781250
0.760009765625000
0.945617675781250
0.755493164062500
0.956298828125000
0.754150390625000
0.912963867187500
0.777282714843750
0.925354003906250
0.952026367187500
0.769531250000000
0.769104003906250
0.949768066406250
0.769958496093750
0.950500488281250
0.771423339843750
0.956604003906250
0.768493652343750
0.779846191406250
0.961181640625000
0.920043945312500
0.769897460937500
0.960388183593750
0.571838378906250
0.952026367187500
0.762084960937500
0.765991210937500
0.953063964843750
0.759521484375000
0.946960449218750
0.760131835937500
0.962890625000000
0.764953613281250
0.949401855468750
0.763122558593750
0.962463378906250
0.759460449218750
0.928222656250000
0.766113281250000
0.912841796875000
0.958801269531250
0.772766113281250
0.925659179687500
0.766052246093750
0.949462890625000
0.753540039062500
0.958007812500000
0.757507324218750
0.957763671875000
0.772155761718750
0.956176757812500
0.740295410156250
0.949218750000000
0.762573242187500
0.966491699218750
0.765930175781250
0.955444335937500
0.759277343750000
0.766296386718750
0.946533203125000
0.773498535156250
0.923828125000000
0.955383300781250
0.766174316406250
0.766967773437500
0.963378906250000
0.772766113281250
0.950500488281250
0.771301269531250
0.960021972656250
0.766967773437500
0.949218750000000
0.758911132812500
0.960632324218750
0.762145996093750
0.953674316406250
0.754638671875000
0.957519531250000
0.760192871093750
0.964660644531250
0.758544921875000
0.963928222656250
0.755554199218750
0.944885253906250
0.771484375000000
0.956420898437500
0.766906738281250
0.777221679687500
0.976135253906250
0.760009765625000
0.956604003906250
0.767150878906250
0.954162597656250
0.764404296875000
0.962280273437500
0.756835937500000
0.966003417968750
0.766540527343750
0.767822265625000
0.948669433593750
0.940002441406250
0.761413574218750
0.774169921875000
0.965942382812500
0.777221679687500
0.970214843750000
0.771423339843750
0.962890625000000
0.768859863281250
0.776489257812500
0.961853027343750
0.767395019531250
0.947692871093750
0.765747070312500
0.956420898437500
0.763000488281250
0.958740234375000
0.770568847656250
0.960205078125000
0.741088867187500
0.961181640625000
0.765563964843750
0.960388183593750
0.763977050781250
0.963806152343750
0.762817382812500
0.959350585937500
0.764892578125000
0.958007812500000
0.767272949218750
0.952636718750000
0.741699218750000
0.958190917968750
0.778503417968750
0.965332031250000
0.766296386718750
0.956481933593750
0.769104003906250
0.772155761718750
0.960388183593750
0.780578613281250
0.973388671875000
0.773437500000000
0.966186523437500
0.778320312500000
0.957824707031250
0.772583007812500
0.774353027343750
0.974792480468750
0.756408691406250
0.933654785156250
0.771118164062500
0.946655273437500
0.963928222656250
0.770141601562500
0.770202636718750
0.968139648437500
0.781799316406250
0.971252441406250
0.774108886718750
0.933959960937500
0.768615722656250
0.970336914062500
0.772644042968750
0.970397949218750
0.765502929687500
0.967712402343750
0.748718261718750
0.965759277343750
0.785888671875000
0.959777832031250
0.779785156250000
0.777038574218750
0.965515136718750
0.767578125000000
0.957275390625000
0.772766113281250
0.962158203125000
0.782775878906250
0.961791992187500
0.767944335937500
0.963867187500000
0.766174316406250
0.972351074218750
0.772338867187500
0.977172851562500
0.776733398437500
0.771057128906250
0.972595214843750
0.768981933593750
0.949401855468750
0.769226074218750
0.980895996093750
0.768371582031250
0.970947265625000
0.777832031250000
0.968933105468750
0.770629882812500
0.972717285156250
0.762756347656250
0.943847656250000
0.782775878906250
0.966613769531250
0.743408203125000
0.952209472656250
0.792175292968750
0.957946777343750
0.774047851562500
0.958984375000000
0.771057128906250
0.958435058593750
0.776550292968750
0.776062011718750
0.965942382812500
0.775268554687500
0.969970703125000
0.791198730468750
0.949096679687500
0.748901367187500
0.937011718750000
0.768981933593750
0.952148437500000
0.779235839843750
0.958374023437500
0.938293457031250
0.774902343750000
0.957092285156250
0.782897949218750
0.756530761718750
0.959106445312500
0.936096191406250
0.770263671875000
0.947204589843750
0.777587890625000
0.974914550781250
0.763305664062500
0.949707031250000
0.754943847656250
0.972717285156250
0.781188964843750
0.765686035156250
0.975769042968750
0.763366699218750
0.975891113281250
0.772155761718750
0.967590332031250
0.770446777343750
0.967285156250000
0.788391113281250
0.961608886718750
0.783508300781250
0.953735351562500
0.759643554687500
0.962097167968750
0.779479980468750
0.954956054687500
0.774353027343750
0.958251953125000
0.772277832031250
0.967224121093750
0.783935546875000
0.974060058593750
0.771118164062500
0.774230957031250
0.968139648437500
0.785095214843750
0.962341308593750
0.777587890625000
0.978759765625000
0.789672851562500
0.968322753906250
0.777526855468750
0.957946777343750
0.778503417968750
0.953369140625000
0.781494140625000
0.967773437500000
0.754699707031250
0.959960937500000
0.776000976562500
0.976257324218750
0.773925781250000
0.973327636718750
0.772155761718750
0.782775878906250
0.968933105468750
0.947875976562500
0.772583007812500
0.966796875000000
0.753662109375000
0.980590820312500
0.778686523437500
0.949462890625000
0.769714355468750
0.977844238281250
0.779968261718750
0.973266601562500
0.777099609375000
0.945129394531250
0.775756835937500
0.987365722656250
0.779602050781250
0.783203125000000
0.969299316406250
0.773498535156250
0.984619140625000
0.790527343750000
0.950622558593750
0.785827636718750
0.991210937500000
0.797241210937500
0.990783691406250
0.789733886718750
0.779479980468750
0.969055175781250
0.797729492187500
0.944946289062500
0.795349121093750
0.967895507812500
0.791381835937500
0.971130371093750
0.783508300781250
0.971557617187500
0.782653808593750
0.986755371093750
0.791442871093750
0.972473144531250
0.785156250000000
0.797607421875000
0.977966308593750
0.789428710937500
0.952026367187500
0.797546386718750
0.977600097656250
0.765808105468750
0.985107421875000
0.790283203125000
0.985961914062500
0.778015136718750
0.791381835937500
0.978576660156250
0.778381347656250
0.976684570312500
0.772216796875000
0.974731445312500
0.783386230468750
0.981384277343750
0.778381347656250
0.984497070312500
0.784362792968750
0.975952148437500
0.778503417968750
0.972473144531250
0.794555664062500
0.792297363281250
0.983398437500000
0.955505371093750
0.783569335937500
0.779663085937500
0.976440429687500
0.782714843750000
0.990112304687500
0.779907226562500
0.984497070312500
0.772033691406250
0.987487792968750
0.790466308593750
0.992065429687500
0.784179687500000
0.984436035156250
0.762207031250000
0.936950683593750
0.793762207031250
0.973449707031250
0.781677246093750
0.978210449218750
0.786193847656250
0.989257812500000
0.774780273437500
0.989318847656250
0.775268554687500
0.979858398437500
0.774963378906250
0.976623535156250
0.772705078125000
0.996520996093750
0.782531738281250
0.984375000000000
0.776184082031250
0.993103027343750
0.790039062500000
0.776733398437500
0.986694335937500
0.797912597656250
0.988159179687500
0.788757324218750
1.005004882812500
0.774658203125000
0.958007812500000
0.817687988281250
0.786193847656250
0.977600097656250
0.793762207031250
0.989257812500000
0.768432617187500
0.996948242187500
0.955261230468750
0.795410156250000
0.962280273437500
0.790039062500000
0.785034179687500
0.976379394531250
0.790527343750000
0.991882324218750
0.800292968750000
0.967163085937500
0.765441894531250
0.996887207031250
0.795166015625000
0.963500976562500
0.791748046875000
0.986450195312500
0.789123535156250
0.996337890625000
0.788574218750000
0.993713378906250
0.790344238281250
0.780761718750000
0.995910644531250
0.792114257812500
0.987304687500000
0.791748046875000
0.987854003906250
0.790039062500000
0.983215332031250
0.778625488281250
0.968750000000000
0.785705566406250
0.994262695312500
0.782348632812500
0.801635742187500
0.978881835937500
0.783020019531250
0.985534667968750
0.955749511718750
0.795227050781250
0.973999023437500
0.789245605468750
0.784606933593750
0.990905761718750
0.765563964843750
0.982971191406250
0.778015136718750
0.987182617187500
0.782470703125000
0.969421386718750
0.800109863281250
0.956359863281250
0.791503906250000
0.977050781250000
0.791992187500000
0.978820800781250
0.785644531250000
0.981384277343750
0.781738281250000
0.981628417968750
0.794372558593750
0.990539550781250
0.782165527343750
0.986328125000000
0.788208007812500
0.984191894531250
0.781921386718750
0.973205566406250
0.782226562500000
0.993286132812500
0.788635253906250
0.796752929687500
0.980346679687500
0.789428710937500
0.989562988281250
0.775085449218750
0.993286132812500
0.785827636718750
0.983215332031250
0.783630371093750
0.990539550781250
0.786621093750000
0.982421875000000
0.795898437500000
0.793090820312500
0.988708496093750
0.798645019531250
0.988403320312500
0.788513183593750
0.982055664062500
0.766906738281250
0.988403320312500
0.791564941406250
0.988647460937500
0.783447265625000
0.981933593750000
0.781494140625000
0.977416992187500
0.781860351562500
0.985656738281250
0.793823242187500
0.797180175781250
0.980468750000000
0.976684570312500
0.792663574218750
0.786865234375000
0.988342285156250
0.781738281250000
0.978271484375000
0.774047851562500
0.987976074218750
0.785400390625000
0.988281250000000
0.953247070312500
0.783569335937500
0.802612304687500
0.984741210937500
0.780273437500000
0.986633300781250
0.784301757812500
0.985717773437500
0.798706054687500
0.989562988281250
0.768249511718750
0.965026855468750
0.793212890625000
0.989013671875000
0.793640136718750
0.986083984375000
0.773620605468750
0.991516113281250
0.787231445312500
0.995971679687500
0.795776367187500
0.994323730468750
0.780212402343750
0.979431152343750
0.782897949218750
0.989135742187500
0.798645019531250
1.001464843750000
0.800354003906250
0.997375488281250
0.793457031250000
0.797912597656250
0.996276855468750
0.790039062500000
0.982543945312500
0.788391113281250
0.980468750000000
0.798339843750000
0.987915039062500
0.799865722656250
0.992187500000000
0.787292480468750
1.001464843750000
0.796875000000000
0.991149902343750
0.792968750000000
0.985961914062500
0.791320800781250
0.785522460937500
0.993896484375000
0.789978027343750
0.985473632812500
0.787353515625000
0.979187011718750
0.791992187500000
0.980957031250000
0.794494628906250
0.985351562500000
0.792053222656250
0.961242675781250
0.794860839843750
0.982360839843750
0.789672851562500
0.989257812500000
0.768798828125000
0.984313964843750
0.790039062500000
0.996032714843750
0.799987792968750
0.990234375000000
0.795043945312500
0.996520996093750
0.807434082031250
0.990600585937500
0.788757324218750
0.994628906250000
0.793701171875000
0.962707519531250
0.776000976562500
0.984191894531250
0.777770996093750
0.981262207031250
0.768432617187500
0.967529296875000
0.794006347656250
1.003967285156250
0.788696289062500
0.997436523437500
0.790283203125000
0.985412597656250
0.793884277343750
0.987243652343750
0.783569335937500
0.960937500000000
0.810607910156250
0.945800781250000
0.798950195312500
1.001159667968750
0.790466308593750
0.991516113281250
0.794250488281250
0.980224609375000
0.787597656250000
0.992126464843750
0.780151367187500
0.981811523437500
0.795043945312500
0.986083984375000
0.794738769531250
0.793884277343750
0.995117187500000
0.790832519531250
0.992858886718750
0.791870117187500
0.988159179687500
0.797851562500000
0.967712402343750
0.794677734375000
0.997375488281250
0.792907714843750
0.999389648437500
0.762084960937500
0.991088867187500
0.787658691406250
0.993286132812500
0.793518066406250
0.997863769531250
0.802124023437500
0.987609863281250
0.793884277343750
0.993103027343750
0.794311523437500
0.797668457031250
0.986389160156250
0.802001953125000
1.001281738281250
0.794799804687500
1.000244140625000
0.786376953125000
0.976928710937500
0.800292968750000
1.008544921875000
0.798400878906250
0.976501464843750
0.790283203125000
0.758911132812500
0.805908203125000
0.977294921875000
0.813049316406250
0.983825683593750
0.796203613281250
1.003784179687500
0.794677734375000
0.996032714843750
0.809509277343750
0.994201660156250
0.771179199218750
1.003356933593750
0.783630371093750
0.994079589843750
0.807250976562500
0.992248535156250
0.808593750000000
0.801757812500000
0.996948242187500
0.963378906250000
0.794128417968750
0.994445800781250
0.806396484375000
0.970092773437500
0.791076660156250
0.990661621093750
0.796936035156250
0.997863769531250
0.790649414062500
0.996765136718750
0.791320800781250
0.809570312500000
0.999267578125000
0.800903320312500
0.989196777343750
0.771301269531250
0.989135742187500
0.973205566406250
0.800109863281250
0.991333007812500
0.798217773437500
0.961181640625000
0.801147460937500
0.996704101562500
0.805175781250000
0.990905761718750
0.810729980468750
0.788574218750000
1.016601562500000
0.801635742187500
0.987792968750000
0.794189453125000
0.991455078125000
0.778015136718750
0.996704101562500
0.800781250000000
0.974914550781250
0.803527832031250
1.003417968750000
0.795349121093750
0.983581542968750
0.796508789062500
0.979553222656250
0.774597167968750
1.034484863281250
0.804504394531250
0.989440917968750
0.797729492187500
0.988525390625000
0.798828125000000
0.994812011718750
0.783142089843750
0.997985839843750
0.798767089843750
0.967163085937500
0.790466308593750
1.005554199218750
0.782836914062500
1.008300781250000
0.793334960937500
0.967590332031250
0.798095703125000
1.006774902343750
0.794067382812500
0.798645019531250
1.013610839843750
0.972412109375000
0.787353515625000
0.996215820312500
0.802490234375000
0.799804687500000
0.987670898437500
0.800476074218750
0.994079589843750
0.777160644531250
0.994384765625000
0.803466796875000
1.003479003906250
0.802185058593750
0.999755859375000
0.805175781250000
0.993164062500000
0.801025390625000
1.006286621093750
0.801086425781250
0.986267089843750
0.803771972656250
0.803222656250000
0.985595703125000
0.804321289062500
0.987487792968750
0.777404785156250
0.991455078125000
0.803710937500000
0.997131347656250
0.799743652343750
1.005615234375000
0.791076660156250
0.994750976562500
0.799926757812500
0.974060058593750
0.808227539062500
1.002929687500000
0.798583984375000
1.000427246093750
0.804260253906250
0.973205566406250
0.793273925781250
0.973876953125000
0.790100097656250
0.970031738281250
0.794555664062500
0.998962402343750
0.769653320312500
1.007507324218750
0.797790527343750
1.008056640625000
0.795166015625000
0.992736816406250
0.780944824218750
0.984191894531250
0.818481445312500
0.999450683593750
0.809204101562500
0.972229003906250
0.809448242187500
0.817932128906250
0.948852539062500
0.813720703125000
0.994567871093750
0.806823730468750
0.997070312500000
0.792724609375000
0.999633789062500
0.802917480468750
0.988220214843750
0.797424316406250
1.007324218750000
0.806762695312500
0.986694335937500
0.798034667968750
0.802185058593750
0.996826171875000
0.808044433593750
1.006286621093750
0.791076660156250
0.997070312500000
0.804748535156250
0.997924804687500
0.797058105468750
0.807800292968750
0.991638183593750
0.778259277343750
1.004699707031250
0.799560546875000
1.007568359375000
0.807800292968750
0.973754882812500
0.791870117187500
0.997009277343750
0.788879394531250
0.998107910156250
0.803161621093750
0.996398925781250
0.811279296875000
0.804748535156250
1.005004882812500
0.809387207031250
0.999694824218750
0.800903320312500
1.001037597656250
0.794677734375000
0.991516113281250
0.799072265625000
0.994506835937500
0.777893066406250
0.998596191406250
0.767272949218750
1.002868652343750
0.768310546875000
0.995361328125000
0.796020507812500
0.965148925781250
0.799682617187500
0.999511718750000
0.801879882812500
0.986633300781250
0.802978515625000
0.989440917968750
0.792358398437500
0.990722656250000
0.793212890625000
0.997436523437500
0.793518066406250
0.810974121093750
1.002807617187500
0.790405273437500
0.992126464843750
0.796813964843750
0.991577148437500
0.795532226562500
0.974670410156250
0.799926757812500
1.007080078125000
0.795104980468750
0.991882324218750
0.788574218750000
0.991516113281250
0.799987792968750
1.004882812500000
0.784545898437500
0.994995117187500
0.797546386718750
0.802001953125000
0.999572753906250
0.970031738281250
0.790954589843750
0.969665527343750
0.797180175781250
0.987243652343750
0.804626464843750
0.983947753906250
0.794433593750000
0.992370605468750
0.804626464843750
0.999389648437500
0.808776855468750
0.795959472656250
1.007873535156250
0.805541992187500
1.001647949218750
0.797790527343750
0.981567382812500
0.785705566406250
1.014831542968750
0.792175292968750
0.995361328125000
0.777282714843750
1.003112792968750
0.775756835937500
0.998779296875000
0.809448242187500
1.003845214843750
0.770019531250000
0.996948242187500
0.807556152343750
1.000488281250000
0.795532226562500
1.003417968750000
0.801208496093750
0.800292968750000
0.980651855468750
0.976745605468750
0.801757812500000
0.994934082031250
0.802368164062500
0.799133300781250
1.000305175781250
0.794555664062500
0.988708496093750
0.802124023437500
0.995300292968750
0.799865722656250
1.005615234375000
0.797912597656250
0.998046875000000
0.799804687500000
0.988464355468750
0.807678222656250
1.001708984375000
0.793518066406250
0.793395996093750
0.997619628906250
0.795288085937500
0.996582031250000
0.775451660156250
1.009582519531250
0.788024902343750
1.005798339843750
0.799255371093750
0.993286132812500
0.796508789062500
0.995361328125000
0.809448242187500
0.998413085937500
0.800354003906250
1.007263183593750
0.795959472656250
0.808837890625000
1.000183105468750
0.794311523437500
0.993408203125000
0.801696777343750
0.997680664062500
0.792053222656250
0.991088867187500
0.800781250000000
0.999877929687500
0.783508300781250
0.997192382812500
0.792602539062500
0.995117187500000
0.803527832031250
0.986877441406250
0.801818847656250
0.977722167968750
0.776489257812500
0.989379882812500
0.804321289062500
0.987426757812500
0.818603515625000
0.997985839843750
0.774291992187500
0.997619628906250
0.802246093750000
1.004577636718750
0.792358398437500
1.001892089843750
0.799499511718750
0.994201660156250
0.798828125000000
0.794982910156250
1.003906250000000
0.796447753906250
1.016052246093750
0.940368652343750
0.752319335937500
0.974060058593750
0.794738769531250
0.997802734375000
0.798278808593750
0.993286132812500
0.807189941406250
0.998291015625000
0.796447753906250
0.998474121093750
0.801452636718750
0.975463867187500
0.787719726562500
0.999389648437500
0.819519042968750
0.964599609375000
0.802734375000000
0.980773925781250
0.802673339843750
0.988830566406250
0.794189453125000
0.995544433593750
0.808776855468750
0.793273925781250
1.001953125000000
0.796325683593750
0.995422363281250
0.787475585937500
1.001098632812500
0.792968750000000
1.001220703125000
0.790344238281250
0.984497070312500
0.794738769531250
0.994934082031250
0.785400390625000
0.997863769531250
0.798828125000000
1.005004882812500
0.801330566406250
0.808105468750000
0.989562988281250
0.807128906250000
0.995666503906250
0.784057617187500
0.994689941406250
0.801818847656250
0.994140625000000
0.789123535156250
1.005310058593750
0.796386718750000
0.999389648437500
0.807922363281250
0.988037109375000
0.799560546875000
0.994140625000000
0.800903320312500
0.968994140625000
0.779541015625000
0.996826171875000
0.811035156250000
0.983825683593750
0.798950195312500
1.000000000000000
0.798217773437500
0.991699218750000
0.802917480468750
0.803833007812500
0.993896484375000
0.809814453125000
1.012207031250000
0.808227539062500
0.993225097656250
0.812316894531250
0.992675781250000
0.800292968750000
0.799926757812500
1.008789062500000
0.789367675781250
0.999084472656250
0.973388671875000
0.792663574218750
0.994628906250000
0.799682617187500
0.798767089843750
1.012329101562500
0.795288085937500
0.994628906250000
0.803833007812500
0.998413085937500
0.802307128906250
0.998168945312500
0.792053222656250
0.989624023437500
0.792968750000000
1.001159667968750
0.808044433593750
0.989746093750000
0.817932128906250
0.976318359375000
0.806091308593750
0.997924804687500
0.806823730468750
0.803283691406250
0.993835449218750
0.803833007812500
0.997863769531250
0.787353515625000
1.001342773437500
0.796264648437500
0.999511718750000
0.796020507812500
1.005249023437500
0.803833007812500
1.002868652343750
0.803344726562500
0.799682617187500
1.001281738281250
0.981201171875000
0.778442382812500
1.007934570312500
0.796264648437500
0.974853515625000
0.800354003906250
1.007934570312500
0.770080566406250
1.007751464843750
0.803771972656250
0.972167968750000
0.772888183593750
1.021057128906250
0.803466796875000
0.994201660156250
0.808898925781250
0.803466796875000
1.003356933593750
0.803771972656250
0.997009277343750
0.806213378906250
0.993347167968750
0.822387695312500
0.810363769531250
1.011169433593750
0.800720214843750
0.994812011718750
0.770446777343750
1.005615234375000
0.797668457031250
0.988159179687500
0.796142578125000
1.003906250000000
0.808044433593750
0.970153808593750
0.795959472656250
0.986328125000000
0.800354003906250
1.008117675781250
0.801208496093750
0.998046875000000
0.799438476562500
0.970214843750000
0.781738281250000
0.998962402343750
0.800048828125000
1.003051757812500
0.808166503906250
1.005310058593750
0.803283691406250
0.814880371093750
1.006164550781250
0.799865722656250
1.004943847656250
0.793945312500000
1.012329101562500
0.804199218750000
0.972961425781250
0.811401367187500
1.006469726562500
0.803039550781250
0.982360839843750
0.795043945312500
0.991516113281250
0.775573730468750
0.963073730468750
0.814575195312500
0.993469238281250
0.777160644531250
0.997070312500000
0.811218261718750
1.014099121093750
0.784545898437500
0.982727050781250
0.809997558593750
1.004272460937500
0.799987792968750
1.014404296875000
0.806945800781250
0.931396484375000
0.779052734375000
0.995910644531250
0.801391601562500
1.010620117187500
0.798339843750000
1.014526367187500
0.795898437500000
1.007385253906250
0.795654296875000
0.813232421875000
0.987670898437500
0.806762695312500
1.006530761718750
0.803100585937500
1.003051757812500
0.807434082031250
1.019287109375000
0.800842285156250
0.795532226562500
1.002441406250000
0.805297851562500
0.999877929687500
0.770385742187500
1.010253906250000
0.802185058593750
1.008361816406250
0.802429199218750
1.004333496093750
0.805480957031250
1.001831054687500
0.804321289062500
0.991271972656250
0.797851562500000
0.803283691406250
1.000671386718750
0.803039550781250
1.009094238281250
0.797912597656250
0.980224609375000
0.813354492187500
1.019042968750000
0.793151855468750
1.002014160156250
0.809204101562500
1.017028808593750
0.802429199218750
1.007385253906250
0.798889160156250
0.809997558593750
0.989562988281250
0.968444824218750
0.784973144531250
0.992858886718750
0.804748535156250
0.995117187500000
0.809448242187500
1.011413574218750
0.820068359375000
0.818786621093750
1.011901855468750
0.802673339843750
0.993591308593750
0.807983398437500
1.014770507812500
0.814025878906250
1.014160156250000
0.775573730468750
1.023132324218750
0.807800292968750
1.027893066406250
0.763610839843750
1.017639160156250
0.800231933593750
1.005737304687500
0.823303222656250
0.989929199218750
0.806335449218750
0.984680175781250
0.799194335937500
1.011779785156250
0.795349121093750
1.007446289062500
0.818786621093750
0.817749023437500
1.010375976562500
0.811462402343750
1.000122070312500
0.792053222656250
0.995666503906250
0.805297851562500
1.007141113281250
0.783203125000000
1.012939453125000
0.797912597656250
1.021850585937500
0.804199218750000
0.812316894531250
0.806762695312500
0.981445312500000
0.790588378906250
1.032165527343750
0.808837890625000
0.983947753906250
0.816589355468750
1.009948730468750
0.805053710937500
1.019104003906250
0.805847167968750
1.016601562500000
0.813232421875000
0.816528320312500
1.019592285156250
0.802612304687500
1.016967773437500
0.812866210937500
1.018798828125000
0.811096191406250
1.016174316406250
0.807006835937500
1.007202148437500
0.807189941406250
0.998474121093750
0.801452636718750
1.012145996093750
0.797241210937500
1.005126953125000
0.800720214843750
1.000000000000000
0.800048828125000
0.817443847656250
1.009094238281250
0.804687500000000
1.027526855468750
0.799255371093750
1.007385253906250
0.810119628906250
1.008850097656250
0.815612792968750
1.004211425781250
0.806823730468750
0.981750488281250
0.815307617187500
1.007019042968750
0.807434082031250
1.002380371093750
0.814453125000000
1.002990722656250
0.812255859375000
0.819763183593750
1.010742187500000
0.810729980468750
0.999877929687500
0.805480957031250
1.015075683593750
0.808227539062500
1.018676757812500
0.806762695312500
1.007812500000000
0.797241210937500
0.966796875000000
0.807739257812500
1.004455566406250
0.813964843750000
1.015075683593750
0.804687500000000
1.016601562500000
0.811462402343750
0.991271972656250
0.813293457031250
1.013610839843750
0.813659667968750
0.820983886718750
1.019714355468750
0.801757812500000
1.001525878906250
0.780883789062500
0.997985839843750
0.800964355468750
1.019531250000000
0.987548828125000
0.812438964843750
0.843261718750000
0.990539550781250
0.982116699218750
0.774230957031250
0.991088867187500
0.822692871093750
1.020568847656250
0.807312011718750
1.018432617187500
0.813354492187500
0.812805175781250
1.010803222656250
0.820556640625000
1.014953613281250
0.811523437500000
1.003845214843750
0.815368652343750
0.994384765625000
0.829345703125000
1.011962890625000
0.817382812500000
1.009155273437500
0.824462890625000
0.815856933593750
1.013610839843750
0.816711425781250
1.007446289062500
0.817199707031250
1.010559082031250
0.812683105468750
1.017150878906250
0.809875488281250
1.026855468750000
0.813903808593750
1.011047363281250
0.783874511718750
1.011535644531250
0.811767578125000
1.005187988281250
0.823852539062500
1.006713867187500
0.814208984375000
1.007446289062500
0.811279296875000
0.985290527343750
0.806213378906250
1.014892578125000
0.792785644531250
1.014953613281250
0.809692382812500
0.810058593750000
1.007263183593750
0.810424804687500
1.017272949218750
0.816894531250000
1.007934570312500
0.811950683593750
1.005615234375000
0.807983398437500
1.014465332031250
0.813537597656250
1.010559082031250
0.811706542968750
1.003479003906250
0.807006835937500
1.021850585937500
0.819885253906250
1.013000488281250
0.815429687500000
1.008117675781250
0.804077148437500
0.805725097656250
1.021301269531250
0.804931640625000
1.007934570312500
0.819030761718750
1.024108886718750
0.804443359375000
1.013916015625000
0.804138183593750
1.012878417968750
0.820312500000000
1.009887695312500
0.802673339843750
1.018066406250000
0.804199218750000
1.018554687500000
0.811340332031250
0.813476562500000
1.020874023437500
0.810546875000000
1.018249511718750
0.987426757812500
0.800048828125000
1.009399414062500
0.801513671875000
1.011291503906250
0.804077148437500
1.011596679687500
0.799255371093750
1.012268066406250
0.799438476562500
1.021423339843750
0.816772460937500
0.824340820312500
1.012451171875000
0.809753417968750
1.000244140625000
0.816467285156250
1.000671386718750
0.800048828125000
1.019897460937500
0.796752929687500
0.990112304687500
0.803527832031250
0.993469238281250
1.004211425781250
0.805786132812500
1.000976562500000
0.802551269531250
0.995117187500000
0.813354492187500
0.995666503906250
0.811340332031250
1.001892089843750
0.804931640625000
1.006713867187500
0.805847167968750
1.009216308593750
0.807250976562500
1.009704589843750
0.802795410156250
1.010253906250000
0.799560546875000
1.007385253906250
0.805358886718750
1.011718750000000
0.799316406250000
1.020996093750000
0.800903320312500
1.008911132812500
0.810852050781250
1.020935058593750
0.790893554687500
1.015197753906250
0.815246582031250
0.996093750000000
0.811401367187500
1.014770507812500
0.803161621093750
1.014160156250000
0.815979003906250
1.023193359375000
0.800659179687500
1.013793945312500
0.814941406250000
1.010253906250000
0.806091308593750
1.010437011718750
0.814270019531250
1.012878417968750
0.802429199218750
1.007751464843750
0.820800781250000
1.019531250000000
0.817687988281250
1.003173828125000
0.804443359375000
1.016357421875000
0.805541992187500
1.010986328125000
0.802001953125000
1.014526367187500
0.804748535156250
1.012634277343750
0.807495117187500
1.013183593750000
0.804748535156250
0.999755859375000
0.805114746093750
1.012756347656250
0.799682617187500
1.007812500000000
0.806884765625000
0.999938964843750
0.805969238281250
1.007568359375000
0.814575195312500
1.014221191406250
0.809143066406250
1.008422851562500
0.809631347656250
1.006225585937500
0.809143066406250
1.015014648437500
0.793518066406250
1.019165039062500
0.832702636718750
0.849121093750000
1.002441406250000
0.807678222656250
1.016174316406250
0.833374023437500
0.981628417968750
0.809143066406250
1.012817382812500
0.807434082031250
1.007141113281250
0.797058105468750
0.988342285156250
1.003417968750000
0.806701660156250
1.026611328125000
0.792724609375000
0.983093261718750
0.790100097656250
1.013671875000000
0.795349121093750
0.987854003906250
0.807556152343750
1.031921386718750
0.804077148437500
1.016479492187500
0.809020996093750
1.011962890625000
0.805358886718750
1.017578125000000
0.820739746093750
1.020812988281250
0.797363281250000
1.015441894531250
0.800354003906250
1.010559082031250
0.801391601562500
1.003295898437500
0.805480957031250
1.006042480468750
0.787597656250000
1.007995605468750
0.806030273437500
1.010986328125000
0.816406250000000
1.014099121093750
0.809753417968750
1.002075195312500
0.810180664062500
1.010559082031250
0.813659667968750
1.020568847656250
0.805908203125000
1.019775390625000
0.808715820312500
1.016662597656250
0.809936523437500
0.989440917968750
0.805725097656250
1.022521972656250
0.801635742187500
1.020812988281250
0.816467285156250
1.018371582031250
0.817810058593750
1.031494140625000
0.811523437500000
1.007934570312500
0.813842773437500
1.023559570312500
0.820495605468750
1.016479492187500
0.814453125000000
1.010559082031250
0.822631835937500
1.011962890625000
0.810058593750000
1.017089843750000
0.816223144531250
1.008117675781250
0.815856933593750
1.019409179687500
0.820495605468750
1.017944335937500
0.817932128906250
0.821105957031250
1.019226074218750
0.816955566406250
1.015441894531250
0.815063476562500
1.021057128906250
0.816711425781250
1.019836425781250
0.812500000000000
1.026489257812500
0.815307617187500
1.022949218750000
0.815368652343750
1.018127441406250
0.820800781250000
1.013244628906250
0.829528808593750
1.015136718750000
0.820922851562500
1.009643554687500
0.826354980468750
0.825988769531250
1.014404296875000
1.000549316406250
0.815612792968750
1.017272949218750
0.819335937500000
1.011413574218750
0.812744140625000
0.819519042968750
1.021362304687500
0.994262695312500
0.820373535156250
1.018554687500000
0.815063476562500
1.014038085937500
0.807861328125000
1.018554687500000
0.822875976562500
0.823120117187500
1.018432617187500
0.813781738281250
1.026550292968750
0.827209472656250
1.030090332031250
0.807434082031250
1.021850585937500
0.818908691406250
1.024597167968750
0.826171875000000
1.023864746093750
0.810668945312500
0.820983886718750
1.026062011718750
0.810668945312500
1.022033691406250
0.822082519531250
1.028503417968750
0.819335937500000
1.022460937500000
0.807922363281250
1.029052734375000
0.814270019531250
1.013366699218750
0.814270019531250
1.031188964843750
0.813232421875000
1.017761230468750
0.807189941406250
1.020874023437500
0.800842285156250
1.010986328125000
0.803833007812500
1.024841308593750
0.805053710937500
1.022460937500000
0.812866210937500
1.013671875000000
0.802978515625000
1.002624511718750
0.819885253906250
0.999633789062500
0.809997558593750
1.018310546875000
0.809631347656250
1.012390136718750
0.811889648437500
1.008605957031250
0.813415527343750
1.015563964843750
0.813415527343750
1.015502929687500
0.809814453125000
1.016845703125000
0.811828613281250
1.012084960937500
0.810668945312500
1.015319824218750
1.010253906250000
0.809997558593750
1.019287109375000
0.806335449218750
1.018798828125000
0.807556152343750
1.016906738281250
0.805664062500000
1.015625000000000
0.808715820312500
1.017150878906250
0.810668945312500
1.016967773437500
0.803100585937500
1.010681152343750
0.813171386718750
1.036499023437500
0.798217773437500
1.014343261718750
0.797668457031250
1.021484375000000
0.824523925781250
1.006774902343750
0.809692382812500
1.010742187500000
0.817932128906250
1.020568847656250
0.809631347656250
1.019165039062500
0.811157226562500
1.010314941406250
0.774047851562500
1.039489746093750
0.788513183593750
1.027282714843750
0.805114746093750
1.019104003906250
0.810485839843750
1.021972656250000
0.816345214843750
1.022583007812500
0.813415527343750
1.018493652343750
0.809143066406250
1.016235351562500
0.809875488281250
1.015991210937500
0.811340332031250
1.026306152343750
0.821472167968750
1.020629882812500
0.814636230468750
1.017578125000000
0.812805175781250
1.019897460937500
0.817504882812500
1.016235351562500
0.821166992187500
1.012695312500000
0.794006347656250
1.024047851562500
0.827880859375000
1.010437011718750
0.821838378906250
1.033874511718750
0.805908203125000
0.828247070312500
1.016479492187500
0.808837890625000
1.024169921875000
0.814208984375000
1.044067382812500
0.818420410156250
1.028625488281250
0.817626953125000
1.026794433593750
0.807250976562500
1.036071777343750
0.809082031250000
1.030822753906250
0.811035156250000
1.017822265625000
0.832397460937500
1.026611328125000
0.816345214843750
1.031494140625000
0.815856933593750
1.019470214843750
0.806823730468750
1.020080566406250
0.805725097656250
1.023437500000000
0.815734863281250
1.020507812500000
0.815429687500000
1.030578613281250
0.819641113281250
1.023681640625000
0.811096191406250
1.036804199218750
0.817626953125000
1.021362304687500
0.819641113281250
1.034118652343750
0.815856933593750
1.019226074218750
0.821411132812500
1.016601562500000
0.781433105468750
0.830810546875000
1.025329589843750
0.817077636718750
1.033691406250000
0.828430175781250
1.026245117187500
0.821228027343750
1.030944824218750
0.820129394531250
1.022705078125000
0.824890136718750
0.823547363281250
1.037109375000000
0.828002929687500
1.013732910156250
0.759338378906250
1.007263183593750
0.827941894531250
1.035583496093750
0.819519042968750
1.028198242187500
0.810363769531250
1.006103515625000
0.776184082031250
1.029113769531250
0.820312500000000
1.019409179687500
0.828247070312500
0.815368652343750
1.008911132812500
0.828186035156250
1.037536621093750
0.830749511718750
1.016906738281250
0.814941406250000
1.030151367187500
0.838256835937500
1.031494140625000
0.816833496093750
1.026550292968750
0.827453613281250
0.819213867187500
1.000366210937500
1.023803710937500
0.827697753906250
0.821899414062500
1.236938476562500
1.026123046875000
0.828063964843750
0.989990234375000
0.815307617187500
0.956420898437500
0.820190429687500
1.022338867187500
0.972290039062500
0.828369140625000
1.022705078125000
0.831420898437500
0.829528808593750
1.029724121093750
0.798095703125000
1.023986816406250
0.823364257812500
1.021057128906250
0.818786621093750
0.998107910156250
0.836914062500000
0.825561523437500
0.817138671875000
1.008056640625000
0.799560546875000
1.026977539062500
0.829101562500000
1.040527343750000
0.812683105468750
1.029724121093750
0.836364746093750
1.035461425781250
0.825927734375000
0.821228027343750
1.033203125000000
0.816589355468750
1.037231445312500
0.823974609375000
1.031066894531250
0.815124511718750
1.036315917968750
0.823791503906250
0.834045410156250
1.024902343750000
0.825927734375000
1.033203125000000
0.823608398437500
1.034362792968750
0.819946289062500
1.037048339843750
0.822814941406250
0.988830566406250
0.776367187500000
1.033020019531250
0.825805664062500
1.033752441406250
0.812011718750000
0.837768554687500
1.027343750000000
0.863220214843750
1.034667968750000
0.768066406250000
0.940673828125000
0.810363769531250
1.000732421875000
0.825988769531250
1.034667968750000
0.823730468750000
1.035217285156250
0.817932128906250
1.029113769531250
0.791870117187500
1.004821777343750
1.018615722656250
0.842468261718750
0.816406250000000
1.009094238281250
1.010986328125000
0.817138671875000
0.822387695312500
1.003173828125000
0.821472167968750
1.051574707031250
0.792907714843750
1.035949707031250
0.817199707031250
1.034484863281250
0.831787109375000
1.033752441406250
0.815307617187500
1.038452148437500
0.825927734375000
1.023742675781250
0.833374023437500
0.826660156250000
1.034423828125000
0.820739746093750
1.032043457031250
0.819396972656250
1.031799316406250
0.812194824218750
1.037292480468750
0.815185546875000
1.026794433593750
0.807739257812500
1.032470703125000
0.819458007812500
1.001708984375000
0.840209960937500
1.002258300781250
0.793273925781250
1.034606933593750
0.822509765625000
0.792297363281250
0.999267578125000
0.774108886718750
1.036254882812500
0.824157714843750
0.958740234375000
0.825988769531250
1.006835937500000
0.821533203125000
1.023071289062500
0.816406250000000
0.974853515625000
0.832153320312500
1.026672363281250
0.801757812500000
0.998596191406250
0.811035156250000
1.035095214843750
0.816650390625000
1.008483886718750
0.795288085937500
1.028564453125000
0.819702148437500
1.038085937500000
0.828674316406250
1.025878906250000
0.840759277343750
1.019470214843750
0.820556640625000
1.025512695312500
0.788208007812500
1.024780273437500
0.809936523437500
1.019042968750000
0.812194824218750
1.028991699218750
0.820556640625000
1.035705566406250
0.815307617187500
1.019531250000000
0.829223632812500
1.020812988281250
0.824768066406250
1.020385742187500
0.826660156250000
0.830688476562500
1.009887695312500
0.838867187500000
1.000244140625000
0.830505371093750
1.033325195312500
0.825683593750000
1.033569335937500
0.814147949218750
0.978942871093750
0.799499511718750
0.991210937500000
0.814636230468750
0.937927246093750
0.825073242187500
1.019104003906250
0.823974609375000
1.021972656250000
0.744323730468750
1.024414062500000
0.761108398437500
1.014343261718750
0.820495605468750
1.034301757812500
0.820861816406250
1.026489257812500
0.822631835937500
1.033020019531250
0.791381835937500
1.031738281250000
0.819946289062500
1.026672363281250
0.791625976562500
0.817993164062500
0.982604980468750
0.822021484375000
1.032043457031250
0.788757324218750
0.973754882812500
0.832275390625000
1.022277832031250
0.763732910156250
0.824890136718750
0.966064453125000
0.836547851562500
0.986938476562500
0.778747558593750
1.031066894531250
0.730590820312500
1.037841796875000
0.813720703125000
0.960083007812500
0.955322265625000
0.830627441406250
0.789428710937500
0.975891113281250
0.968933105468750
0.832336425781250
0.810241699218750
0.985900878906250
0.825866699218750
0.974914550781250
0.789489746093750
0.931823730468750
0.829772949218750
0.973144531250000
0.824096679687500
0.994079589843750
0.832092285156250
0.963928222656250
0.840026855468750
0.978271484375000
0.830200195312500
0.951171875000000
0.802246093750000
0.802307128906250
0.941223144531250
0.976196289062500
0.806335449218750
0.988586425781250
0.832824707031250
0.794677734375000
1.028930664062500
0.790222167968750
1.033020019531250
0.784362792968750
1.003479003906250
0.807983398437500
0.975708007812500
0.837158203125000
0.787292480468750
1.016784667968750
0.830871582031250
0.992248535156250
0.756530761718750
1.003295898437500
0.810607910156250
0.961547851562500
0.798706054687500
0.819091796875000
0.945922851562500
0.993957519531250
0.793212890625000
0.951171875000000
0.751403808593750
1.005310058593750
0.752502441406250
1.023559570312500
0.743957519531250
1.028137207031250
0.750854492187500
1.002746582031250
0.807983398437500
0.966308593750000
0.926147460937500
0.822143554687500
0.905090332031250
0.835876464843750
0.949829101562500
0.727722167968750
1.011840820312500
0.812316894531250
0.995422363281250
0.768188476562500
1.044250488281250
0.793945312500000
0.946716308593750
0.834594726562500
0.958801269531250
0.812500000000000
0.784790039062500
0.944030761718750
0.838134765625000
0.998046875000000
0.796936035156250
0.980346679687500
0.783996582031250
0.972778320312500
0.818603515625000
0.949096679687500
0.819885253906250
0.959777832031250
0.787475585937500
0.996398925781250
0.778381347656250
0.824707031250000
0.962768554687500
0.958129882812500
0.821655273437500
0.973632812500000
0.709899902343750
1.002319335937500
0.775268554687500
0.992187500000000
0.830017089843750
0.982421875000000
0.747619628906250
0.981567382812500
0.802490234375000
0.815490722656250
0.973815917968750
0.808837890625000
1.020141601562500
0.782409667968750
0.809570312500000
1.015808105468750
0.779479980468750
0.983703613281250
0.834289550781250
0.777587890625000
0.979309082031250
0.796386718750000
1.013610839843750
0.767272949218750
0.970764160156250
0.801086425781250
0.991577148437500
0.790649414062500
0.995239257812500
0.827575683593750
0.962707519531250
0.743041992187500
0.951232910156250
0.823608398437500
0.962097167968750
0.796508789062500
0.957641601562500
0.784606933593750
1.034301757812500
0.778259277343750
0.748779296875000
1.020751953125000
0.809753417968750
0.982116699218750
0.788696289062500
1.011108398437500
0.781921386718750
0.979980468750000
0.765319824218750
0.829833984375000
0.983032226562500
0.772033691406250
0.941101074218750
0.808898925781250
1.006591796875000
0.777160644531250
0.796142578125000
0.961303710937500
0.798461914062500
1.018615722656250
0.781494140625000
0.998046875000000
0.833374023437500
0.972351074218750
0.787170410156250
0.801025390625000
0.999633789062500
0.824462890625000
0.998779296875000
0.742370605468750
0.968688964843750
0.784973144531250
0.954772949218750
0.805053710937500
0.961181640625000
0.834594726562500
0.957824707031250
0.774536132812500
0.982727050781250
0.761718750000000
0.970275878906250
0.797912597656250
0.964721679687500
0.821105957031250
0.775207519531250
0.991638183593750
0.745300292968750
0.955627441406250
0.756408691406250
1.016540527343750
0.771118164062500
0.994506835937500
0.802246093750000
0.817565917968750
1.006408691406250
0.791625976562500
0.992736816406250
0.774719238281250
0.970642089843750
0.766174316406250
1.003967285156250
0.802307128906250
0.805541992187500
0.991882324218750
0.745117187500000
0.974670410156250
0.775085449218750
0.979370117187500
0.788024902343750
0.986083984375000
0.825988769531250
0.793273925781250
0.977783203125000
0.765869140625000
0.996337890625000
0.757141113281250
0.956054687500000
0.805725097656250
0.959838867187500
0.792175292968750
0.959838867187500
0.811401367187500
0.776916503906250
0.980590820312500
0.791076660156250
0.987731933593750
0.744445800781250
0.980712890625000
0.812500000000000
0.978820800781250
0.763732910156250
0.775451660156250
1.005126953125000
0.752441406250000
0.990844726562500
0.806396484375000
0.971008300781250
0.805969238281250
0.986694335937500
0.756713867187500
0.983825683593750
0.793579101562500
0.970581054687500
0.769042968750000
0.809143066406250
1.002929687500000
0.770446777343750
1.008544921875000
0.752685546875000
0.912414550781250
0.893310546875000
0.785278320312500
0.997192382812500
0.769531250000000
0.806152343750000
1.004943847656250
0.808349609375000
0.998718261718750
0.784606933593750
0.969726562500000
0.793151855468750
0.946960449218750
0.775451660156250
0.968261718750000
0.755981445312500
0.967773437500000
0.918701171875000
0.818969726562500
0.793334960937500
1.006103515625000
0.774291992187500
0.948669433593750
0.785217285156250
0.992004394531250
0.810058593750000
1.004394531250000
0.806213378906250
0.779602050781250
0.968688964843750
0.771545410156250
0.989379882812500
0.772949218750000
0.947875976562500
0.812133789062500
0.991455078125000
0.799133300781250
0.794311523437500
0.996582031250000
0.780944824218750
0.970092773437500
0.770446777343750
0.980590820312500
0.778564453125000
0.974914550781250
0.809570312500000
0.769348144531250
1.006530761718750
0.790527343750000
0.961120605468750
0.782348632812500
0.990173339843750
0.789062500000000
0.783935546875000
1.002807617187500
0.789855957031250
0.984680175781250
0.799011230468750
0.988403320312500
0.789367675781250
0.806701660156250
0.970031738281250
0.805053710937500
1.011230468750000
0.776611328125000
0.970642089843750
0.783752441406250
0.796142578125000
0.988403320312500
0.774597167968750
0.984313964843750
0.779968261718750
0.987426757812500
0.760681152343750
0.992736816406250
0.761718750000000
0.994384765625000
0.764343261718750
0.796997070312500
0.984252929687500
0.789245605468750
0.973449707031250
0.785461425781250
0.981689453125000
0.799377441406250
0.985046386718750
0.811462402343750
0.961059570312500
0.786865234375000
0.772338867187500
0.956115722656250
0.789978027343750
0.956542968750000
0.774414062500000
0.975585937500000
0.800842285156250
0.980407714843750
0.789916992187500
0.974121093750000
0.752197265625000
0.983032226562500
0.750488281250000
0.983764648437500
0.777954101562500
0.765563964843750
0.955261230468750
0.967712402343750
0.761291503906250
0.999572753906250
0.796691894531250
0.796691894531250
0.990295410156250
0.769470214843750
0.982666015625000
0.779907226562500
0.974365234375000
0.748962402343750
0.993652343750000
0.800048828125000
0.994934082031250
0.813232421875000
0.953308105468750
0.815917968750000
0.966674804687500
0.785644531250000
0.770690917968750
0.997497558593750
0.778442382812500
0.983337402343750
0.767944335937500
0.982727050781250
0.814331054687500
0.787902832031250
0.985717773437500
0.817626953125000
0.997436523437500
0.742797851562500
0.996093750000000
0.775573730468750
0.968139648437500
0.783752441406250
0.958618164062500
0.799865722656250
0.946594238281250
0.784912109375000
1.000427246093750
0.748718261718750
0.985534667968750
0.753112792968750
0.952392578125000
0.770324707031250
0.815368652343750
1.003906250000000
0.784179687500000
0.970703125000000
0.791076660156250
0.981689453125000
0.815002441406250
0.988342285156250
0.786254882812500
0.796325683593750
0.969116210937500
0.786437988281250
0.984191894531250
0.791748046875000
0.948181152343750
0.803588867187500
0.817749023437500
0.990539550781250
0.766357421875000
0.986877441406250
0.742553710937500
0.996643066406250
0.760253906250000
0.951049804687500
0.791748046875000
0.971435546875000
0.798156738281250
1.012756347656250
0.776245117187500
1.003234863281250
0.816345214843750
0.783630371093750
0.988708496093750
0.797363281250000
0.972717285156250
0.784790039062500
0.999877929687500
0.750427246093750
0.798034667968750
0.987426757812500
0.961669921875000
0.787109375000000
0.970764160156250
0.770080566406250
0.908691406250000
0.782104492187500
0.945678710937500
0.941894531250000
0.753662109375000
0.991760253906250
0.749023437500000
0.976989746093750
0.778869628906250
0.960876464843750
0.784667968750000
0.830627441406250
0.782897949218750
0.976074218750000
0.799133300781250
0.964660644531250
0.783569335937500
0.972351074218750
0.768005371093750
0.789062500000000
0.991271972656250
0.825012207031250
0.982238769531250
0.779418945312500
1.004089355468750
0.775634765625000
1.003967285156250
0.773620605468750
0.773925781250000
0.999328613281250
0.799621582031250
0.995483398437500
0.796142578125000
0.781982421875000
1.006591796875000
0.773864746093750
0.983886718750000
0.796691894531250
0.982299804687500
0.791931152343750
0.774169921875000
0.966247558593750
0.788574218750000
0.966674804687500
0.780883789062500
0.999084472656250
0.773254394531250
0.997863769531250
0.774169921875000
0.976745605468750
0.767517089843750
0.955688476562500
0.792175292968750
0.985046386718750
0.746826171875000
0.994445800781250
0.797912597656250
0.959167480468750
0.793762207031250
0.788452148437500
0.991088867187500
0.777893066406250
0.995239257812500
0.805847167968750
0.963867187500000
0.817382812500000
0.784851074218750
0.995788574218750
0.765380859375000
0.966125488281250
0.784729003906250
0.970703125000000
0.790710449218750
0.952453613281250
0.741943359375000
0.958801269531250
0.774291992187500
1.007385253906250
0.790405273437500
0.777343750000000
0.977050781250000
0.976989746093750
0.774230957031250
0.976318359375000
0.755004882812500
0.785766601562500
0.940856933593750
0.801269531250000
0.950256347656250
0.793273925781250
0.972351074218750
0.913330078125000
0.794067382812500
0.927124023437500
0.815917968750000
0.789123535156250
0.970825195312500
0.786987304687500
0.993652343750000
0.760681152343750
0.969360351562500
0.803100585937500
0.943542480468750
0.762512207031250
0.974975585937500
0.945129394531250
0.952636718750000
0.964660644531250
0.791503906250000
0.777099609375000
0.988830566406250
0.770019531250000
0.948486328125000
0.815551757812500
0.984558105468750
0.797729492187500
0.956848144531250
0.792358398437500
0.964355468750000
0.757751464843750
0.924621582031250
0.797424316406250
0.956054687500000
0.774169921875000
0.793273925781250
1.005859375000000
0.753173828125000
0.988098144531250
0.799499511718750
0.774169921875000
0.973937988281250
0.959777832031250
0.750488281250000
0.995483398437500
0.794799804687500
0.794555664062500
0.998535156250000
0.785583496093750
0.975769042968750
0.789306640625000
0.955566406250000
0.746276855468750
0.983215332031250
0.777221679687500
0.786926269531250
0.987426757812500
0.799255371093750
0.976562500000000
0.796691894531250
0.955810546875000
0.772583007812500
0.987792968750000
0.766723632812500
1.010131835937500
0.797119140625000
0.776855468750000
0.981628417968750
0.801269531250000
0.969665527343750
0.755920410156250
0.972412109375000
0.794189453125000
0.799438476562500
0.986938476562500
0.751464843750000
0.994323730468750
0.780334472656250
0.992553710937500
0.791076660156250
0.929565429687500
0.807189941406250
0.790039062500000
0.966247558593750
0.765258789062500
0.995727539062500
0.774536132812500
0.987731933593750
0.798400878906250
0.961242675781250
0.806274414062500
0.774658203125000
0.984863281250000
0.777160644531250
0.906921386718750
0.785827636718750
0.968017578125000
0.798400878906250
0.980895996093750
0.755859375000000
0.975097656250000
0.799072265625000
0.928283691406250
0.761230468750000
0.955078125000000
0.798950195312500
0.989135742187500
0.763854980468750
0.998962402343750
0.783874511718750
0.990173339843750
0.774658203125000
0.947753906250000
0.775695800781250
0.951049804687500
0.780334472656250
0.786926269531250
0.978149414062500
0.758728027343750
1.014892578125000
0.777770996093750
1.005187988281250
0.776000976562500
0.931884765625000
0.788085937500000
0.775146484375000
0.979309082031250
0.922241210937500
0.758361816406250
0.978332519531250
0.775695800781250
0.808288574218750
0.938537597656250
0.789123535156250
0.974182128906250
0.785034179687500
0.994262695312500
0.752807617187500
0.966003417968750
0.786804199218750
0.809509277343750
0.995605468750000
0.785949707031250
0.975524902343750
0.789672851562500
0.778381347656250
0.978393554687500
0.809509277343750
0.990417480468750
0.785766601562500
0.969970703125000
0.760803222656250
0.916748046875000
0.784179687500000
0.951538085937500
0.810729980468750
0.779174804687500
1.007751464843750
0.786621093750000
1.000427246093750
0.794738769531250
0.950073242187500
0.776611328125000
0.792358398437500
0.972167968750000
0.755615234375000
0.991760253906250
0.798522949218750
0.989013671875000
0.778808593750000
0.793640136718750
0.930541992187500
0.754150390625000
0.925476074218750
0.801208496093750
0.989929199218750
0.986816406250000
0.796752929687500
0.783264160156250
0.942626953125000
0.769104003906250
0.965515136718750
0.742065429687500
1.023376464843750
0.757568359375000
0.988586425781250
0.794982910156250
0.935241699218750
0.780578613281250
0.951965332031250
0.810241699218750
0.980529785156250
0.803039550781250
0.788024902343750
0.997863769531250
0.802307128906250
0.950134277343750
0.748596191406250
0.779541015625000
0.993957519531250
0.794067382812500
1.002624511718750
0.770690917968750
1.016357421875000
0.787902832031250
0.952026367187500
0.790527343750000
0.772827148437500
0.973022460937500
0.800048828125000
1.015075683593750
0.777893066406250
0.783813476562500
0.986328125000000
0.941955566406250
0.773010253906250
0.750488281250000
0.987609863281250
0.797851562500000
1.016357421875000
0.769042968750000
0.969055175781250
0.781799316406250
0.935729980468750
0.787963867187500
0.977355957031250
0.796386718750000
0.789550781250000
1.003356933593750
0.790161132812500
0.985412597656250
0.783142089843750
0.922241210937500
0.778564453125000
0.949523925781250
0.752868652343750
0.817199707031250
0.979858398437500
0.798889160156250
0.987426757812500
0.781494140625000
0.921508789062500
0.777893066406250
0.955932617187500
0.803955078125000
0.809326171875000
0.993164062500000
0.751159667968750
0.991394042968750
0.767700195312500
0.946594238281250
0.801574707031250
0.963195800781250
0.778808593750000
0.788818359375000
1.004272460937500
0.802368164062500
0.803710937500000
0.954101562500000
0.783935546875000
0.911865234375000
0.801940917968750
0.995544433593750
0.760131835937500
0.997253417968750
0.789916992187500
0.993530273437500
0.750610351562500
0.957336425781250
0.774230957031250
0.953369140625000
0.786743164062500
0.791809082031250
1.009094238281250
0.749633789062500
0.988037109375000
0.779479980468750
0.944824218750000
0.781616210937500
0.996948242187500
0.754577636718750
0.795410156250000
1.022033691406250
0.785522460937500
0.973388671875000
0.784362792968750
0.960083007812500
0.780273437500000
0.994873046875000
0.774963378906250
0.802307128906250
0.998535156250000
0.796203613281250
0.999389648437500
0.743225097656250
0.961059570312500
0.751403808593750
0.962768554687500
0.779846191406250
0.806640625000000
0.975769042968750
0.787414550781250
0.980285644531250
0.803405761718750
0.977905273437500
0.778503417968750
0.952087402343750
0.759948730468750
1.009155273437500
0.781677246093750
0.969726562500000
0.769897460937500
0.907409667968750
0.773559570312500
0.992797851562500
0.788696289062500
0.971496582031250
0.761230468750000
0.990661621093750
0.781250000000000
0.788208007812500
0.955383300781250
0.798828125000000
0.979797363281250
0.777343750000000
0.990905761718750
0.804809570312500
0.975097656250000
0.794311523437500
0.938476562500000
0.792297363281250
0.943603515625000
0.774536132812500
0.996520996093750
0.773010253906250
1.000671386718750
0.788574218750000
0.788574218750000
0.980590820312500
0.802124023437500
0.963439941406250
0.778930664062500
1.011596679687500
0.789489746093750
0.769287109375000
1.009887695312500
0.782165527343750
0.961242675781250
0.797607421875000
0.941467285156250
0.747985839843750
0.936889648437500
0.785827636718750
1.011291503906250
0.793151855468750
0.943176269531250
0.776000976562500
0.934204101562500
0.793212890625000
0.999389648437500
0.751464843750000
0.993835449218750
0.794189453125000
0.793884277343750
0.966003417968750
0.781372070312500
0.984252929687500
0.781311035156250
0.985412597656250
0.790466308593750
0.983703613281250
0.798339843750000
0.961486816406250
0.794616699218750
0.938415527343750
0.781494140625000
0.975769042968750
0.798767089843750
0.953369140625000
0.772094726562500
0.968627929687500
0.787658691406250
0.966613769531250
0.767150878906250
0.782836914062500
1.020568847656250
0.806945800781250
0.963012695312500
0.794311523437500
0.972290039062500
0.798400878906250
0.823181152343750
0.994934082031250
0.756408691406250
1.008911132812500
0.787536621093750
0.782897949218750
0.984802246093750
0.799621582031250
0.989868164062500
0.804321289062500
0.987121582031250
0.791259765625000
0.798400878906250
1.015747070312500
0.778198242187500
0.928955078125000
0.774353027343750
0.954956054687500
0.770019531250000
1.020507812500000
0.782714843750000
0.777099609375000
0.997558593750000
0.777465820312500
0.959838867187500
0.785766601562500
0.980224609375000
0.799377441406250
0.991699218750000
0.778442382812500
0.786315917968750
1.001831054687500
0.779724121093750
0.970764160156250
0.795043945312500
0.983764648437500
0.790100097656250
0.781982421875000
1.019531250000000
0.774230957031250
1.015808105468750
0.764343261718750
0.956909179687500
0.783386230468750
0.980651855468750
0.780395507812500
0.808715820312500
0.985046386718750
0.777709960937500
0.991943359375000
0.803039550781250
0.889953613281250
0.760742187500000
0.991271972656250
0.755615234375000
0.978210449218750
0.772705078125000
1.000671386718750
0.796142578125000
0.950561523437500
0.754089355468750
0.949218750000000
0.760192871093750
0.991821289062500
0.787048339843750
1.013916015625000
0.776977539062500
0.779785156250000
0.982360839843750
0.772399902343750
0.966491699218750
0.782836914062500
1.014282226562500
0.803649902343750
0.981872558593750
0.785827636718750
0.772949218750000
0.997131347656250
0.774353027343750
0.988647460937500
0.776916503906250
0.953063964843750
0.774658203125000
0.981628417968750
0.792663574218750
0.783386230468750
0.994995117187500
0.806640625000000
1.021179199218750
0.788696289062500
0.938598632812500
0.759826660156250
0.959655761718750
0.806640625000000
0.983825683593750
0.763305664062500
0.923339843750000
0.797485351562500
0.951171875000000
0.807617187500000
0.801208496093750
1.001525878906250
0.774597167968750
0.979248046875000
0.912963867187500
0.787902832031250
0.788024902343750
0.978454589843750
0.811645507812500
0.999511718750000
0.811645507812500
0.785827636718750
0.992919921875000
0.775634765625000
0.924987792968750
0.783386230468750
0.987182617187500
0.790527343750000
0.928527832031250
0.940612792968750
0.772705078125000
0.957397460937500
0.778625488281250
0.977600097656250
0.795593261718750
0.970581054687500
0.797119140625000
0.963928222656250
0.759094238281250
0.985839843750000
0.769287109375000
0.911376953125000
0.746093750000000
1.030761718750000
0.802917480468750
0.991760253906250
0.787353515625000
0.792602539062500
0.970214843750000
0.785888671875000
0.968139648437500
0.785156250000000
1.002441406250000
0.757507324218750
0.981140136718750
0.808837890625000
0.928283691406250
0.779968261718750
0.948913574218750
0.790893554687500
0.994323730468750
0.800659179687500
0.789489746093750
1.016357421875000
0.790161132812500
0.981323242187500
0.798950195312500
0.936218261718750
0.806213378906250
0.792541503906250
0.997863769531250
0.982543945312500
0.769226074218750
0.919006347656250
0.791809082031250
1.207946777343750
1.011962890625000
0.778930664062500
0.791198730468750
0.977233886718750
0.756835937500000
0.793762207031250
0.817871093750000
1.020690917968750
0.754516601562500
0.951660156250000
0.792968750000000
0.982788085937500
0.764953613281250
0.983764648437500
0.803955078125000
0.937377929687500
0.811035156250000
0.945190429687500
0.786010742187500
0.969726562500000
0.810119628906250
0.999023437500000
0.792907714843750
0.930786132812500
0.793334960937500
0.956054687500000
0.808715820312500
0.792541503906250
0.995727539062500
0.798522949218750
0.942016601562500
0.770629882812500
0.972961425781250
0.796875000000000
0.931945800781250
0.812683105468750
0.800659179687500
1.002929687500000
0.787048339843750
0.976684570312500
0.783935546875000
0.942321777343750
0.807983398437500
0.984863281250000
0.799560546875000
0.760498046875000
0.983215332031250
0.795227050781250
0.969543457031250
0.790710449218750
0.957092285156250
0.746704101562500
0.947998046875000
0.788452148437500
0.966125488281250
0.792663574218750
1.005310058593750
0.812500000000000
0.789184570312500
0.974792480468750
0.787719726562500
0.949768066406250
0.772033691406250
1.022827148437500
0.765136718750000
0.968322753906250
0.773254394531250
1.027221679687500
0.748046875000000
0.955566406250000
0.816772460937500
0.802368164062500
1.012023925781250
0.782043457031250
0.966613769531250
0.798583984375000
0.955871582031250
0.788818359375000
0.989685058593750
0.786193847656250
0.808532714843750
0.921569824218750
0.815551757812500
1.034423828125000
0.752441406250000
0.956176757812500
0.792358398437500
0.997436523437500
0.794677734375000
0.783630371093750
1.007568359375000
0.781982421875000
0.812377929687500
0.987121582031250
0.955017089843750
0.791259765625000
0.949829101562500
0.800292968750000
0.996582031250000
0.759338378906250
0.808044433593750
0.988220214843750
0.770507812500000
0.963623046875000
0.793823242187500
0.980285644531250
0.763427734375000
0.970703125000000
0.765563964843750
0.992492675781250
0.776794433593750
0.996887207031250
0.752197265625000
0.939147949218750
0.796875000000000
1.015930175781250
0.761596679687500
0.956970214843750
0.787902832031250
0.968200683593750
0.735412597656250
0.987365722656250
0.759887695312500
1.021911621093750
0.800292968750000
0.768920898437500
0.999206542968750
0.807617187500000
0.972595214843750
0.791931152343750
0.954711914062500
0.746765136718750
1.000000000000000
0.772888183593750
0.919372558593750
0.778137207031250
1.013000488281250
0.781494140625000
0.970458984375000
0.790588378906250
0.947265625000000
0.765075683593750
1.014221191406250
0.765747070312500
0.963256835937500
0.794555664062500
0.985229492187500
0.792053222656250
0.789306640625000
0.983459472656250
0.916198730468750
0.765197753906250
0.962280273437500
0.788818359375000
0.926940917968750
0.811340332031250
0.946655273437500
0.796386718750000
0.965820312500000
0.802307128906250
0.773315429687500
0.990417480468750
0.807800292968750
0.980651855468750
0.720886230468750
0.994323730468750
0.746582031250000
1.028137207031250
0.812072753906250
0.967102050781250
0.802795410156250
0.946350097656250
0.772216796875000
0.796569824218750
0.992309570312500
0.956298828125000
0.771972656250000
0.795104980468750
1.007812500000000
0.802307128906250
0.953918457031250
0.763183593750000
0.990356445312500
0.813110351562500
0.761596679687500
0.948852539062500
0.974060058593750
0.775268554687500
0.966796875000000
0.805419921875000
0.779968261718750
0.978393554687500
0.763122558593750
0.983764648437500
0.803161621093750
0.968017578125000
0.802917480468750
0.932739257812500
0.824279785156250
0.758117675781250
0.988647460937500
0.776184082031250
1.016662597656250
0.757690429687500
0.979858398437500
0.789123535156250
0.951477050781250
0.793395996093750
0.767883300781250
0.984924316406250
0.789306640625000
0.927246093750000
0.791503906250000
0.958068847656250
0.787109375000000
0.957519531250000
0.800903320312500
0.975708007812500
0.771057128906250
0.982727050781250
0.790405273437500
0.812316894531250
1.003540039062500
0.779785156250000
0.995300292968750
0.740234375000000
0.985595703125000
0.795532226562500
0.968566894531250
0.785583496093750
0.911376953125000
0.790710449218750
0.812438964843750
1.013122558593750
0.765441894531250
0.941040039062500
0.804504394531250
0.947082519531250
0.794799804687500
0.947937011718750
0.808715820312500
0.999877929687500
0.777465820312500
0.823059082031250
0.932189941406250
0.800659179687500
0.972229003906250
0.761291503906250
0.938842773437500
0.799987792968750
1.000854492187500
0.764160156250000
0.944274902343750
0.821228027343750
0.955688476562500
0.760620117187500
0.941894531250000
0.814331054687500
0.986267089843750
0.792480468750000
0.771118164062500
0.954284667968750
0.757812500000000
0.982360839843750
0.770019531250000
0.996520996093750
0.767150878906250
0.893554687500000
1.015869140625000
0.792419433593750
0.775146484375000
0.933654785156250
0.962768554687500
0.800598144531250
0.800415039062500
0.925964355468750
0.822692871093750
0.920410156250000
0.813842773437500
0.990295410156250
0.760314941406250
0.776000976562500
0.999511718750000
0.780456542968750
0.999694824218750
0.778991699218750
0.992553710937500
0.796142578125000
0.788330078125000
0.930114746093750
0.782226562500000
1.014892578125000
0.800842285156250
0.939758300781250
0.803894042968750
0.974548339843750
0.793701171875000
0.781066894531250
0.974975585937500
0.741943359375000
0.988769531250000
0.801086425781250
0.937255859375000
0.967895507812500
0.797790527343750
0.755432128906250
0.953063964843750
0.983093261718750
0.754394531250000
0.980651855468750
0.777465820312500
0.968627929687500
0.777832031250000
0.936645507812500
0.775207519531250
0.954223632812500
0.773681640625000
0.829406738281250
0.927917480468750
0.934875488281250
0.747192382812500
0.821960449218750
0.922790527343750
0.997619628906250
0.746704101562500
1.011657714843750
0.776367187500000
0.761657714843750
1.001098632812500
0.773132324218750
1.007324218750000
0.766479492187500
0.805236816406250
1.019653320312500
0.768737792968750
0.983276367187500
0.756347656250000
0.965148925781250
0.804565429687500
0.766235351562500
1.000732421875000
0.752014160156250
0.976501464843750
0.791992187500000
0.936523437500000
0.776916503906250
0.961669921875000
0.943176269531250
0.756530761718750
0.951721191406250
0.779418945312500
0.987915039062500
0.783203125000000
0.975891113281250
0.792785644531250
0.787353515625000
0.905639648437500
0.981994628906250
0.783264160156250
0.762084960937500
0.987670898437500
0.757751464843750
0.948364257812500
0.979248046875000
0.777221679687500
0.787414550781250
0.984130859375000
0.758972167968750
0.993408203125000
0.790527343750000
0.979858398437500
0.810913085937500
0.774780273437500
1.022949218750000
0.756958007812500
0.991149902343750
0.776794433593750
0.986938476562500
0.761169433593750
0.783325195312500
0.983642578125000
0.795776367187500
0.799621582031250
0.968627929687500
0.812255859375000
0.934387207031250
0.764343261718750
0.949829101562500
0.802795410156250
0.957092285156250
0.777709960937500
0.792053222656250
0.997375488281250
0.722961425781250
0.763488769531250
0.602050781250000
0.674560546875000
0.534545898437500
0.661682128906250
0.523742675781250
0.443847656250000
0.537048339843750
0.425720214843750
0.526000976562500
0.420043945312500
0.532348632812500
0.417297363281250
0.518249511718750
0.418579101562500
0.512451171875000
0.424255371093750
0.523803710937500
0.418823242187500
0.523193359375000
