2124124
2233102
4460232
5100000
5099989
5100010
5099979
5100020
5099979
5100020
5100000
5100000
5100000
5100000
5100010
5099989
5099979
5100020
5100000
5100000
5099163
5095375
5099691
5094999
5091430
5098548
5092176
5093179
5092741
5092648
5092655
5089163
5089204
5089477
5099989
5096639
5096816
5095454
5090645
5094167
5096363
5085666
5089251
5091280
5095701
5097676
5100000
5100000
5098568
5098538
5097844
5100000
5099989
5100000
5100000
5100000
5100000
5100000
5100000
5099979
5100010
5099989
5100010
5100010
5100000
5100000
5100000
5100000
5100000
5100000
5100000
5100000
5100000
5099979
5100020
5100000
5100000
5100010
5099989
5100010
5099989
5100000
5100000
5099989
5100000
5100020
5099989
5100010
5099989
5100000
5100010
5099989
5100000
5099989
5100010
5100000
5100000
5100000
5100000
5100000
5097885
5100000
5100000
5099867
5100000
5098747
5098666
5098623
5100000
5098157
5100000
5099133
5098548
5097702
5098211
5097714
5098981
5100000
5097695
5096393
5095482
5096535
5099099
5093114
5097062
5097488
5099550
5100010
5094854
5098522
5100000
5100000
5094735
5089645
5092450
5096616
5093299
5099830
5096469
5095057
5097898
5091238
5088498
5090242
5094606
5094182
5089750
5092420
5093405
5093055
5100010
5100000
5100000
5100000
5098523
5100020
5100000
5100000
5100000
5099989
5100010
5100010
5099989
5100000
5100000
5099989
5100010
5100010
5099989
5100000
5100000
5100000
5100000
5100000
5100000
5100000
5100000
5099989
5100000
5100010
5100000
5100000
5100000
5100000
5100000
5100000
5100000
5100000
5100000
5100000
5100000
5100000
5100000
5100000
5100010
5100000
5100000
5099989
5100000
5100010
5100000
5099989
5100010
5099989
5100000
5100010
5099989
5100000
5100010
5099989
5100010
5099989
5100000
5100010
5099989
5100000
5100000
5099989
5099989
5100020
5100000
5100000
5100000
5100000
5100000
5100000
5100010
5099989
5099989
5100010
5100010
5099989
5100000
5100000
5100000
5100000
5100000
5100000
5100010
5099989
5099989
5100020
5099989
5100000
5100010
5099989
5099979
5100010
5100010
5099989
5100010
5100000
5100000
5100000
5100000
5100000
5099969
5100030
5100000
5100000
5100000
5100000
5100000
5100000
5100000
5100000
5100000
5100000
5099989
5100020
5100000
5100000
5099989
5100000
5100010
5099989
5100000
5100000
5100000
5100000
5100000
5100000
5100000
5099989
5099989
5100020
5100000
5100000
5100000
5100000
5100000
5100000
5100010
5099989
5100000
5100000
5099979
5100020
5100010
5099989
5100000
5100000
5100000
5100010
5100000
5099989
5100000
5100000
5100000
5100000
5100000
5100000
5100010
5099989
5100000
5100000
5099989
5100010
5099989
5100020
5099989
5100000
5100000
5100000
5100000
5100010
5099989
5100000
5100000
5100000
5100000
5100000
5100000
5100000
5100000
5099989
5100010
5099989
5100010
5100000
5100000
5100000
5099989
5100010
5100000
5100000
5100000
5100000
5100000
5100000
5100000
5100000
5100000
5100000
5100000
5100000
5100000
5100000
5100000
5100010
5099989
5100000
5100000
5100000
5100010
5099989
5100000
5100000
5099989
5100010
5100000
5100000
5100000
5100000
5100000
5100000
5100000
5099989
5100010
5100010
5099989
5099989
5100010
5100000
5100000
5100000
5100000
5099989
5100010
5100000
5100000
5100000
5099989
5100010
5100010
5099979
5100010
5100000
5100000
5100000
5100010
5099989
5100000
5100000
5100000
5100000
5100000
5100000
5100000
5100010
5099989
5100010
5100000
5100000
5100000
5100000
5099989
5100000
5099989
5100010
5100000
5100000
5100000
5100000
5099989
5100010
5100010
5099989
5100000
5100010
5100000
5099989
5100000
5099979
5100020
5100010
5100000
5099989
5100000
5100010
5099979
5100010
5100000
5099409
5100000
5100000
5100000
5100010
5099989
5100000
5100000
5100010
5099989
5100000
5100010
5099989
5100000
5100000
5099989
5100010
5100000
5100000
5099979
5100020
5100000
5100000
5098164
5091786
5098618
5100000
5099649
5100000
5100000
5100000
5099584
5099979
5100020
5096677
5100000
5100000
5100000
5100000
5099989
5100010
5100010
5099989
5100010
5099989
5100000
5100000
5097000
5099164
5099989
5100010
5097823
5097200
5097267
5099075
5100010
5100000
5100000
5099848
5095389
5099596
5099535
5099821
5099438
5099064
5099751
5100000
5100000
5099267
5099989
5100000
5099989
5100010
5097649
5097154
5095894
5100000
5100000
5098422
5100020
5099989
5099284
5100000
5100000
5100000
5100000
5098556
5097978
5099359
5099282
5097104
5098940
5100000
5100000
5100000
5100000
5100000
5099702
5099000
5100010
5099989
5100000
5099332
5100000
5097076
5096886
5099286
5097762
5099361
5100010
5099989
5100000
5099127
5100000
5099879
5100000
5098570
5100000
5099989
5100010
5099520
5099741
5099400
5097334
5099867
5097118
5099877
5097825
5096670
5099482
5100000
5100000
5100010
5098543
5100000
5098542
5098555
5096650
5100000
5098545
5099292
5099289
5098896
5098550
5097414
5099803
5100000
5099287
5100000
5100000
5100010
5099989
5099527
5099746
5100000
5097160
5100000
5100000
5099287
5099979
5099765
5100000
5100000
5100000
5100000
5098204
5099969
5100030
5099989
5098522
5100000
5100000
5100000
5100000
5099301
5099989
5100000
5100010
5099989
5099969
5100030
5100000
5100000
5099282
5100000
5100010
5099989
5100010
5100000
5099989
5100000
5100000
5100000
5100010
5099989
5099989
5099277
5100010
5099989
5100000
5100000
5100000
5100000
5100000
5100010
5100000
5099989
5100000
5100000
5100000
5100000
5100000
5100000
5100000
5100000
5100000
5100000
5100000
5100000
5100000
5099979
5100020
5100000
5100000
5100000
5100000
5100000
5100000
5100000
5100010
5099989
5100000
5100000
5100000
5100000
5100000
5100000
5100000
5099979
5100020
5100000
5100010
5099979
5100020
5099979
5100020
5099989
5100000
5100000
5100010
5099989
5100000
5100000
5100000
5100000
5100000
5100010
5099979
5100010
5100010
5099989
5100000
5100000
5100000
5100010
5099989
5100000
5100000
5100010
5099989
5100000
5100000
5100000
5100000
5100000
5100000
5100000
5100000
5100010
5099989
5100000
5100000
5100000
5100000
5100000
5100000
5100000
5100000
5099979
5100020
5100000
5100000
5100000
5100000
5100000
5100000
5100000
5099858
5100141
5100010
5099989
5100000
5100000
5099989
5100010
5100010
5099989
5100000
5100000
5100000
5100000
5100000
5100000
5100000
5100000
5099989
5100020
5100000
5099989
5100010
5099989
5100000
5100000
5100000
5100000
5100000
5100000
5100010
5099989
5100010
5099989
5100000
5100000
5100000
5100000
5100000
5100000
5100010
5099989
5100000
5099989
5100010
5100000
5100000
5100010
5099989
5100000
5100000
5100000
5100000
5100000
5100000
5099979
5100020
5100000
5100000
5100000
5100000
5100000
5100000
5100000
5100010
5099989
5100010
5099989
5100010
5099989
5100000
5100000
5100000
5100000
5100000
5100000
5100000
5100000
5100000
5100000
5100000
5100000
5100000
5100000
5100000
5100000
5100000
5100000
5100000
5100000
5100000
5099989
5100010
5100000
5100010
5099989
5100000
5100000
5100000
5100000
5100000
5100000
5100000
5100010
5099989
5100000
5100010
5099989
5100000
5100000
5100000
5100000
5100000
5100000
5100000
5100010
5099989
5100010
5099989
5100010
5099989
5100000
5100000
5100000
5100000
5100000
5100000
5100000
5100000
5100000
5100000
5100000
5074506
5100000
5100020
5099989
5099989
5100010
5100010
5099989
5100010
5099969
5100020
5100000
5100010
5100000
5099989
5100000
5100010
5099989
5100000
5100000
5100000
5100000
5100000
5100000
5100000
5100000
5100000
5100000
5100000
5100010
5099979
5100010
5100000
5099989
5100010
5100000
5100010
5099989
5100000
5100000
5100000
5100000
5100000
5100000
5100000
5099989
5100010
5100000
5100000
5100000
5100000
5100000
5099979
5100020
5100000
5100010
5099979
5100020
5100000
5099979
5100010
5099989
5100010
5099989
5100010
5099989
5100010
5100010
5099989
5099979
5100020
5100000
5100000
5100000
5099989
5100010
5100000
5099989
5100000
5099989
5100000
5100020
5100000
5099989
5100010
5100000
5099989
5100010
5100000
5100000
5099989
5100010
5100000
5099979
5100010
5100010
5100010
5099989
5100000
5100000
5100000
5099989
5100020
5099989
5099979
5100020
5100000
5099989
5100010
5100000
5099989
5100020
5099989
5099989
5099989
5100020
5100010
5100000
5099989
5100010
5099979
5100000
5100010
5099989
5100010
5100000
5100000
5100010
5100000
5099989
5100000
5100010
5099979
5100000
5100000
5100010
5100000
5100000
5100000
5100000
5100000
5099989
5100010
5099989
5100010
5099989
5100010
5099989
5100010
5100010
5099989
5100000
5100000
5100000
5100000
5099989
5100010
5099989
5100000
5100010
5099989
5100010
5100010
5100000
5100000
5100000
5099989
5100010
5099979
5100010
5099979
5100010
5100000
5100010
5099969
5100020
5100010
5100000
5099989
5100010
5100000
5100000
5100000
5100000
5100000
5099989
5100000
5100000
5100000
5100020
5099989
5100010
5099969
5100020
5100000
5100000
5100010
5099989
5100000
5100010
5099979
5100000
5100010
5100000
5100010
5099989
5100000
5100000
5100000
5099989
5100010
5100010
5099989
5100010
5099989
5099979
5100020
5099989
5100020
5100000
5100000
5099989
5100000
5100010
5100000
5100000
5099969
5100020
5100000
5100000
5100010
5100000
5099989
5100000
5099989
5100010
5099989
5100010
5100000
5100000
5100000
5100000
5100000
5100000
5100000
5100000
5100000
5099979
5100020
5099989
5100000
5100000
5100010
5100000
5100000
5100000
5100000
5099989
5100010
5100000
5100000
5100010
5100000
5100000
5100000
5100000
5099989
5100000
5099989
5100000
5099989
5100020
5100000
5100000
5099989
5100010
5099989
5099989
5100020
5100000
5100010
5099989
5100000
5100000
5100000
5100000
5100000
5099989
5100000
5100010
5099989
5100020
5099989
5099989
5100000
5100010
5099989
5100000
5100000
5100010
5099989
5100010
5099989
5100010
5100000
5091781
5100010
5099979
5100010
5099989
5100020
5100000
5099989
5100000
5099979
5100020
5100010
5099989
5100010
5099989
5100000
5100000
5100010
5099989
5100000
5099989
5100010
5100000
5099989
5100010
5100000
5100000
5099989
5100010
5100000
5100010
5100000
5099989
5100000
5100000
5100000
5100000
5099989
5100000
5100000
5100020
5100000
5100000
5099989
5100000
5099989
5100000
5100000
5100020
5099979
5100010
5100000
5100000
5099989
5100010
5100000
5099989
5100010
5100000
5100010
5099989
5100000
5100000
5100000
5100000
5100000
5099989
5100010
5100010
5099989
5100000
5100000
5099989
5100000
5100010
5100010
5099989
5100000
5100000
5100000
5099989
5100020
5100000
5099989
5100010
5099979
5100010
5100010
5099979
5100000
5100010
5100000
5100000
5100000
5099989
5100010
5100000
5100010
5099989
5100010
5099989
5065852
5100000
5100000
5099989
5100010
5100010
5099989
5099989
5100010
5100000
5100010
5099989
5099989
5100010
5099989
5100000
5100010
5100000
5100000
5100000
5100000
5100000
5100000
5099989
5100000
5100020
5099979
5100010
5100000
5100010
5099989
5100000
5100000
5100000
5100000
5100000
5099989
5100010
5100000
5100000
5100010
5099989
5100000
5100000
5100000
5100000
5099989
5100010
5099989
5100010
5099989
5100020
5099989
5100000
5100010
5099979
5100010
5099979
5100030
5099989
5100000
5100000
5099989
5100010
5100000
5100000
5100000
5100000
5099989
5100010
5100000
5100010
5099989
5100000
5100000
5100000
5099989
5100010
5100000
5100000
5100000
5099989
5100010
5100000
5100000
5100000
5100010
5099989
5100000
5099989
5100000
5100010
5100010
5099989
5100000
5100010
5099989
5100000
5100010
5099989
5100000
5100000
5100000
5100000
5100000
5100000
5100000
5100000
5100000
5099989
5100010
5099969
5100030
5100000
5100000
5100010
5099989
5099989
5100000
5100010
5100000
5100010
5100000
5099979
5100010
5100010
5099989
5099989
5099989
5100030
5099989
5100000
5100000
5100000
5100000
5099989
5100010
5100000
5100000
5100000
5100000
5100000
5099989
5100000
5100010
5099979
5100010
5100010
5100000
5100000
5100000
5100000
5099989
5100020
5099989
5099989
5100000
5100020
5099989
5100000
5100000
5099989
5100010
5100000
5100010
5099979
5100010
5100000
5100010
5099989
5100010
5099989
5100000
5100000
5099989
5100010
5099989
5100000
5100010
5100000
5100000
5100000
5100010
5099989
5100000
5100000
5100000
5099989
5100010
5099989
5100010
5099989
5100010
5099989
5100010
5100000
5100000
5100000
5099989
5100010
5100000
5100000
5099989
5100020
5099989
5100000
5100000
5100000
5099989
5100000
5100010
5100000
5100000
5100000
5100000
5100000
5100000
5100010
5099979
5100010
5100000
5099989
5100010
5100000
5100010
5099989
5099989
5100020
5099989
5100010
5100000
5099989
5099989
5100010
5100010
5099989
5100000
5100000
5100000
5100000
5100000
5100000
5100000
5100000
5100000
5100000
5099989
5100000
5100000
5100010
5100000
5100000
5099989
5100000
5100000
5100020
5099989
5100000
5100010
5099979
5100010
5100000
5099979
5100010
5100020
5100000
5099989
5099989
5100010
5100000
5100000
5100000
5100000
5100000
5100010
5099989
5100000
5100000
5100010
5099989
5100000
5100000
5100000
5099989
5100010
5100010
5099989
5100010
5099989
5100000
5099989
5100000
5100010
5099989
5100020
5100000
5099989
5100000
5099989
5100010
5100000
5099989
5100010
5100000
5100000
5099989
5100000
5100020
5099989
5099989
5100010
5100000
5100000
5100010
5099989
5100000
5100000
5100010
5099989
5099989
5100010
5099989
5100000
5100010
5099989
5100010
5100000
5100010
5099989
5099989
5100000
5100010
5100000
5100000
5100000
5100000
5100000
5100010
5099989
5100010
5100000
5099979
5100010
5099989
5100000
5100010
5099989
5100010
5100000
5100000
5099989
5100010
5099989
5100020
5099989
5100000
5100000
5099989
5100000
5100010
5100010
5099979
5100010
5099989
5100010
5100000
5100010
5099989
5100000
5100010
5099989
5099989
5100010
5100000
5100000
5100000
5100000
5100000
5100000
5099989
5100000
5100010
5100000
5099989
5100010
5100010
5099989
5099989
5100010
5100000
5100000
5100000
5100000
5100000
5100010
5099989
5100000
5100000
5100000
5100000
5100000
5099989
5100000
5100000
5100010
5065009
5100010
5099989
5100010
5100000
5099989
5100010
5100000
5100000
5100000
5100000
5099979
5100020
5100000
5100000
5100000
5100000
5100010
5099989
5100000
5100000
5100000
5099989
5100010
5099989
5100010
5100000
5100000
5099989
5100010
5100000
5099989
5100020
5099989
5100000
5099989
5100000
5100010
5100010
5099989
5100010
5099989
5100000
5100000
5100000
5100000
5100000
5100000
5100000
5099989
5100010
5100000
5100000
5100000
5100000
5100000
5100000
5100000
5100000
5100000
5100000
5100000
5100000
5100000
5100010
5099989
5100000
5100000
5100010
5099989
5100000
5100000
5100000
5099989
5100010
5100000
5100000
5100010
5100000
5099989
5099989
5100000
5099989
5100030
5100000
5099989
5100000
5099989
5100000
5100010
5100000
5099989
5100020
5099989
5100000
5099989
5099989
5100010
5100010
5100000
5100010
5100000
5099989
5099989
5100010
5100000
5100000
5099989
5100010
5099979
5100010
5100010
5100000
5100000
5100000
5100000
5100010
5100000
5099989
5099989
5100010
5100000
5100000
5100000
5100000
5100000
5100000
5100000
5100000
5100000
5100000
5099989
5100010
5100000
5100000
5099979
5100020
5100000
5100000
5100000
5099989
5100010
5100000
5099989
5100000
5100020
5099989
5100000
5100000
5100000
5100000
5100000
5100000
5100000
5100000
5100000
5100000
5099989
5100000
5100010
5100000
5099989
5100010
5100000
5100000
5100010
5099989
5100010
5099979
5100000
5100010
5100000
5100000
5100000
5100000
5100000
5100010
5099989
5100000
5099989
5100010
5099989
5100010
5099989
5100000
5100020
5099989
5100000
5099989
5100020
5099979
5100010
5099989
5099989
5100020
5100000
5100000
5100000
5100000
5099989
5100020
5099989
5099989
5100010
5100000
5100010
5099989
5100000
5100000
5100000
5100000
5100000
5100000
5099989
5100010
5100000
5100000
5100000
5100000
5100000
5100000
5099989
5100000
5100010
5100000
5100000
5100000
5100000
5100010
5099989
5099989
5100010
5100000
5100000
5099989
5100020
5100000
5100000
5099989
5100000
5100000
5100000
5100000
5100000
5100010
5100000
5100000
5100000
5099989
5100000
5100000
5099989
5100000
5100010
5099989
5100000
5100010
5100000
5100000
5099989
5100010
5100000
5100000
5099989
5100010
5100010
5099989
5100000
5099989
5100010
5100000
5100000
5099989
5100010
5100000
5100000
5100000
5100000
5100010
5099989
5100010
5099989
5100000
5100000
5100010
5099979
5100020
5100000
5099989
5100000
5100010
5100000
5099989
5100000
5100000
5100000
5100000
5100000
5100000
5100000
5099989
5100010
5100000
5099989
5100000
5100010
5100000
5100010
5100000
5099989
5100000
5099989
5100020
5099989
5099989
5100000
5100010
5100000
5100000
5100010
5099989
5100000
5100010
5099989
5100000
5100000
5100000
5100000
5100000
5100000
5100010
5100000
5099989
5100000
5100000
5100000
5099989
5100010
5100000
5099979
5100010
5100010
5100000
5100000
5099989
5100020
5099989
5100000
5100000
5100000
5100000
5100000
5100000
5100010
5099979
5100010
5100000
5099989
5100020
5099989
5100000
5099989
5100000
5100020
5099989
5100000
5100010
5099989
5100000
5100000
5099989
5100010
5100010
5100000
5099989
5100000
5099989
5099989
5100020
5100000
5100000
5100000
5100000
5100010
5099989
5100000
5100010
5099979
5099989
5100020
5100000
5100000
5100010
5099989
5100000
5100000
5100010
5099979
5100000
5100000
5100000
5100000
5100010
5100000
5100000
5085201
5100000
5100020
5099989
5100010
5100000
5100000
5100000
5099989
5100020
5099989
5100000
5100010
5099989
5100000
5100010
5099989
5100000
5100010
5099979
5100010
5100000
5100010
5099989
5099989
5100010
5100000
5100000
5100000
5099989
5100000
5100020
5099989
5100000
5100000
5099989
5100000
5100020
5099989
5100000
5100000
5100000
5099989
5100010
5100000
5100000
5100000
5099989
5100010
5100000
5100010
5100000
5099989
5099989
5100010
5100000
5100000
5100010
5099989
5099989
5100010
5099989
5100000
5100000
5100000
5100000
5100010
5100010
5099989
5100000
5100000
5099989
5100000
5100000
5100010
5099989
5100010
5100000
5100000
5100000
5100010
5100000
5100000
5099989
5100000
5100010
5100000
5099989
5100010
5100000
5099989
5100000
5100000
5100000
5100000
5100000
5099989
5100000
5100010
5100000
5100000
5099989
5100000
5100010
5100000
5100000
5100010
5099989
5100000
5100000
5100000
5100000
5100000
5100000
5100000
5100000
5100000
5100000
5100000
5100000
5100000
5100000
5100000
5100010
5099989
5100000
5100000
5100000
5100000
5100010
5099989
5100000
5100000
5100010
5099989
5100000
5100010
5099989
5100000
5100000
5100000
5100000
5099979
5100000
5100020
5099989
5100020
5099989
5099989
5100020
5099989
5100000
5099989
5100010
5100010
5099989
5099989
5100020
5099989
5100000
5100000
5099989
5100000
5100020
5100000
5100000
5099989
5100010
5099989
5100000
5100000
5100000
5100000
5100000
5100000
5100000
5100000
5100010
5100000
5099979
5100000
5100020
5099989
5100000
5100000
5100000
5100000
5100010
5099989
5099989
5100020
5099989
5100010
5099989
5099989
5100010
5100010
5099989
5099989
5100010
5100000
5100000
5099989
5100010
5100000
5099989
5100010
5100000
5099989
5100010
5100000
5100000
5100000
5100000
5099989
5100010
5100010
5099989
5099989
5100010
5099989
5100020
5099989
5100000
5100000
5099989
5100010
5100010
5099979
5100020
5099989
5100000
5100000
5099989
5100010
5100000
5100000
5099989
5100010
5100010
5099989
5100000
5100000
5100000
5100000
5100000
5100010
5099989
5100000
5100000
5100010
5099979
5100010
5100000
5100000
5100000
5100000
5100010
5099989
5100010
5100000
5099989
5100000
5100000
5100000
5100010
5099989
5099989
5100020
5099979
5100020
5099989
5100010
5099989
5100000
5100010
5099989
5100000
5100010
5100000
5099989
5099989
5100010
5099979
5100030
5100000
5099989
5100000
5100000
5100000
5100010
5099989
5100000
5099989
5100010
5100000
5100010
5099989
5100000
5100000
5100000
5100000
5100000
5100000
5100000
5100000
5100000
5100000
5100000
5100010
5100000
5099989
5100000
5100000
5100000
5100000
5100000
5100000
5100000
5100000
5100000
5100000
5100010
5099979
5100010
5100000
5100000
5100000
5100000
5100010
5099989
5100000
5100000
5100000
5100000
5100000
5100000
5100000
5100000
5100000
5100000
5100000
5100000
5100000
5100010
5099989
5100000
5100000
5100000
5099989
5100010
5100000
5100000
5100000
5100000
5085511
5100000
5100000
5100000
5100000
5099989
5100010
5100010
5099989
5100000
5100010
5099989
5100000
5100000
5100010
5100000
5100000
5100000
5099989
5100000
5099989
5100020
5099989
5100000
5100010
5099989
5100000
5100000
5100000
5100010
5099989
5100000
5100000
5100000
5100000
5100000
5100000
5100000
5100000
5100000
5100010
5099989
5100010
5099989
5100000
5100000
5100000
5100000
5100000
5100000
5100000
5088499
5100000
5100000
5100000
5100000
5100000
5100010
5099989
5100000
5100000
5100010
5099989
5100000
5100000
5100010
5099989
5100000
5100000
5100000
5100000
5100000
5100000
5100000
5100010
5100000
5099989
5100000
5100010
5100000
5099989
5100000
5100000
5099989
5100010
5100000
5100000
5099989
5100020
5099989
5100000
5100000
5100000
5100000
5100000
5100000
5100000
5100010
5099989
5100010
5100000
5100000
5099989
5100000
5100000
5100000
5099989
5100010
5100000
5100010
5099989
5100000
5100010
5099989
5100000
5100000
5100000
5099989
5100010
5100000
5100000
5100000
5100000
5100000
5100000
5100000
5100000
5100000
5100000
5100000
5100000
5100000
5100010
5099979
5100010
5100010
5100000
5099989
5100000
5100000
5100000
5100000
5100000
5100000
5100000
5100010
5100000
5099989
5100000
5100000
5100000
5100000
5100000
5100000
5100000
5100000
5100000
5100000
5100000
5100000
5100010
5099969
5100020
5100010
5099989
5100000
5100000
5100000
5100000
5100000
5100010
5100000
5099989
5100000
5100000
5100000
5100010
5099989
5100000
5100010
5100000
5099989
5099989
5100010
5100000
5100000
5100010
5099989
5100000
5100000
5100000
5100000
5100000
5100000
5100000
5100000
5100000
5100000
5100000
5100010
5099989
5100000
5100000
5100000
5100000
5100000
5100000
5100000
5100000
5100010
5099989
5100000
5100000
5100000
5100000
5100000
5100000
5100010
5099989
5099989
5100010
5100000
5100000
5100010
5099989
5100000
5100000
5100010
5099989
5100000
5100000
5100000
5100000
5100000
5100000
5100010
5099989
5100000
5100010
5099989
5100010
5099989
5100010
5099989
5100000
5100000
5100000
5100000
5100000
5100000
5100000
5100000
5100000
5100000
5100000
5100000
5100010
5099979
5100010
5100000
5100000
5100000
5100000
5100010
5100000
5099989
5100000
5100000
5100000
5100000
5100000
5100000
5100000
5100000
5100010
5100000
5099989
5100000
5100000
5090440
5100000
5100000
5100010
5099989
5100000
5100000
5100000
5100000
5100000
5100000
5100000
5100000
5100000
5100000
5100000
5100010
5099989
5099989
5100010
5100000
5100000
5100000
5100000
5100000
5100010
5099979
5100010
5100000
5099979
5100020
5100000
5100000
5100000
5100000
5100010
5099989
5100000
5084835
5099989
5100010
5100000
5100000
5100000
5100000
5100000
5100000
5100000
5100000
5100000
5100000
5100000
5100000
5100000
5100000
5100000
5100000
5100000
5100000
5099989
5100010
5100010
5100000
5100000
5100000
5100000
5099989
5100000
5100000
5100000
5100010
5099989
5100000
5100010
5099989
5100000
5100000
5100000
5099989
5100010
5100000
5100000
5100000
5099989
5100010
5100000
5100010
5100000
5100000
5100000
5100000
5100000
5099989
5100000
5100000
5100000
5100000
5100000
5100010
5099989
5099979
5100020
5100000
5100000
5100010
5099989
5100010
5100000
5099989
5100010
5100000
5099989
5100000
5100000
5099989
5100010
5100000
5100000
5100000
5100000
5100000
5100000
5100010
5100000
5099989
5100010
5099989
5100010
5099989
5100000
5100010
5099989
5100000
5100010
5099989
5100000
5100000
5100000
5100000
5099989
5100010
5100000
5100000
5100000
5100000
5100000
5100000
5100010
5099989
5099989
5100010
5100000
5100000
5100000
5100000
5099989
5100010
5100000
5100010
5099989
5100000
5100000
5100000
5100000
5100000
5100000
5100000
5100010
5099989
5100000
5100000
5099989
5100010
5100000
5100000
5100000
5100000
5066094
5100000
5100000
5099989
5100010
5100000
5100010
5099989
5100010
5099989
5100000
5100000
5100000
5100000
5099989
5100000
5100010
5100010
5099989
5100010
5100000
5099989
5100000
5100000
5100000
5100000
5100010
5099989
5100010
5100000
5099989
5100000
5100000
5100000
5100000
5100000
5100000
5100000
5100000
5100000
5100000
5100000
5100000
5100010
5099989
5100000
5100010
5100000
5099989
5100000
5100000
5100000
5100000
5100000
5100000
5100010
5099989
5099989
5100010
5100000
5100000
5099989
5100010
5100000
5100010
5099989
5100000
5100010
5099989
5100000
5100000
5100010
5099989
5100000
5100000
5100000
5100000
5100000
5100000
5099989
5100010
5100010
5099989
5100000
5100000
5100000
5100000
5100000
5100000
5100000
5100000
5100000
5100000
5100000
5100000
5100000
5100000
5100000
5100000
5100000
5100000
5100000
5100000
5100000
5100000
5100000
5100000
5099989
5100010
5100000
5100000
5100000
5100000
5100010
5099989
5100000
5100010
5099979
5100020
5099989
5100000
5100010
5099989
5100000
5100000
5100000
5100000
5100000
5100000
5100000
5100000
5100000
5100000
5100000
5100000
5100000
5100010
5099989
5100010
5099989
5100010
5099989
5099989
5100010
5100000
5100000
5100000
5100000
5100000
5100000
5100000
5100000
5099989
5100020
5099989
5100000
5100000
5100010
5099989
5100000
5100000
5100000
5100010
5099989
5100000
5100000
5100000
5099989
5100020
5099989
5100000
5100000
5100000
5100000
5100000
5100000
5100000
5100000
5100000
5100010
5099989
5100000
5100000
5100000
5100000
5100000
5100000
5100010
5099989
5100000
5100010
5099989
5100000
5100000
5100000
5100000
5100000
5100010
5099989
5100000
5100000
5100000
5100010
5099989
5100000
5100010
5100000
5099989
5100000
5100000
5100000
5100000
5100000
5100010
5099989
5100000
5100000
5100000
5100000
5100000
5100000
5100000
5100000
5100010
5099969
5100020
5100000
5100000
5100000
5100000
5100010
5099989
5100000
5100000
5100000
5100010
5099989
5100000
5100000
5100000
5100000
5099989
5100010
5100000
5100000
5100000
5100000
5100000
5100000
5100000
5100000
5100010
5099989
5100000
5100000
5100000
5100000
5100010
5099989
5100000
5100000
5099989
5100000
5100010
5100010
5099989
5100000
5100010
5099989
5100010
5100000
5099989
5100010
5099989
5100010
5099989
5100000
5100000
5100000
5100000
5100010
5099989
5100000
5100000
5100000
5100000
5100000
5100000
5100000
5100000
5100000
5099989
5100010
5100000
5100000
5100000
5100000
5100000
5100000
5100000
5100010
5099989
5100000
5100000
5100000
5100000
5100000
5100000
5100000
5100000
5100000
5100000
5100000
5100000
5100010
5099979
5100010
5100000
5100010
5099989
5100000
5100000
5100000
5100000
5100000
5100000
5100000
5100010
5099979
5100010
5100010
5099989
5100000
5100000
5100000
5100000
5099989
5100010
5100000
5100000
5100000
5099989
5100010
5100000
5100000
5100000
5100000
5100010
5099989
5100000
5100000
5100000
5100000
5100000
5100000
5100000
5100000
5100000
5100000
5100000
5100010
5099989
5100000
5100000
5100000
5100000
5100010
5100000
5099989
5099989
5100020
5099989
5100000
5100000
5100000
5100000
5100000
5100000
5100000
5100000
5100000
5100000
5100000
5100010
5099989
5100000
5100000
5100010
5099989
5100010
5099989
5100000
5100000
5100000
5100000
5100000
5100010
5099989
5100000
5100000
5100000
5100000
5100010
5099989
5100000
5100000
5080765
5100000
5100000
5100000
5100000
5100000
5100000
5100000
5100000
5100000
5100010
5099989
5100010
5099989
5100000
5100000
5100000
5100000
5100000
5100010
5099989
5100010
5099989
5100000
5100010
5099989
5100000
5100000
5100000
5100000
5100000
5100000
5100000
5100000
5100000
5100010
5099989
5100000
5100000
5100000
5100010
5099989
5100010
5099989
5100000
5100000
5100000
5100000
5100000
5100000
5100000
5099989
5100010
5100000
5100000
5100000
5100000
5100000
5100000
5100000
5100010
5099989
5100000
5100000
5100000
5100000
5099989
5100010
5100010
5099989
5100010
5099989
5100010
5099989
5100000
5100000
5100000
5100000
5100000
5100000
5100000
5100000
5100010
5099989
5100000
5100000
5100000
5100010
5099989
5100000
5100000
5100000
5100000
5100000
5100000
5100000
5100000
5100010
5099989
5100000
5100000
5100000
5100000
5100000
5100000
5100000
5100000
5100000
5100000
5100000
5100000
5100000
5100000
5100000
5100000
5100000
5100000
5100000
5100000
5100000
5100000
5099989
5100010
5100000
5100010
5099989
5100000
5100000
5100000
5100010
5099989
5100000
5100000
5100000
5100010
5099989
5100010
5100000
5099989
5100010
5099989
5100010
5099989
5100000
5099989
5100010
5100010
5100000
5099989
5100000
5100010
5100000
5099989
5100000
5100000
5099989
5100010
5100000
5100000
5100000
5100000
5100000
5099989
5100010
5100000
5100000
5100000
5100010
5099989
5100000
5100000
5100000
5100000
5100010
5099989
5100000
5100000
5100000
5100000
5100000
5100000
5100000
5100010
5099989
5100000
5099989
5100020
5099989
5100010
5099989
5100000
5100000
5100000
5100000
5100000
5100000
5100000
5100000
5100000
5100000
5100000
5100000
5100000
5100000
5100000
5100000
5099989
5100010
5100010
5099989
5100000
5100000
5100000
5100010
5099989
5092646
5100000
5100000
5100000
5099989
5100020
5099989
5100000
5100000
5100000
5100000
5100000
5100010
5099989
5100000
5100010
5099989
5100000
5100000
5100010
5099989
5100000
5099989
5100010
5100000
5100000
5100000
5100000
5100010
5099989
5100000
5100000
5100000
5100000
5100000
5100000
5100000
5100000
5100000
5100010
5099989
5100000
5100000
5100010
5099989
5099989
5100010
5100000
5100000
5100010
5099989
5100000
5100000
5100000
5100000
5100000
5100000
5100000
5100000
5100000
5100000
5100000
5100000
5099989
5100010
5100000
5100000
5100000
5100000
5100000
5100000
5100000
5100000
5100000
5100000
5100000
5100010
5099989
5100000
5100000
5100010
5099989
5100010
5099992
5100000
5100000
5100000
5100000
5100000
5100010
5099989
5100000
5100010
5100000
5100000
5099989
5100000
5100000
5100000
5100000
5100000
5100000
5100010
5099979
5100010
5100000
5100000
5100000
5099989
5100010
5100000
5100000
5100000
5100010
5099989
5100000
5100000
5100010
5099989
5100000
5100000
5100000
5100010
5099989
5100000
5100000
5100000
5100010
5099989
5100000
5100000
5100000
5100000
5099989
5100010
5100000
5100010
5099989
5099989
5100010
5099989
5100020
5099989
5100000
5100000
5100000
5100000
5100000
5100000
5100000
5100000
5099989
5100020
5099989
5100000
5100000
5100000
5100000
5100010
5099989
5100000
5100000
5100000
5100010
5099989
5100000
5100000
5100000
5100000
5100000
5100000
5100000
5100000
5100010
5099989
5100010
5100000
5099989
5100000
5100000
5100000
5100000
5100000
5100000
5100000
5100000
5100000
5100000
5100000
5100010
5060793
5100000
5100000
5100000
5100000
5100000
5100000
5100000
5100000
5100000
5100000
5100000
5100000
5100010
5100000
5099989
5100000
5100000
5100000
5100010
5099989
5100000
5100000
5100000
5100000
5100000
5100000
5100000
5100010
5099989
5100000
5100000
5100000
5100000
5100000
5100000
5100000
5100000
5100000
5100000
5100010
5099989
5100010
5099989
5100000
5100000
5100000
5100000
5100000
5100010
5099989
5100010
5099989
5100000
5099989
5100020
5099989
5100000
5100000
5100000
5100000
5100000
5100000
5100000
5099989
5100010
5100000
5100000
5100000
5100000
5099989
5100010
5100000
5100000
5100000
5100000
5100010
5099989
5100000
5100000
5100000
5100010
5099989
5100000
5100000
5100000
5100000
5100000
5100000
5100000
5100000
5100000
5100000
5100000
5100000
5099989
5100000
5100010
5100000
5100000
5100000
5100000
5100000
5100000
5100000
5100000
5100010
5099989
5100000
5100000
5100000
5100000
5099989
5100010
5100000
5100000
5100000
5100000
5100000
5100000
5100000
5100000
5100000
5100000
5100010
5100000
5099979
5100020
5099989
5100010
5099989
5100000
5100000
5100000
5100000
5100000
5100000
5100000
5100000
5100000
5099989
5100020
5100000
5099989
5100000
5100010
5099989
5100010
5099989
5100000
5100000
5100000
5100000
5100000
5100000
5100000
5100000
5100000
5100000
5100000
5100000
5100000
5100000
5100000
5100010
5099979
5100010
5100000
5100000
5100010
5100000
5099989
5100010
5100000
5099989
5100000
5100000
5100000
5100000
5100010
5099989
5100000
5100000
5100000
5100000
5100000
5100000
5100000
5100000
5100000
5100000
5100000
5100010
5099989
5100000
5100000
5100000
5100000
5100000
5100000
5100000
5100000
5100000
5100000
5100000
5100010
5100000
5099989
5100000
5100000
5100000
5100000
5100000
5100000
5100010
5099989
5100000
5100000
5100010
5099989
5100000
5100000
5100000
5100000
5100010
5099979
5100010
5100000
5100000
5100000
5100000
5093137
5100000
5100000
5100010
5099989
5100000
5100000
5100010
5099989
5099989
5100010
5100000
5100000
5100000
5100000
5100000
5100000
5100000
5097835
5098286
5100010
5100000
5099989
5100000
5100000
5100010
5099989
5100000
5100010
5100000
5099989
5100000
5100000
5100000
5100000
5100000
5100000
5098637
5099979
5100010
5100000
5100000
5100000
5100010
5099989
5100000
5100000
5097691
5100000
5100000
5100010
5100000
5099989
5100000
5100010
5099989
5100000
5100000
5098469
