1972843
2231536
4412008
5099989
5100010
5100000
5100000
5100000
5100000
5100000
5100000
5100000
5100000
5100000
5100000
5100000
5099989
5100010
5100000
5100000
5100000
5099989
5100010
5100000
5100000
5100000
5100000
5099001
5099144
5099098
5096442
5097692
5100010
5098620
5097367
5099915
5099989
5099268
5098563
5100010
5100000
5099271
5091390
5095037
5096864
5100010
5099989
5099840
5100000
5099989
5100020
5099989
5100000
5100000
5100000
5100000
5100000
5100000
5100000
5100010
5099979
5100010
5099989
5100010
5100000
5100000
5100000
5100000
5100000
5100010
5099989
5100010
5099989
5100010
5099979
5100010
5100010
5099989
5099979
5100020
5100000
5100000
5099979
5100030
5099989
5100000
5100000
5100000
5099989
5100010
5100000
5100000
5100000
5099979
5100020
5100000
5100000
5100010
5099989
5099979
5100030
5100000
5099989
5099989
5100010
5100010
5099989
5100000
5100000
5100000
5100010
5099989
5099989
5100010
5100000
5100000
5100000
5100000
5099979
5100010
5100010
5100000
5100000
5099969
5100000
5100040
5099989
5100000
5099989
5100010
5100000
5100000
5100010
5099989
5100000
5100000
5100010
5099989
5100000
5100000
5100010
5099989
5100000
5100010
5099979
5100010
5100000
5100000
5100000
5100000
5100000
5099989
5099989
5100020
5100000
5100000
5100000
5100010
5099989
5100010
5099989
5100000
5100010
5099989
5100000
5100000
5100000
5100010
5099989
5100010
5099989
5100000
5100000
5100000
5100000
5100000
5100000
5100000
5099989
5100010
5099979
5100020
5100000
5100010
5100000
5099989
5100000
5100000
5100000
5100000
5099399
5100000
5100010
5099989
5099989
5100010
5100000
5099989
5100010
5099716
5099989
5097546
5099655
5099278
5099327
5097223
5099638
5099058
5100000
5100000
5100000
5095471
5100000
5100000
5100000
5100000
5097712
5098746
5100000
5100000
5099989
5099272
5100000
5100000
5100000
5098747
5097044
5099517
5098795
5098763
5099969
5100020
5100000
5098763
5099989
5099951
5095727
5098475
5100000
5100000
5099322
5099989
5097930
5099249
5100000
5099489
5098984
5100000
5100010
5099661
5099530
5098674
5100000
5099270
5099286
5100010
5099527
5097783
5099979
5099298
5098541
5099511
5100010
5099273
5100000
5100000
5100000
5099187
5099979
5100030
5100000
5099989
5099283
5100000
5100010
5099698
5098073
5099989
5100010
5100000
5100000
5100000
5100000
5100000
5100000
5100000
5100010
5100000
5099989
5100000
5099989
5100000
5100010
5100000
5099989
5100020
5099989
5100000
5100000
5100000
5100010
5099989
5100010
5100000
5100000
5099989
5100000
5099979
5100030
5099989
5100000
5100000
5100000
5100000
5100010
5100000
5099989
5100000
5100000
5100000
5100000
5100000
5100010
5100000
5099989
5100000
5100000
5100000
5100000
5100000
5100000
5100010
5100000
5099979
5100020
5099989
5100000
5100010
5099989
5100000
5100000
5100000
5100000
5100000
5100000
5100000
5100000
5100000
5100000
5100000
5100000
5100010
5099989
5100000
5100000
5100000
5100000
5100000
5100000
5100000
5100000
5100000
5100010
5099989
5100000
5100000
5100010
5099989
5100000
5100010
5099989
5100000
5100000
5100010
5100000
5099989
5100000
5100000
5100000
5100000
5099989
5100010
5100000
5100000
5100000
5100000
5100000
5100000
5100000
5100000
5100000
5100010
5099989
5100000
5100000
5100000
5100000
5100010
5099989
5100000
5100010
5099989
5082332
5100000
5100000
5100010
5099989
5100000
5099979
5100020
5100000
5100000
5100000
5100000
5100000
5100000
5100000
5099989
5100010
5100000
5100000
5100000
5100000
5100000
5100000
5100000
5100000
5100010
5100000
5099989
5100000
5100000
5100000
5100010
5099989
5100000
5100010
5099969
5100020
5100000
5100000
5099969
5100030
5100000
5099989
5100010
5100000
5100000
5100000
5100000
5100010
5099989
5100000
5100000
5100000
5100000
5100010
5100000
5099989
5099989
5100010
5100000
5099989
5100010
5100000
5100000
5100000
5100010
5099989
5100010
5099989
5100000
5100000
5100000
5100000
5100010
5099989
5100000
5100000
5100000
5100000
5100000
5099979
5100020
5100000
5100000
5100000
5100000
5100000
5100000
5100000
5099989
5100010
5100000
5100000
5100000
5100000
5100000
5100000
5100000
5100000
5100000
5100010
5100000
5099989
5100010
5099989
5100000
5100000
5100010
5099989
5100000
5100000
5100000
5100010
5099969
5100020
5100000
5100010
5099979
5100010
5100000
5100000
5100010
5099989
5100000
5100000
5100000
5100000
5072368
5100010
5100000
5100000
5100000
5099989
5100010
5100000
5100010
5100000
5100000
5100000
5099989
5099989
5100010
5100000
5100000
5100000
5100000
5100010
5099989
5100010
5099989
5100000
5100000
5100000
5100000
5100000
5100010
5100000
5099989
5100000
5100000
5100000
5100000
5100010
5100000
5099989
5100000
5100000
5100010
5099989
5099989
5100010
5100010
5100000
5100000
5099989
5100000
5100000
5100000
5100000
5100000
5100000
5100010
5099989
5100000
5100000
5100000
5100000
5100000
5100000
5100000
5100000
5100000
5100010
5099989
5100010
5100000
5099989
5100000
5100000
5100000
5100010
5099989
5100000
5100000
5100010
5099989
5100000
5099979
5100030
5099989
5100000
5100010
5099989
5100000
5100000
5100000
5100000
5100010
5099989
5100000
5100000
5100010
5099989
5100000
5100010
5099989
5100000
5100010
5099989
5100000
5100000
5100000
5099989
5099989
5100030
5099989
5100010
5099989
5100000
5100000
5100000
5100010
5099989
5100000
5100000
5100000
5100000
5100000
5100010
5099989
5100000
5100000
5100010
5099989
5100000
5100000
5100000
5100000
5100010
5100000
5099989
5099989
5100000
5100010
5100000
5100010
5071488
5100000
5100010
5100000
5099989
5100000
5100010
5099989
5100000
5100000
5100010
5099989
5100000
5100000
5100000
5100000
5100000
5100000
5100000
5100000
5100000
5100000
5099989
5100010
5100000
5100010
5099989
5100000
5100010
5099989
5100000
5100000
5099989
5100010
5100010
5100000
5099969
5100020
5100000
5100000
5099979
5100030
5099989
5100000
5100000
5100010
5099989
5100000
5100000
5100000
5100000
5100010
5100000
5099989
5100000
5100000
5100000
5100000
5100000
5100000
5100000
5100010
5099989
5100000
5100000
5100000
5100010
5099989
5100000
5099989
5100020
5099989
5100000
5099989
5100000
5100010
5100000
5100010
5099989
5100000
5100010
5100000
5100000
5099989
5100010
5099989
5099979
5100020
5100000
5100000
5099979
5100020
5100000
5100000
5100000
5099989
5100010
5100010
5100000
5099989
5100000
5100000
5100000
5100010
5099989
5099989
5100000
5100020
5099989
5099989
5100010
5100000
5100000
5100000
5100000
5100000
5100000
5100010
5099989
5100000
5100010
5099989
5100000
5100000
5100010
5099989
5100000
5100000
5100000
5100010
5099989
5100000
5100000
5100000
5100000
5100010
5099989
5099979
5100030
5099989
5100000
5100000
5100000
5100000
5099989
5100010
5099979
5100020
5099989
5100000
5100010
5100010
5099979
5100020
5099989
5100000
5100000
5100010
5099989
5100000
5100000
5100000
5100000
5100010
5099989
5100000
5100000
5100000
5100000
5100000
5100000
5100000
5099989
5100010
5100010
5099989
5100000
5100010
5099989
5100010
5099989
5100000
5100000
5100000
5100010
5099989
5100010
5099979
5100010
5100000
5100000
5100000
5100000
5100000
5100000
5100000
5100000
5100000
5100000
5100000
5100010
5099989
5100000
5100000
5100000
5100000
5100000
5100000
5100000
5100010
5100000
5099989
5100000
5100000
5100000
5100000
5099979
5100020
5100000
5100000
5100000
5100000
5100000
5100000
5100000
5100000
5100000
5100000
5100000
5100000
5100000
5100010
5099989
5100010
5099989
5100000
5100000
5100000
5100000
5100000
5100000
5100000
5100000
5100000
5100000
5100010
5099989
5100000
5100000
5100000
5100000
5100000
5100010
5099989
5100000
5100010
5099989
5100000
5100010
5099989
5100000
5100010
5099989
5100000
5100000
5100000
5074919
5100000
5100000
5100000
5100000
5100000
5100000
5100010
5099989
5100000
5100000
5100000
5100000
5099989
5100010
5099989
5100010
5100000
5100000
5100000
5099989
5100000
5100010
5100000
5100000
5100000
5100010
5099989
5100000
5100000
5100010
5099989
5100000
5100010
5099989
5100000
5099989
5100010
5100000
5100000
5100000
5099989
5100020
5099989
5100000
5100000
5100010
5099989
5100010
5099989
5100000
5100000
5100000
5099989
5100010
5100000
5100010
5099989
5100010
5099989
5100000
5100010
5099979
5100020
5099989
5100000
5100010
5099989
5100010
5099989
5100000
5100000
5100000
5099979
5100020
5100000
5100000
5100000
5100000
5100000
5100000
5100000
5100000
5100000
5100010
5099979
5100010
5100000
5100010
5099989
5100000
5100000
5100000
5100000
5100010
5100000
5099969
5100030
5100000
5099989
5100000
5100000
5100000
5100000
5100000
5100000
5100000
5100000
5100000
5100010
5099989
5100000
5100000
5100000
5100000
5100000
5100000
5100000
5100000
5099979
5100020
5100010
5099989
5100000
5100010
5099989
5100000
5071384
5100010
5099989
5100000
5100000
5100000
5100000
5099989
5100010
5100010
5099989
5099979
5100020
5100000
5100000
5100000
5100010
5099989
5099989
5100010
5100000
5100000
5100000
5100000
5100000
5100000
5100000
5100010
5099989
5100000
5100010
5099989
5100000
5100000
5100010
5099989
5100000
5100000
5100010
5099989
5100010
5099979
5100010
5100000
5100000
5100010
5100000
5100000
5099989
5100010
5099989
5100000
5100000
5100000
5100000
5100000
5100000
5100010
5100000
5099989
5100000
5100010
5099989
5100000
5100000
5100000
5100000
5100000
5100000
5100000
5100000
5100000
5100000
5100010
5099989
5100010
5099989
5100000
5099979
5100020
5100000
5100000
5100000
5100000
5099979
5100020
5100000
5100010
5100000
5099989
5099979
5100020
5100000
5100000
5100010
5099989
5100000
5100000
5100000
5100010
5099989
5100000
5100000
5099989
5099989
5100020
5100010
5099989
5100010
5100000
5099979
5100010
5100000
5100000
5100000
5100000
5100000
5100000
5100010
5099989
5099979
5100020
5100000
5100000
5100010
5100000
5099989
5100010
5100000
5099989
5100010
5099989
5100000
5100000
5100000
5100010
5099989
5100000
5100000
5100000
5100000
5099979
5100020
5100000
5100010
5099979
5100010
5100000
5100010
5099989
5100000
5100000
5100000
5100000
5100010
5099989
5100000
5100000
5100000
5100000
5099979
5100030
5099989
5100000
5100000
5100000
5100000
5100000
5100000
5100000
5100000
5100000
5100010
5099989
5100000
5100010
5100000
5099989
5100000
5100000
5100000
5100010
5100000
5099989
5100000
5100010
5099989
5100000
5099989
5100010
5100000
5100000
5100000
5100000
5100000
5100010
5099989
5100000
5100000
5100000
5100000
5100000
5100000
5100000
5100000
5100000
5100000
5100000
5100000
5100010
5100000
5099979
5100010
5100010
5099989
5100000
5100000
5100000
5100000
5100000
5100000
5100000
5100010
5099989
5100010
5099989
5100000
5100000
5100000
5100000
5100000
5100000
5100010
5099989
5100000
5100000
5100000
5100000
5100000
5100000
5100000
5100000
5100000
5100000
5100000
5100000
5100000
5100010
5099989
5100000
5100010
5099969
5100020
5100000
5100000
5100000
5100000
5100010
5099989
5099989
5100010
5100000
5100000
5100010
5099969
5100020
5100000
5100010
5099989
5100000
5100000
5100010
5099989
5099989
5100010
5100010
5099989
5100010
5099989
5067646
5100010
5100000
5100000
5100000
5100000
5100000
5100000
5100000
5100000
5100000
5100000
5100000
5100000
5100010
5099989
5100000
5100000
5100000
5100000
5100000
5100000
5100010
5099989
5100010
5099989
5100000
5100000
5100000
5100000
5100000
5100008
5099989
5100000
5100000
5100010
5099989
5100000
5100000
5100010
5099989
5100000
5100000
5100010
5099989
5100010
5100000
5099989
5100000
5100010
5099989
5099989
5100020
5100000
5099989
5100000
5100000
5100000
5100000
5100010
5099989
5100010
5100000
5099989
5100000
5100010
5099989
5100000
5100000
5100000
5100010
5100000
5099989
5100000
5100000
5100000
5100000
5100000
5100000
5100010
5099989
5100010
5099989
5100000
5100000
5100000
5100000
5100000
5099989
5100010
5100000
5099979
5100020
5100000
5100000
5100000
5100010
5099989
5100010
5099989
5100010
5099989
5100000
5100000
5100000
5100000
5100000
5100000
5100000
5100000
5100000
5100010
5099989
5093887
5097234
5100000
5100000
5099979
5100030
5099989
5100000
5100000
5100010
5099989
5100000
5100000
5100000
5100000
5100000
5100010
5099989
5100000
5100010
5100000
5100000
5099989
5100000
5099989
5100010
5100010
5099989
5100000
5100000
5100010
5099989
5100000
5100000
5100000
5100010
5099989
5100010
5099989
5100000
5100000
5100000
5099979
5100030
5100000
5099989
5100000
5100000
5100010
5100000
5099979
5100010
5100010
5100000
5099989
5100000
5100010
5099979
5100020
5099989
5100000
5100000
5100000
5100000
5100000
5100000
5100000
5100000
5100000
5100000
5100000
5100000
5100000
5100000
5100000
5100010
5099989
5100010
5099989
5100000
5099979
5100020
5100000
5100000
5099989
5100010
5100000
5099979
5100010
5100010
5100010
5100000
5099989
5100000
5100010
5099989
5100000
5100010
5099989
5100000
5100000
5100000
5100000
5100000
5100000
5100000
5100000
5100000
5100010
5099989
5100000
5100000
5100000
5100000
5100000
5100000
5100000
5099989
5100010
5100000
5100000
5100010
5099989
5100010
5099989
5100000
5100010
5099989
5100000
5099989
5100010
5100000
5099989
5100020
5099989
5100000
5100000
5100000
5099979
5100020
5100000
5100000
5100000
5100000
5099979
5100020
5100000
5100000
5099979
5100020
5100010
5100000
5100000
5099989
5100000
5099989
5100010
5100010
5099989
5100010
5099989
5100000
5100010
5099989
5100000
5100000
5100010
5099989
5100000
5100000
5100010
5099989
5100000
5100000
5100000
5100010
5099989
5100000
5100000
5099979
5100020
5099979
5100020
5100000
5100000
5100000
5100000
5100010
5099969
5100020
5100010
5099989
5100000
5100000
5100000
5100000
5100000
5100010
5099989
5100000
5100000
5100000
5100000
5100000
5100000
5100000
5100000
5100000
5100000
5100010
5100000
5099989
5100000
5100010
5099989
5100000
5100000
5100000
5100000
5100000
5100000
5100000
5100010
5100000
5099989
5100000
5100000
5100000
5100010
5099989
5100000
5100010
5100000
5099989
5099989
5100010
5100000
5100000
5100000
5100010
5099989
5100000
5100000
5100000
5100000
5100000
5100010
5100000
5099989
5100000
5100010
5099989
5100000
5100000
5100000
5100000
5100000
5100000
5100010
5100000
5099989
5100010
5100000
5099989
5100010
5099989
5100000
5100000
5100000
5100000
5100000
5100010
5099989
5100010
5099989
5100000
5100000
5100000
5100000
5080370
5100010
5099989
5100010
5100000
5100000
5100000
5100010
5099989
5100000
5100010
5099989
5100010
5064212
5100000
5100030
5099969
5100020
5100000
5100000
5100000
5099989
5100010
5100010
5099989
5100000
5100010
5099989
5100000
5100000
5100000
5100000
5100000
5100000
5100000
5100000
5100000
5100000
5100000
5100000
5099979
5100030
5099989
5100010
5099989
5100000
5100000
5100000
5099989
5100020
5100000
5100000
5100000
5099989
5100000
5100010
5099989
5100010
5099989
5100000
5100000
5100000
5100010
5100000
5099989
5100000
5100010
5099989
5100010
5099989
5100010
5100000
5100000
5099989
5100000
5100010
5099989
5100000
5100000
5099979
5100020
5100000
5100010
5099989
5100000
5100000
5100000
5100010
5099989
5100000
5100010
5099989
5100000
5100010
5099979
5100010
5100000
5100000
5100000
5100000
5100000
5100010
5099989
5100000
5100000
5100010
5100000
5100000
5100000
5099989
5100000
5100000
5100010
5099989
5100000
5100000
5099979
5100020
5100000
5099979
5100020
5100010
5099979
5100010
5100000
5100000
5100000
5087400
5100000
5100000
5100000
5100000
5100000
5100010
5099979
5100010
5100000
5100000
5100000
5100000
5100000
5100000
5100000
5100000
5100000
5100000
5100000
5100000
5100000
5100000
5100010
5099989
5100000
5099979
5100030
5099989
5100000
5100000
5100010
5099989
5100000
5100010
5099989
5100000
5100000
5100000
5100000
5100000
5100000
5100010
5099989
5100000
5100000
5100010
5099989
5100000
5100000
5100000
5100010
5099989
5099979
5100020
5100000
5100000
5099979
5100020
5100000
5100000
5100000
5100000
5100000
5100000
5100000
5100000
5100000
5100000
5099979
5100030
5099989
5100000
5100000
5100000
5100000
5100000
5100000
5100000
5099979
5100020
5100000
5100000
5100000
5100010
5099979
5100010
5100000
5100000
5100010
5099989
5100000
5100000
5100000
5100010
5099989
5100010
5099989
5100000
5100000
5100010
5099989
5100000
5100000
5100000
5100010
5099989
5100000
5100000
5100000
5100000
5100000
5100000
5100000
5100000
5100000
5100000
5100000
5100010
5100000
5099989
5100000
5100010
5099989
5100000
5100000
5100010
5100000
5099989
5099979
5100030
5099993
5100000
5100000
5100000
5100000
5100000
5100010
5100000
5099989
5100010
5099989
5100000
5100010
5099989
5100000
5100000
5100000
5100000
5100000
5099989
5100010
5100000
5100000
5100010
5100000
5099989
5100000
5100000
5100000
5100010
5099989
5100010
5100000
5099989
5100010
5099989
5100000
5100000
5100000
5100010
5099989
5100000
5100000
5100000
5100000
5100000
5100000
5100010
5099979
5100010
5100000
5100010
5099989
5099989
5100010
5100010
5099989
5100000
5100000
5100010
5100000
5100000
5100000
5099989
5100010
5099989
5100010
5099989
5100000
5100010
5099989
5100000
5100000
5100000
5100000
5100000
5100000
5100000
5100010
5099989
5100000
5100000
5100000
5100010
5099989
5100000
5100000
5100000
5100000
5100010
5100000
5099989
5100000
5100000
5100010
5099989
5100000
5099989
5100010
5100010
5100000
5099989
5100000
5099979
5100020
5100000
5100000
5100010
5099979
5100010
5100000
5100000
5100010
5099989
5100010
5097794
5100000
5099989
5100010
5100000
5099989
5100000
5100010
5099989
5100000
5100000
5100000
5099537
5100000
5100000
5098219
5100000
5098398
5099564
5100000
5100010
5099989
5100000
5098743
5100010
5098411
5100000
5098377
5100000
5099153
5099626
5099905
5100000
5099297
5099989
5100000
5100000
5099989
5099752
5100010
5098054
5100000
5100000
5099979
5100020
5074346
5100010
5100000
5099518
5100000
5100010
5098512
5100000
5098384
5100000
5099989
5100000
5100000
5100000
5100000
5100010
5099989
5098009
5100000
5099476
5100000
5100010
5099989
5100000
5100000
5099759
5100000
5100000
5100010
5099155
5100000
5100000
5100000
5100000
5100000
5100000
5100000
5100000
5100000
5100000
5100000
5100000
5100000
5099700
5100000
5100000
5100000
5100000
5100010
5099969
5097963
5099447
5100010
5099055
5100020
5099721
5099989
5100010
5096988
5095224
5100000
5100010
5099989
5099293
5100010
5099989
5098925
5099979
5100030
5099989
5100000
5100010
5100000
5099969
5100010
5100010
5100000
5100000
5100000
5100000
5100000
5100000
5100000
5100000
5100000
5100000
5100000
5100010
5099989
5100010
5100000
5099989
5100010
5099989
5100000
5100010
5099989
5100000
5100000
5099989
5100010
5067909
5100000
5100010
5100000
5099989
5100000
5100000
5100000
5100000
5100010
5099989
5100010
5099989
5100010
5099969
5100020
5100000
5099989
5100020
5100000
5099989
5100010
5100000
5099989
5100000
5100010
5099989
5100000
5100000
5099989
5100010
5100010
5099989
5100000
5100000
5100010
5099989
5100000
5100010
5099989
5100000
5100000
5100000
5100010
5099989
5100000
5100000
5100000
5100010
5099989
5100000
5100010
5099989
5100000
5100000
5100010
5099989
5100000
5100000
5100000
5100000
5100000
5100000
5100000
5100000
5100000
5100010
5099989
5100000
5100010
5099989
5100000
5100000
5100000
5100000
5100010
5099989
5100000
5100000
5099989
5100010
5100000
5100010
5099989
5099989
5100020
5099989
5100010
5099989
5100000
5100000
5100000
5100000
5100000
5100000
5100000
5100000
5100000
5100000
5100010
5099989
5100010
5100000
5099989
5100010
5100000
5099979
5100010
5100000
5099979
5100020
5100000
5100000
5100000
5100000
5100000
5100000
5099989
5100010
5100000
5100000
5100010
5099989
5100000
5100000
5100000
5100000
5100000
5100000
5100000
5100000
5100000
5100000
5100000
5100000
5100010
5099989
5100000
5099979
5100030
5099989
5100000
5100000
5100000
5100010
5099989
5100010
5099989
5100010
5099989
5100010
5099969
5100020
5100000
5100000
5100010
5099989
5100000
5100000
5100000
5099989
5100000
5100010
5100010
5099989
5100010
5099989
5100000
5100010
5099989
5100000
5100000
5099989
5100010
5100000
5100000
5100010
5100000
5099969
5100020
5100010
5099989
5100000
5100000
5100010
5099989
5100000
5100000
5100010
5100000
5099989
5100000
5100000
5100000
5100000
5100000
5099989
5100010
5100000
5100000
5100000
5100000
5100000
5100010
5099989
5100010
5099979
5100010
5100000
5100000
5100000
5100000
5100010
5099989
5099989
5100010
5100000
5100000
5100000
5100000
5099969
5100040
5099989
5100000
5100010
5099979
5100010
5099989
5100010
5099989
5100010
5100010
5099969
5100020
5100000
5100000
5100000
5100010
5099989
5100000
5100010
5099989
5100000
5100000
5100000
5100000
5100010
5099989
5100000
5100000
5100000
5100000
5099989
5100010
5100000
5100000
5100000
5100000
5100000
5100000
5100000
5100000
5100000
5100000
5100000
5100000
5100000
5100000
5100000
5100010
5099989
5100000
5100000
5100000
5100000
5099989
5100010
5100010
5099989
5100000
5100010
5099989
5100000
5100000
5100000
5100000
5100010
5099989
5099989
5100010
5099989
5100000
5100010
5100000
5100000
5100000
5100000
5100010
5100000
5099989
5100000
5100000
5100000
5100000
5081710
5094218
5100000
5100000
5100010
5099989
5100010
5099989
5100000
5100010
5099989
5100010
5099989
5100010
5099989
5100000
5100000
5100000
5100010
5099989
5100000
5100000
5100010
5099989
5100000
5099989
5100010
5100000
5100010
5099989
5100000
5100000
5100010
5099989
5100000
5100000
5099989
5100010
5100000
5100000
5100000
5099979
5100020
5100010
5099989
5100000
5100010
5099989
5100000
5100000
5099979
5100020
5100000
5100010
5099989
5100000
5100000
5100000
5100000
5099989
5100010
5100000
5100000
5100000
5100000
5099979
5100020
5100000
5100000
5100010
5099989
5100000
5099989
5100010
5100000
5100010
5099989
5100000
5099989
5100010
5100000
5100010
5100000
5099979
5100010
5099979
5100030
5099989
5099979
5062205
5100000
5100000
5099989
5100010
5100000
5100000
5100000
5099989
5100010
5100000
5100000
5100000
5100000
5100000
5100010
5099989
5100010
5099989
5100000
5100010
5100000
5100000
5100000
5099989
5100000
5099989
5100010
5100000
5100000
5100000
5100010
5100000
5099989
5100000
5100000
5100000
5100000
5100000
5100000
5100000
5100000
5100000
5100000
5100000
5100010
5099989
5100000
5100000
5099989
5100000
5100010
5100000
5100000
5100000
5100000
5100000
5100000
5100000
5100000
5100010
5099989
5100010
5099989
5100000
5100000
5100010
5099989
5100000
5100000
5100000
5100010
5099989
5100000
5100000
5100000
5100010
5100000
5099989
5100000
5100000
5100010
5099989
5100000
5100000
5100000
5099979
5100020
5100000
5100000
5100000
5099989
5100010
5100010
5099989
5100000
5100000
5100000
5100000
5100000
5100000
5100000
5099989
5100020
5100000
5099989
5100000
5100010
5099989
5100000
5100000
5100000
5100000
5100010
5099989
5100000
5100000
5100000
5100000
5100000
5100000
5100000
5100000
5100010
5099989
5100010
5099989
5100000
5100000
5099979
5100020
5100000
5100000
5100000
5100000
5100000
5100000
5100000
5100000
5100000
5100000
5100000
5100000
5100010
5100000
5100000
5099979
5100010
5100000
5100000
5100010
5099989
5100000
5100000
5100000
5100000
5099989
5100010
5100000
5099989
5100010
5100000
5100010
5099989
5100000
5100000
5100000
5100000
5100000
5100010
5099989
5099989
5100010
5100000
5100000
5100000
5100000
5100000
5100000
5100000
5100010
5099989
5100000
5100010
5100000
5100000
5099989
5100010
5099989
5099979
5100020
5100010
5099989
5100000
5100000
5100000
5100000
5100000
5100000
5100000
5100000
5100010
5099989
5100000
5100000
5100000
5100010
5100000
5099989
5100010
5100000
5099989
5100000
5100000
5100000
5100000
5100000
5100000
5100000
5100000
5100000
5100000
5100000
5100000
5100000
5100000
5100000
5100000
5100000
5100010
5099989
5100000
5100000
5100000
5100000
5100010
5099989
5100010
5100000
5099989
5100000
5100000
5100000
5100000
5100000
5100000
5099979
5100020
5100000
5100000
5100010
5099989
5100000
5099989
5100020
5099989
5100010
5099989
5100010
5100000
5099989
5100000
5099989
5100010
5100000
5100010
5099989
5100000
5100000
5100000
5100000
5100010
5099989
5099989
5100010
5100000
5100000
5100000
5100000
5100000
5100000
5100000
5100000
5100000
5100010
5099979
5100000
5100010
5100000
5100000
5100000
5099989
5100020
5099989
5099979
5100030
5099989
5100000
5100000
5100000
5100010
5099989
5100000
5100010
5099989
5100000
5100000
5100010
5099989
5100000
5100010
5099989
5100000
5100010
5100000
5099989
5100000
5085696
5100010
5100000
5100000
5100000
5100000
5100000
5100000
5100010
5099979
5100010
5100010
5100000
5099989
5100000
5100000
5099979
5100020
5100000
5100000
5100000
5100000
5100010
5099989
5100000
5100000
5099989
5100010
5100000
5100000
5100000
5100000
5100000
5100000
5100000
5100010
5100000
5100000
5100000
5100000
5099989
5100000
5100010
5099969
5100020
5100000
5100010
5099979
5100020
5099989
5099989
5100010
5100000
5100000
5100000
5100000
5100000
5099979
5100020
5100000
5100000
5100000
5100000
5099571
5100000
5099433
5100000
5100000
5100000
5100000
5099989
5100000
5099979
5100020
5100010
5099989
5077142
5100020
5100000
5100000
5099979
5100020
5100010
5099989
5100000
5099989
5097780
5100000
5100010
5099979
5100010
5100000
5100000
5099595
5098390
5097689
5097650
5100000
5100000
5100000
5100000
5100010
5099989
5100000
5100000
5100000
5100000
5100010
5098811
5100010
5099989
5097516
5100000
5100000
5100000
5100000
5097692
5098306
5097690
5097703
5097688
5100000
5097858
5099965
5097894
5100000
5099989
5069575
5099989
5097693
5100000
5096370
5100000
5097691
5099542
5100000
5100000
5099979
5100020
5097916
5097866
5100010
5099989
5100010
5096041
5095053
5099081
5098470
5097515
5097671
5099941
5096113
5098967
5098941
5098648
5100000
5096938
5094333
5094678
5097687
5098236
5097253
5097689
5095371
5099714
5100000
5095748
5097421
5098984
5100000
5097286
5097571
5095085
5098619
5097781
5095800
5097957
5094744
5096385
5095697
5098229
5093288
5098433
5099989
5097691
5098954
5093040
5098211
5100000
5098771
5097166
5095352
5097702
5090724
5098707
5094654
5093366
5093095
5089824
5092655
5098033
5096727
5093010
5095466
5097220
5097707
5097669
5096743
5098359
5090674
5095649
5099715
5097160
5097706
5095390
5095221
5088948
5094148
5096770
5090278
5093731
5095388
5100000
5094625
5095339
5093183
5093046
5094177
5094175
5092704
5097708
5093050
5093051
5094221
5096945
5091265
5095380
5088389
5093077
5097685
5090708
5091721
5095386
5092519
5089078
5096085
5094895
5087350
5095223
5090634
5093880
5093929
5094296
5093462
5095253
5093234
5095379
5094051
5093761
5093428
5092666
5092272
5090749
5086628
5087583
5098179
5087680
5090702
5093905
5092973
5095382
5090230
5089589
5095351
5090425
5088991
5093445
5094237
5088622
5092996
5093557
5092676
5089793
5093749
5091021
5090148
5093066
5095234
5091493
5095508
5091590
5090771
5090637
5095746
5092499
5093972
5087660
5091194
5088990
5094887
5094984
5089887
5095631
5093062
5093468
5093967
5091405
5093098
5094561
5086868
5097353
5093151
5090724
5095385
5099989
5093352
5090387
5092857
5096261
5099286
5097347
5098134
5094150
5097570
5099278
5099516
5098128
5099989
5098477
5094201
5099277
5100000
5098562
5095705
5097762
5099989
5100010
5099989
5099300
5099989
5099167
5099979
5098575
5098072
5100000
5099550
5100000
5098541
5098535
5097535
5100000
5099001
5100010
5099281
5099989
5100000
5099134
5100010
5099989
5100010
5099989
5100010
5099989
5100000
5099648
5098663
5100000
5100000
5099286
5100010
5099989
5100000
5100000
5100000
5097219
5096985
5100000
5100000
5100000
5100010
5099989
5100000
5100010
5099989
5100000
5100000
5099294
5098677
5100000
5100000
5100000
5100000
5100000
5095885
5100000
5100010
5099989
5100000
5100000
5092118
5088010
5096589
5099989
5094986
5092708
5090665
5063313
5092198
5098561
5100010
5099989
5100000
5098668
5100000
5100000
5099301
5099989
5100000
5100000
5100000
5100000
5100000
5100000
5100000
5100000
5100000
5100000
5100000
5100000
5100000
5100000
5100000
5100010
5099989
5099979
5100020
5100000
5100000
5100000
5100000
5100010
5099979
5100010
5100000
5100000
5100000
5100000
5100000
5100010
5099989
5100000
5100000
5100000
5100000
5100000
5100000
5100000
5100000
5100000
5100000
5099989
5100010
5100000
5100000
5100000
5100000
5100000
5100000
5100000
5100000
5100000
5100010
5099989
5100000
5100000
5100000
5100010
5099989
5100000
5100010
5099989
5100000
5100000
5100000
5100000
5100010
5099989
5099979
5100020
5100010
5099989
5099989
5100010
5100000
5100000
5100000
5100000
5100000
5099989
5100010
5100000
5099989
5100010
5100000
5100000
5100000
5100000
5100000
5099979
5100020
5100000
5100000
5100010
5100000
5100000
5099989
5100000
5100000
5100000
5100000
5100000
5100000
5100010
5099989
5099979
5100020
5100000
5099989
5100010
5100000
5100000
5100000
5100000
5100000
5100000
5100000
5100000
5100000
5100010
5099989
5100010
5100000
5100000
5099989
5100000
5099989
5100020
5100000
5100000
5099989
5100010
5100000
5099979
5100010
5100000
5100010
5099989
5100000
5099989
5100010
5100000
5100000
5100000
5099989
5100020
5099989
5100000
5100000
5100000
5100000
5100000
5099979
5100020
5100000
5100010
5099989
5100000
5100000
5100000
5100000
5100000
5100000
5100000
5100000
5099989
5099989
5100020
5100000
5100000
5100000
5100010
5099989
5100000
5100000
5100000
5100000
5100000
5100000
5100000
5100000
5099989
5100000
5100000
5100010
5100000
5100000
5100000
5100000
5100000
5100000
5100000
5100000
5100000
5100000
5100000
5100000
5100000
5100000
5100000
5100000
5100010
5099989
5100010
5099989
5100000
5100000
5100000
5100000
5100000
5100000
5099989
5100010
5100000
5099989
5100010
5100010
5099989
5100010
5099989
5100000
5100010
5099989
5100000
5100000
5100000
5100000
5100000
5100000
5100000
5100000
5100000
5100000
5100000
5100000
5099979
5100020
5100000
5100000
5100000
5100000
5099989
5100000
5100010
5100000
5100000
5100000
5100000
5100000
5100000
5100010
5100000
5099989
5100000
5100010
5099989
5100000
5100000
5100000
5100010
5100000
5100000
5099989
5100000
5100000
5100010
5099989
5100000
5100000
5100000
5100000
5100000
5100000
5100000
5100000
5100000
5100000
5100000
5100000
5100010
5100000
5099989
5100000
5100000
5100000
5100000
5099989
5100010
5100000
5100000
5100000
5100000
5100010
5099989
5100000
5100010
5100000
5099989
5100000
5100010
5099989
5100000
5100000
5099989
5100010
5100000
5100000
5100000
5100000
5100000
5100000
5100000
5100010
5099989
5100010
5099989
5100000
5100000
5100000
5100000
5100000
5100000
5100000
5100000
5100000
5100000
5100000
5100000
5100000
5100000
5100000
5100000
5100000
5100000
5100000
5100000
5100000
5100000
5100000
5100000
5100000
5100000
5100000
5099979
5100020
5100000
5100000
5100000
5100000
5100000
5100010
5099989
5100000
5100000
5100000
5099979
5100020
5100000
5100000
5100010
5099989
5100010
5099989
5100000
5100000
5099979
5100030
5099989
5100000
5100010
5099989
5100000
5100000
5100010
5099989
5100000
5100000
5100000
5100000
5100010
5099989
5100000
5100000
5100000
5100000
5100010
5100000
5100000
5099989
5100010
5099989
5100000
5083414
5100000
5100000
5100000
5100000
5100010
5099989
5100000
5100010
5099989
5100010
5099989
5100000
5100000
5100000
5100000
5100000
5100000
5100000
5100010
5099989
5099989
5100010
5100010
5100000
5099989
5100000
5100000
5100000
5100010
5099989
5100010
5099989
5100000
5100000
5100000
5100000
5100000
5100000
5100000
5100000
5100010
5099989
5100000
5100000
5100000
5100000
5100000
5100000
5099989
5100010
5099979
5100020
5100000
5100000
5100000
5100000
5100000
5099989
5100010
5100010
5099989
5100000
5086507
5100000
5100010
5099989
5100000
5100000
5100000
5100000
5100010
5099989
5100000
5100000
5100010
5099989
5100000
5100000
5100000
5100000
5100000
5100000
5100000
5100010
5099989
5100000
5100000
5100000
5100000
5100000
5100000
5100000
5100000
5100010
5099989
5100000
5100000
5100000
5100000
5100010
5099989
5100000
5100000
5100000
5099979
5100020
5100010
5100000
5099989
5100000
5100000
5100000
5100000
5099979
5100020
5100000
5100000
5100010
5100000
5099989
5100000
5099969
5100030
5100000
5100000
5100000
5100000
5100000
5100000
5100000
5100000
5100000
5099979
5100020
5100000
5100000
5100000
5100000
5100010
5099989
5100000
5100000
5100010
5099989
5100000
5100000
5100000
5100010
5099989
5100000
5100010
5099989
5100000
5100000
5100000
5100000
5100000
5100000
5100010
5099989
5099979
5100020
5100000
5100000
5100000
5100000
5100000
5100000
5100000
5100000
5100000
5100000
5099989
5100010
5100000
5100000
5100010
5099989
5100000
5100000
5100000
5100000
5100000
5100000
5100010
5099989
5100000
5100000
5100000
5100000
5100000
5100000
5100000
5099989
5100010
5100000
5100000
5100000
5100000
5100000
5100010
5099969
5100030
5099989
5100000
5100000
5100000
5100000
5100000
5100000
5100000
5100000
5100000
5100000
5100000
5100000
5100010
5099989
5100010
5099989
5100000
5100000
5100000
5100000
5100000
5100000
5100000
5100000
5100000
5100000
5100000
5100000
5100010
5099989
5100000
5100000
5100010
5099989
5100000
5100000
5100010
5100000
5099979
5100010
5100000
5100000
5100010
5099989
5099979
5100020
5100000
5100000
5100000
5100000
5100000
5100000
5100000
5100000
5100000
5100000
5100000
5099989
5100010
5100000
5099989
5100010
5100000
5100000
5100000
5100010
5099989
5099989
5100010
5100000
5100000
5100000
5100000
5100000
5100000
5100000
5099979
5100020
5100000
5100000
5100000
5100000
5100000
5100000
5100000
5100000
5100000
5100000
5100000
5100000
5100010
5099989
5100010
5099979
5100010
5100010
5099989
5100000
5100000
5100000
5100000
5100000
5099979
5100020
5100010
5100000
5099989
5100000
5100000
5100000
5100010
5099989
5100010
5099989
5100000
5100010
5099989
5100000
5100000
5100000
5100000
5100000
5100000
5100000
5100000
5100000
5100000
5100010
5099989
5099989
5100010
5100000
5099989
5100010
5100000
5100000
5100000
5100000
5100000
5100000
5100000
5100000
5100000
5100000
5100000
5100000
5100000
5100010
5100000
5099989
5100010
5099989
5100000
5100000
5100000
5100000
5100010
5099979
5100020
5099989
5100000
5100010
5099989
5100000
5100000
5100000
5099989
5100010
5100000
5100000
5100000
5100000
5100000
5100000
5100000
5100010
5099989
5100010
5099989
5100000
5099979
5100020
5100010
5099989
5100000
5100000
5100010
5099969
5100020
5100000
5100000
5100000
5100000
5100000
5100000
5100000
5100000
5100000
5100000
5100000
5064092
5100010
5100000
5100000
5100010
5099989
5100000
5100000
5100010
5099989
5099979
5100030
5099989
5100000
5100000
5100000
5100000
5100010
5099989
5100000
5100000
5099989
5100010
5100000
5100000
5100000
5100000
5100000
5100010
5099989
5099371
5097906
5100000
5100000
5100000
5100000
5100000
5100000
5100000
5100000
5100000
5100000
5099989
5100010
5100000
5099979
5100020
5100010
5099989
5100010
5099989
5074155
5100020
5100010
5097767
5099989
5100000
5100000
5100000
5100000
5099989
5100010
5100000
5100000
5100000
5100010
5100000
5099989
5100010
5099989
5100000
5100000
5100000
5097692
5100010
5099989
5099451
5098227
5099989
5100000
5100000
5100010
5097414
5100000
5098434
5100010
5100000
5098118
5097835
5099802
5100000
5100010
5099458
5099989
5100000
5100000
5100000
5098789
5100000
5100000
5100010
5098769
5099178
5100010
5097564
5099777
5100010
5097694
5099549
5099989
5099440
5100000
5100000
5099492
5100000
5099083
5096132
5097932
5095246
5096044
5099042
5100000
5099056
5098027
5098804
5099353
5099441
5097543
5097199
5098281
5097688
5100000
5100000
5096812
5099596
5095768
5100010
5097540
5099979
5097062
5098693
5099625
5099989
5100020
5098771
5094881
5097835
5092722
5098236
5096978
5097687
5100010
5100000
5092807
5097363
5098706
5100000
5098652
5099607
5100010
5098212
5100000
5095369
5100000
5093475
5098074
5100000
5098377
5094188
5098873
5094480
5097339
5098196
5099979
5099582
5093986
5097039
5097704
5100000
5098091
5097136
5093069
5099989
5097175
5096620
5095392
5096333
5099989
5095036
5094575
5100000
5099542
5094784
5099835
5100010
5096118
5095659
5098549
5099267
5099404
5096364
5097348
5097716
5099636
5099268
5100000
5097179
5095323
5097403
5095771
5092188
5097864
5097450
5097691
5098971
5099989
5097692
5094934
5097672
5096132
5090563
5100000
5098389
5091316
5099552
5096401
5093548
5092126
5095661
5093234
5097727
5093260
5094390
5098664
5095018
5097690
5097251
5100000
5094437
5097696
5096779
5099989
5094228
5099979
5098727
5100010
5098736
5094985
5096125
5099714
5098934
5095061
5097999
5098515
5095075
5093241
5094284
5099422
5098689
5099293
5098058
5099989
5100010
5098374
5094641
5097760
5098849
5100000
5100000
5100000
5100000
5100000
5094338
5099075
5095362
5096492
5099049
5100010
5098309
5096951
5094401
5094940
5099864
5099726
5100000
5096945
5100000
5092601
5095064
5097837
5095378
5097909
5093834
5094641
5098143
5097507
5097680
5095862
5096848
5097682
5097807
5093405
5095016
5098269
5099989
5097535
5096021
5095037
5093433
5088017
5095000
5095619
5099989
5095317
5093081
5093659
5097706
5051279
5094131
5095352
5097737
5099862
5098726
5097247
5095266
5090998
5095689
5097156
5088919
5094644
5100000
5097974
5095819
5094163
5094574
5096339
5092731
5099432
5095372
5092335
5087856
5095643
5099989
5090252
5094787
5095081
5090737
5095663
5098803
5094602
5097693
5096689
5100020
5099513
5100000
5100010
5099989
5100000
5100010
5099989
5100010
5096849
5094406
5090728
5095841
5096498
5093634
5087032
5098131
5093420
5094767
5085498
5089830
5090334
5091700
5092417
5085890
5095388
5089724
5083333
5085675
5087721
5093176
5088002
5086515
5091863
5089475
5100000
5100000
5100000
5100000
5099989
5100010
5080953
5093305
5100000
5100000
5096781
5090324
5094212
5091128
5085484
5092643
5090999
5089699
5088006
5080430
5083853
5085939
5093054
5089646
5089458
5096798
5100000
5100000
5100010
5099989
5100000
5100000
5100000
5100000
5099989
5100010
5100010
5099989
5100000
5099989
5100010
5100000
5100010
5099989
5100000
5100000
5100000
5100010
5099989
5100000
5100000
5100000
5100000
5100010
5099989
5100010
5099979
5100010
5100000
5100000
5099989
5100010
5100000
5100010
5099989
5100000
5100010
5099989
5100000
5100000
5100000
5100000
5100000
5100000
5100010
5100000
5099989
5100000
5100000
5100000
5100000
5100000
5100000
5100000
5100000
5100010
5099989
5100010
5099989
5100000
5100000
5100000
5100000
5100000
5100000
5100000
5100000
5100000
5099979
5100020
5100000
5100010
5100000
5099989
5100000
5100010
5099989
5100010
5099989
5100000
5100010
5099989
5100000
5100000
5100000
5100000
5100000
5099989
5100010
5100000
5100000
5100000
5100000
5100000
5100000
5100000
5100010
5099989
5100000
5100000
5100010
5099989
5100000
5100000
5100000
5100000
5100000
5100000
5100000
5100000
5100000
5100000
5100000
5100000
5100000
5100000
5100010
5100000
5100000
5099989
5100000
5100000
5099989
5100010
5100010
5099989
5100000
5100010
5099989
5100010
5099969
5100030
5099989
5100000
5100010
5099989
5100000
5100000
5100010
5100000
5099989
5100010
5099989
5100000
5100000
5100000
5100010
5099989
5099989
5100020
5099989
5100000
5100000
5100000
5100000
5100000
5099989
5100010
5100000
5099979
5100020
5100000
5100000
5100000
5100010
5099989
5100010
5099989
5100000
5100000
5100000
5099979
5100020
5100000
5100000
5100000
5100010
5099989
5100000
5100000
5100010
5099989
5100010
5099989
5100000
5100000
5100010
5100000
5100000
5100000
5099989
5100000
5099979
5100020
5100010
5099979
5100010
5100000
5100010
5099979
5100010
5100000
5100010
5099989
5100000
5099979
5100030
5099989
5100000
5100010
5099989
5100010
5099989
5100000
5100000
5100000
5099989
5100010
5100010
5099989
5100000
5100000
5100000
5100000
5100010
5100000
5099989
5100000
5100000
5099989
5100020
5099989
5100000
5100010
5099989
5100010
5099987
5100010
5100000
5100000
5100000
5100000
5100000
5100000
5100010
5099989
5100000
5100000
5100000
5100000
5100000
5100000
5100010
5099989
5100000
5100010
5100000
5099989
5100000
5100010
5099989
5100000
5100000
5100000
5100000
5100000
5100000
5099989
5100010
5100000
5100010
5100000
5099989
5100000
5100010
5100000
5099989
5100010
5099989
5100010
5099979
5100010
5100000
5099989
5100010
5100000
5100000
5100000
5100000
5100000
5100000
5100000
5100000
5100000
5100000
5100000
5100000
5100000
5100000
5100000
5100000
5100000
5100000
5100010
5099989
5067490
5100000
5100000
5100000
5100010
5100000
5099989
5100000
5100000
5099989
5100020
5100000
5099989
5100010
5099989
5100000
5100000
5100010
5099989
5099979
5100030
5099989
5100000
5100010
5099989
5100000
5100010
5099989
5100000
5100010
5099989
5100010
5099969
5100020
5100000
5100010
5099989
5100000
5100000
5100000
5100000
5100000
5100000
5100010
5099989
5100000
5100000
5100000
5100000
5100010
5099989
5099989
5100010
5100000
5100000
5100000
5100000
5100000
5100000
5100000
5100000
5100000
5100000
5100000
5100000
5100000
5100010
5099989
5100000
5100000
5100000
5100000
5100000
5100000
5100010
5099989
5100000
5100000
5100000
5100000
5100000
5100000
5100000
5100010
5099989
5100000
5100010
5100000
5099989
5091675
5100010
5100000
5100000
5100000
5100000
5100000
5100000
5100000
5100000
5100010
5099989
5100000
5100000
5100000
5100000
5100000
5100010
5100000
5099979
5100010
5100000
5100010
5099979
5100010
5100010
5099989
5100010
5099989
5100000
5100000
5100000
5100000
5100000
5100010
5099989
5100000
5100000
5070824
5100010
5100000
5100000
5100000
5100000
5099979
5100020
5100000
5100000
5100000
5100000
5100000
5100000
5100000
5100000
5100000
5099989
5100010
5100000
5100000
5100010
5099989
5100000
5100000
5100000
5100010
5099989
5100000
5100000
5100010
5099989
5100000
5100000
5100010
5099989
5100000
5099989
5100020
5100000
5099989
5100000
5100000
5100000
5100000
5100000
5100010
5099989
5100000
5099989
5100010
5100000
5100000
5100010
5099989
5100000
5100000
5100010
5099989
5100000
5100010
5099989
5100000
5099989
5100010
5100000
5100010
5099989
5100000
5100000
5100000
5100000
5100000
5100000
5100000
5100000
5100010
5099989
5100000
5100000
5100000
5100000
5100000
5100000
5100010
5099989
5100000
5100000
5100000
5100000
5100000
5100000
5100000
5100010
5100000
5099989
5100000
5100000
5100000
5100000
5100000
5100010
5099989
5099979
5100020
5100000
5100000
5100010
5100000
5099989
5100010
5099989
5100000
5100000
5100000
5100000
5100000
5100000
5100000
5100000
5100000
5100000
5100000
5100000
5099989
5100010
5100010
5100000
5099989
5100010
5099989
5100000
5100010
5099989
5100000
5100010
5099989
5100000
5100010
5099989
5100000
5100000
5100010
5099989
5100010
5099989
5100000
5100010
5099989
5100010
5099989
5099989
5100010
5100000
5100000
5099989
5100010
5100000
5100000
5100000
5100000
5100000
5100000
5100000
5100000
5100000
5100000
5099989
5100010
5100010
5100000
5099989
5100000
5100000
5100000
5100000
5100010
5099979
5100010
5100000
5100010
5100000
5099989
5100000
5100000
5100000
5100010
5099989
5100000
5100000
5100000
5100000
5100000
5100010
5100000
5100000
5099989
5100000
5100000
5100000
5100010
5100000
5099989
5100000
5100010
5099989
5100000
5100000
5100010
5099989
5100000
5100000
5100000
5100000
5099989
5100010
5100000
5100000
5100000
5100000
5100010
5099989
5100010
5099989
5099979
5100020
5100000
5100000
5100000
5100000
5100000
5100000
5100000
5100000
5100000
5100000
5100010
5100000
5100000
5100000
5099989
5100000
5100010
5099989
5100010
5099989
5100010
5099989
5100000
5100000
5099989
5100010
5100000
5100000
5100000
5100000
5100000
5100010
5099989
5100000
5100000
5100000
5100010
5099989
5100010
5099979
5100010
5095615
5100010
5098295
5100000
5099989
5095632
5095781
5100000
5095610
5099989
5100020
5099989
5100000
5100010
5099989
5098769
5100000
5100000
5099979
5100020
5100000
5100010
5099989
5100010
5099989
5099989
5100010
5100000
5100000
5100010
5100000
5099989
5100000
5090988
5096443
5099312
5099989
5100000
5095821
5100000
5100010
5099989
5100000
5100000
5100000
5100010
5099979
5100010
5100000
5100010
5099989
5100000
5100000
5095461
5100010
5099989
5100010
5100000
5099989
5094669
5100000
5100000
5100000
5099989
5100010
5100000
5095799
5095842
5100000
5094953
5099970
5100000
5095309
5100000
5099989
5098011
5097542
5098420
5093494
5095064
5097536
5091976
5090979
5095634
5089712
5095565
5098217
5097692
5091416
5100020
5099989
5091027
5093463
5100000
5100000
5095812
5095660
5100000
5095883
5099719
5077820
5100010
5099672
5100000
5098583
5090514
5100000
5096115
5086191
5096060
5088441
5091420
5100000
5089371
5090401
5100000
5095817
5100010
5099989
5098587
5089532
5094179
5095473
5089109
5098073
5065728
5094452
5088998
5093779
5095646
5083374
5093945
5087220
5090509
5095357
5091080
5089833
5091286
5090904
5084015
5094366
5087064
5093391
5086838
5095591
5091327
5095525
5089969
5087438
5081739
5095801
5089834
5089857
5086271
5097132
5093336
5087453
5093793
5085736
5093332
5089372
5097696
5084045
5089835
5081375
5085273
5086863
5081533
5086386
5073193
5084611
5089342
5080806
5073316
5093466
5086682
5079746
5075181
5086605
5088844
5079168
5091187
5082878
5084804
5080896
5091604
5082529
5077043
5084385
5089000
5082722
5084026
5086913
5075923
5081949
5082132
5079287
5083031
5087174
5084972
5080591
5085517
5089769
5080926
5095731
5088055
5081680
5075795
5075710
5072749
5086901
5091640
5073169
5085571
5069883
5084491
5075038
5074116
5086812
5077903
5075060
5080597
5087934
5091273
5078185
5077593
5079416
5082522
5083674
5077558
5079621
5080758
5082570
5076691
5090230
5083226
5077679
5088632
5086507
5079980
5080912
5075347
5077879
5077439
5073631
5071669
5081078
5073585
5073673
5089540
5074636
5083492
5075189
5078696
5082968
5077016
5081247
5071428
5080329
5069562
5068303
5071348
5072153
5071593
5071753
5079074
5068459
5070551
5074333
5073525
5068361
5071303
5068744
5065198
5063696
5072007
5074175
5073021
5080648
5077677
5071044
5060265
5071283
5076443
5070228
5077594
5062730
5066298
5081316
5065771
5076896
5070468
5062261
5075800
5069071
5063362
5054981
5067605
5069963
5072049
5058245
5063762
5065542
5068428
5065046
5065262
5065081
5066414
5048479
5062654
5073100
5064606
5075640
5075463
5073491
5065785
5068948
5066243
5066730
5069618
5066202
5064668
5060509
5070383
5066192
5065157
5066624
5062719
5060457
5070922
5061753
5063333
5065796
5064091
5063764
5066052
5066183
5073920
5068958
5061748
5059237
5068239
5061794
5059180
5056784
5059807
5062688
5056796
5070329
5062424
5061532
5051881
5064782
5064626
5060752
5056589
5063008
5053710
5056626
5062096
5064737
5058895
5062153
5051917
5055506
5051035
5058596
5059908
5060650
5058478
5052032
5051593
5054721
5055174
5056954
5054420
5062043
5060631
5050585
5054261
5063306
5056476
5052368
5059039
5065688
5067058
5061337
5044213
5049618
5051259
5048622
5069079
5056711
5050768
5064076
5055027
5045758
5066107
5056699
5061517
5060013
5050839
5051975
5057253
5053432
5049309
5064060
5059443
5057910
5057973
5042357
5046540
5058273
5060101
5063998
5057941
5076004
5047138
5040915
5063890
5052928
5052587
5060419
5054851
5060363
5071255
5055216
5043061
5047166
5056245
5060469
5045129
5061638
5045759
5052176
5049806
5056647
5042537
5054847
5057418
5062544
5053666
5060075
5057436
5056929
5071260
5063603
5046437
5049913
5055705
5056272
5058588
5055165
5064645
5069459
5064666
5062066
5058909
5050164
5053735
5040096
5055069
5058018
5063636
5047721
5049059
5056750
5067248
5045405
5057511
5058986
5055722
5040408
5056101
5057341
5058858
5056177
5054237
5052707
5065526
5058768
5051629
5072904
5045402
5057470
5049381
5051257
5048118
5050358
5060162
5049504
5057664
5043827
5052264
5052063
5056873
5058827
5043188
5054279
5047464
5050009
5042490
5046995
5044704
5036655
5045609
5035393
5057316
5061039
5050590
5045459
5069273
5047608
5051740
5045764
5052090
5039371
5047028
5019995
5051880
5047300
5044783
5050800
5052578
5033630
5053734
5048348
5038713
5047196
5032532
5030462
5043497
5035378
5036790
5034078
5030476
5035876
5031496
5033574
5031852
5024548
5030025
5031514
5029471
5035046
5031134
5027938
5033359
5041533
5031142
5020865
5040509
5037104
5035506
5040671
5035835
5034387
5037256
5024166
5041139
5028122
5034386
5044373
5033877
5040787
5041238
5030751
5039327
5038799
5036157
5030162
5034197
5025231
5025727
5030385
5032486
5032656
5036239
5041148
5029863
5028848
5027855
5033373
5033289
5027540
5027026
5026405
5035392
5024012
5031421
5033311
5032475
5029607
5027463
5025863
5032933
5020050
5032588
5021139
5031673
5026745
5028542
5022595
5028314
5035159
5025276
5037881
5032540
5026155
5022634
5031423
5032764
5024843
5038128
5030209
5027479
5029206
5029571
5023099
5031266
5037764
5020743
5026232
5021982
5022214
5018038
5022231
5024059
5030584
5031205
5030502
5020941
5021248
5034476
5015358
5026655
5026504
5024202
5024339
5024181
5023737
5023594
5047625
5049449
5041676
5039546
5062059
5063824
5028082
5033093
5052048
5021568
5016793
5027575
5020807
5026128
5058791
5068317
5025166
5052033
5044679
5062976
5055199
5029821
5059255
5050910
5051969
5052676
5041008
5069796
5049270
5038197
5029549
5012671
5016491
5020641
5020907
5025166
5025664
5061706
5055189
5049145
5046769
5059863
5046272
5043838
5049603
5029074
5019114
5017890
5025293
5031701
5034171
5019579
5025569
5031555
5035333
5033886
5035115
5048651
5055151
5045380
5030247
5065949
5043010
5027621
5026375
