2128961
4547953
5100101
5100000
5099989
5100010
5100000
5100000
5100000
5100000
5100000
5100000
5099989
5097276
5092685
5093434
5093043
5086014
5086488
5089182
5088355
5094892
5098531
5096382
5096940
5097754
5100010
5100000
5100000
5100010
5099989
5100000
5100000
5100000
5099989
5100010
5100000
5100000
5100000
5100000
5100000
5100000
5099000
5100000
5097687
5097689
5100000
5099905
5100000
5097689
5099633
5100010
5099979
5100010
5099288
5095357
5100010
5100000
5100000
5090402
5097746
5100000
5089040
5093220
5100010
5099989
5100000
5099989
5100010
5100000
5100000
5099989
5100000
5100010
5100000
5100000
5100000
5100000
5100000
5100000
5100010
5099989
5100000
5099989
5100010
5100010
5100000
5099979
5100020
5099989
5100000
5100000
5100000
5100000
5099989
5100010
5100000
5100000
5100010
5099989
5100000
5100000
5100010
5099989
5100000
5100000
5099989
5100020
5100000
5099989
5100010
5099989
5100000
5100000
5099989
5100000
5100020
5099989
5100000
5100000
5100000
5100000
5100000
5100000
5100000
5100010
5099989
5099979
5100020
5100010
5099989
5100000
5100000
5100000
5099979
5100020
5100000
5100010
5099989
5100000
5100000
5100000
5100010
5099989
5099916
5099989
5099946
5099612
5100000
5100000
5100000
5099593
5100000
5100000
5099969
5099582
5100010
5099799
5099273
5100000
5099279
5100000
5098719
5099634
5100000
5100000
5100000
5100000
5097382
5096670
5094798
5098755
5098809
5099287
5100000
5100000
5100000
5100000
5100000
5100000
5099280
5100000
5100000
5100000
5099989
5100010
5100000
5100000
5100000
5100000
5100000
5099286
5100000
5100000
5100010
5099989
5099989
5100010
5100000
5100000
5100000
5099979
5100020
5100010
5099989
5100010
5099969
5100020
5100000
5100000
5100000
5100010
5099989
5099979
5100020
5099989
5100010
5100000
5100000
5099979
5100010
5100010
5100000
5100010
5099989
5100010
5099989
5100000
5100000
5100010
5099989
5099979
5100020
5100000
5100000
5100000
5100000
5100000
5100000
5099989
5100010
5100000
5100000
5100000
5100000
5100000
5100000
5100000
5099989
5100010
5099989
5100010
5099989
5100010
5099989
5100010
5100000
5099989
5100010
5100000
5100000
5100000
5100010
5099989
5099989
5100010
5100000
5100010
5099989
5100000
5100000
5100000
5099989
5100010
5099989
5100000
5100020
5099989
5100000
5100000
5100000
5100000
5100000
5100000
5100000
5100000
5100000
5100000
5100000
5100000
5100000
5100000
5100000
5100000
5100000
5100000
5100000
5100000
5100000
5100000
5099989
5100020
5099989
5100010
5099989
5100000
5100000
5100000
5099748
5099989
5100000
5100010
5100010
5099989
5100010
5099989
5100000
5100010
5099979
5100010
5100000
5100000
5100000
5100010
5099989
5100000
5100000
5099979
5100020
5100000
5100000
5100010
5099989
5100000
5100000
5100010
5100000
5099989
5100010
5099989
5100000
5099989
5100010
5100010
5099989
5100000
5100000
5100000
5100000
5100000
5100010
5099989
5100000
5100000
5100000
5100000
5100000
5100000
5100000
5099989
5100010
5100000
5100000
5100010
5099969
5100020
5100000
5100000
5100000
5100000
5100000
5100000
5100000
5100000
5100000
5100000
5100000
5100000
5099979
5100020
5100000
5099989
5100010
5100010
5099989
5100000
5100000
5100000
5100010
5099989
5100000
5100010
5099989
5100010
5099989
5100000
5100000
5100000
5100000
5100000
5100010
5099989
5100000
5100000
5100000
5100000
5100000
5100000
5099989
5100020
5099989
5100000
5100000
5100000
5100000
5100000
5100000
5100000
5100000
5100000
5100000
5100000
5100000
5100010
5099989
5100000
5100000
5100000
5100000
5100000
5100000
5100000
5100000
5100000
5100000
5100000
5100000
5100010
5099989
5100000
5100000
5100000
5100010
5099989
5100000
5100000
5100000
5100000
5100000
5100000
5100010
5099979
5100010
5100000
5100000
5100000
5100000
5082593
5100000
5100000
5100000
5100000
5100000
5100000
5100000
5100000
5100000
5100000
5100010
5100000
5099969
5100020
5100000
5100000
5100000
5100000
5100010
5099989
5100000
5100000
5100000
5100000
5100010
5099989
5100000
5100010
5099979
5100010
5100000
5100010
5099989
5100010
5100000
5099989
5100000
5100000
5100000
5100000
5100000
5100000
5100000
5100000
5100000
5100000
5100000
5100000
5100000
5100000
5100000
5100000
5099989
5100010
5100000
5100000
5099979
5100020
5100000
5100010
5100000
5099989
5100000
5099989
5100010
5100000
5100000
5099989
5100000
5100010
5100000
5100000
5100000
5100000
5100010
5099989
5100000
5099979
5100020
5100000
5100000
5100000
5100000
5100010
5099989
5100010
5099989
5100000
5100000
5099979
5100020
5100000
5100010
5100000
5099989
5100000
5100000
5100000
5100010
5099989
5100000
5100000
5100000
5100000
5100000
5099989
5099299
5100000
5099284
5098060
5099713
5098660
5099957
5100000
5099989
5100000
5099989
5100020
5100000
5100000
5100000
5100000
5100000
5100000
5100000
5100000
5100010
5099989
5100000
5100000
5100000
5100000
5099989
5100000
5100010
5100000
5099979
5100020
5100000
5100000
5100000
5100000
5100000
5100010
5099989
5100000
5100000
5100000
5099989
5100010
5100010
5099989
5100000
5099989
5100010
5100000
5100000
5099989
5100010
5100000
5100010
5099989
5099979
5100020
5100000
5099979
5100020
5100010
5099989
5099979
5100020
5100000
5100000
5100000
5100000
5100000
5100000
5100000
5100000
5100010
5100000
5099989
5100000
5100000
5100000
5100000
5100000
5100000
5100010
5099989
5100000
5099979
5100020
5100000
5100000
5099989
5100010
5100000
5100000
5100000
5100000
5100000
5100000
5100000
5100000
5100000
5100000
5100000
5100000
5100000
5100000
5100000
5100000
5100000
5100000
5100000
5100000
5100000
5100000
5100000
5100000
5100000
5100000
5100000
5100000
5100000
5100000
5100000
5100010
5099979
5100020
5099989
5100000
5100000
5100000
5100000
5100000
5100000
5100000
5100000
5100000
5100000
5099989
5100010
5100000
5100000
5100000
5100000
5100000
5100010
5099989
5100000
5100010
5099989
5100000
5100000
5100000
5100000
5100000
5100000
5100000
5100010
5099989
5100000
5100000
5100000
5100000
5100000
5100000
5100010
5100000
5099989
5099979
5100020
5100010
5100000
5099989
5100000
5100000
5100000
5100010
5099989
5099979
5100020
5100000
5100000
5099979
5100020
5100000
5100000
5099989
5100010
5100000
5100000
5099979
5100020
5100000
5100000
5100000
5100000
5100000
5099989
5100010
5100000
5100010
5099989
5100010
5099979
5100000
5100010
5100000
5100000
5100000
5100000
5100000
5099979
5100020
5100000
5100000
5100000
5100000
5100000
5100000
5100010
5099989
5100000
5100000
5099989
5100010
5100000
5100010
5099989
5100000
5100000
5100000
5100000
5100010
5099979
5100010
5099979
5100020
5100000
5100000
5100000
5100000
5100000
5100010
5099989
5100000
5099989
5100010
5099989
5100010
5100010
5099989
5100000
5099989
5100010
5100000
5100010
5099989
5100000
5100000
5100000
5100010
5099989
5100000
5100010
5099969
5100020
5100000
5100000
5100000
5100000
5100010
5099989
5100000
5099989
5090793
5100000
5100000
5100000
5100000
5100000
5100000
5100000
5100010
5099989
5100000
5100000
5100000
5100000
5099979
5100020
5100000
5100000
5100010
5099989
5100000
5100000
5100010
5099989
5099969
5100030
5100000
5100000
5100010
5099989
5100010
5099989
5100000
5100000
5100000
5100000
5100000
5100000
5100000
5099989
5100010
5100000
5100000
5099979
5100020
5100000
5099989
5099989
5100010
5100000
5100010
5099979
5100010
5100000
5100020
5099979
5100000
5100000
5100010
5099989
5100000
5100000
5100010
5100000
5100000
5099989
5100000
5100000
5100010
5100000
5099989
5100010
5100000
5100000
5100000
5099989
5100010
5099989
5100010
5099989
5100000
5100010
5099979
5100020
5100000
5099989
5100000
5100000
5100000
5100010
5099979
5100000
5100020
5100000
5099989
5100000
5100000
5100010
5100000
5100000
5100000
5100000
5100000
5099989
5100000
5100020
5099989
5099979
5100030
5099989
5100000
5100000
5099979
5100030
5099989
5100000
5100000
5100000
5099989
5100020
5099979
5100010
5100010
5099989
5100010
5099969
5100020
5100010
5099989
5100000
5100010
5099989
5100000
5100000
5100000
5100000
5100000
5100000
5100000
5099989
5076281
5100000
5100000
5099979
5100020
5100000
5100010
5099989
5100010
5099969
5100020
5100010
5099989
5100000
5100000
5100000
5100000
5100000
5100000
5099989
5100010
5100000
5100000
5100000
5100000
5100000
5099979
5100030
5099989
5100000
5100000
5100000
5100000
5100000
5099979
5100020
5100000
5100000
5100000
5100000
5100000
5100000
5099989
5100020
5099989
5100000
5100000
5100000
5099989
5100010
5100000
5099989
5100010
5100000
5100000
5100000
5100000
5100000
5099989
5100010
5100000
5100010
5099989
5099989
5100010
5099979
5100020
5100000
5100000
5099989
5100010
5100000
5100000
5100000
5100000
5100000
5099989
5100010
5100000
5100000
5100010
5100000
5099989
5100000
5100000
5100000
5100000
5100000
5099979
5100020
5100000
5100000
5100000
5100000
5100000
5100000
5099989
5100010
5100000
5100010
5099989
5100000
5100000
5100000
5100000
5100000
5100000
5100000
5100010
5099989
5100000
5100000
5100010
5099989
5100000
5100010
5099989
5099979
5100020
5100000
5099979
5100020
5100000
5100000
5100000
5100010
5099979
5087408
5100010
5099979
5099989
5100030
5099979
5100010
5100000
5100000
5100000
5100000
5099989
5084585
5100000
5100000
5100010
5099989
5100000
5100000
5100010
5099989
5100010
5099989
5100010
5099989
5100000
5100010
5099989
5100000
5100000
5100000
5100000
5100000
5099989
5100010
5100000
5100000
5100000
5100000
5100000
5100000
5100000
5100000
5100000
5100010
5099989
5100000
5100000
5100000
5100000
5100000
5099979
5100020
5100000
5100010
5099989
5100000
5100000
5100000
5100000
5100000
5100000
5100000
5100000
5100000
5100000
5100000
5100000
5100000
5100000
5100000
5100000
5100000
5100000
5100010
5100000
5099989
5100000
5100000
5099969
5100030
5100000
5100010
5099989
5099204
5100000
5100000
5100000
5097718
5099765
5097765
5100000
5100000
5100000
5097880
5100000
5100000
5100000
5097549
5098674
5097891
5096069
5100000
5097282
5100000
5100000
5100000
5100000
5100010
5096979
5099303
5100000
5100000
5097693
5099441
5100000
5100010
5098585
5100000
5100010
5097934
5099746
5097580
5097945
5099124
5100010
5100000
5099465
5099979
5096300
5097683
5099765
5099366
5099133
5098893
5100000
5097763
5096164
5097697
5099979
5098436
5100000
5099380
5096838
5099182
5098836
5099979
5098579
5100000
5098026
5097659
5100000
5096595
5097705
5098433
5099246
5093611
5095207
5096608
5097148
5096828
5099413
5097926
5096596
5097945
5099989
5095962
5099770
5095557
5100000
5100010
5097108
5096007
5097671
5094523
5098431
5098328
5100000
5093313
5094792
5097888
5098014
5099027
5098389
5100000
5096148
5096293
5098567
5097364
5100000
5095695
5100000
5097089
5094142
5095177
5094537
5098355
5094641
5094878
5097488
5098278
5099651
5098672
5097144
5100000
5099224
5090347
5092159
5099113
5097823
5096326
5097032
5094825
5090958
5089754
5091596
5090354
5099293
5097490
5097594
5098128
5094802
5092649
5099061
5100000
5100010
5098916
5097638
5100000
5099718
5094309
5099989
5100000
5100000
5100000
5099256
5099239
5100000
5100000
5100000
5100000
5100000
5100000
5100000
5100000
5100000
5100000
5099989
5100010
5100000
5100000
5100010
5099989
5100000
5100000
5100000
5100000
5100010
5099989
5100010
5100000
5099989
5100000
5099989
5100010
5100000
5100000
5100010
5099989
5100000
5100000
5100000
5100010
5099989
5100000
5100000
5100000
5100000
5100000
5100000
5100000
5100000
5100000
5100000
5100000
5100000
5100000
5100000
5100000
5100000
5100000
5083391
5100010
5100000
5100000
5100010
5100000
5099989
5100000
5100010
5099989
5100000
5100000
5100000
5100010
5099989
5100010
5099989
5100000
5099989
5100010
5100000
5100010
5099989
5100000
5100000
5100000
5100000
5100000
5100000
5100000
5100000
5100000
5100000
5100000
5100010
5099989
5100000
5099979
5100020
5099989
5100010
5100000
5100000
5099989
5100010
5100000
5100010
5099989
5100000
5100010
5100000
5099989
5100000
5100000
5100010
5099989
5100000
5100000
5100000
5100000
5100000
5100010
5099989
5100000
5100000
5100000
5100000
5100000
5100000
5100000
5100000
5100010
5099989
5100000
5100000
5100000
5100000
5100000
5100000
5100000
5100000
5100000
5100000
5100000
5100000
5100000
5100000
5100010
5099989
5100000
5100000
5100000
5100000
5100000
5100000
5100010
5099989
5100000
5100000
5100000
5100000
5100000
5100000
5100000
5100000
5100000
5100000
5100010
5099989
5100000
5100010
5099989
5100010
5099989
5099989
5100010
5100000
5100010
5099989
5100000
5100010
5099989
5100000
5100000
5100000
5100010
5099989
5100000
5100000
5100000
5100000
5100000
5100000
5100000
5100000
5100000
5100000
5100010
5100000
5099989
5100000
5100000
5100000
5100000
5099989
5100010
5100000
5100000
5100000
5100000
5100000
5100000
5100000
5100000
5100000
5099979
5100020
5099989
5100010
5100000
5100000
5100000
5100000
5099989
5100010
5100000
5100010
5099989
5100000
5100000
5100000
5100000
5100000
5100010
5099979
5100000
5100010
5100000
5100000
5100000
5100000
5100000
5100000
5100000
5100000
5100000
5100000
5100000
5100010
5100000
5099989
5100000
5100000
5100000
5100000
5100000
5100000
5100000
5100000
5100000
5100000
5100000
5100000
5100000
5100000
5100000
5099979
5100020
5100010
5099989
5100000
5100000
5100000
5100000
5100000
5100010
5099989
5100000
5100000
5100000
5100000
5100010
5099989
5100000
5100000
5100000
5100000
5100000
5100000
5100000
5100010
5099989
5100000
5100000
5100000
5100010
5099989
5100000
5100010
5099989
5100000
5100000
5100000
5100000
5100000
5100000
5100010
5099989
5100000
5100000
5099989
5100010
5100000
5099979
5089641
5100000
5100010
5100000
5100000
5099989
5100000
5100000
5100000
5100000
5100000
5100000
5100010
5099989
5100000
5100000
5099989
5100020
5099989
5100010
5100000
5100000
5099989
5100000
5100000
5100000
5099989
5100010
5100010
5099989
5100000
5100000
5100000
5100000
5100000
5100000
5100000
5100000
5100010
5099989
5099989
5100010
4971608
5099170
5100000
5100000
5100000
5100010
5099989
5100010
5099989
5100000
5100000
5100000
5100000
5100000
5100000
5100000
5100000
5100000
5100010
5099979
5100020
5099969
5100030
5099989
5100000
5100000
5100000
5100000
5100000
5100000
5100000
5100000
5100010
5099989
5100000
5100010
5099969
5100020
5100010
5099989
5097692
5097690
5097513
5098120
5100000
5097700
5097672
5097692
5100010
5100000
5100000
5095776
5100000
5099140
5098178
5097912
5100010
5099130
5098670
5096482
5100000
5097687
5098931
5096826
5097582
5098498
5098546
5100000
5095475
5098228
5092988
5099024
5067248
5097330
5095041
5097305
5095280
5096246
5098559
5097305
5099528
5093051
5093967
5098386
5096351
5094395
5094746
5097702
5099989
5097691
5097692
5095368
5093299
5092689
5095410
5100000
5093942
5091202
5095379
5097688
5092756
5088637
5097683
5090599
5097962
5096823
5090840
5092896
5097137
5093643
5093055
5097697
5093059
5095177
5095572
5097692
5097693
5095391
5099989
5089876
5094786
5093647
5095403
5093060
4899402
5097692
5097692
5096640
5093052
5090696
5095821
5094992
5095305
5095390
5092658
5090328
5089897
5095418
5092998
5094733
5091321
5091699
4962637
5097691
5090637
5097678
5093092
5090770
5090726
5095693
5097390
5090753
5089876
5085683
5089545
4914999
5097164
5092819
5094975
5087992
5086994
5086700
5085675
5085778
5090664
5093077
5089873
5087993
5085073
5083973
5088193
5095364
5092136
5089204
5092981
5086484
5083333
5085675
5091866
5088017
5090332
5085767
5090072
4958112
5093937
5088027
5088017
5083333
5089810
5090752
5085882
5087752
5087412
5085978
5089676
5094289
5083323
5087874
5092403
5088924
5094048
5087911
5087892
5085887
5087623
5085670
5090330
5083323
5092659
5088025
5085941
5087769
5085665
5093627
5094927
5089219
5088745
5088010
5087146
5092947
5090260
4963640
5088360
5088331
5060701
5087148
5088009
5088665
5094235
5089623
4964714
5097451
5092737
4913848
5093606
5091782
5094947
5086197
5100010
5093187
5099287
5100000
5100000
5100010
5100000
5099969
5099904
5085528
5087952
5099439
5100000
5100000
5100000
5094163
5089842
5097080
5088189
5096211
5093820
5098225
5093571
5099902
5097791
5100000
5089431
5088270
5098564
5099156
5100000
5092014
5093180
5092860
5093615
5096927
5099239
4899442
5091807
5096598
4909628
5086553
5095735
5099988
4967907
5088283
4955559
5089016
5004078
5067945
5100010
4915134
4907017
5100000
5100000
5100000
5100000
5100000
4969119
5095957
4910640
5100000
5099271
4964309
4972886
5100000
4976075
5096518
5031811
4975105
5039339
5100000
5079902
4989749
5098757
4966112
5097850
4922561
5100000
5100000
4912663
5091239
4970490
4966586
5091739
5022078
4988030
4903016
5100010
5099989
5032073
5037997
4904867
5100010
4978685
5100010
4906450
5099345
4972650
5029175
5026139
4907000
5100000
5052911
5004242
5028245
5038200
4916723
5100000
5100000
4975425
4905736
5095645
4912093
5100000
4914219
5100010
4964571
5025741
5038136
4905209
5100000
4976806
4913359
5100000
4881161
5087715
4905733
5091058
4905313
5099162
5044113
5022193
4907571
4961065
5100000
4914393
4979079
5100000
4970924
5098553
4966989
4909915
5028926
5037184
4964197
4901200
5020591
5038925
4909431
5092865
4969795
4853487
5076332
4984401
4910496
4907787
4999789
5052161
4993069
4968198
4973151
4878951
5071085
4982313
4913925
5091731
4907813
4910398
4923002
5073847
4901340
4907864
5032693
4962664
4963844
4911685
5083996
4979948
4966636
4913403
5071984
5001768
4982225
4898613
4913355
5098048
4974379
4968481
4910205
5099216
4905978
4963485
4908759
4970440
4968945
4917844
4955045
5090133
4906244
4963466
4907500
4908446
4999720
5062006
4965654
4911374
4972386
4966360
5085126
4978634
4921166
4912527
5054796
4958314
4922617
4903660
5098154
4907859
4970857
5090203
4973327
4915084
4909292
5008339
4999213
4899292
4961850
4961314
4908428
4972154
5099164
4977712
4915942
4906694
4909792
4919432
5098262
4963457
4969828
4963666
4920040
4911312
4899729
4963182
4962667
5043265
4953662
5023606
4972244
4904187
4963526
4962937
4959400
4928127
4991475
5019395
4956434
4961795
4976166
4980089
4906862
4974403
4966016
4963151
5046078
5010595
4963650
4908949
4964915
4974200
4904212
4969884
4904353
4930969
5006294
4963008
4968669
4911670
4913541
4965293
4905918
4965394
4969261
5007120
5005277
4901809
4972009
4968894
4975924
4904960
4977156
4966578
4973996
4906697
4907622
4965075
5063544
4948219
4975973
4897685
4972319
4919546
4960499
4905337
4911362
4894807
4932189
5012639
4958006
4905091
4891126
4901346
4970560
4961666
4969427
4910836
4987944
5010395
4908277
4972319
4971981
4973010
4972780
4900109
4968348
4976671
4856661
4923528
4939712
5008935
5015980
4918948
4907599
4976139
4968725
4901978
4901656
4977573
4903858
4919115
5043465
4994117
4935425
4898835
4898933
4903598
4969818
4967581
4908922
4976180
5007433
4916143
4906629
4970651
4967182
4959217
4924827
4901401
4971097
4898278
4999518
5008401
4959898
4902357
4895055
4901133
4914039
4966545
4923934
4903601
4980073
5013856
4889936
4963261
5005669
4943421
4909956
4916935
4932120
4888015
4990590
5030138
4974004
4906250
4978066
4965679
4900400
4906845
4909133
4978388
5016301
4983380
4966626
4905275
4961294
4967075
4978715
4914339
4914218
5023057
4973237
4963001
4963955
4892855
4838165
4963588
4963226
4969491
4908248
4908141
5036485
5006095
4880373
5009547
4927607
4904559
4893998
4902676
4965701
4904187
4903490
4983827
5002412
4932430
4904598
4915353
4908901
4908705
4904897
4970665
4959947
4911654
4993430
5051786
4954951
4974370
4970310
4965109
4919720
4962018
4911970
4958093
4974218
5006321
4948860
4960200
4971674
4904400
4975583
4913816
4925518
4971610
4904051
4965528
4921832
5005629
4997045
4873637
4985407
4904188
4974604
4903775
4972924
4908762
4962544
4981867
4906782
4968007
4904964
4971755
4980382
4900244
5050765
4873689
4993189
4874279
5057824
5006896
4914220
4903002
4913941
4910822
4910064
4975056
4903819
4902302
4950860
5011543
4878362
4994879
4958602
4968479
4959908
4910785
4974051
4903295
4914629
4978621
4913543
4984363
4914351
4961950
4981909
4914828
4979897
4912509
4970652
4909796
4974546
4962769
4972603
4964065
4969840
4902944
5099369
4960828
4906951
4968869
4908963
4918920
4910879
4904773
4969948
4906165
4964149
4958127
4902827
4912727
4967728
4968599
4960206
4864869
4882987
4904120
4909019
4908197
5007145
4915079
4988600
5009070
4910712
4969368
4850623
4884470
5004750
4942468
4942936
4877730
4896505
4897974
4986551
4955428
4876095
4862469
4926135
4946319
4910514
4972194
4950423
4976136
4906243
4902428
5018728
4860850
4951726
4925573
4888410
4854019
4966465
4965633
4966637
4972640
4902467
4967426
4885573
4833079
4955842
4967238
4966963
4968041
4976271
4918082
4902899
4917437
4820787
4925521
4966969
4937625
4910975
4962544
4911585
4967545
4912343
4856543
4879824
4841796
4986323
4822536
4910653
4950484
4960367
4895377
4910712
4955210
4897931
4867593
4894133
4896985
4967603
4953526
4906546
4903030
4961781
4906437
4903533
4951840
4880032
4886680
5007718
4824678
4845816
4904079
4961671
4975270
4955863
4912996
4887084
4887149
4822943
4954124
4882250
4900721
4915403
4839798
4955573
4969132
4893507
4872197
4964722
4957747
4882718
4873162
4886732
4901864
4901324
4917353
4910578
4955350
4962117
4825795
4878204
5021492
4901152
4914419
4975169
4957212
4969730
4829239
4836427
4870798
4964992
4961550
4887905
4897136
4965975
4886797
4869168
4865013
4880722
4959978
4969253
4943512
4900457
4964747
4908839
4821410
4837443
4911511
4965860
4911319
4900262
4953596
4890313
4868598
4818535
4949943
4898412
4955795
4961699
4954441
4955518
4829111
4881082
4879605
4873475
4905941
4961634
4955536
4883006
4885725
4927608
4878375
4877633
4912355
4965422
4907061
4894667
4904569
4956880
4878015
4866855
4926964
4881416
4884179
4909590
4947008
4894764
4954687
4893246
4951770
4793694
4828264
4888797
4910084
4958015
4952766
4898313
4903130
4873111
4876580
4874398
4953883
4959861
4951536
4901380
4954354
4940539
4871221
4865954
4921483
4958298
4955049
4889340
4949181
4842071
4874418
4917721
5017406
4862437
4887678
4901045
4952741
4945592
4895036
4807726
4896366
4887810
4940804
4887793
4882358
4958960
4898756
4810404
4820061
4898690
4901419
4936876
4934870
4881741
4882735
4863353
4866347
4885881
4899710
4956456
4894447
4893369
4896088
4818080
4761458
4908076
4885261
4898783
4884390
4947972
4941321
4938539
4845069
4808681
4840774
4893994
4947895
4952876
4888222
4877447
4945015
4901204
4871100
4931477
4881138
4947483
4895346
4895390
4894641
4882173
4874891
4854588
4919677
4882253
4955452
4934130
4923414
4891289
4879438
4860292
4870501
4910839
4859214
4908885
4902372
4880323
4869661
4935421
4898340
4836866
4866972
4953779
4872981
4888295
4941142
4890447
4903445
4858127
4860727
4849631
4964144
4883372
4940532
4890043
4885176
4854351
4790212
4921350
4878363
4887730
4939015
4885339
4880493
4933238
4861362
4883176
4943359
4891383
4932077
4881155
4933063
4942258
4815018
4866158
4845200
4896324
4947953
4947135
4872788
4931856
4880912
4865557
4806093
4912005
4940935
4945954
4931905
4933750
4897396
4917172
4863622
4857622
4944037
4888303
4942313
4887005
4895329
4918198
4895070
4866328
4940939
4890904
4875132
4929339
4861019
4846953
4868506
4937208
4868873
4884606
4927146
4879007
4933469
4862135
4777944
4832989
4942071
4953812
4871858
4939528
4872125
4921633
4845221
4855829
4875471
4872338
4927233
4935093
4853901
4927158
4895183
4831850
4937784
4868447
4872280
4882776
4830563
4876920
4931249
4875572
4934312
4885258
4922279
4871017
4855959
4852160
4832161
4886194
4921499
4927153
4844968
4914224
4798300
4787492
4888501
4934363
4881091
4877967
4859642
4907726
4922354
4842485
4882215
4888840
4873826
4875210
4875750
4820488
4835485
4820595
4933782
4855951
4880593
4922289
4873808
4907191
4870687
4770949
4876593
4883083
4868774
4916325
4856389
4848795
4851741
4907801
4915396
4898484
4910568
4756661
4877724
4863618
4870906
4910875
4915432
4924094
4832728
4803374
4869543
4855170
4917443
4882705
4927295
4918786
4871533
4811456
4855893
4922136
4872320
4877354
4874365
4879403
4862952
4933590
4870728
4872302
4923416
4917584
4858023
4799603
4860563
4878647
4871026
4868847
4867538
4932405
4915428
4790831
4828891
4862951
4883799
4925353
4914536
4865241
4824054
4872866
4928852
4917091
4920390
4877545
4878771
4871464
4875112
4850720
4883393
4916042
4857183
4919916
4870536
4891561
4800915
4841150
4849930
4891714
4882405
4912368
4818156
4866629
4821851
4869557
4863675
4877396
4863092
4853332
4866788
4861012
4807466
4842949
4817915
4870213
4856827
4867546
4907127
4773407
4841767
4887642
4871931
4916317
4861526
4781553
4845375
4882952
4903960
4902770
4853063
4866192
4861594
4804777
4903508
4909523
4913472
4844968
4797869
4832709
4869096
4871739
4853545
4914645
4852796
4913636
4821040
4840807
4844611
4854036
4924789
4861215
4864751
4874838
4834368
4848931
4865336
4871533
4881632
4863777
4872339
4876949
4860333
4849282
4840922
4866274
4923671
4874186
4806542
4844173
4842217
4920490
4915458
4903182
4876551
4838373
4844419
4857506
4861839
4915396
4787086
4903599
4858994
4880505
4864537
4867807
4748168
4909354
4859383
4788761
4849937
4860206
4913443
4916985
4899628
4839397
4840225
4844659
4865215
4857390
4916909
4910189
4895307
4835003
4829038
4926477
4906161
4899774
4891224
4790363
4859287
4909814
4856744
4901750
4851085
4859389
4905266
4852322
4895594
4853830
4766636
4861385
4857828
4856731
4890458
4900496
4862923
4828091
4866443
4852151
4906481
4907848
4851385
4795273
4738153
4914224
4862228
4861545
4850745
4876769
4843524
4835521
4860029
4898808
4861982
4901016
4852677
4761564
4850150
4915957
4854406
4848121
4906379
4849607
4764251
4909283
4817105
4905716
4786660
4844108
4862226
4800698
4845531
4751305
4855539
4904641
4854177
4844038
4799225
4850786
4905858
4844841
4853368
4861673
4793376
4845371
4860624
4856157
4845022
4793494
4857028
4910943
4898091
4824046
4811248
4901221
4836879
4871467
4887338
4893853
4833005
4810623
4860461
4855138
4850774
4828055
4809669
4859397
4890320
4843899
4715196
4820710
4858997
4905580
4752910
4885629
4902212
4850741
4900171
4835539
4775297
4885015
4854844
4853733
4904724
4817870
4804059
4897522
4893396
4710696
4905492
4854606
4755629
4832743
4861548
4850334
4845431
4797180
4869384
4831304
4823816
4789707
4834793
4909863
4849656
4772485
4854461
4852449
4857639
4717625
4880950
4887497
4817044
4883777
4772179
4858239
4848145
4889480
4761973
4816570
4850161
4841105
4760319
4826275
4818172
4794753
4912931
4806484
4853707
4853022
4866275
4768380
4826361
4851546
4896153
4826940
4877574
4721589
4856268
4823424
4773956
4806259
4855523
4822326
4832428
4804280
4845159
4736757
4840368
4904216
4836020
4743481
4899668
4845605
4754832
4771167
4888707
4907269
4730222
4889269
4846943
4772328
4855091
4854427
4688888
4844624
4827586
4784279
4835957
4845767
4822140
4724673
4938710
4884476
4778452
4855490
4776373
4895670
4843906
4808259
4789407
4809806
4792500
4831388
4877482
4739771
4830188
4843245
4694727
4846310
4881747
4684359
4878393
4805426
4817346
4858820
4838247
4836176
4707061
4852304
4744943
4841882
4821100
4774869
4795128
4844498
4828689
4794964
4847769
4842205
4854330
4846303
4824342
4654915
4816321
4842317
4833979
4773877
4838158
4787293
4860641
4736465
4898759
4841683
4776334
4771534
4841855
4699679
4877442
4788805
4844279
4798598
4708373
4842857
4741505
4853057
4850485
4759768
4875408
4816602
4812894
4773208
4826167
4798480
4840647
4829250
4793079
4799001
4842245
4798716
4862574
4840042
4753594
4826577
4842904
4739848
4759086
4882002
4843828
4735029
4861861
4708381
4835423
4777634
4848461
4738427
4848664
4719690
4897696
4697731
4874103
4710177
4860673
4842245
4740918
4842156
4823906
4771132
4825007
4825011
4832832
4743303
4772292
4920058
4834116
4752769
4798841
4753086
4731703
4867566
4882917
4863051
4760678
4842293
4770254
4822274
4808417
4817274
4740234
4809194
4770611
4852716
4889545
4747272
4802809
4799439
4770786
4776246
4824714
4878669
4735188
4878956
4689083
4854944
4712325
4893243
4743776
4885602
4809289
4728461
4867745
4810657
4807981
4838941
4730008
4811915
4834537
4783888
4738244
4889369
4737390
4838491
4794405
4759251
4795660
4893384
4791120
4895230
4787545
4839309
4813314
4778285
4889784
4732176
4901758
4679706
4809250
4748870
4884128
4753016
4851060
4872040
4750697
4861729
4767658
4802073
4795552
4797098
4821121
4809967
4777542
4801346
4838212
4777191
4813723
4810307
4807317
4696771
4760281
4842664
4740087
4848387
4732590
4864375
4822544
4740097
4829106
4734994
4815209
4756564
4850093
4804917
4730761
4837084
4734394
4840738
4814808
4832657
4836875
4709366
4745242
4844082
4816778
4764931
4742596
4860678
4832068
4784727
4738091
4788269
4715133
4879324
4744011
4833940
4819951
4781907
4792275
4834268
4857894
4721998
4894392
4725843
4868270
4762611
4757145
4774581
4742601
4801161
4787948
4805861
4809764
4829890
4737249
4893753
4743946
4885561
4687121
4893107
4725504
4885973
4795463
4730356
4770212
4752040
4817646
4830133
4797986
4820790
4781927
4891876
4668912
4840910
4786484
4841149
4681183
4890216
4740988
4875934
4724384
4811040
4730029
4828485
4749196
4799514
4792432
4780000
4804724
4786917
4820290
4709525
4810146
4776884
4842763
4749035
4820531
4777876
4831645
4729619
4889986
4726350
4842100
4676242
4843303
4739459
4838499
4751935
4863827
4735062
4847970
4811431
4800515
4832995
4780749
4890720
4774731
4828833
4676329
4840882
4873925
4725914
4814284
4803060
4820380
4734918
4838092
4786497
4851434
4727461
4834084
4729591
4834607
4730373
4841266
4775550
4889397
4705398
4867139
4837178
4779501
4855566
4805832
4768342
4786143
4832746
4845452
4748841
4818747
4810761
4794754
4781959
4774202
4799397
4817859
4865877
4805125
4813616
4798667
4776843
4779277
4793173
4727017
4816147
4768758
4821115
4795101
4837136
4772984
4800180
4737645
4819416
4736436
4839617
4783261
4832181
4724901
4892560
4766309
4869412
4716902
4886813
4732630
4829197
4756536
4817364
4807318
4810995
4730019
4856109
4718069
4825471
4765829
4801731
4814192
4742990
4802947
4868572
4715067
4766500
4878112
4745390
4888336
4729888
4807046
4747543
4815438
4813189
4859759
4739196
4868806
4751604
4808084
4771270
4800512
4784512
4765145
4836279
4789451
4878663
4749382
4849543
4725364
4785764
4752441
4754185
4763515
4820208
4806637
4796158
4781012
4736919
4863078
4758394
4840725
4783571
4874058
4715376
4832930
4714501
4860806
4774821
4848047
4709793
4827993
4759132
4867059
4762233
4843675
4714531
4715173
4790711
4777851
4825335
4773123
4836621
4802819
4806004
4751217
4889723
4869694
4777292
4760904
4816035
4719364
4816616
4755630
4842524
4786726
4810239
4749049
4886402
4729259
4808297
4725610
4842703
4745973
4864998
4691554
4844902
4762176
4832170
4852556
4752459
4826716
4684105
4835677
4685563
4867236
4744849
4812297
4727656
4831841
4750221
4750113
4801851
4810878
4847598
4758709
4813913
4775274
4765091
4767605
4830852
4831140
4815757
4721860
4838443
4776886
4817887
4787913
4801435
4748388
4831668
4761682
4764783
4840296
4746474
4817784
4733470
4806583
4766129
4805753
4649817
4891092
4661688
4831372
4717909
4812189
4742971
4763652
4834573
4720163
4844472
4773913
4864124
4670208
4835988
4704992
4892515
4714483
4884496
4735432
4876059
4683070
4832251
4725686
4891778
4746544
4874516
4711339
4871858
4707790
4833475
4768856
4793215
4731611
4796982
4782232
4763540
4781509
4767949
4773957
4821601
4837476
4742443
4808523
4742429
4776684
4750212
4872847
4681299
4863957
4660063
4786380
4732281
4776734
4803812
4785162
4789626
4734477
4800197
4696962
4791932
4679560
4865905
4733918
4794227
4713348
4810223
4647986
4869589
4671599
4837913
4766575
4805599
4642951
4832498
4704101
4837662
4786714
4845760
4697236
4841897
4725029
4795894
4712220
4768894
4763616
4823025
4772797
4782306
4817201
4740550
4836673
4705474
4856392
4711787
4807813
4671714
4862089
4746807
4815225
4745233
4849806
4722891
4767359
4770422
4784254
4753394
4809002
4735354
4809204
4770393
4856470
4695911
4788876
4751119
4806000
4716039
4807011
4703983
4837450
4696272
4796320
4694225
4808067
4692478
4854330
4723763
4801471
4657716
4875177
4691495
4822863
4695769
4806150
4706234
4830811
4727375
4804083
4725749
4822053
4718335
4792362
4732231
4836447
4767540
4688042
4807148
4739272
4854632
4724663
4819978
4739026
4793083
4701394
4810774
4658497
4887859
4685209
4812012
4698760
4811486
4657061
4891485
4608976
4888075
4689697
4811328
4766995
4875775
4640444
4855163
4763375
4814598
4669546
4809890
4696669
4882905
4615792
4875474
4718632
4840390
4634525
4884077
4676719
4871991
4628794
4885721
4751045
4802134
4676243
4774175
4674845
4795909
4764732
4805328
4722821
4646855
4400000
4320610
4200000
4200000
4200008
4199991
4009543
3999992
4000000
4000007
4000000
3999992
4000007
3999992
4000000
4000000
4000007
3999992
4000007
4000000
3999992
4000000
4000000
4000007
4000000
4000000
3999992
4000007
3999992
4000007
3999992
4000007
4000000
3999992
4000000
4000000
4000000
4000000
4000000
4000000
4000000
4000007
3999992
4000000
4000000
4000000
3886791
3900000
3900000
3900000
3900000
3900000
3900000
3900000
3900000
3900000
3900000
3900000
3900000
3899992
3900007
3969662
4000015
3999992
4000000
4000000
4000000
4000000
4000000
4000007
4000000
3999992
4000000
4000000
4000007
3999992
4000000
4000007
3999992
4000000
3999992
3959704
4000007
3999992
4000000
4000000
4000000
4000000
4000007
3999992
4000000
4000000
4000000
3977614
4000007
4000000
3997664
4000000
4000000
4000000
4000007
4000000
3999992
4000000
3998050
4000007
3997757
3997744
3999949
4000000
3998765
4000000
3999370
3997757
3998680
3997832
3999564
3999301
4000007
3999802
4000000
3998705
4000007
3999992
4000000
4000000
3996901
3999992
4000000
4000007
3999992
3998981
4000007
3999992
4000007
3999984
3998366
4000007
3998395
3997196
3996945
4000007
3997686
4000000
4000007
3999992
4000007
4000000
3999936
3999365
4000000
4000000
4000000
3998155
4000000
4000007
3999334
3987841
3997869
4000007
3999992
4000000
4000000
4000000
4000007
3999992
4000000
3999943
4000000
3960696
4000007
3999992
4000007
4000000
3959523
4000000
4000000
3999992
4000007
4000000
4000000
4000000
3999992
4000007
3999992
4000000
4000007
3999992
4000007
4000000
3999992
4000007
3999992
4000000
4000007
4000000
4000000
4000000
4000000
3999992
4000000
4000000
4000007
3999992
4000000
4000000
4000007
3999992
4000000
4000000
4000000
4000000
4000000
3999992
4000007
4000007
3999992
4000007
4000000
4000000
3999992
4000000
4000007
4000000
4000000
4000000
4000000
4000000
3999992
4000000
4000000
4000000
4000007
3999992
4000000
4000000
4000007
3999992
4000000
4000000
4000007
3999992
4000007
4000000
3999992
4000000
4000007
3999992
4000000
4000000
4000000
4000000
4000000
4000000
4000000
4000000
4000000
4000007
3999992
4000000
4000000
4003466
4100000
4099991
4100008
4100000
4100000
4100000
4100000
4083816
3900000
3993323
4000000
4000000
4000000
4000000
4000000
4000007
4000000
4000000
3999992
4000000
4000000
4000000
4000000
4000000
4000007
4000000
4000000
4000000
4000000
3999992
4000007
3999992
4000000
4000007
3973188
4000000
4000000
4000000
4000007
3999992
4000000
4000007
3999992
4000007
3999992
4000000
4000007
4000000
4000000
3999992
4000007
3999992
4000007
3999992
4000000
4000000
3999992
4000007
4000000
4000000
4000007
3999992
4000000
4000000
4000000
4000000
4000000
4000000
4000007
3999992
4000000
4000007
4000000
3999992
4000007
4000000
3999992
4000000
4000000
4000007
3999992
4000007
4000000
3999992
4000007
3999992
4000000
4098706
4100000
4100000
4100000
4100000
4100000
4100000
4072149
3969096
4000000
4000000
4000000
4000007
3999992
4000000
4000000
4000007
3999992
4000000
4000007
4000000
4000000
3999992
4000000
4000007
3999992
4000007
3999992
4000000
4000007
3999992
4000000
4996098
5019856
4528927
4400000
4245533
4199991
4200008
4199991
4200000
4137847
4000000
4000000
4000000
4000007
3999992
4000000
4000000
4000000
4000007
3999992
4000000
4000000
4000000
4000007
4021944
4100000
4100000
4100000
4099991
4100008
4100000
4099991
4022570
3946615
4000000
4000000
4000007
3999992
4000000
4000000
4000007
3999992
4000000
4000007
3999992
4000007
3999992
4000007
3999992
4000000
4000000
4000007
4000000
3999992
4000000
4000000
4000000
4000000
4000000
4000000
4000000
4000000
4000000
4000000
4000000
4000000
4000007
4000000
3999992
4000000
4000000
4000000
4000000
4000007
4000000
3999992
4000000
4000000
4000007
3999992
4000007
4000000
4000000
3999992
4000000
4000000
4000000
4000000
4000007
4000000
3999992
4000000
4000007
3999992
4000000
4000007
4018391
4100000
4100000
4099991
4100008
4100000
4099991
4100000
4059111
3904122
4000000
4000000
4000007
3999992
4000000
4000000
4000007
3999992
4000007
3999992
4000000
3999992
3971599
4000000
4000007
3999992
4000007
4000000
4000000
3999992
4000007
3999992
4000007
4000000
3999992
4000000
4000000
4000007
3999992
4000000
4000007
3999992
4000000
4000000
4000000
4000007
3999992
4000000
4000000
4000007
3999992
4000000
4000007
4000000
4000000
3999992
4000007
3999992
4000007
4000000
4000000
3999992
4000000
4000000
4000000
4000000
4000007
4020813
4099975
4100016
4100000
4100008
4100000
4100000
4100000
4076073
3906023
4000000
4000000
3999992
4000007
3999992
4000000
4000000
4000007
4000000
3999992
4000007
4000000
4000000
4000000
3999992
4000007
3999992
4000000
4000007
3999992
3999992
4000007
4000000
4000000
4000000
4000000
4000000
4000007
4000000
4000000
3999992
4000000
4000000
4000000
3999992
4000007
4000000
4000007
3999992
4000007
3999992
4000000
4000007
4000000
3999992
4000000
4000000
4000000
4000000
4000007
3999992
4000000
4000000
4000000
4000007
4081883
4099991
4100008
4100000
4100000
4100000
4100000
4099991
3944268
3999992
4000000
4000000
4000000
4000000
4000007
4000000
3999992
4000000
4000007
3999992
4000000
4000007
4000000
3999992
4000000
4000007
3999992
4000007
3999992
4000000
4000007
3999992
4000000
4000000
4000000
4000007
3999992
4000000
4000000
4000000
4000007
3999984
4000015
4000000
3999992
3999992
4000007
4000007
4000000
3999992
4000000
4000007
4000000
3999992
4000000
4000007
3999992
4000000
4000000
4000007
3999992
4021099
4100000
4100000
4100000
4100000
4099991
4100000
4100008
4063980
3910942
3999992
4000000
4000007
3999992
4000007
3999992
4000000
4000007
3999992
4000000
4000000
4000000
4000000
4000007
3999992
4000007
4000000
4000000
4000000
3999992
4000007
3999992
4000007
3999992
4000000
4000000
4000000
4000000
4000007
3999992
4000000
4000007
4000000
3999992
4000000
4000000
4000007
3999992
4000000
4000000
4000007
4000000
3999992
4000000
4000000
4000000
3999992
4000007
4000007
3999992
4000000
4000007
3999992
4000000
4086157
4100000
4100000
4100000
4100000
4100000
4100000
4099991
3984247
3906939
4000007
3999992
4000000
4000000
4000000
4000000
4000007
4000000
4000000
4000000
4000000
3999992
4000000
4000000
4000007
3999992
4000000
4000000
4000007
3999992
4000007
3999992
4000000
4000007
3999992
4000007
4000000
4000000
3999992
4000000
4000007
3999992
4000007
3999992
4000007
4000000
3999992
4000000
4000000
4000000
4000000
4000000
4000000
4000000
4000000
4000000
4041137
4100000
4099991
4100000
4099983
4100024
4100000
4100000
4047738
3919646
4000000
4000007
4000000
3999992
4000000
4000000
4000000
4000007
4000000
4000000
3999992
4000000
4000000
4000000
4000007
4000000
4000000
3999992
4000000
4000000
4000000
4000000
4000000
4000000
4000000
4000000
4000000
4000007
3999992
4000000
4000000
4000000
4000000
4000007
3999992
4000000
4000007
3999992
4000007
4000000
4000000
3999992
4000000
4000007
4083073
4100000
4100000
4100000
4100000
4100000
4100000
4099991
3965806
3977403
4000000
4000000
4000007
3999992
4000007
3999984
4000007
4000007
4000000
4000000
3999992
4000000
4000000
4000000
4000000
4000007
3999992
4000000
4000000
4000000
4000007
4000000
3999976
4000015
4000000
4000000
4000000
4000000
4000000
4000007
4000000
3999992
4000000
4000000
3999992
4000007
4000000
4000000
4000007
4000000
3999992
4000007
3999992
4008244
4100000
4100000
4100000
4100000
4099991
4100008
4078385
4096860
3912319
4000000
4000000
4000000
4000000
4000007
3999992
4000000
4000000
4000000
4000000
4000000
4000000
4000000
4000007
3999992
4000000
4000000
4000000
4000000
4000007
3999992
4000000
4000000
4000000
4000000
4000007
3999992
4000000
4000007
3999992
4000007
3999992
4000000
4000007
4000000
3986896
4000000
4000007
4000000
3999992
4000000
4000000
4020184
4100000
4100000
4100000
4099991
4100008
4100000
4099991
4064032
3947023
3999992
4000000
4000000
4000007
4000000
3999992
4000000
4000007
3999992
4000000
4000000
4000007
4000000
4000000
3999992
4000007
4000000
3999992
4000000
4000000
4000000
4000000
4000007
3999992
4000007
4000000
3999992
4000007
3999992
4000007
4000000
4000000
4000000
3999984
4000007
4000000
4000000
4092051
4100000
4100000
4100000
4100000
4099991
4100008
4099991
3984067
3999992
4000007
4000000
3999992
4000000
4000000
4000007
4000000
3999992
4000007
3999992
4000007
3999992
4000000
4000000
4000000
4000000
4594907
5090928
4848058
4399991
4338094
4200000
4200008
4200000
4199991
4200000
4014758
4000000
4000007
4000000
4000000
4036563
4100000
4100000
4099991
4100008
4100000
4100000
4100000
4040116
3900000
3988654
4000000
3999992
4000007
4000007
3999992
4000000
3999992
4000007
4000000
4000007
3999992
4000007
3999992
4000000
4000000
4000000
4000007
3999992
4000007
3999992
4000000
4000007
3999992
4000000
4000007
3999992
4000000
4000007
4000000
4000000
4000000
3999992
4000000
4000000
4000000
4000000
4000000
4000000
4000000
4000000
4000000
4000000
4000000
4000007
4000000
4090571
4052803
4100008
4100000
4100000
4099983
4100008
4100000
3945847
3989124
4000000
4000000
4000000
4000007
4000000
3999984
4000007
3999992
4000007
4000007
4000000
3999992
4000007
3999992
4000000
4000000
4000000
4000000
4000007
3999992
4000007
3999992
4000000
4000007
3999992
4000007
3999992
4000000
4000007
3999992
4000007
3999992
3999992
4000015
4000000
3999992
4000000
4000007
3999992
4000007
3999992
4000000
4000000
4000000
4000007
4017190
4100000
4099991
4100008
4100000
4100000
4100000
4099991
4047192
3948290
3999992
4000007
3999992
4000000
4000000
4000007
3999992
4000000
4000000
4000000
4000000
4000007
3999992
4000007
3999992
4000000
4000007
3999992
4000000
4000007
3999992
4000007
3999992
4000000
4000000
4000007
3999992
4000000
4000000
4000007
4000000
4000000
3999992
4000000
4000007
3999992
4000007
3999992
4000000
4000007
3999992
4000007
4000000
4000000
3999992
4000000
4000000
4000000
4085480
4100008
4100000
4100000
4100000
4100000
4099983
4100016
3945022
4000000
4000007
3999992
4000007
3999992
4000000
4000007
3999992
4000007
3999992
4000000
4000000
4000000
4000000
4000000
4000007
3999992
4000000
4000007
4000000
4000000
3999992
4000000
4000000
4000000
4000000
4000007
4000000
4000000
3999992
4000000
4000000
4000000
4000000
4000007
4000000
4000000
3999984
4000015
3999992
4000000
4000007
3999992
4000000
4000007
3999992
4000000
4000000
4000000
4000000
4054080
4100000
4099991
4100000
4100008
4100000
4100000
4100000
3983186
3989553
4000000
4000000
4000000
4000007
4000000
4000000
4000000
4000000
3999992
4000007
4000000
4000000
3999992
4000000
4000007
3999992
4000000
4000000
4000000
4000000
4000007
4000000
3999992
4000000
4000007
3999992
4000000
4000000
4000007
4000000
3999992
4000000
4000000
4000000
3971429
4000000
4000000
4000000
4000000
4000000
4000000
4000007
3999992
4000007
4000000
3999992
4059696
4100000
4100000
4100000
4100000
4100000
4099991
4100008
3981016
3988342
4000007
3999992
4000000
4000000
4000000
4000000
4000000
4000000
4000000
4000000
4000000
4000000
4000000
4000000
4000000
4000007
4000000
3999992
4000000
4000007
3999992
4000007
3999992
4000000
4000000
4000000
4000000
4000007
4000000
3968560
3999992
4000000
4000000
4000007
4000000
3999992
4000000
4000000
4000000
4000000
4000007
3999992
4000000
4000007
3999992
4000000
4000007
3999992
4000000
4000000
4000000
4045044
4099991
4100008
4100000
4100000
4100000
4100000
4100000
4014549
3953384
4000000
4000000
4000000
4000000
4000007
4000000
3999992
4000007
3999992
4000007
3999992
4000000
4000000
4000000
4000007
3999992
4000007
3999992
4000000
4000007
4000000
3999992
4000000
4000000
4000000
4000007
3999992
4000000
4000007
4000000
3999992
4000000
4000007
3999992
4000000
4000007
4000000
4000000
4000000
3999984
4000015
4000000
3999992
4000000
4000000
4000000
4000000
4000007
3999992
4000000
4000007
3999992
4071751
4099991
4100000
4100000
4100000
4100000
4100000
4100008
3959459
4000000
4000000
4000000
4000007
4000000
3999992
4000007
4000000
3999992
4000000
4000000
4000000
4000007
3999992
3999992
4000015
4000000
3999992
4000007
3999992
4000007
3999994
4000007
4000000
4000000
4000000
3999992
4000000
4000000
4000007
4000000
4000000
3999992
3962198
4000000
4000007
3999992
4000000
4000007
3999992
4000000
4000007
4000000
3999992
4000000
4000000
4000000
4000000
4000000
4000000
4000000
4000000
4000007
3999992
4000000
4000007
4012483
4099991
4100008
4099991
4100008
4099991
4100008
4100000
4067863
3928006
4000000
4000007
3999992
4000007
4000000
3999992
4000000
4000000
4000007
3999992
4000000
4000000
4000000
4000007
3999984
4000007
4000000
4000000
4000000
4000000
4000007
3999992
4000007
3999992
4000007
3999984
4000007
4000007
3999992
4000000
4000000
4000000
4000000
4000007
4000000
3999992
4000000
4000000
4000007
3999992
4000000
4000000
4000000
4000007
3999992
4000000
4000007
4000000
4000000
3999992
4000000
4000007
4000000
3999992
4000007
4000000
4017138
4100000
4100000
4100000
4100000
4099991
4100000
4100008
4000069
3953295
4000000
4000000
4000000
4000000
4000000
4000000
4000007
4000000
3999992
4000000
4000007
3999992
4000000
4000000
4000007
3999992
4000000
4000007
4000000
3999992
4000000
4000007
3999992
4000000
4000000
4000000
4000000
4000007
4000000
3999992
4000000
4000000
4000007
3999992
4000000
4000000
4000000
4000007
3999992
4000000
4000000
4000000
4000007
3999992
4000000
4000000
4000000
4000007
3999992
4000007
3999992
4000007
3999992
4000007
3999992
3999992
4000007
4000000
4000007
3999992
4062530
4100000
4099991
4100008
4100000
4100000
4100000
4099991
3974924
3973795
4000000
3999992
4000000
4000000
4000000
4000007
3999992
4000000
4042270
5090657
5028788
4400000
4400000
4250484
4200000
4200000
4200000
4200000
4076961
4000007
4000000
4000007
4033653
4100000
4100000
4100000
4100000
4100000
4100000
4100000
4051270
3900000
3992732
3999992
4000000
4000000
4000000
4000007
3999992
4000000
4000000
4000007
3999992
4000000
4000000
4000007
3999992
4000000
4000007
3999992
4000000
3999984
4000015
4000007
3999992
4000000
4000000
4000000
4000007
3959355
4000015
4000007
4000000
4000007
3999992
4000000
4000000
4000007
4000000
4000000
4000000
4000000
3999992
4000000
4000007
4000000
4000000
4000000
4000000
3999992
4000000
4000007
3999992
4000000
3999992
3982385
3999992
4000000
3999992
4000015
4000000
3999992
4000000
4000000
4000000
4000000
4064056
4077043
4100000
4100000
4100000
4099991
4100008
4100000
3966823
4000000
4000000
4000007
4000000
4000000
3965171
4000000
4000000
4000000
4000007
3999992
4000000
4000007
4000000
3999992
4000007
3999992
4000000
4000007
3999992
4000000
4000007
4000000
4000000
3999992
4000007
3999992
4000007
3999992
4000000
4000000
4000007
3999992
4000007
4000000
3999984
4000015
3999992
4000000
4000007
3999992
4000000
4000007
3999992
4000000
4000007
3999992
4000007
4000000
4000000
3999992
4000007
3999992
4000000
4000007
4000000
3999992
4000000
4000000
4000007
3999992
4000007
3999992
4000007
4000000
3999992
4085601
4100000
4100000
4100000
4100000
4100000
4100000
4099991
3945593
3929782
4000007
4000000
4000000
4000007
3999992
4000000
4000000
4000000
4000000
4000007
3999992
4000000
4000007
3999992
4000000
4000007
3999992
4000000
3999992
4000007
4000000
4000000
4000007
3999992
4000000
4000000
4000000
4000007
3999992
4000000
4000000
4000000
4000007
3999992
4000007
4000000
3999992
4000000
4000007
4000000
3999992
4000007
3999992
3956824
4000000
4000000
4000000
4000000
4000000
3999992
4000007
4000000
4000000
4000000
4000000
4000000
4000000
4000007
3999992
4000000
4000000
4000000
4000007
4000000
4000000
4000000
3999992
4000000
4000000
4000000
4072907
4099991
4100008
4100000
4100000
4099991
4100000
4100000
3955684
4000000
4000000
4000000
4000000
4000000
4000007
4000000
3999992
4000000
4000000
4000007
4000000
4000000
4000000
4000000
4000000
3999984
4000007
4000007
3999992
4000007
3999992
4000000
4000000
4000000
4000007
3999992
4000007
3999992
4000000
4000000
4000000
4000007
3999992
4000000
4000007
3999992
4000000
4000000
4000000
4000007
3999992
4000000
4000000
4000000
4000007
3999992
4000000
4000007
4000000
3999992
4000007
4000000
4000000
3999992
4000007
3999992
4000007
3999992
4000000
4000007
3999992
4000000
4000000
4000000
4000000
4000000
4000000
4000000
4000007
4000000
4092246
4100000
4100000
4099983
4100016
4100000
4099991
4100008
3935249
4000007
4000000
3999992
4000000
4000007
4000000
3999992
4000000
4000000
4000007
4000000
3999976
4000015
4000000
4000000
4000000
4000000
4000000
4000000
