0.042236328125000
0.677124023437500
1.169006347656250
0.646118164062500
0.825012207031250
0.667114257812500
0.670959472656250
0.834228515625000
0.669677734375000
0.828674316406250
0.693420410156250
0.889282226562500
0.713195800781250
0.868591308593750
0.722473144531250
0.904357910156250
0.721008300781250
0.893493652343750
0.712097167968750
0.895324707031250
0.729003906250000
0.906066894531250
0.697570800781250
0.915710449218750
0.728088378906250
0.907897949218750
0.737792968750000
0.909545898437500
0.723876953125000
0.911621093750000
0.729736328125000
0.915588378906250
0.722534179687500
0.909545898437500
0.725524902343750
0.903198242187500
0.734497070312500
0.912475585937500
0.741210937500000
0.726562500000000
0.903991699218750
0.737487792968750
0.915649414062500
0.727111816406250
0.918334960937500
0.731201171875000
0.929260253906250
0.739807128906250
0.919067382812500
0.725036621093750
0.921569824218750
0.728698730468750
0.899475097656250
0.733459472656250
0.916687011718750
0.732116699218750
0.927001953125000
0.732055664062500
0.921447753906250
0.725219726562500
0.919433593750000
0.739196777343750
0.919494628906250
0.736450195312500
0.914062500000000
0.738403320312500
0.913635253906250
0.739501953125000
0.924072265625000
0.733215332031250
0.920654296875000
0.739929199218750
0.921447753906250
0.744934082031250
0.925109863281250
0.750244140625000
0.730834960937500
0.927185058593750
0.747375488281250
0.949584960937500
0.738220214843750
0.933532714843750
0.746276855468750
0.926818847656250
0.745910644531250
0.923339843750000
0.743713378906250
0.935974121093750
0.752014160156250
0.749145507812500
0.927795410156250
0.738281250000000
0.927978515625000
0.747924804687500
0.929382324218750
0.749206542968750
0.937744140625000
0.746704101562500
0.915222167968750
0.742736816406250
0.929870605468750
0.752624511718750
0.929748535156250
0.753906250000000
0.940673828125000
0.751892089843750
0.943298339843750
0.756286621093750
0.936279296875000
0.753479003906250
0.744323730468750
0.937988281250000
0.749755859375000
0.920593261718750
0.750793457031250
0.941833496093750
0.745666503906250
0.942321777343750
0.755310058593750
0.930603027343750
0.723876953125000
0.934326171875000
0.754516601562500
0.929748535156250
0.765258789062500
0.925659179687500
0.760253906250000
0.925903320312500
0.754638671875000
0.936767578125000
0.764099121093750
0.933105468750000
0.753967285156250
0.939453125000000
0.741882324218750
0.946838378906250
0.748352050781250
0.935363769531250
0.757934570312500
0.930236816406250
0.742553710937500
0.946777343750000
0.749633789062500
0.919128417968750
0.756652832031250
0.935974121093750
0.752929687500000
0.941345214843750
0.738159179687500
0.909240722656250
0.762573242187500
0.905151367187500
0.904541015625000
0.761535644531250
0.935241699218750
0.746032714843750
0.956115722656250
0.752136230468750
0.954101562500000
0.752441406250000
0.950622558593750
0.749877929687500
0.754455566406250
0.946289062500000
0.754333496093750
0.963684082031250
0.756469726562500
0.926513671875000
0.769104003906250
0.946289062500000
0.764038085937500
0.953979492187500
0.749450683593750
0.954589843750000
0.764282226562500
0.936950683593750
0.750183105468750
0.945495605468750
0.751953125000000
0.757263183593750
0.955078125000000
0.761291503906250
0.945068359375000
0.760620117187500
0.942138671875000
0.756347656250000
0.946838378906250
0.749267578125000
0.937377929687500
0.753479003906250
0.953735351562500
0.762634277343750
0.943542480468750
0.754882812500000
0.952514648437500
0.751953125000000
0.949768066406250
0.743591308593750
0.956970214843750
0.766052246093750
0.777893066406250
0.961120605468750
0.773803710937500
0.955444335937500
0.776672363281250
0.971618652343750
0.763732910156250
0.965148925781250
0.764587402343750
0.764770507812500
0.959167480468750
0.770935058593750
0.955688476562500
0.769775390625000
0.962585449218750
0.765441894531250
0.956115722656250
0.734497070312500
0.966064453125000
0.769714355468750
0.909179687500000
0.763488769531250
0.968811035156250
0.736145019531250
0.957580566406250
0.760437011718750
0.943847656250000
0.763183593750000
0.950927734375000
0.767028808593750
0.948059082031250
0.931152343750000
0.758056640625000
0.955200195312500
0.758239746093750
0.937683105468750
0.761596679687500
0.954528808593750
0.760986328125000
0.954956054687500
0.775024414062500
0.944458007812500
0.767089843750000
0.957214355468750
0.771606445312500
0.952026367187500
0.769775390625000
0.962402343750000
0.774963378906250
0.958679199218750
0.756469726562500
0.974975585937500
0.768676757812500
0.771484375000000
0.964843750000000
0.760314941406250
0.962036132812500
0.951293945312500
0.760742187500000
0.964050292968750
0.764526367187500
0.767944335937500
0.963684082031250
0.938415527343750
0.770874023437500
0.775390625000000
0.969909667968750
0.768798828125000
0.961914062500000
0.772705078125000
0.961303710937500
0.773132324218750
0.974365234375000
0.767456054687500
0.971008300781250
0.765319824218750
0.974975585937500
0.761413574218750
0.975463867187500
0.774291992187500
0.775512695312500
0.962951660156250
0.767639160156250
0.959106445312500
0.779479980468750
0.954223632812500
0.778503417968750
0.966979980468750
0.748901367187500
0.964721679687500
0.754333496093750
0.966918945312500
0.775451660156250
0.971008300781250
0.769226074218750
0.939147949218750
0.765319824218750
0.975036621093750
0.767578125000000
0.956298828125000
0.740539550781250
0.961730957031250
0.765136718750000
0.962280273437500
0.760742187500000
0.967407226562500
0.773803710937500
0.962524414062500
0.774169921875000
0.977661132812500
0.776367187500000
0.971191406250000
0.772644042968750
0.961853027343750
0.773071289062500
0.951782226562500
0.786437988281250
0.757812500000000
0.967651367187500
0.767211914062500
0.960510253906250
0.767456054687500
0.971862792968750
0.777832031250000
0.965209960937500
0.777893066406250
0.966979980468750
0.776611328125000
0.966125488281250
0.750915527343750
0.966552734375000
0.771911621093750
0.955627441406250
0.771484375000000
0.962341308593750
0.772338867187500
0.965209960937500
0.762084960937500
0.962707519531250
0.781066894531250
0.970581054687500
0.785766601562500
0.769042968750000
0.964843750000000
0.773010253906250
0.975769042968750
0.776794433593750
0.975402832031250
0.772521972656250
0.958923339843750
0.939880371093750
0.753051757812500
0.940185546875000
0.785461425781250
0.962097167968750
0.777648925781250
0.968078613281250
0.770996093750000
0.967102050781250
0.770751953125000
0.971618652343750
0.778869628906250
0.961242675781250
0.791870117187500
0.784484863281250
0.951965332031250
0.973327636718750
0.780151367187500
0.782897949218750
0.974121093750000
0.785217285156250
0.967346191406250
0.792846679687500
0.977966308593750
0.780151367187500
0.985595703125000
0.775634765625000
0.961608886718750
0.784240722656250
0.966857910156250
0.777893066406250
0.951965332031250
0.784484863281250
0.779541015625000
0.974487304687500
0.959899902343750
0.784301757812500
0.946960449218750
0.779724121093750
0.803100585937500
0.977111816406250
0.758361816406250
0.983032226562500
0.796997070312500
0.950073242187500
0.778564453125000
0.980957031250000
0.789184570312500
0.976318359375000
0.793212890625000
0.983154296875000
0.783325195312500
0.973327636718750
0.783020019531250
0.985412597656250
0.785644531250000
0.974853515625000
0.779907226562500
0.975341796875000
0.775085449218750
0.980651855468750
0.783386230468750
0.973510742187500
0.784484863281250
0.794006347656250
0.985290527343750
0.781555175781250
0.976318359375000
0.785034179687500
0.986022949218750
0.784973144531250
0.978454589843750
0.778625488281250
0.978210449218750
0.787414550781250
0.988403320312500
0.783386230468750
0.980041503906250
0.784912109375000
0.964843750000000
0.791442871093750
0.980224609375000
0.788024902343750
0.983093261718750
0.775024414062500
0.981750488281250
0.783691406250000
0.986450195312500
0.785156250000000
0.975646972656250
0.788146972656250
0.974975585937500
0.785766601562500
0.971801757812500
0.786315917968750
0.983276367187500
0.791442871093750
0.981384277343750
0.784179687500000
0.983032226562500
0.778625488281250
0.791992187500000
0.978088378906250
0.781616210937500
0.982482910156250
0.782958984375000
0.973999023437500
0.781555175781250
0.991638183593750
0.786315917968750
0.983825683593750
0.793029785156250
0.989624023437500
0.792846679687500
0.973022460937500
0.781616210937500
0.972167968750000
0.792785644531250
0.977966308593750
0.787170410156250
0.968994140625000
0.787048339843750
0.982910156250000
0.780395507812500
0.990600585937500
0.777832031250000
0.977661132812500
0.773925781250000
0.954528808593750
0.781127929687500
0.970703125000000
0.787658691406250
0.997863769531250
0.792663574218750
0.982910156250000
0.778564453125000
0.982177734375000
0.789916992187500
0.986694335937500
0.794067382812500
0.995178222656250
0.792358398437500
0.997619628906250
0.780761718750000
0.992980957031250
0.793457031250000
0.966003417968750
0.799072265625000
0.985290527343750
0.793334960937500
0.791442871093750
1.001098632812500
0.790649414062500
0.984924316406250
0.797607421875000
0.986511230468750
0.798889160156250
0.996520996093750
0.795043945312500
0.991394042968750
0.778076171875000
0.994934082031250
0.788330078125000
0.991210937500000
0.785034179687500
0.999816894531250
0.789184570312500
1.007141113281250
0.798339843750000
0.793945312500000
0.993896484375000
0.800842285156250
0.989624023437500
0.785217285156250
0.988281250000000
0.790771484375000
0.992004394531250
0.785217285156250
0.990905761718750
0.793579101562500
0.998962402343750
0.789855957031250
0.997924804687500
0.791320800781250
0.988647460937500
0.796936035156250
0.989868164062500
0.789428710937500
0.787963867187500
0.984619140625000
0.800415039062500
0.987976074218750
0.783386230468750
0.990966796875000
0.783752441406250
0.995361328125000
0.804077148437500
0.951354980468750
0.974914550781250
0.812744140625000
0.815673828125000
0.982482910156250
0.793579101562500
0.993103027343750
0.792968750000000
0.983459472656250
0.786987304687500
0.994506835937500
0.797912597656250
0.995666503906250
0.793090820312500
0.993041992187500
0.796081542968750
0.959228515625000
0.807067871093750
0.958618164062500
0.798767089843750
0.999755859375000
0.794982910156250
0.791625976562500
0.973022460937500
0.990722656250000
0.790466308593750
0.992797851562500
0.790466308593750
0.798767089843750
0.997741699218750
0.790649414062500
0.999694824218750
0.790954589843750
0.994079589843750
0.794860839843750
0.992370605468750
0.787719726562500
0.990722656250000
0.795898437500000
0.993591308593750
0.787292480468750
0.993041992187500
0.784851074218750
0.991638183593750
0.798583984375000
0.791137695312500
0.993530273437500
0.784545898437500
0.998535156250000
0.794311523437500
0.987854003906250
0.783691406250000
1.001831054687500
0.786376953125000
0.968750000000000
0.965698242187500
0.795288085937500
0.790283203125000
0.994445800781250
0.782104492187500
0.995849609375000
0.789550781250000
0.999511718750000
0.795166015625000
0.993103027343750
0.796875000000000
0.999206542968750
0.789184570312500
0.987609863281250
0.788879394531250
1.009582519531250
0.792297363281250
1.000488281250000
0.795959472656250
0.968994140625000
0.804626464843750
0.989257812500000
0.790222167968750
0.797424316406250
0.795837402343750
0.988098144531250
0.803710937500000
0.996276855468750
0.767578125000000
0.999084472656250
0.790893554687500
0.985778808593750
0.812133789062500
1.007446289062500
0.756713867187500
0.962951660156250
0.776550292968750
0.982421875000000
0.782043457031250
1.000000000000000
0.794616699218750
0.996582031250000
0.803894042968750
0.997070312500000
0.799743652343750
1.005004882812500
0.785217285156250
0.993469238281250
0.802062988281250
0.994689941406250
0.942871093750000
0.802429199218750
0.813293457031250
1.000976562500000
0.800292968750000
1.000793457031250
0.798217773437500
0.994323730468750
0.767211914062500
1.006286621093750
0.789611816406250
1.003601074218750
0.800903320312500
0.975646972656250
0.811889648437500
0.961791992187500
0.808593750000000
1.013122558593750
0.803039550781250
1.024597167968750
0.817871093750000
0.812927246093750
1.005676269531250
0.815063476562500
1.019897460937500
0.815490722656250
0.815368652343750
1.013366699218750
0.782592773437500
1.013305664062500
0.809509277343750
1.011535644531250
0.810302734375000
1.004882812500000
0.812805175781250
0.979187011718750
0.808532714843750
0.809265136718750
0.993286132812500
0.806579589843750
1.013244628906250
0.801696777343750
0.995788574218750
0.806823730468750
1.006103515625000
0.801574707031250
1.004943847656250
0.814147949218750
0.998840332031250
0.820129394531250
0.797485351562500
0.990966796875000
0.808532714843750
0.997741699218750
0.801574707031250
1.005493164062500
0.808593750000000
1.001037597656250
0.804260253906250
1.000061035156250
0.796691894531250
0.969543457031250
0.802062988281250
1.006286621093750
0.800048828125000
1.000305175781250
0.796142578125000
0.995788574218750
0.801757812500000
0.994079589843750
0.804199218750000
0.989868164062500
0.774719238281250
1.005187988281250
0.807128906250000
0.995727539062500
0.801330566406250
0.991821289062500
0.811828613281250
1.004516601562500
0.807250976562500
1.008789062500000
0.799377441406250
0.980102539062500
0.802062988281250
1.001892089843750
0.799987792968750
1.009155273437500
0.811950683593750
0.811889648437500
1.011047363281250
0.785217285156250
1.001831054687500
0.819580078125000
0.987670898437500
0.808349609375000
0.999145507812500
0.813232421875000
0.998168945312500
0.782653808593750
0.993041992187500
0.805603027343750
1.005920410156250
0.801025390625000
1.004394531250000
0.809143066406250
0.996032714843750
0.804931640625000
0.975524902343750
0.769165039062500
1.001831054687500
0.807434082031250
0.996154785156250
0.803955078125000
1.003723144531250
0.808410644531250
1.008178710937500
0.805114746093750
0.992553710937500
0.798522949218750
0.998413085937500
0.801147460937500
0.999206542968750
0.811096191406250
1.011657714843750
0.802185058593750
1.000122070312500
0.807006835937500
0.801391601562500
1.005981445312500
0.807128906250000
1.005249023437500
0.817077636718750
1.001892089843750
0.806152343750000
1.004333496093750
0.804565429687500
1.006530761718750
0.800354003906250
0.975891113281250
0.801696777343750
1.010437011718750
0.808776855468750
0.998840332031250
0.813415527343750
0.811584472656250
1.004577636718750
0.798278808593750
1.012084960937500
0.803894042968750
0.996704101562500
0.800598144531250
1.013427734375000
0.799438476562500
1.013549804687500
0.803222656250000
0.801940917968750
0.999206542968750
0.818115234375000
0.995178222656250
0.808654785156250
0.993286132812500
0.802429199218750
1.007141113281250
0.774536132812500
1.020874023437500
0.810546875000000
1.010803222656250
0.793151855468750
0.973144531250000
0.797607421875000
1.001159667968750
0.803649902343750
1.001525878906250
0.794616699218750
1.013061523437500
0.803588867187500
1.009521484375000
0.795898437500000
0.808715820312500
1.001892089843750
0.808410644531250
1.002868652343750
0.800415039062500
1.000671386718750
0.794372558593750
1.005126953125000
0.794799804687500
1.014343261718750
0.804626464843750
1.006225585937500
0.792602539062500
0.998168945312500
0.807250976562500
1.012207031250000
0.793945312500000
0.812255859375000
1.002075195312500
0.814758300781250
0.983337402343750
0.808410644531250
1.013549804687500
0.798889160156250
0.997314453125000
0.802246093750000
0.993041992187500
0.796997070312500
1.003417968750000
0.801879882812500
1.011352539062500
0.803283691406250
0.992248535156250
0.799255371093750
0.999877929687500
0.786682128906250
0.813476562500000
0.989746093750000
0.812255859375000
1.003234863281250
0.804870605468750
1.012756347656250
0.797607421875000
1.006713867187500
0.806091308593750
1.009704589843750
0.803894042968750
1.001159667968750
0.795959472656250
0.995117187500000
0.796020507812500
1.001525878906250
0.804992675781250
0.803283691406250
0.998718261718750
0.808166503906250
1.003356933593750
0.798706054687500
0.987243652343750
0.803222656250000
1.000244140625000
0.798095703125000
1.001403808593750
0.799560546875000
0.998657226562500
0.796752929687500
0.990539550781250
0.796752929687500
1.002868652343750
0.800048828125000
0.993347167968750
0.798522949218750
0.995910644531250
0.795288085937500
1.002502441406250
0.800598144531250
0.999572753906250
0.793029785156250
1.003112792968750
0.800109863281250
0.808776855468750
1.005004882812500
0.974609375000000
0.796630859375000
0.996765136718750
0.777832031250000
1.001464843750000
0.795410156250000
1.010620117187500
0.801635742187500
0.984985351562500
0.775268554687500
1.004821777343750
0.799011230468750
0.997802734375000
0.793762207031250
0.994384765625000
0.798461914062500
0.989624023437500
0.789733886718750
1.006286621093750
0.790893554687500
1.004455566406250
0.789672851562500
1.001708984375000
0.799987792968750
0.980224609375000
0.793334960937500
0.969543457031250
0.792541503906250
0.993652343750000
0.793884277343750
1.015502929687500
0.798583984375000
0.819641113281250
0.950744628906250
0.822326660156250
0.979858398437500
0.814392089843750
0.998535156250000
0.952270507812500
0.802551269531250
1.003479003906250
0.805358886718750
0.806274414062500
1.007507324218750
0.800109863281250
1.020629882812500
0.794860839843750
1.026062011718750
0.784118652343750
0.996643066406250
0.805480957031250
0.806091308593750
1.006591796875000
0.818298339843750
0.993896484375000
0.800476074218750
0.996704101562500
0.801818847656250
0.994079589843750
0.792480468750000
0.984985351562500
0.801147460937500
1.001464843750000
0.806213378906250
1.005737304687500
0.793334960937500
1.006042480468750
0.800170898437500
0.800659179687500
1.008728027343750
0.801025390625000
1.006713867187500
0.806274414062500
0.992248535156250
0.814331054687500
0.989440917968750
0.801513671875000
1.000305175781250
0.791992187500000
1.008605957031250
0.798461914062500
1.008422851562500
0.802917480468750
0.802246093750000
1.014099121093750
0.805786132812500
1.007263183593750
0.808044433593750
1.002685546875000
0.811950683593750
0.995666503906250
0.802062988281250
0.794921875000000
0.981689453125000
0.796997070312500
1.015808105468750
0.791320800781250
1.005004882812500
0.797729492187500
1.009399414062500
0.803649902343750
0.997863769531250
0.804748535156250
1.016235351562500
0.803833007812500
0.796081542968750
1.018615722656250
0.795166015625000
0.958740234375000
1.003662109375000
0.802124023437500
0.975524902343750
0.809082031250000
0.997253417968750
0.807189941406250
0.814819335937500
1.008239746093750
0.792968750000000
0.997253417968750
0.800109863281250
1.014587402343750
0.775939941406250
0.997924804687500
0.787597656250000
0.994628906250000
0.792297363281250
0.989440917968750
0.783691406250000
0.986389160156250
0.972778320312500
0.797912597656250
0.989196777343750
0.806396484375000
0.804687500000000
0.991760253906250
0.804382324218750
0.984741210937500
0.804077148437500
1.006164550781250
0.806884765625000
1.000061035156250
0.800354003906250
0.959472656250000
0.799865722656250
0.996643066406250
0.801269531250000
0.982666015625000
0.796630859375000
1.011596679687500
0.803161621093750
1.000671386718750
0.804992675781250
1.018493652343750
0.803955078125000
0.972534179687500
0.812194824218750
0.998046875000000
0.794982910156250
1.007751464843750
0.801086425781250
1.013671875000000
0.802612304687500
0.998718261718750
0.811340332031250
0.806762695312500
0.995544433593750
0.799377441406250
1.014587402343750
0.795776367187500
1.005126953125000
0.805358886718750
1.006958007812500
0.797302246093750
1.003112792968750
0.805114746093750
0.999145507812500
0.795532226562500
1.005493164062500
0.804992675781250
1.001708984375000
0.805114746093750
0.808959960937500
1.012878417968750
0.809875488281250
1.002258300781250
0.811157226562500
1.018432617187500
0.806945800781250
0.813293457031250
1.005920410156250
0.816406250000000
0.995666503906250
0.813049316406250
1.006774902343750
0.809509277343750
0.992736816406250
0.808166503906250
1.011047363281250
0.810729980468750
0.974304199218750
0.807250976562500
1.000427246093750
0.811462402343750
0.800720214843750
1.000244140625000
0.787048339843750
1.006835937500000
0.800537109375000
1.011779785156250
0.807617187500000
0.993835449218750
0.821533203125000
0.996643066406250
0.787597656250000
0.981506347656250
0.811523437500000
0.993896484375000
0.816833496093750
1.007690429687500
0.806701660156250
1.009704589843750
0.800720214843750
0.810485839843750
1.004089355468750
0.801513671875000
0.994323730468750
0.788940429687500
1.001708984375000
0.804931640625000
1.018981933593750
0.776184082031250
0.971679687500000
0.821533203125000
0.988952636718750
0.816467285156250
0.995544433593750
0.814331054687500
0.992126464843750
0.813110351562500
0.996276855468750
0.802734375000000
1.020019531250000
0.805053710937500
0.972045898437500
0.772277832031250
0.959411621093750
0.809997558593750
1.010803222656250
0.809631347656250
1.008850097656250
0.807922363281250
0.980529785156250
0.820434570312500
1.009521484375000
0.810241699218750
0.995605468750000
0.777832031250000
1.020629882812500
0.787475585937500
0.991210937500000
0.794372558593750
1.021057128906250
0.783813476562500
1.030883789062500
0.814880371093750
0.807495117187500
0.998840332031250
0.981079101562500
0.817626953125000
0.800720214843750
0.995849609375000
0.799804687500000
0.993835449218750
0.818298339843750
1.007629394531250
0.824890136718750
0.982543945312500
0.806457519531250
1.019958496093750
0.809814453125000
1.013977050781250
0.803527832031250
1.013549804687500
0.810607910156250
0.815734863281250
1.017883300781250
0.810913085937500
0.992858886718750
0.820800781250000
1.014038085937500
0.814819335937500
0.985168457031250
0.804626464843750
0.999084472656250
0.801025390625000
1.022094726562500
0.808532714843750
0.813842773437500
0.996582031250000
0.812927246093750
1.008605957031250
0.783813476562500
0.998840332031250
0.991638183593750
0.813293457031250
0.800903320312500
1.010864257812500
0.809204101562500
1.000183105468750
0.806030273437500
0.990722656250000
0.793518066406250
1.030639648437500
0.814392089843750
1.000976562500000
0.806396484375000
1.006958007812500
0.802001953125000
1.014953613281250
0.796875000000000
1.005004882812500
0.797241210937500
1.001098632812500
0.802856445312500
0.997253417968750
0.815795898437500
1.007202148437500
0.814392089843750
0.803466796875000
0.998901367187500
0.808044433593750
1.010253906250000
0.794433593750000
0.999389648437500
0.809692382812500
1.007507324218750
0.806518554687500
0.999816894531250
0.802001953125000
1.009216308593750
0.809997558593750
1.002319335937500
0.799682617187500
1.013610839843750
0.809692382812500
1.002624511718750
0.804809570312500
0.998901367187500
0.809570312500000
0.810424804687500
1.012145996093750
0.817321777343750
1.004211425781250
0.809631347656250
0.796691894531250
0.803466796875000
1.011474609375000
0.771545410156250
1.001037597656250
0.803222656250000
0.979125976562500
0.800048828125000
1.006286621093750
0.974975585937500
0.802185058593750
0.991943359375000
0.802856445312500
0.810729980468750
1.016662597656250
0.807189941406250
1.015625000000000
0.808776855468750
0.998901367187500
0.778259277343750
1.000549316406250
0.810180664062500
1.000061035156250
0.801879882812500
0.968505859375000
1.017761230468750
0.810058593750000
0.814941406250000
1.007446289062500
0.806701660156250
1.009582519531250
0.804321289062500
1.004760742187500
0.785522460937500
0.977478027343750
0.799011230468750
1.006408691406250
0.801086425781250
1.010864257812500
0.803649902343750
1.011901855468750
0.806701660156250
0.998168945312500
0.806579589843750
0.984130859375000
0.807250976562500
0.996398925781250
0.810302734375000
1.027648925781250
0.784912109375000
1.027221679687500
0.800903320312500
1.020202636718750
0.800231933593750
1.022033691406250
0.805725097656250
1.012329101562500
0.803527832031250
1.006652832031250
0.810058593750000
0.998596191406250
0.808227539062500
1.003234863281250
0.813842773437500
0.999877929687500
0.803100585937500
0.998779296875000
0.803222656250000
1.018005371093750
0.801452636718750
1.004699707031250
0.798461914062500
1.047119140625000
0.799438476562500
0.977844238281250
0.810791015625000
0.999450683593750
0.824523925781250
1.007446289062500
0.774841308593750
1.006042480468750
0.800354003906250
1.005676269531250
0.811035156250000
1.005126953125000
0.808227539062500
1.007080078125000
0.811584472656250
1.008605957031250
0.808898925781250
1.021484375000000
0.809570312500000
1.011901855468750
0.814453125000000
1.007751464843750
0.828918457031250
1.014648437500000
0.815856933593750
0.803710937500000
1.016052246093750
0.812805175781250
1.007080078125000
0.801696777343750
1.013671875000000
1.005310058593750
0.802246093750000
1.004516601562500
0.809020996093750
1.007751464843750
0.783508300781250
0.989074707031250
0.800292968750000
1.010192871093750
0.800659179687500
1.013854980468750
0.802551269531250
1.013427734375000
0.811889648437500
1.004455566406250
0.807800292968750
0.998596191406250
0.822631835937500
0.991882324218750
0.821044921875000
1.015014648437500
0.810974121093750
0.989807128906250
0.821228027343750
1.034790039062500
0.817443847656250
0.999145507812500
0.819885253906250
1.011901855468750
0.814758300781250
1.008178710937500
0.817504882812500
1.007568359375000
0.815551757812500
1.007690429687500
0.822448730468750
1.025451660156250
0.813537597656250
0.819519042968750
1.013488769531250
0.831726074218750
1.031311035156250
0.815063476562500
1.020568847656250
0.810729980468750
1.012390136718750
0.817077636718750
1.017272949218750
0.823181152343750
0.811584472656250
1.030883789062500
0.788818359375000
1.030761718750000
0.808349609375000
0.996704101562500
0.814331054687500
0.995239257812500
1.023498535156250
0.817993164062500
0.809204101562500
1.025085449218750
0.821716308593750
1.000976562500000
0.808715820312500
1.035400390625000
0.816833496093750
1.006103515625000
0.820007324218750
1.031127929687500
0.824279785156250
1.027770996093750
0.817932128906250
0.816772460937500
1.030639648437500
0.826965332031250
1.019775390625000
0.815368652343750
1.009338378906250
0.822021484375000
1.010620117187500
0.812927246093750
1.024902343750000
0.818603515625000
1.037231445312500
0.805603027343750
0.990783691406250
0.815734863281250
0.994567871093750
0.813659667968750
1.022583007812500
0.824829101562500
1.014221191406250
0.830017089843750
1.010803222656250
0.819274902343750
0.817932128906250
1.013305664062500
0.826110839843750
1.021057128906250
0.815734863281250
0.995971679687500
0.819030761718750
1.030578613281250
0.823547363281250
1.023315429687500
0.824645996093750
1.014953613281250
0.801635742187500
1.034423828125000
0.819396972656250
0.815124511718750
1.016662597656250
0.812255859375000
1.023864746093750
0.790832519531250
1.006164550781250
0.814575195312500
1.010864257812500
1.016174316406250
0.809936523437500
0.817382812500000
1.014892578125000
0.813171386718750
1.018920898437500
0.827331542968750
1.018188476562500
0.816650390625000
1.026245117187500
0.830566406250000
1.017761230468750
0.809875488281250
1.024658203125000
0.817932128906250
0.822875976562500
1.030395507812500
0.820495605468750
1.017700195312500
0.816406250000000
1.015441894531250
0.823791503906250
1.030944824218750
0.816467285156250
1.027709960937500
0.809570312500000
1.025268554687500
0.824340820312500
0.806640625000000
1.012756347656250
0.981689453125000
0.814575195312500
1.014038085937500
0.789428710937500
0.988098144531250
0.825195312500000
1.016723632812500
0.816101074218750
1.015747070312500
0.819152832031250
1.017272949218750
0.794860839843750
1.037353515625000
0.822692871093750
0.997131347656250
0.818420410156250
1.027221679687500
0.799377441406250
1.017089843750000
0.764465332031250
1.033081054687500
0.772827148437500
1.006591796875000
0.997924804687500
0.794006347656250
1.012329101562500
0.823364257812500
1.025085449218750
0.819274902343750
0.831787109375000
1.029113769531250
0.824340820312500
1.030029296875000
0.773986816406250
1.020690917968750
0.967590332031250
0.822387695312500
0.827270507812500
1.030883789062500
0.830505371093750
1.018737792968750
0.797424316406250
1.025390625000000
0.813171386718750
1.010192871093750
0.820678710937500
1.022644042968750
0.833068847656250
0.997314453125000
0.813903808593750
1.024963378906250
0.818237304687500
1.018920898437500
0.792602539062500
1.023498535156250
0.820495605468750
1.018615722656250
0.830200195312500
0.828002929687500
1.030212402343750
0.834472656250000
0.986206054687500
0.825317382812500
1.030273437500000
0.821228027343750
1.022094726562500
0.832031250000000
1.016113281250000
0.816284179687500
1.039550781250000
0.813659667968750
0.829101562500000
1.001159667968750
1.018005371093750
0.817504882812500
1.027893066406250
0.826477050781250
0.808349609375000
1.023315429687500
1.005798339843750
0.824584960937500
0.820251464843750
1.020507812500000
0.817871093750000
1.040222167968750
0.820373535156250
1.017700195312500
0.816040039062500
1.010681152343750
0.826354980468750
1.019531250000000
0.800354003906250
1.023803710937500
0.820861816406250
1.023986816406250
0.815307617187500
1.019714355468750
0.810607910156250
1.029968261718750
0.826660156250000
1.031921386718750
0.817687988281250
1.022277832031250
0.818908691406250
1.027587890625000
0.828491210937500
1.012756347656250
0.810302734375000
1.015319824218750
0.807678222656250
1.021484375000000
0.808532714843750
1.021911621093750
0.812316894531250
1.029174804687500
0.810607910156250
1.021240234375000
0.817443847656250
1.013916015625000
0.809020996093750
1.023925781250000
0.809875488281250
1.020446777343750
0.815063476562500
1.020935058593750
0.825744628906250
1.022644042968750
0.815246582031250
1.038330078125000
0.808715820312500
1.022033691406250
0.812561035156250
1.024414062500000
0.797729492187500
1.028625488281250
0.811279296875000
1.022583007812500
0.811584472656250
1.026000976562500
0.816223144531250
0.827758789062500
1.030761718750000
0.809997558593750
1.034240722656250
0.820251464843750
1.030212402343750
0.821105957031250
1.003723144531250
0.817749023437500
1.020935058593750
0.826538085937500
1.025756835937500
0.788391113281250
1.033020019531250
0.821777343750000
1.025573730468750
0.825500488281250
1.032287597656250
0.825317382812500
1.039855957031250
0.811706542968750
1.022338867187500
0.828735351562500
0.819702148437500
1.020690917968750
0.818237304687500
1.026611328125000
0.815734863281250
0.962219238281250
0.830749511718750
1.022949218750000
0.824890136718750
1.033325195312500
0.811340332031250
1.023254394531250
0.819458007812500
0.837097167968750
1.031127929687500
0.812500000000000
1.032775878906250
0.820068359375000
1.031433105468750
0.821350097656250
1.037109375000000
0.819335937500000
1.026489257812500
0.819519042968750
1.024902343750000
0.798522949218750
0.990356445312500
0.802673339843750
1.028991699218750
0.816955566406250
1.030212402343750
0.819519042968750
1.019592285156250
0.816223144531250
1.011108398437500
0.823242187500000
1.022705078125000
0.827392578125000
0.810546875000000
1.036193847656250
0.824951171875000
1.024902343750000
0.833435058593750
1.020874023437500
0.824890136718750
1.011718750000000
0.813415527343750
1.030334472656250
0.786376953125000
0.995361328125000
0.826721191406250
1.042602539062500
0.813415527343750
1.019592285156250
0.791137695312500
0.937377929687500
0.794006347656250
1.063659667968750
0.796325683593750
1.028808593750000
0.820251464843750
1.025695800781250
0.827026367187500
1.015380859375000
0.795288085937500
1.008666992187500
0.819335937500000
1.026611328125000
0.797241210937500
1.049377441406250
0.845336914062500
1.029174804687500
0.818786621093750
1.030029296875000
0.808776855468750
1.004272460937500
0.828796386718750
1.023742675781250
0.826232910156250
1.009216308593750
0.800476074218750
0.808227539062500
1.029907226562500
0.823425292968750
1.023010253906250
0.820007324218750
1.023559570312500
0.835388183593750
1.028137207031250
0.826232910156250
1.031311035156250
0.822326660156250
1.015258789062500
0.834838867187500
0.826904296875000
1.034179687500000
0.822021484375000
1.028015136718750
0.820251464843750
0.997558593750000
0.824096679687500
1.015747070312500
0.790466308593750
1.028259277343750
0.829101562500000
1.033752441406250
0.827636718750000
1.028320312500000
0.816711425781250
1.026184082031250
0.790405273437500
0.983276367187500
0.819030761718750
1.007263183593750
0.822448730468750
0.963989257812500
0.837951660156250
0.994750976562500
0.821105957031250
0.818786621093750
1.023742675781250
0.820495605468750
1.023681640625000
0.824279785156250
1.028930664062500
0.820922851562500
1.028015136718750
0.823486328125000
1.024230957031250
0.830017089843750
1.031799316406250
0.825317382812500
1.001281738281250
0.829833984375000
0.839904785156250
1.028930664062500
0.997497558593750
0.835083007812500
0.797424316406250
1.039001464843750
0.821533203125000
1.034851074218750
0.827331542968750
1.026000976562500
0.828613281250000
0.998229980468750
0.828979492187500
1.027099609375000
0.827941894531250
1.026794433593750
0.823669433593750
1.033386230468750
0.831298828125000
1.000610351562500
0.820007324218750
1.037414550781250
0.788269042968750
0.805541992187500
0.981567382812500
0.818420410156250
0.994506835937500
0.804199218750000
0.990600585937500
0.785278320312500
1.022277832031250
0.822387695312500
0.781555175781250
1.029052734375000
0.827209472656250
0.997375488281250
0.768737792968750
1.032470703125000
0.784790039062500
0.805358886718750
1.025756835937500
0.786804199218750
1.029907226562500
0.830749511718750
1.006286621093750
0.790710449218750
0.942138671875000
0.845947265625000
0.831359863281250
0.977050781250000
0.791381835937500
1.012023925781250
0.804321289062500
1.021728515625000
0.757629394531250
0.982543945312500
0.830383300781250
0.986999511718750
0.801940917968750
0.835754394531250
0.979125976562500
0.819274902343750
0.950012207031250
0.827514648437500
0.970947265625000
0.786621093750000
1.026916503906250
0.825866699218750
0.826293945312500
0.965332031250000
0.803771972656250
1.017333984375000
0.773071289062500
0.965087890625000
0.825561523437500
1.032104492187500
0.774658203125000
1.001342773437500
0.754150390625000
0.999389648437500
0.819458007812500
1.040893554687500
0.781677246093750
0.825622558593750
0.983886718750000
0.797729492187500
1.026733398437500
0.775207519531250
0.818237304687500
0.973266601562500
0.748901367187500
1.046386718750000
0.588745117187500
1.006469726562500
0.798278808593750
1.030578613281250
0.770751953125000
0.965026855468750
0.830322265625000
0.944458007812500
0.774963378906250
1.012512207031250
0.773803710937500
0.993896484375000
0.774414062500000
1.012023925781250
0.790832519531250
0.975891113281250
0.766113281250000
1.013000488281250
0.730712890625000
0.967468261718750
0.836975097656250
0.959655761718750
0.746398925781250
0.930053710937500
0.845825195312500
1.015075683593750
0.787414550781250
0.989929199218750
0.766723632812500
0.953186035156250
0.824768066406250
0.785583496093750
0.971191406250000
0.788513183593750
1.000610351562500
0.811828613281250
0.973693847656250
0.776000976562500
0.995727539062500
0.798583984375000
0.973022460937500
0.784606933593750
0.988647460937500
0.781555175781250
0.954040527343750
0.823181152343750
0.797973632812500
0.958923339843750
0.831665039062500
0.991088867187500
0.765991210937500
0.999816894531250
0.811706542968750
0.769531250000000
0.939880371093750
0.837829589843750
0.990234375000000
0.781799316406250
0.955444335937500
0.840087890625000
0.995117187500000
0.787048339843750
0.786804199218750
0.978515625000000
0.830749511718750
0.984252929687500
0.749267578125000
1.021301269531250
0.804016113281250
0.984985351562500
0.762695312500000
0.836547851562500
0.988342285156250
0.759399414062500
0.946838378906250
0.955566406250000
0.805175781250000
0.780517578125000
0.995239257812500
0.743713378906250
0.982727050781250
0.944946289062500
0.801208496093750
0.818115234375000
0.974487304687500
0.769226074218750
1.015441894531250
0.778686523437500
0.978942871093750
0.764038085937500
0.990661621093750
0.754272460937500
0.955200195312500
0.831420898437500
0.981506347656250
0.746093750000000
0.959289550781250
0.772949218750000
0.983398437500000
0.818664550781250
0.755737304687500
0.989929199218750
0.769653320312500
0.982849121093750
0.835937500000000
0.954284667968750
0.760498046875000
0.989685058593750
0.804687500000000
0.977539062500000
0.778869628906250
0.961791992187500
0.750305175781250
0.781677246093750
0.982360839843750
0.811950683593750
1.028503417968750
0.784912109375000
0.952575683593750
0.742614746093750
0.983581542968750
0.808410644531250
0.812072753906250
0.965637207031250
0.971252441406250
0.762329101562500
0.966796875000000
0.766174316406250
0.956970214843750
0.785095214843750
0.963745117187500
0.808776855468750
0.801208496093750
0.971313476562500
0.793273925781250
1.006591796875000
0.768920898437500
0.782531738281250
0.997924804687500
0.796508789062500
0.990600585937500
0.783996582031250
0.967834472656250
0.828308105468750
0.773864746093750
0.977294921875000
0.788696289062500
0.919128417968750
0.978576660156250
0.755615234375000
0.988342285156250
0.806701660156250
0.970520019531250
0.820617675781250
0.966430664062500
0.781921386718750
0.758544921875000
1.006835937500000
0.775390625000000
0.991455078125000
0.776000976562500
0.985046386718750
0.804016113281250
0.822692871093750
0.963867187500000
0.765747070312500
0.952331542968750
0.769775390625000
0.999450683593750
0.822814941406250
0.987426757812500
0.808166503906250
0.774475097656250
0.985900878906250
0.796081542968750
0.964538574218750
0.790344238281250
0.984802246093750
0.744384765625000
1.003601074218750
0.787719726562500
0.971008300781250
0.776977539062500
0.960205078125000
0.818542480468750
0.978576660156250
0.794006347656250
0.790405273437500
0.983337402343750
0.773315429687500
0.995605468750000
0.784240722656250
0.786010742187500
0.984741210937500
0.805236816406250
0.966308593750000
0.822753906250000
0.953002929687500
0.773620605468750
0.958251953125000
0.726501464843750
1.003540039062500
0.780029296875000
0.961303710937500
0.792602539062500
0.768615722656250
0.988159179687500
0.807739257812500
0.970031738281250
0.786499023437500
0.953247070312500
0.783508300781250
0.980590820312500
0.826721191406250
0.962707519531250
0.762939453125000
0.778625488281250
0.994873046875000
0.786254882812500
0.994262695312500
0.778625488281250
0.996032714843750
0.825927734375000
0.800781250000000
0.976745605468750
0.937561035156250
0.769653320312500
0.954467773437500
0.773742675781250
0.965209960937500
0.765808105468750
0.959167480468750
0.817382812500000
0.783142089843750
0.986328125000000
0.770385742187500
0.943481445312500
0.788879394531250
0.969543457031250
0.775634765625000
0.919799804687500
1.002380371093750
0.782836914062500
0.955688476562500
0.809082031250000
0.951477050781250
0.810363769531250
0.977050781250000
0.781738281250000
0.763183593750000
0.992553710937500
0.781188964843750
0.969421386718750
0.780944824218750
0.999877929687500
0.778930664062500
0.771362304687500
1.008483886718750
0.787475585937500
0.999450683593750
0.719177246093750
1.010803222656250
0.820861816406250
0.968261718750000
0.771301269531250
0.986083984375000
0.774353027343750
0.779296875000000
0.956604003906250
0.778320312500000
0.954650878906250
0.785400390625000
1.004211425781250
0.803527832031250
0.950927734375000
0.764343261718750
0.988403320312500
0.787109375000000
0.767761230468750
0.971191406250000
0.806152343750000
0.982666015625000
0.776428222656250
0.961425781250000
0.791015625000000
0.992919921875000
0.773986816406250
0.977172851562500
0.791076660156250
0.985168457031250
0.795654296875000
0.767211914062500
1.000000000000000
0.813964843750000
0.995361328125000
0.785888671875000
0.789978027343750
0.985534667968750
0.839538574218750
0.991577148437500
0.756408691406250
0.991088867187500
0.776550292968750
0.978759765625000
0.788696289062500
0.780822753906250
0.958679199218750
0.773559570312500
0.967468261718750
0.803771972656250
0.989074707031250
0.767395019531250
0.988281250000000
0.768554687500000
0.977172851562500
0.821838378906250
0.973815917968750
0.767517089843750
0.769470214843750
0.987182617187500
0.779785156250000
0.998107910156250
0.789733886718750
0.963317871093750
0.802124023437500
0.969177246093750
0.808044433593750
0.798095703125000
0.994873046875000
0.801147460937500
0.965209960937500
0.810607910156250
0.947387695312500
0.792968750000000
0.818054199218750
0.982116699218750
0.798828125000000
0.953674316406250
0.766723632812500
0.989624023437500
0.773315429687500
0.991333007812500
0.781433105468750
0.956481933593750
0.764587402343750
0.977050781250000
0.756835937500000
0.992797851562500
0.807189941406250
0.814636230468750
0.975524902343750
0.779296875000000
0.948059082031250
0.819946289062500
0.993774414062500
0.748229980468750
0.984497070312500
0.771057128906250
1.011901855468750
0.787841796875000
0.777221679687500
1.001525878906250
0.775756835937500
0.951416015625000
0.806030273437500
0.973205566406250
0.791931152343750
0.972167968750000
0.760925292968750
0.987548828125000
0.797973632812500
0.974304199218750
0.747802734375000
0.975158691406250
0.767700195312500
0.971374511718750
0.798156738281250
0.788146972656250
1.005004882812500
0.781738281250000
0.991027832031250
0.777221679687500
0.788146972656250
0.947387695312500
0.797241210937500
1.014526367187500
0.782043457031250
0.989257812500000
0.741760253906250
0.964843750000000
0.764526367187500
0.997131347656250
0.786682128906250
0.989929199218750
0.784240722656250
0.795410156250000
0.978576660156250
0.805114746093750
0.955993652343750
0.752563476562500
1.010925292968750
0.783142089843750
0.777832031250000
1.011413574218750
0.791503906250000
0.934570312500000
0.780151367187500
0.971557617187500
0.782653808593750
0.981933593750000
0.802551269531250
0.820007324218750
0.993713378906250
0.739013671875000
0.988952636718750
0.794372558593750
0.990051269531250
0.758544921875000
0.975158691406250
0.755371093750000
0.921875000000000
0.793334960937500
0.997497558593750
0.782653808593750
0.963867187500000
0.779479980468750
0.985961914062500
0.787048339843750
0.954345703125000
0.780944824218750
0.771423339843750
0.943786621093750
0.771423339843750
1.004394531250000
0.772827148437500
0.997253417968750
0.774353027343750
0.959289550781250
0.766235351562500
0.956848144531250
0.787963867187500
0.978332519531250
0.776794433593750
0.976379394531250
0.749572753906250
1.009399414062500
0.760925292968750
0.982971191406250
0.796875000000000
0.922302246093750
0.766540527343750
1.001159667968750
0.769104003906250
0.996398925781250
0.774475097656250
0.993347167968750
0.803039550781250
0.776062011718750
0.986938476562500
0.785034179687500
0.950683593750000
0.756835937500000
0.997802734375000
0.791625976562500
1.000549316406250
0.780700683593750
0.916381835937500
0.793029785156250
0.970092773437500
0.790710449218750
0.771179199218750
0.953735351562500
0.788635253906250
0.998901367187500
0.763549804687500
0.963134765625000
0.773376464843750
0.928344726562500
0.805297851562500
0.934387207031250
0.793640136718750
0.957092285156250
0.789428710937500
1.003723144531250
0.770446777343750
0.786254882812500
1.005493164062500
0.771484375000000
0.912597656250000
0.795593261718750
0.959045410156250
0.801147460937500
1.003540039062500
0.796142578125000
0.752990722656250
0.994445800781250
0.754455566406250
0.924865722656250
0.790527343750000
0.986328125000000
0.773437500000000
0.961669921875000
0.791992187500000
0.988525390625000
0.790771484375000
0.796997070312500
0.966796875000000
0.790710449218750
0.971130371093750
0.792236328125000
0.965148925781250
0.792419433593750
0.963989257812500
0.794555664062500
0.792907714843750
0.975585937500000
0.793212890625000
0.948120117187500
0.803283691406250
0.799743652343750
0.980407714843750
0.950378417968750
0.784362792968750
0.783203125000000
0.981079101562500
0.797363281250000
0.918029785156250
0.783935546875000
1.016784667968750
0.799621582031250
0.962951660156250
0.785400390625000
0.780944824218750
0.918151855468750
0.793029785156250
0.957275390625000
0.737060546875000
0.992858886718750
0.781616210937500
0.999084472656250
0.791076660156250
0.945556640625000
0.789367675781250
0.964172363281250
0.798095703125000
0.772949218750000
1.000061035156250
0.798156738281250
1.010925292968750
0.773559570312500
0.956665039062500
0.793579101562500
0.943298339843750
0.785827636718750
1.008911132812500
0.797363281250000
0.790405273437500
0.994384765625000
0.781860351562500
0.956298828125000
0.794921875000000
0.974975585937500
0.776184082031250
0.787963867187500
1.004699707031250
0.802001953125000
0.976745605468750
0.793151855468750
0.954772949218750
0.787963867187500
0.981628417968750
0.783264160156250
0.788085937500000
1.000732421875000
0.741760253906250
1.008911132812500
0.772949218750000
0.960693359375000
0.761962890625000
0.971618652343750
0.805969238281250
1.000244140625000
0.770263671875000
1.002197265625000
0.761718750000000
0.969055175781250
0.772888183593750
0.752624511718750
0.966857910156250
0.773498535156250
0.973754882812500
0.788757324218750
1.015136718750000
0.783386230468750
0.928283691406250
0.768676757812500
0.959655761718750
0.787048339843750
0.795837402343750
1.011535644531250
0.758239746093750
0.996337890625000
0.795776367187500
0.958129882812500
0.789611816406250
0.949890136718750
0.799011230468750
0.995910644531250
0.790405273437500
0.792358398437500
0.977416992187500
0.778625488281250
0.954467773437500
0.790039062500000
0.961730957031250
0.803405761718750
1.004882812500000
0.793090820312500
0.979614257812500
0.778015136718750
0.798278808593750
0.945495605468750
0.906005859375000
0.737548828125000
0.965698242187500
0.963256835937500
0.793273925781250
0.787231445312500
0.970581054687500
0.765502929687500
0.958862304687500
0.777404785156250
0.968017578125000
0.800781250000000
0.999267578125000
0.755065917968750
0.933715820312500
0.753723144531250
0.971801757812500
0.790405273437500
0.973876953125000
0.790832519531250
1.008422851562500
0.580505371093750
0.996704101562500
0.793579101562500
0.779235839843750
0.994689941406250
0.802734375000000
1.000732421875000
0.796630859375000
0.804077148437500
0.958496093750000
0.795532226562500
0.953796386718750
0.758117675781250
0.978332519531250
0.770996093750000
1.004089355468750
0.771118164062500
0.951049804687500
0.765747070312500
0.964538574218750
0.752929687500000
1.001281738281250
0.772766113281250
1.004516601562500
0.794433593750000
0.788818359375000
0.965942382812500
0.782043457031250
0.976806640625000
0.791870117187500
0.780212402343750
0.998962402343750
0.772827148437500
1.011718750000000
0.762145996093750
0.942016601562500
0.795837402343750
0.991943359375000
0.768005371093750
0.964843750000000
0.786132812500000
1.015136718750000
0.802917480468750
0.781066894531250
0.971252441406250
0.770935058593750
0.993225097656250
0.806945800781250
0.986877441406250
0.746948242187500
0.986267089843750
0.782836914062500
0.928039550781250
0.783081054687500
0.772888183593750
0.979064941406250
0.789733886718750
1.016357421875000
0.785583496093750
0.999450683593750
0.801147460937500
0.805053710937500
0.935852050781250
0.779724121093750
0.997314453125000
0.793090820312500
1.010375976562500
0.782958984375000
0.973266601562500
0.778076171875000
0.758178710937500
0.966552734375000
0.780395507812500
0.975952148437500
0.789428710937500
0.995605468750000
0.782958984375000
0.801879882812500
0.953613281250000
0.796142578125000
0.988525390625000
0.771423339843750
1.002502441406250
0.774597167968750
0.805969238281250
0.987976074218750
0.797729492187500
0.977416992187500
0.783752441406250
0.797485351562500
0.972229003906250
0.792541503906250
0.996826171875000
0.796020507812500
0.971618652343750
0.782653808593750
0.949462890625000
0.784301757812500
0.795532226562500
1.015014648437500
0.785949707031250
1.000549316406250
0.795410156250000
0.915771484375000
0.791442871093750
0.958251953125000
0.784973144531250
0.977233886718750
0.782409667968750
0.780151367187500
0.981689453125000
0.793273925781250
0.932617187500000
0.772216796875000
0.936340332031250
0.754699707031250
1.024841308593750
0.967468261718750
0.777099609375000
0.809570312500000
0.934997558593750
0.757019042968750
0.954772949218750
0.801391601562500
1.028991699218750
0.781921386718750
0.971984863281250
0.780090332031250
0.974182128906250
0.770080566406250
0.820495605468750
0.950561523437500
0.788391113281250
1.009216308593750
0.808898925781250
0.934875488281250
0.798339843750000
0.770812988281250
0.975585937500000
0.809936523437500
0.941345214843750
0.801696777343750
0.958190917968750
0.760498046875000
1.000732421875000
0.764465332031250
0.988220214843750
0.808044433593750
0.803466796875000
0.944519042968750
0.755737304687500
0.966674804687500
0.786071777343750
0.975952148437500
0.754455566406250
0.960754394531250
0.804992675781250
0.947265625000000
0.791198730468750
0.946411132812500
0.789611816406250
0.974243164062500
0.783691406250000
0.995117187500000
0.758605957031250
0.798278808593750
1.000061035156250
0.767333984375000
1.035827636718750
0.773620605468750
0.970458984375000
0.816894531250000
0.963500976562500
0.781372070312500
0.973815917968750
0.764587402343750
0.955810546875000
0.754638671875000
0.965209960937500
0.777343750000000
0.959533691406250
0.806579589843750
0.981079101562500
0.786743164062500
1.002197265625000
0.783264160156250
0.793212890625000
0.981323242187500
0.752136230468750
0.942626953125000
0.811828613281250
0.965148925781250
0.912963867187500
0.783203125000000
0.803527832031250
0.945800781250000
0.808227539062500
1.019836425781250
0.769165039062500
0.941894531250000
0.757751464843750
0.969055175781250
0.798889160156250
1.002563476562500
0.769348144531250
0.999206542968750
0.746032714843750
0.967895507812500
0.805175781250000
0.797424316406250
0.983459472656250
0.810424804687500
0.985168457031250
0.805786132812500
0.926574707031250
0.806579589843750
0.804199218750000
0.965759277343750
0.808227539062500
1.000976562500000
0.770141601562500
0.947814941406250
0.795410156250000
0.987976074218750
0.811767578125000
0.805541992187500
0.974304199218750
0.776550292968750
0.995849609375000
0.778747558593750
0.999450683593750
0.767150878906250
0.803710937500000
1.004577636718750
0.805480957031250
0.924560546875000
0.795593261718750
0.964172363281250
0.785705566406250
1.022277832031250
0.778564453125000
0.954406738281250
0.776550292968750
0.799316406250000
0.981201171875000
0.781188964843750
0.971191406250000
0.784545898437500
0.992248535156250
0.767822265625000
0.917907714843750
0.776489257812500
0.967834472656250
0.792114257812500
1.027404785156250
0.805847167968750
0.944763183593750
0.759460449218750
0.954162597656250
0.784545898437500
0.985595703125000
0.802612304687500
0.803649902343750
0.936340332031250
0.781494140625000
1.002258300781250
0.802307128906250
0.988525390625000
0.766174316406250
0.961364746093750
0.764648437500000
0.963684082031250
0.813720703125000
0.978576660156250
0.771179199218750
0.942077636718750
0.772094726562500
0.925720214843750
0.799194335937500
0.971008300781250
0.765258789062500
0.961303710937500
0.956909179687500
0.791503906250000
0.800109863281250
0.929870605468750
0.786071777343750
0.993713378906250
0.757690429687500
0.978149414062500
0.762023925781250
1.003662109375000
0.777954101562500
0.960754394531250
0.784484863281250
0.816345214843750
0.995971679687500
0.765380859375000
0.969360351562500
0.761657714843750
0.990295410156250
0.812866210937500
1.567993164062500
0.780395507812500
0.811950683593750
1.003601074218750
0.764160156250000
0.987182617187500
0.806274414062500
0.786376953125000
0.979919433593750
0.784851074218750
1.007507324218750
0.809082031250000
0.991149902343750
0.766418457031250
0.920654296875000
0.763793945312500
1.000061035156250
0.777038574218750
0.996032714843750
0.757568359375000
0.952087402343750
0.785583496093750
0.954833984375000
0.808959960937500
0.975769042968750
0.800964355468750
0.802062988281250
0.972595214843750
0.788269042968750
0.986022949218750
0.796997070312500
0.998535156250000
0.768371582031250
0.787170410156250
0.987609863281250
0.776611328125000
1.002990722656250
0.747558593750000
0.975585937500000
0.789489746093750
0.958435058593750
0.811157226562500
0.759216308593750
1.031555175781250
0.781738281250000
0.958251953125000
0.734375000000000
1.005920410156250
0.813598632812500
0.966552734375000
0.780395507812500
0.959899902343750
0.765991210937500
0.788146972656250
1.016540527343750
0.777832031250000
0.972412109375000
0.793823242187500
0.976379394531250
0.765563964843750
0.784729003906250
1.016357421875000
0.764953613281250
0.960937500000000
0.749328613281250
0.973571777343750
0.960754394531250
0.766418457031250
0.790161132812500
0.993835449218750
0.790466308593750
0.962219238281250
0.960998535156250
0.775634765625000
0.972412109375000
0.786499023437500
1.021789550781250
0.798583984375000
0.736999511718750
0.957153320312500
0.789367675781250
1.031250000000000
0.774658203125000
0.972900390625000
0.740051269531250
0.802307128906250
0.988098144531250
0.921386718750000
0.764404296875000
0.996337890625000
0.773437500000000
0.973266601562500
0.781738281250000
0.974548339843750
0.778503417968750
0.966369628906250
0.765625000000000
1.014831542968750
0.767578125000000
0.981933593750000
0.810302734375000
0.774658203125000
1.019714355468750
0.786621093750000
0.953552246093750
0.806579589843750
0.788940429687500
0.980163574218750
0.784851074218750
0.997436523437500
0.771179199218750
0.998962402343750
0.774353027343750
0.940795898437500
0.811645507812500
0.938598632812500
0.796875000000000
0.794494628906250
0.978027343750000
0.804199218750000
1.005432128906250
0.788208007812500
0.944641113281250
0.761474609375000
1.030212402343750
0.758850097656250
0.979980468750000
0.800781250000000
0.776245117187500
1.004699707031250
0.801696777343750
0.974792480468750
0.790100097656250
0.993835449218750
0.761657714843750
0.997070312500000
0.800842285156250
0.943054199218750
0.764526367187500
0.950683593750000
0.795959472656250
0.794433593750000
0.959411621093750
0.786315917968750
0.994140625000000
0.755371093750000
0.957885742187500
0.782043457031250
0.949462890625000
0.795898437500000
0.988891601562500
0.773254394531250
0.959838867187500
0.758300781250000
0.959228515625000
0.965209960937500
0.802062988281250
0.797424316406250
0.941101074218750
0.791625976562500
0.979309082031250
0.787170410156250
0.944396972656250
0.796264648437500
0.975341796875000
0.792785644531250
0.997863769531250
0.773376464843750
0.789611816406250
0.990783691406250
0.775085449218750
0.941528320312500
0.799621582031250
1.000305175781250
0.783935546875000
0.975280761718750
0.760864257812500
0.951599121093750
0.801513671875000
0.995361328125000
0.784912109375000
0.734985351562500
1.010314941406250
0.803649902343750
0.904541015625000
0.805175781250000
0.962036132812500
0.788940429687500
1.007690429687500
0.822448730468750
0.777526855468750
0.973083496093750
0.961547851562500
0.757202148437500
0.777832031250000
1.009582519531250
0.749511718750000
0.989379882812500
0.794982910156250
0.990722656250000
0.764953613281250
0.973510742187500
0.811645507812500
0.772644042968750
0.959777832031250
0.965576171875000
0.769897460937500
0.961120605468750
0.804260253906250
0.959716796875000
0.791076660156250
0.811645507812500
0.961669921875000
0.779663085937500
1.012878417968750
0.764221191406250
0.996459960937500
0.744995117187500
0.810607910156250
0.974121093750000
0.782409667968750
1.000915527343750
0.755920410156250
0.805603027343750
0.992126464843750
0.782104492187500
0.992370605468750
0.745727539062500
0.953308105468750
0.797546386718750
0.965637207031250
0.785339355468750
0.768859863281250
1.011474609375000
0.790222167968750
0.931945800781250
0.800903320312500
0.950378417968750
0.794372558593750
0.791809082031250
0.937561035156250
0.786499023437500
0.981140136718750
0.751037597656250
0.968933105468750
0.798950195312500
0.953613281250000
0.778930664062500
0.986022949218750
0.783264160156250
0.784423828125000
0.954162597656250
0.803283691406250
0.981994628906250
0.808471679687500
0.784851074218750
0.975402832031250
0.768127441406250
0.995605468750000
0.789672851562500
0.932250976562500
0.795227050781250
0.972839355468750
0.792480468750000
0.773620605468750
0.959533691406250
0.919982910156250
0.736450195312500
0.973083496093750
0.770568847656250
0.978637695312500
0.740722656250000
0.972717285156250
0.763793945312500
1.007019042968750
0.753295898437500
0.996826171875000
0.795166015625000
0.980468750000000
0.779296875000000
0.891052246093750
0.827819824218750
0.946899414062500
0.806701660156250
0.919372558593750
0.752685546875000
0.992004394531250
0.786804199218750
0.798828125000000
0.956359863281250
0.801025390625000
0.959838867187500
0.791259765625000
0.815490722656250
0.948120117187500
0.985046386718750
0.765136718750000
0.770996093750000
1.010864257812500
0.799194335937500
0.917358398437500
0.797851562500000
0.936340332031250
0.780944824218750
0.933288574218750
0.767089843750000
1.017761230468750
0.759277343750000
0.965148925781250
0.762329101562500
0.988037109375000
0.769531250000000
0.797363281250000
0.977539062500000
0.804931640625000
0.971862792968750
0.760131835937500
0.813903808593750
0.993896484375000
0.746032714843750
0.973754882812500
0.811218261718750
0.930358886718750
0.769470214843750
0.983947753906250
0.767150878906250
1.011352539062500
0.764526367187500
0.959777832031250
0.795166015625000
0.820190429687500
0.980163574218750
0.763977050781250
0.974731445312500
0.788696289062500
0.959411621093750
0.793945312500000
0.801696777343750
0.789123535156250
0.859924316406250
0.975585937500000
0.825439453125000
0.776367187500000
0.976379394531250
0.899169921875000
0.814941406250000
0.955749511718750
0.759216308593750
0.936645507812500
0.756835937500000
1.009582519531250
0.777160644531250
0.788513183593750
0.994140625000000
0.775817871093750
1.023254394531250
0.779113769531250
0.998413085937500
0.780029296875000
0.982727050781250
0.789672851562500
0.757019042968750
0.994445800781250
0.813171386718750
0.956176757812500
0.761230468750000
0.955505371093750
0.784057617187500
1.006896972656250
0.753051757812500
0.801513671875000
0.960937500000000
0.788696289062500
1.022033691406250
0.746765136718750
1.007690429687500
0.783264160156250
0.805847167968750
0.961120605468750
0.772033691406250
0.960083007812500
0.776733398437500
1.015075683593750
0.748718261718750
0.992065429687500
0.782409667968750
0.793701171875000
0.984008789062500
0.790283203125000
1.016784667968750
0.790771484375000
0.764709472656250
1.007690429687500
0.773254394531250
1.021972656250000
0.765258789062500
0.785949707031250
0.962341308593750
0.805358886718750
0.940429687500000
0.809020996093750
0.956054687500000
0.788635253906250
0.969482421875000
0.749206542968750
0.978942871093750
0.740661621093750
0.976806640625000
0.748413085937500
1.030151367187500
0.774658203125000
0.795837402343750
0.976135253906250
0.787109375000000
0.988464355468750
0.745483398437500
1.022827148437500
0.742248535156250
0.767456054687500
1.003662109375000
0.766479492187500
1.008300781250000
0.727478027343750
0.962341308593750
0.763427734375000
1.027709960937500
0.770202636718750
0.793151855468750
0.988891601562500
0.742309570312500
0.994506835937500
0.782531738281250
1.015563964843750
0.731628417968750
0.982788085937500
0.748352050781250
1.022644042968750
0.737182617187500
0.949645996093750
0.746520996093750
0.961120605468750
0.784057617187500
0.964416503906250
0.761840820312500
0.970336914062500
0.766357421875000
0.930541992187500
0.803894042968750
0.974060058593750
0.772949218750000
0.947448730468750
0.768432617187500
0.986694335937500
0.731201171875000
1.035766601562500
0.772766113281250
0.788879394531250
0.966674804687500
0.739013671875000
1.008972167968750
0.798950195312500
0.981384277343750
0.774169921875000
0.819641113281250
0.993896484375000
0.816040039062500
0.943542480468750
0.754089355468750
0.919128417968750
0.813293457031250
0.908142089843750
0.964355468750000
0.777343750000000
0.817504882812500
0.950073242187500
0.769287109375000
1.013244628906250
0.762390136718750
0.984436035156250
0.772399902343750
0.994384765625000
0.762573242187500
0.974853515625000
0.747131347656250
0.960205078125000
0.777770996093750
0.989440917968750
0.774963378906250
0.939636230468750
0.819396972656250
0.932739257812500
0.800537109375000
0.936523437500000
0.772094726562500
0.948242187500000
0.778808593750000
0.933227539062500
0.812866210937500
0.940124511718750
0.801208496093750
0.771484375000000
0.959960937500000
0.948730468750000
0.791320800781250
0.760009765625000
0.997375488281250
0.770324707031250
0.992004394531250
0.718200683593750
0.986022949218750
0.786071777343750
0.990356445312500
0.757324218750000
0.995422363281250
0.798706054687500
0.814147949218750
0.955078125000000
0.811767578125000
0.924316406250000
0.921325683593750
0.782531738281250
0.820800781250000
0.960754394531250
0.816894531250000
0.921142578125000
0.823242187500000
0.888793945312500
0.822082519531250
0.780944824218750
0.977172851562500
0.807067871093750
0.918029785156250
0.802429199218750
0.959960937500000
0.820312500000000
0.940368652343750
0.792053222656250
0.932800292968750
0.821533203125000
0.738830566406250
1.008544921875000
0.741943359375000
0.992980957031250
0.774414062500000
1.004577636718750
0.779174804687500
0.967590332031250
0.760925292968750
0.996765136718750
0.756103515625000
0.769897460937500
1.041687011718750
0.755493164062500
0.997192382812500
0.749511718750000
0.974914550781250
0.769958496093750
0.952697753906250
0.775329589843750
0.743347167968750
0.998779296875000
0.753723144531250
0.958923339843750
0.947082519531250
0.826843261718750
0.773193359375000
0.975158691406250
0.767639160156250
0.970275878906250
0.766906738281250
0.965332031250000
0.772949218750000
0.958923339843750
0.907226562500000
0.828002929687500
0.783935546875000
0.998718261718750
0.765808105468750
0.968933105468750
0.748718261718750
0.996337890625000
0.786682128906250
0.967895507812500
0.801391601562500
0.774658203125000
0.979919433593750
0.794067382812500
0.963684082031250
0.719848632812500
0.961791992187500
0.751159667968750
0.958374023437500
0.743347167968750
0.944702148437500
0.984130859375000
0.762390136718750
0.774230957031250
0.983703613281250
0.757263183593750
0.973083496093750
0.786987304687500
0.987731933593750
0.767456054687500
0.976013183593750
0.747009277343750
0.982421875000000
0.783508300781250
0.993103027343750
0.754821777343750
0.791564941406250
1.014221191406250
0.764770507812500
0.999633789062500
0.782775878906250
0.765319824218750
0.970458984375000
0.978759765625000
0.772644042968750
0.769287109375000
0.963928222656250
0.735412597656250
0.989685058593750
0.746948242187500
1.012390136718750
0.796386718750000
0.983825683593750
0.795898437500000
0.808532714843750
0.934875488281250
0.973388671875000
0.784790039062500
0.797912597656250
0.937927246093750
0.764343261718750
1.006408691406250
0.781433105468750
0.994384765625000
0.786132812500000
0.833068847656250
0.922851562500000
0.808105468750000
0.951660156250000
0.797973632812500
0.967163085937500
0.814331054687500
0.946716308593750
0.804992675781250
0.934753417968750
0.811706542968750
0.761657714843750
0.996215820312500
0.765441894531250
1.003967285156250
0.774414062500000
0.978149414062500
0.773742675781250
0.981445312500000
0.794128417968750
0.933959960937500
0.805114746093750
0.936584472656250
0.796081542968750
0.938598632812500
0.763122558593750
0.922363281250000
0.810729980468750
0.930786132812500
0.805236816406250
0.963562011718750
0.800720214843750
0.940490722656250
0.798400878906250
0.765319824218750
0.980407714843750
0.791320800781250
0.968383789062500
0.755493164062500
1.019409179687500
0.765808105468750
0.997619628906250
0.766418457031250
0.978271484375000
0.814392089843750
0.943542480468750
0.773315429687500
0.970275878906250
0.774597167968750
0.796875000000000
0.950073242187500
0.770751953125000
0.995910644531250
0.780151367187500
1.002746582031250
0.766784667968750
0.776184082031250
0.955322265625000
0.776855468750000
0.993774414062500
0.771057128906250
1.004272460937500
0.790527343750000
0.987731933593750
0.729858398437500
0.965209960937500
0.743469238281250
0.966979980468750
0.818786621093750
0.953857421875000
0.795471191406250
0.937011718750000
0.773681640625000
0.939636230468750
0.794799804687500
0.997924804687500
0.777343750000000
0.991027832031250
0.752441406250000
0.819335937500000
0.966186523437500
0.961914062500000
0.772827148437500
0.821411132812500
0.930175781250000
0.846130371093750
0.941589355468750
0.821899414062500
0.945190429687500
0.777038574218750
0.976867675781250
0.778930664062500
0.978759765625000
0.787048339843750
0.962707519531250
0.777587890625000
0.991943359375000
0.780029296875000
0.937866210937500
0.809448242187500
0.803710937500000
1.016784667968750
0.781616210937500
0.971801757812500
0.805175781250000
0.999450683593750
0.748901367187500
0.792175292968750
0.934753417968750
0.790649414062500
0.997375488281250
0.804016113281250
0.977600097656250
0.801025390625000
0.814697265625000
0.959411621093750
0.826477050781250
0.978332519531250
0.811462402343750
0.763061523437500
0.971618652343750
0.762145996093750
1.015930175781250
0.762512207031250
1.000122070312500
0.742797851562500
1.007080078125000
0.767456054687500
0.792663574218750
1.014221191406250
0.791442871093750
1.000244140625000
0.739501953125000
1.006896972656250
0.757934570312500
0.945495605468750
0.774841308593750
0.842590332031250
0.934814453125000
0.820678710937500
0.957946777343750
0.826354980468750
0.914916992187500
0.810607910156250
0.919494628906250
0.813171386718750
0.933654785156250
0.835327148437500
0.978942871093750
0.781982421875000
0.942810058593750
0.822448730468750
0.786987304687500
1.001281738281250
0.755920410156250
0.984252929687500
0.752807617187500
0.971679687500000
0.760559082031250
0.984985351562500
0.763488769531250
0.983398437500000
0.770080566406250
0.997497558593750
0.763122558593750
0.996765136718750
0.754577636718750
0.993591308593750
0.736145019531250
0.979248046875000
0.759033203125000
0.997009277343750
0.744018554687500
1.005432128906250
0.745056152343750
0.993469238281250
0.754638671875000
0.984497070312500
0.739562988281250
1.021057128906250
0.793640136718750
0.999816894531250
0.752075195312500
0.998840332031250
0.780639648437500
0.940612792968750
0.818786621093750
0.943542480468750
0.836120605468750
0.784362792968750
1.012084960937500
0.747375488281250
1.006896972656250
0.793823242187500
0.779663085937500
0.991455078125000
0.779296875000000
0.932983398437500
0.974731445312500
0.764648437500000
0.797851562500000
0.994750976562500
0.760803222656250
0.959350585937500
0.752197265625000
1.022888183593750
0.799194335937500
0.962158203125000
0.783813476562500
0.982238769531250
0.800292968750000
1.005249023437500
0.775024414062500
0.946838378906250
0.816284179687500
0.964599609375000
0.774230957031250
0.990783691406250
0.766723632812500
0.812072753906250
0.978576660156250
0.832519531250000
0.927978515625000
0.783508300781250
0.950561523437500
0.947204589843750
0.740905761718750
0.924926757812500
0.748413085937500
0.982849121093750
0.763061523437500
0.973022460937500
0.788818359375000
1.002380371093750
0.744323730468750
0.969726562500000
0.783142089843750
0.995361328125000
0.784790039062500
0.963867187500000
0.801025390625000
0.806396484375000
0.960632324218750
0.786682128906250
0.964294433593750
0.795166015625000
0.973144531250000
0.837219238281250
0.947021484375000
0.803710937500000
0.752807617187500
0.998168945312500
0.789489746093750
0.988159179687500
0.763000488281250
0.996459960937500
0.735961914062500
1.000488281250000
0.732482910156250
1.000610351562500
0.804260253906250
0.985778808593750
0.786865234375000
0.975097656250000
0.766845703125000
0.981628417968750
0.749511718750000
0.989196777343750
0.799255371093750
0.778930664062500
0.995788574218750
0.753295898437500
1.006530761718750
0.774841308593750
0.986206054687500
0.786499023437500
0.979858398437500
0.784118652343750
0.997680664062500
0.778320312500000
0.808715820312500
0.927551269531250
0.783996582031250
0.993041992187500
0.806030273437500
0.940917968750000
0.805664062500000
0.944702148437500
0.822082519531250
0.949951171875000
0.833740234375000
0.928466796875000
0.829772949218750
0.958435058593750
0.832702636718750
0.764953613281250
0.978027343750000
0.782104492187500
1.002075195312500
0.753906250000000
0.997070312500000
0.808532714843750
0.974426269531250
0.759216308593750
0.770568847656250
1.032226562500000
0.776123046875000
0.983459472656250
0.788574218750000
0.990478515625000
0.799499511718750
0.975646972656250
0.752136230468750
0.967041015625000
0.815612792968750
0.977966308593750
0.780212402343750
0.828552246093750
0.951293945312500
0.971801757812500
0.711120605468750
0.963378906250000
0.780761718750000
0.935852050781250
0.793029785156250
0.973327636718750
0.801574707031250
0.980468750000000
0.802734375000000
0.799804687500000
0.966430664062500
0.803466796875000
0.996215820312500
0.813537597656250
0.960266113281250
0.808898925781250
0.949523925781250
0.770751953125000
1.000671386718750
0.815612792968750
0.965270996093750
0.617248535156250
1.018737792968750
0.782104492187500
0.808410644531250
0.984375000000000
0.773254394531250
0.933288574218750
0.806213378906250
0.974121093750000
0.826171875000000
0.937622070312500
0.808410644531250
0.968383789062500
0.810302734375000
0.784973144531250
1.020324707031250
0.724365234375000
0.997558593750000
0.781188964843750
0.997741699218750
0.804443359375000
0.809509277343750
0.992980957031250
0.789672851562500
0.975585937500000
0.808349609375000
1.000244140625000
0.791992187500000
0.833068847656250
0.944641113281250
0.806457519531250
0.974609375000000
0.826904296875000
0.984680175781250
0.832397460937500
0.772460937500000
1.016723632812500
0.748840332031250
0.994812011718750
0.797485351562500
0.790039062500000
1.015991210937500
0.778869628906250
1.017150878906250
0.803894042968750
0.790466308593750
0.972534179687500
0.818115234375000
0.971252441406250
0.816589355468750
0.933715820312500
0.798706054687500
0.969909667968750
0.798522949218750
0.951171875000000
0.836608886718750
0.951660156250000
0.813110351562500
0.943603515625000
0.820007324218750
0.768493652343750
0.961242675781250
0.755493164062500
1.023498535156250
0.760437011718750
0.962768554687500
0.793518066406250
0.981018066406250
0.781921386718750
1.015686035156250
0.780151367187500
1.033142089843750
0.776306152343750
0.972778320312500
0.769226074218750
0.790832519531250
1.006530761718750
0.776428222656250
0.989440917968750
0.804687500000000
0.815734863281250
0.924438476562500
0.807983398437500
0.964538574218750
0.958984375000000
0.723266601562500
0.969116210937500
0.774719238281250
0.948120117187500
0.796203613281250
0.987121582031250
0.791564941406250
0.998474121093750
0.812011718750000
1.021850585937500
0.762512207031250
1.024108886718750
0.736328125000000
1.024047851562500
0.757324218750000
0.990417480468750
0.775756835937500
0.805053710937500
0.930847167968750
0.982604980468750
0.775329589843750
0.825500488281250
0.988037109375000
0.833007812500000
0.978088378906250
0.833679199218750
0.771179199218750
0.982543945312500
0.795104980468750
0.999389648437500
0.769531250000000
1.001770019531250
0.784362792968750
1.021850585937500
0.777404785156250
0.801391601562500
0.993652343750000
0.804382324218750
0.969848632812500
0.815673828125000
0.934509277343750
0.796813964843750
0.981018066406250
0.785888671875000
0.973693847656250
0.784301757812500
0.959655761718750
1.011291503906250
0.787719726562500
0.748657226562500
0.978210449218750
0.783142089843750
0.999145507812500
0.768066406250000
1.020935058593750
0.809020996093750
0.968994140625000
0.733154296875000
1.037170410156250
0.796752929687500
0.968200683593750
0.740295410156250
0.965209960937500
0.794555664062500
1.031860351562500
0.762207031250000
1.019409179687500
0.793395996093750
0.982421875000000
0.637084960937500
0.643249511718750
0.705688476562500
0.648864746093750
0.530639648437500
0.671569824218750
0.473571777343750
0.546936035156250
0.418823242187500
0.545776367187500
0.434692382812500
0.535522460937500
0.425354003906250
0.532470703125000
0.421630859375000
0.537475585937500
0.424194335937500
0.429382324218750
0.519470214843750
0.421691894531250
0.523437500000000
0.421020507812500
0.524780273437500
0.421447753906250
0.521606445312500
0.423278808593750
0.530761718750000
0.423400878906250
0.528991699218750
0.419677734375000
0.531799316406250
0.418945312500000
0.525451660156250
0.413635253906250
0.480590820312500
0.390808105468750
0.492065429687500
0.389038085937500
0.487121582031250
0.375061035156250
0.483398437500000
0.385437011718750
0.484069824218750
0.385192871093750
0.476562500000000
0.387756347656250
0.468994140625000
0.386535644531250
0.484558105468750
0.389282226562500
0.504028320312500
0.418457031250000
0.519226074218750
0.412658691406250
0.515380859375000
0.412841796875000
0.512878417968750
0.411437988281250
0.514221191406250
0.407836914062500
0.513000488281250
0.412475585937500
0.515747070312500
0.409667968750000
0.518737792968750
0.409851074218750
0.518432617187500
0.408264160156250
0.518737792968750
0.407470703125000
0.514282226562500
0.501953125000000
0.413085937500000
0.515075683593750
0.399719238281250
0.518249511718750
0.415405273437500
0.515930175781250
0.416259765625000
0.509887695312500
0.415832519531250
0.414611816406250
0.497924804687500
0.504638671875000
0.410339355468750
0.493774414062500
0.407287597656250
0.506469726562500
0.405395507812500
0.512390136718750
0.400878906250000
0.392211914062500
0.472717285156250
0.482543945312500
0.388183593750000
0.391723632812500
0.482116699218750
0.383911132812500
0.485168457031250
0.384643554687500
0.479736328125000
0.386901855468750
0.476745605468750
0.383178710937500
0.476562500000000
0.408020019531250
0.509643554687500
0.393798828125000
0.510986328125000
0.401794433593750
0.503845214843750
0.409484863281250
0.511474609375000
0.403564453125000
0.508239746093750
0.408752441406250
0.508544921875000
0.410949707031250
0.506103515625000
0.411621093750000
0.505737304687500
0.413757324218750
0.500671386718750
0.407348632812500
0.499023437500000
0.409484863281250
0.402038574218750
0.506347656250000
0.416076660156250
0.512023925781250
0.399963378906250
0.492309570312500
0.404174804687500
0.491760253906250
0.495605468750000
0.402099609375000
0.505798339843750
0.399719238281250
0.512573242187500
0.408020019531250
0.514648437500000
0.410766601562500
0.405700683593750
0.494384765625000
0.403198242187500
0.500549316406250
0.403686523437500
0.499389648437500
0.410705566406250
0.486633300781250
0.499023437500000
0.399658203125000
0.512329101562500
0.407165527343750
0.413574218750000
0.494140625000000
0.505859375000000
0.395874023437500
0.410705566406250
0.511718750000000
0.491638183593750
0.406433105468750
0.410339355468750
0.509643554687500
0.409973144531250
0.508483886718750
0.409545898437500
0.507080078125000
0.409057617187500
0.510681152343750
0.408081054687500
0.491516113281250
0.406738281250000
0.507141113281250
0.405029296875000
0.508056640625000
0.413146972656250
0.493835449218750
0.412231445312500
0.505981445312500
0.413940429687500
0.416748046875000
0.495666503906250
0.410583496093750
0.512817382812500
0.404541015625000
0.483764648437500
0.411193847656250
0.506408691406250
0.409912109375000
0.518066406250000
0.410705566406250
0.494995117187500
0.406311035156250
0.507202148437500
0.409973144531250
0.499145507812500
0.398925781250000
0.508422851562500
0.398864746093750
0.504821777343750
0.399597167968750
0.492980957031250
0.413391113281250
0.509216308593750
0.399108886718750
0.511535644531250
0.405456542968750
0.501831054687500
0.407226562500000
0.500366210937500
0.402465820312500
0.514465332031250
0.408081054687500
0.505737304687500
0.403991699218750
0.484252929687500
0.411254882812500
0.512268066406250
0.409362792968750
0.508361816406250
0.403442382812500
0.509460449218750
0.412963867187500
0.398803710937500
0.507690429687500
0.399169921875000
0.505249023437500
0.409606933593750
0.494812011718750
0.505981445312500
0.410705566406250
0.402587890625000
0.499450683593750
0.408142089843750
0.512573242187500
0.407409667968750
0.505065917968750
0.408630371093750
0.509460449218750
0.407531738281250
0.496154785156250
0.405822753906250
0.508911132812500
0.410278320312500
0.510620117187500
0.410217285156250
0.409240722656250
0.513061523437500
0.407165527343750
0.507446289062500
0.403747558593750
0.513122558593750
0.403930664062500
0.508422851562500
0.411926269531250
0.509155273437500
0.408508300781250
0.503479003906250
0.409179687500000
0.408325195312500
0.502868652343750
0.405517578125000
0.503662109375000
0.405456542968750
0.500976562500000
0.408203125000000
0.504882812500000
0.490173339843750
0.402343750000000
0.506347656250000
0.398620605468750
0.498596191406250
0.405639648437500
0.503051757812500
0.410705566406250
0.501281738281250
0.408569335937500
0.506591796875000
0.400268554687500
0.502197265625000
0.399108886718750
0.499572753906250
0.400756835937500
0.498779296875000
0.400817871093750
0.502014160156250
0.402465820312500
0.507995605468750
0.390502929687500
0.503051757812500
0.403930664062500
0.498962402343750
0.403259277343750
0.500000000000000
0.404724121093750
0.494323730468750
0.403930664062500
0.500549316406250
0.402954101562500
0.502380371093750
0.399719238281250
0.505126953125000
0.400329589843750
0.506835937500000
0.402526855468750
0.502807617187500
0.406250000000000
0.494506835937500
0.401184082031250
0.500122070312500
0.403991699218750
0.498352050781250
0.401611328125000
0.503906250000000
0.401306152343750
0.401123046875000
0.506042480468750
0.405029296875000
0.498779296875000
0.405212402343750
0.499755859375000
0.403198242187500
0.490112304687500
0.401123046875000
0.499145507812500
0.405151367187500
0.523620605468750
0.394409179687500
0.505310058593750
0.407958984375000
0.497680664062500
0.402526855468750
0.497985839843750
0.406066894531250
0.504638671875000
0.408142089843750
0.504638671875000
0.403015136718750
0.492431640625000
0.392456054687500
0.505004882812500
0.401550292968750
0.502258300781250
0.402526855468750
0.485595703125000
0.408203125000000
0.503112792968750
0.410095214843750
0.504211425781250
0.401733398437500
0.401489257812500
0.504150390625000
0.404907226562500
0.503967285156250
0.407104492187500
0.499450683593750
0.403991699218750
0.498962402343750
0.404907226562500
0.502075195312500
0.404479980468750
0.505065917968750
0.400695800781250
0.504150390625000
0.387817382812500
0.504211425781250
0.403503417968750
0.504455566406250
0.397705078125000
0.506164550781250
0.401367187500000
0.505371093750000
0.444824218750000
0.551879882812500
0.443725585937500
0.447387695312500
0.549926757812500
0.444946289062500
0.558532714843750
0.445983886718750
0.512145996093750
0.398620605468750
0.505676269531250
0.402709960937500
0.505004882812500
0.402221679687500
0.502197265625000
0.406372070312500
0.402465820312500
0.504211425781250
0.406799316406250
0.500671386718750
0.403137207031250
0.504333496093750
0.394653320312500
0.501525878906250
0.395935058593750
0.506896972656250
0.387817382812500
0.498535156250000
0.404235839843750
0.505004882812500
0.406127929687500
0.591491699218750
0.388610839843750
0.508056640625000
0.399780273437500
0.503601074218750
0.406433105468750
0.502624511718750
0.390808105468750
0.500610351562500
0.489135742187500
0.400817871093750
0.403625488281250
0.505432128906250
0.403076171875000
0.502624511718750
0.400634765625000
0.498901367187500
0.486633300781250
0.402954101562500
0.401550292968750
0.504577636718750
0.400451660156250
0.494201660156250
0.401672363281250
0.503173828125000
0.399108886718750
0.508544921875000
0.399841308593750
0.497863769531250
0.402343750000000
0.501770019531250
0.391967773437500
0.501892089843750
0.403076171875000
0.507446289062500
0.388854980468750
0.503845214843750
0.491149902343750
0.397766113281250
0.503356933593750
0.405456542968750
0.402832031250000
0.504150390625000
0.402465820312500
0.495910644531250
0.402832031250000
0.503051757812500
0.405944824218750
0.497924804687500
0.393554687500000
0.498291015625000
0.405151367187500
0.503295898437500
0.401855468750000
0.509033203125000
0.398132324218750
0.499389648437500
0.402587890625000
0.498718261718750
0.402465820312500
0.548461914062500
0.444274902343750
0.548522949218750
0.445922851562500
0.555480957031250
0.442199707031250
0.553588867187500
0.444824218750000
0.509155273437500
0.389282226562500
0.497802734375000
0.397277832031250
0.501647949218750
0.400634765625000
0.500976562500000
0.407348632812500
0.499206542968750
0.400207519531250
0.502380371093750
0.400695800781250
0.501953125000000
0.403198242187500
0.464904785156250
0.826293945312500
0.965332031250000
0.606201171875000
0.601806640625000
0.671447753906250
0.633911132812500
0.514648437500000
0.509887695312500
0.639526367187500
0.458251953125000
0.517761230468750
0.409301757812500
0.495178222656250
0.407592773437500
0.505920410156250
0.411865234375000
0.503662109375000
0.410827636718750
0.510009765625000
0.411193847656250
0.509826660156250
0.403808593750000
0.507324218750000
0.404846191406250
0.503540039062500
0.405944824218750
0.510559082031250
0.402221679687500
0.503784179687500
0.405151367187500
0.508850097656250
0.405151367187500
0.510314941406250
0.403015136718750
0.418212890625000
0.506225585937500
0.486145019531250
0.404602050781250
0.500915527343750
0.411071777343750
0.504638671875000
0.402587890625000
0.505432128906250
0.404052734375000
0.507873535156250
0.407043457031250
0.408569335937500
0.505676269531250
0.410339355468750
0.496765136718750
0.407836914062500
0.493835449218750
0.406982421875000
0.503906250000000
0.403747558593750
0.506469726562500
0.413635253906250
0.506652832031250
0.411560058593750
0.502929687500000
0.409240722656250
0.505737304687500
0.400695800781250
0.511718750000000
0.407226562500000
0.510620117187500
0.400939941406250
0.510620117187500
0.407409667968750
0.504333496093750
0.407104492187500
0.406799316406250
0.509460449218750
0.401062011718750
0.508178710937500
0.400939941406250
0.513244628906250
0.401550292968750
0.501220703125000
0.402526855468750
0.503112792968750
0.403564453125000
0.503723144531250
0.401062011718750
0.505615234375000
0.402648925781250
0.495971679687500
0.391662597656250
0.507995605468750
0.401550292968750
0.507934570312500
0.403015136718750
0.506530761718750
0.406799316406250
0.501220703125000
0.403564453125000
0.500183105468750
0.405700683593750
0.511291503906250
0.404357910156250
0.507080078125000
0.398620605468750
0.504150390625000
0.399230957031250
0.501770019531250
0.403442382812500
0.512512207031250
0.404479980468750
0.507873535156250
0.406616210937500
0.411132812500000
0.560119628906250
0.442565917968750
0.550720214843750
0.447326660156250
0.550903320312500
0.448913574218750
0.560058593750000
0.429382324218750
0.505859375000000
0.397094726562500
0.501464843750000
0.404541015625000
0.407714843750000
0.501342773437500
0.400390625000000
0.491027832031250
0.407592773437500
0.487792968750000
0.505676269531250
0.402893066406250
0.400756835937500
0.505554199218750
0.401062011718750
0.500854492187500
0.403381347656250
0.498840332031250
0.396301269531250
0.501892089843750
0.402160644531250
0.502136230468750
0.401000976562500
0.490844726562500
0.495361328125000
0.405578613281250
0.500732421875000
0.407348632812500
0.399902343750000
0.503051757812500
0.403625488281250
0.501770019531250
0.402587890625000
0.509155273437500
0.405334472656250
0.503479003906250
0.389709472656250
0.508117675781250
0.401123046875000
0.499084472656250
0.399841308593750
0.507812500000000
0.410705566406250
0.502075195312500
0.404785156250000
0.492553710937500
0.407775878906250
0.497741699218750
0.391540527343750
0.499694824218750
0.397705078125000
0.496887207031250
0.404296875000000
0.510437011718750
0.398925781250000
0.402832031250000
0.502258300781250
0.488647460937500
0.398559570312500
0.492065429687500
0.394165039062500
0.507629394531250
0.399841308593750
0.496765136718750
0.396789550781250
0.503784179687500
0.396301269531250
0.397583007812500
0.504943847656250
0.404907226562500
0.500976562500000
0.388488769531250
0.544433593750000
0.446777343750000
0.552124023437500
0.450134277343750
0.552856445312500
0.444946289062500
0.552062988281250
0.442016601562500
0.510559082031250
0.404968261718750
0.504272460937500
0.397583007812500
0.498962402343750
0.405334472656250
0.406372070312500
0.506591796875000
0.406188964843750
0.491333007812500
0.408142089843750
0.496398925781250
0.403381347656250
0.491210937500000
0.404724121093750
0.491271972656250
0.404357910156250
0.506042480468750
0.402587890625000
0.504577636718750
0.399414062500000
0.493896484375000
0.397033691406250
0.509338378906250
0.404479980468750
0.502990722656250
0.404907226562500
0.401977539062500
0.502807617187500
0.406250000000000
0.508056640625000
0.404357910156250
0.498840332031250
0.479675292968750
0.393066406250000
0.491210937500000
0.402954101562500
0.490661621093750
0.404541015625000
0.503967285156250
0.409729003906250
0.495971679687500
0.405822753906250
0.403686523437500
0.493041992187500
0.488159179687500
0.402404785156250
0.509155273437500
0.396240234375000
0.498229980468750
0.370727539062500
0.501770019531250
0.400939941406250
0.505432128906250
0.403991699218750
0.507934570312500
0.408508300781250
0.408386230468750
0.505187988281250
0.397705078125000
0.517028808593750
0.406127929687500
0.503723144531250
0.398498535156250
0.504760742187500
0.433410644531250
0.444946289062500
0.549865722656250
0.441284179687500
0.556518554687500
0.440185546875000
0.551452636718750
0.446472167968750
0.516906738281250
0.399597167968750
0.498596191406250
0.399475097656250
0.497558593750000
0.402648925781250
0.501342773437500
0.404296875000000
0.493103027343750
0.405517578125000
0.499816894531250
0.413879394531250
0.510986328125000
0.389831542968750
0.506347656250000
0.385986328125000
0.503112792968750
0.404296875000000
0.487609863281250
0.399475097656250
0.497497558593750
0.400878906250000
0.500305175781250
0.401000976562500
0.501953125000000
0.389770507812500
0.500122070312500
0.406738281250000
0.499694824218750
0.403442382812500
0.403686523437500
0.504028320312500
0.411926269531250
0.495727539062500
0.401794433593750
0.503417968750000
0.402832031250000
0.505004882812500
0.404724121093750
0.498474121093750
0.399841308593750
0.496398925781250
0.403747558593750
0.402526855468750
0.492431640625000
0.492370605468750
0.401611328125000
0.408508300781250
0.489135742187500
0.497741699218750
0.404479980468750
0.502380371093750
0.398803710937500
0.500244140625000
0.390319824218750
0.504089355468750
0.389770507812500
0.505310058593750
0.403869628906250
0.487548828125000
0.413085937500000
0.555480957031250
0.445190429687500
0.548095703125000
0.447875976562500
0.443298339843750
0.548156738281250
0.539245605468750
0.428955078125000
0.397277832031250
0.507263183593750
0.399169921875000
0.503173828125000
0.406250000000000
0.493347167968750
0.399658203125000
0.494018554687500
0.503173828125000
0.402221679687500
0.489318847656250
0.399475097656250
0.510681152343750
0.406799316406250
0.404052734375000
0.806701660156250
0.503051757812500
0.408569335937500
0.488891601562500
0.401306152343750
0.501098632812500
0.409667968750000
0.503051757812500
0.400512695312500
0.502929687500000
0.407897949218750
0.507385253906250
0.405273437500000
0.402770996093750
0.502502441406250
0.400573730468750
0.486694335937500
0.500549316406250
0.405273437500000
0.483703613281250
0.401855468750000
0.501464843750000
0.405578613281250
0.408691406250000
0.509094238281250
0.405090332031250
0.499755859375000
0.400817871093750
0.495239257812500
0.407104492187500
0.504455566406250
0.401367187500000
0.507751464843750
0.406494140625000
0.502197265625000
0.395019531250000
0.507629394531250
0.402648925781250
0.507690429687500
0.406188964843750
0.408813476562500
0.511535644531250
0.402221679687500
0.505432128906250
0.403808593750000
0.505493164062500
0.406433105468750
0.505798339843750
0.398193359375000
0.499023437500000
0.401855468750000
0.492858886718750
0.397705078125000
0.507385253906250
0.408020019531250
0.404296875000000
0.492126464843750
0.500061035156250
0.401000976562500
0.407592773437500
0.497741699218750
0.402221679687500
0.521911621093750
0.445617675781250
0.554931640625000
0.445068359375000
0.534545898437500
0.442382812500000
0.554931640625000
0.449401855468750
0.527404785156250
0.407592773437500
0.503417968750000
0.400817871093750
0.501159667968750
0.398315429687500
0.495544433593750
0.472167968750000
0.393920898437500
0.509338378906250
0.396667480468750
0.508056640625000
0.399414062500000
0.491088867187500
0.397460937500000
0.505676269531250
0.396179199218750
0.506164550781250
0.396972656250000
0.498779296875000
0.380859375000000
0.502136230468750
0.398742675781250
0.508361816406250
0.398925781250000
0.506835937500000
0.390319824218750
0.507629394531250
0.404235839843750
0.498901367187500
0.404418945312500
0.505432128906250
0.404418945312500
0.509155273437500
0.397033691406250
0.404724121093750
0.499633789062500
0.407592773437500
0.499755859375000
0.399475097656250
0.500976562500000
0.403137207031250
0.498107910156250
0.488281250000000
0.402587890625000
0.487304687500000
0.402404785156250
0.506530761718750
0.397705078125000
0.503723144531250
0.407287597656250
0.505371093750000
0.402526855468750
0.404602050781250
0.507568359375000
0.408081054687500
0.503784179687500
0.399536132812500
0.505371093750000
0.403991699218750
0.506774902343750
0.407226562500000
0.498657226562500
0.383789062500000
0.501159667968750
0.402709960937500
0.488830566406250
0.400939941406250
0.497802734375000
0.398010253906250
0.497619628906250
0.406127929687500
0.501098632812500
0.402587890625000
0.502075195312500
0.403198242187500
0.500427246093750
0.388427734375000
0.505126953125000
0.483764648437500
0.402343750000000
0.404235839843750
0.506713867187500
0.491699218750000
0.403320312500000
0.445617675781250
0.555664062500000
0.441650390625000
0.557434082031250
0.428283691406250
0.547180175781250
0.549560546875000
0.440917968750000
0.405639648437500
0.503540039062500
0.397338867187500
0.501281738281250
0.401245117187500
0.500976562500000
0.399475097656250
0.499084472656250
