1849678
3306484
5099746
5100010
5100010
5099989
5100000
5097692
5095395
5092998
5093083
5090720
5085057
5084802
5085287
5083689
5094125
5100000
5098488
5097045
5100010
5100010
5099989
5100000
5099989
5100000
5100000
5100010
5100000
5100000
5100000
5100000
5100000
5100010
5100000
5099989
5095523
5098918
5100000
5097805
5099419
5099678
5098533
5100000
5099769
5097573
5099989
5098848
5100000
5100000
5100000
5099989
5100010
5100000
5100000
5100000
5100000
5100000
5100000
5100010
5100000
5099989
5100000
5100000
5100000
5100010
5099989
5100010
5099989
5100010
5099989
5100000
5100000
5100000
5100010
5099989
5100000
5100010
5099989
5100000
5100000
5100000
5100010
5099989
5100000
5099989
5100010
5100000
5100000
5100010
5099989
5100000
5099989
5100010
5099979
5100020
5100000
5100000
5100010
5099989
5100000
5100000
5100000
5100000
5100000
5100000
5100000
5100000
5100010
5099989
5100010
5099989
5100000
5099989
5100010
5100000
5100000
5100000
5100000
5100000
5100000
5100000
5100000
5100000
5100000
5100010
5099989
5100010
5099989
5100000
5100010
5099989
5100000
5100000
5100000
5100000
5100000
5100000
5100000
5099989
5100010
5100000
5100000
5100000
5100000
5100000
5100000
5099989
5100010
5100000
5100010
5099989
5099989
5100010
5100000
5100000
5100000
5100010
5099989
5100000
5099989
5100010
5100000
5100010
5099989
5100000
5099979
5100020
5100000
5100000
5100010
5099989
5099989
5100010
5100010
5099989
5100010
5099989
5100000
5100010
5099989
5100010
5100000
5099989
5100000
5100010
5099969
5100020
5099989
5100010
5100000
5099989
5100010
5100000
5100000
5100000
5100010
5099989
5100000
5100000
5100000
5100000
5099989
5100010
5100010
5099989
5100000
5100000
5100010
5099989
5100010
5099989
5100010
5099989
5100000
5100000
5100000
5100000
5100010
5099989
5100000
5100010
5099989
5100000
5100000
5100000
5100000
5100000
5100000
5100000
5100000
5100000
5100000
5100000
5100000
5100010
5099969
5100020
5100000
5100000
5099989
5100020
5099989
5100000
5100010
5100000
5099989
5100000
5100000
5100000
5100000
5100000
5100010
5099989
5100000
5099989
5100020
5099989
5100010
5099989
5100000
5100000
5099979
5100020
5100010
5099989
5100000
5100000
5099989
5100010
5100000
5100000
5099979
5100010
5100010
5100000
5100000
5100010
5099989
5099989
5100010
5100000
5100000
5100000
5099989
5100010
5100000
5100000
5100000
5100000
5100010
5099979
5100010
5100000
5100010
5099979
5100020
5099989
5100000
5099989
5100010
5100000
5100000
5100000
5100000
5100000
5100000
5100000
5099989
5100000
5100010
5100000
5100000
5100000
5100000
5100000
5100010
5099979
5100010
5100000
5100000
5100010
5099989
5100000
5100000
5100000
5100000
5099989
5100010
5099979
5100020
5099989
5100010
5100010
5099989
5100000
5100000
5099989
5100010
5099989
5100010
5100000
5100000
5100000
5100000
5100010
5100000
5100000
5099989
5100000
5100000
5100000
5100000
5100000
5100010
5100000
5099989
5100000
5100000
5100000
5100010
5099989
5100000
5100000
5099989
5099989
5100020
5100000
5100000
5099989
5100010
5099979
5100020
5100000
5100000
5099989
5100010
5100000
5100000
5100000
5100000
5100000
5100010
5099989
5100000
5100000
5099989
5100010
5100000
5100000
5100000
5100000
5100000
5100000
5099989
5100010
5100000
5100000
5100000
5100000
5100000
5100000
5100000
5100000
5100010
5099989
5100000
5100000
5100010
5099989
5100000
5100000
5100000
5100010
5099989
5100000
5100000
5100000
5100000
5100000
5100000
5100010
5099989
5100000
5100000
5100000
5100000
5100000
5100000
5100000
5099979
5100020
5100000
5100000
5099989
5100010
5100000
5100000
5100000
5100000
5100000
5099929
5100070
5099989
5100010
5099989
5100010
5100010
5099989
5100000
5100000
5100000
5100000
5100000
5100000
5100000
5100000
5100000
5100000
5099989
5100000
5100010
5100000
5100000
5100000
5100010
5099989
5100000
5100000
5100000
5100000
5099989
5100010
5099989
5100010
5099989
5100000
5100010
5100000
5100010
5100000
5099979
5100010
5100000
5100000
5099989
5100010
5099989
5100000
5100010
5100000
5100010
5099989
5100000
5100000
5100010
5099979
5100010
5099989
5100010
5099989
5100010
5100000
5100000
5100000
5100000
5100000
5100000
5099540
5100010
5100000
5099301
5099989
5099989
5099291
5100020
5099989
5098570
5100000
5099410
5099350
5100000
5100000
5100000
5100000
5100000
5100010
5099989
5099979
5100020
5100000
5100000
5099989
5100010
5100000
5100000
5100000
5100000
5100000
5100000
5100000
5099989
5100010
5100010
5099979
5100000
5100010
5100000
5100000
5100010
5099989
5100000
5100000
5100010
5099979
5100010
5099979
5100010
5100010
5100000
5100000
5100000
5100000
5100010
5099989
5100000
5100010
5099979
5100010
5100000
5100010
5099979
5099989
5100020
5100000
5100010
5099989
5099989
5100010
5100000
5100000
5100000
5099989
5100010
5100000
5100000
5100000
5100000
5100000
5100000
5099989
5100010
5099989
5100010
5099979
5100020
5100000
5100000
5100000
5100010
5099979
5100020
5099979
5100010
5100000
5100000
5100000
5100000
5099979
5100020
5100000
5100000
5100000
5100000
5100010
5099979
5100010
5099989
5100010
5099989
5100020
5099989
5100010
5099989
5100000
5100000
5099989
5100000
5100010
5100000
5099989
5100000
5100010
5099989
5100010
5100000
5099989
5100010
5100000
5099989
5100010
5100000
5100000
5100000
5100000
5099979
5100020
5100000
5099989
5100010
5100000
5099989
5100010
5100000
5100000
5099989
5099989
5100030
5099989
5100010
5099989
5100000
5100000
5100000
5100010
5099989
5100000
5100000
5100000
5100000
5100000
5099989
5100010
5100000
5100000
5100000
5100000
5100000
5100000
5100000
5100000
5100000
5099989
5100000
5100010
5099989
5100010
5100000
5100010
5099989
5100000
5100000
5100000
5100000
5100000
5100000
5100010
5099979
5100010
5100000
5100000
5100000
5100000
5100000
5099989
5100020
5099979
5100010
5099989
5100010
5100000
5100000
5100000
5100000
5100000
5100000
5100000
5100000
5100010
5099989
5100000
5100000
5099989
5100010
5100000
5100000
5099989
5100020
5099989
5100000
5100000
5100000
5100000
5100000
5100000
5100000
5100000
5100010
5099989
5100000
5100000
5100000
5100000
5100000
5100000
5100000
5100000
5100010
5099989
5100010
5099989
5100010
5100000
5099989
5099979
5100020
5100000
5100000
5100000
5100000
5100000
5100000
5100000
5099989
5100010
5099989
5100010
5100010
5099989
5100000
5100000
5100000
5099989
5100010
5099989
5100010
5100000
5099989
5100010
5100000
5100010
5099979
5100000
5100010
5100000
5099989
5100010
5100000
5099989
5100010
5100000
5099989
5100010
5100000
5100000
5100000
5100000
5100000
5100000
5099989
5100010
5099989
5100010
5100000
5100010
5099979
5100010
5100000
5100000
5100000
5100000
5100000
5099989
5100010
5100000
5099989
5099989
5100020
5100000
5099989
5100010
5099989
5100010
5100010
5099989
5100000
5099989
5100010
5100000
5100000
5100000
5100010
5099989
5100000
5100000
5100000
5100000
5100000
5100010
5099989
5100000
5100000
5100000
5100000
5100000
5100000
5099989
5100010
5100000
5100000
5100010
5099989
5100000
5100000
5100000
5100000
5100010
5099979
5100020
5099989
5100000
5100000
5100000
5100000
5099989
5100010
5100000
5100000
5100000
5100000
5100010
5099989
5099989
5100010
5100000
5100000
5100010
5099979
5100020
5099989
5100000
5100000
5100000
5099989
5100010
5100000
5100000
5100000
5100000
5100000
5100000
5100000
5099989
5100000
5100010
5100000
5100000
5100000
5100010
5099989
5100000
5100000
5100000
5100000
5099989
5100000
5100010
5100000
5100000
5100000
5100000
5100000
5099989
5100000
5099989
5100030
5099989
5099989
5100020
5099989
5100000
5100000
5099979
5100010
5099989
5100010
5100010
5100010
5099979
5100010
5100000
5100000
5100000
5099979
5100030
5099989
5100000
5100010
5099989
5099989
5100010
5100000
5100010
5099979
5100020
5099979
5100010
5100000
5100010
5099989
5100000
5100000
5100000
5100000
5099979
5100020
5100000
5099979
5100020
5099989
5100020
5099989
5100000
5100000
5099989
5100010
5099989
5100010
5100010
5099989
5100000
5100000
5100000
5100000
5100000
5100000
5099979
5100020
5099989
5100010
5100000
5099989
5100010
5099989
5100000
5100020
5099989
5099989
5100010
5100000
5100010
5099989
5100010
5099979
5100000
5100010
5100000
5099989
5100000
5100010
5100000
5099989
5100010
5100000
5099979
5100020
5100010
5099989
5100000
5100000
5100000
5100000
5100000
5099989
5100010
5100000
5100000
5100000
5099989
5100010
5099979
5100020
5100000
5100000
5100000
5100000
5100000
5099989
5100000
5100000
5100000
5100010
5100000
5099989
5100010
5099989
5100010
5100000
5100000
5100000
5099989
5100010
5100000
5099989
5100010
5100000
5099989
5100010
5100010
5099979
5100000
5100010
5100000
5099989
5100010
5100000
5099969
5100030
5100000
5100000
5100000
5100000
5099989
5100010
5100000
5099989
5100010
5100000
5100000
5100000
5100000
5100000
5100000
5099989
5099989
5100020
5100000
5099989
5100010
5100000
5100000
5100000
5100000
5099989
5100000
5100010
5100000
5099989
5100010
5100000
5100000
5100000
5099979
5100020
5100000
5100000
5100000
5099989
5100010
5100000
5100000
5100000
5100000
5100000
5100000
5099989
5100010
5100000
5098228
5097891
5099275
5099874
5100000
5099989
5100010
5095112
5096521
5099581
5098913
5097030
5097845
5098078
5098039
5100000
5100000
5097034
5099200
5100010
5093934
5096257
5100010
5099979
5098934
5100020
5098976
5098656
5097684
5099525
5097994
5099575
5100020
5096929
5095237
5099163
5100010
5096598
5099969
5094336
5096051
5094542
5098963
5098861
5098897
5100020
5098507
5099375
5099612
5098658
5098891
5099389
5099646
5096147
5092745
5095271
5095791
5099508
5100000
5099407
5100010
5099728
5096840
5097797
5096335
5098786
5098428
5100010
5092304
5092000
5090944
5099059
5091672
5095592
5099912
5098545
5098862
5098072
5095352
5097481
5099673
5097833
5099005
5093510
5094655
5097953
5095026
5099172
5099256
5099127
5098513
5098100
5094532
5091705
5095447
5097848
5099156
5099989
5097081
5099114
5098710
5097870
5098324
5099088
5096423
5098225
5097829
5093991
5099734
5097525
5095788
5098050
5100000
5088476
5094069
5098370
5096222
5096467
5093866
5092001
5099619
5093889
5098147
5099221
5099209
5100000
5100000
5098582
5100010
5099979
5100000
5100010
5097105
5090934
5095022
5092693
5092764
5093936
5095356
5100020
5100000
5100010
5097897
5094017
5100000
5100000
5100000
5100000
5100010
5099989
5099979
5100020
5100000
5100010
5099989
5100000
5100000
5099979
5100010
5100010
5100000
5100010
5099989
5100010
5099979
5100010
5099979
5100020
5099989
5100010
5099989
5100010
5099989
5100010
5099989
5100010
5100000
5100000
5099989
5100010
5099989
5100010
5099989
5100010
5100000
5099989
5100010
5099989
5100010
5099979
5100000
5100020
5099979
5100020
5100000
5100000
5100000
5100000
5099989
5100020
5099979
5100010
5100010
5099989
5100000
5100000
5099989
5100010
5100000
5100000
5100000
5100000
5099979
5100020
5100000
5100000
5100000
5100000
5100000
5100000
5100000
5100000
5100000
5100000
5100000
5100000
5100000
5099989
5100010
5100000
5100000
5100000
5100000
5100010
5099989
5100000
5100000
5100000
5100000
5100000
5099989
5100010
5100000
5100000
5100000
5099989
5100010
5100000
5100000
5100000
5099979
5100010
5100010
5100010
5099989
5100000
5099989
5100010
5100000
5100000
5100000
5100000
5100000
5099989
5100010
5100000
5099989
5100010
5100000
5100000
5100000
5099989
5100010
5099989
5100010
5099989
5100010
5100000
5100000
5100000
5100000
5100000
5100000
5100000
5100000
5100000
5100000
5100010
5099969
5100020
5099989
5100000
5100010
5100000
5100000
5100000
5100000
5099989
5100010
5099989
5099989
5100020
5100000
5100000
5099989
5100000
5100010
5100000
5100000
5099969
5100030
5100000
5100000
5100000
5100000
5099989
5100020
5099989
5100000
5100000
5100000
5099979
5100020
5099989
5100010
5099989
5100000
5100010
5100000
5100000
5099989
5100010
5100010
5099989
5100000
5100000
5099979
5100020
5100000
5100000
5099979
5100020
5100000
5100000
5100000
5100000
5099989
5100000
5100000
5100010
5099979
5100020
5100000
5100000
5100000
5100000
5100000
5099989
5100010
5099989
5100020
5099989
5100000
5100000
5099989
5100000
5100020
5099989
5099989
5100010
5100000
5100000
5100000
5099979
5100020
5100000
5099989
5100010
5100000
5100000
5100000
5100000
5100000
5100010
5099989
5099989
5100010
5099989
5100010
5100000
5100000
5100010
5099979
5100000
5100010
5100010
5099989
5100000
5100000
5100010
5099979
5100000
5100010
5100000
5099979
5100020
5100000
5100000
5100000
5100010
5099989
5100010
5099989
5100000
5099989
5100010
5099969
5100030
5100000
5100000
5100000
5100000
5099989
5100000
5100020
5099979
5100010
5100010
5099989
5100000
5099989
5100020
5099989
5100010
5099989
5099989
5100010
5099989
5100010
5100000
5099979
5100020
5100000
5100000
5100000
5100010
5099989
5100010
5099989
5099989
5100010
5100000
5100000
5100000
5100000
5099979
5100020
5099989
5100010
5100000
5100000
5100010
5099989
5100010
5099989
5100000
5100010
5099989
5099989
5100000
5100010
5100000
5100000
5099989
5100010
5100010
5099989
5100000
5100000
5100000
5100000
5099989
5100010
5100000
5100010
5099989
5100000
5100000
5100000
5100000
5100000
5100000
5100000
5099989
5100000
5100010
5100010
5099989
5100000
5099989
5100010
5099989
5100010
5100000
5100000
5100000
5099989
5099057
5100010
5100000
5100000
5096031
5099914
5095906
5098616
5096342
5099989
5094398
5096416
5099969
5098183
5097044
5100000
5096737
5097721
5094327
5095274
5094836
5096197
5100010
5096445
5096546
5095340
5093460
5100010
5098432
5096177
5097682
5094984
5098102
5100000
5093798
5094667
5095358
5094208
5095384
5099989
5099145
5098521
5097703
5094017
5097285
5094571
5094026
5100000
5094853
5093053
5096905
5099979
5093057
5094869
5097602
5100000
5100000
5095444
5097309
5091735
5093870
5100000
5100000
5100000
5099989
5100010
5100000
5100000
5100000
5099989
5100000
5100010
4900697
5096991
5100000
5100000
5100000
5100010
5099989
5099989
5100010
5100000
5100000
5100000
5100010
5099989
5100000
5100000
5099979
5100010
5100010
5100000
5041711
5021255
5099620
5100000
5099989
5100010
5100000
5100000
5100000
5100000
5100000
5100000
5100000
5099989
5100010
5099989
5100010
5100000
5100000
5100000
5099989
5100020
5100000
5099989
5099989
5100010
5100000
5100000
4964283
5099989
4960718
5097698
5091145
5088067
5085668
5085672
5088983
5089401
5092067
5083928
5090971
5092667
5088015
5084635
5090413
5088782
5088015
5087995
5083303
5083363
5088011
5090404
5088010
5088075
5088282
4950571
5095758
5086989
5087363
5093292
5085686
5088490
5090669
5088961
5086599
5090288
5087997
5085695
5085675
5092538
5088355
5085747
5088850
5084081
5089016
5095016
5092798
5093319
5090972
5089176
5091960
5091444
5095705
5087898
5085725
4959186
5088518
5091377
5089989
5089838
4901221
5086842
4986121
5073176
5096534
5100020
5098028
5100000
5099979
5096099
5088616
5088292
5093453
5099683
5093584
5094242
5094805
5097724
5097796
5097412
5098533
5089957
5095164
5098015
5096876
5100000
5097081
5092837
5099070
5099979
5100020
5100000
5099274
5100010
5100000
5097820
5098994
5098542
5099268
5098310
5097774
4910233
5099989
4910579
5095757
4956726
4960693
5097225
4904437
5092918
5092755
4911766
5095292
5047733
5031571
4909717
5100000
4905308
5090320
5097195
4915510
5093374
5096401
5096321
4913769
4913570
5092341
4980718
5035729
4913486
5099851
5030392
5100000
4965209
4908681
5097183
4962872
5031505
5097997
4918103
5096901
4896868
5095168
4954440
4896011
5092740
5094705
5089097
4976052
4971788
5099136
4899676
4965559
5088700
5069438
4923786
5089747
4970448
4961186
5094037
5091764
4915275
5097069
4903061
4970355
5097154
4903274
5039531
5021697
4897603
5092706
4971998
5100010
4964158
5095181
4903008
4916338
5096764
4965228
4966686
4949262
5047096
4969355
4899936
5099190
4909885
5083519
4897907
5100000
4967810
4906548
5070648
4985299
4913597
4846745
5092533
4971353
4906246
5091964
4910207
4967493
5089144
4967750
4957878
4962441
4967975
5043670
4922006
4965916
5098144
4969601
4962010
4899597
5099592
4916473
4921708
5079718
4980427
4915008
5007770
5057219
4899041
4956252
5051152
4903488
4909800
5099258
4923828
4951193
4913458
5048872
5011542
4967458
4963544
4924511
5004368
4991318
4960894
5003830
5060690
4905142
4921491
5026917
5034934
4968699
4905784
4966669
4917850
5026957
5028925
4902370
4964373
4962723
4976395
4982819
5026335
4957430
4972382
5014774
4970654
4972920
4912590
4964786
4904827
5037237
4975361
4961674
4906382
4963950
4937583
5019335
4898143
4958871
4910531
4913765
5030828
4980031
4915387
4968456
4935540
5068454
4913666
4971328
4917646
4967342
4959442
4971468
5100000
4967220
4902496
4903340
4968479
4967929
5017342
5014003
4996696
4971534
4961582
4903062
4911990
4967110
4967539
4929231
5017094
4986137
4962707
4967520
4901226
4962722
4960985
4909336
4967693
4911429
4963361
5068554
4934722
4978543
4971051
4922526
4966603
4969567
4910826
4905595
5020717
5055670
4962189
4908300
4954950
4965457
4962193
5022434
4905866
4910556
4962804
4978827
4958144
4962187
4899084
4911821
4966376
4968681
4983880
5010759
4920926
4903804
4967714
4969987
4974171
4978300
4911264
4959027
4970090
4970334
4915637
4983609
5021091
4959696
4961657
4975589
4908502
4919748
4909043
4957544
4905882
4917259
5014469
4887800
4998997
4950565
4914991
4962758
4908562
4963512
4896216
4909668
4982506
4904062
4910071
4974099
4915407
4906795
4966949
4906750
4936674
5018216
4968913
4909319
4977051
4954163
4957657
4974769
4910263
4953762
5011731
4893896
5007812
4921405
4902383
4905864
4917310
4964741
4912672
4920770
4944946
4955981
5002789
4901056
4976722
4969955
4908107
4959162
4966864
4967515
4972193
4906504
4919036
4960767
5007643
4997306
4918653
4905289
4902505
4977768
4901820
4963572
4912728
4971739
4919316
4969457
4905889
4908530
4906414
4966499
4968022
4983901
5013708
4914745
4919224
4906634
4960477
4906308
4916942
4966126
4974167
4994387
4953701
4970109
4922929
4914042
4912375
4966352
4904282
4928501
5019582
5026676
4978213
4962358
4903686
4971950
4969271
4910284
4976119
4899418
4962514
4901628
5042183
4945572
4907280
4964375
5039028
4971261
4912335
4916891
4912268
4956375
4970769
4902586
4966695
4922510
4964543
4910154
4965611
4906234
4976315
4953918
4940475
5007165
4953912
4978074
4908834
4908773
4905931
4963594
4969193
4906427
4902992
4999524
5056767
4878122
5060701
4890023
4882519
5029337
4899873
4909522
4990149
5012479
4938736
4952405
4969289
4965094
4905542
4899063
4926042
4901969
4975127
4967810
4972716
4974769
4909911
5000625
4895110
4991903
4906969
4993379
5007239
4907881
4910514
4967672
4966359
4930834
4944473
4960064
4920224
4908491
4968415
4969289
4925238
4914236
4961915
4919004
4967358
4896214
4967499
4915299
4966546
4861318
4953417
4972680
4955835
4972638
4907479
4839593
4975514
4896625
4974632
4890276
4936454
4910895
4908335
4909249
4969808
4971362
4903431
4970683
4903147
4970000
4855474
4968742
4914756
4890592
4969842
4907653
4917333
4968759
4892341
4879804
5009121
4898922
4901885
4911188
4912503
4999895
5009958
4903388
4908909
4907366
4979073
4929363
4884433
4857629
4968973
4918657
4962812
4975303
4916777
4930485
4955781
4953172
4881920
4832685
4944942
4912369
4910045
4966506
4899991
4907342
4977847
4965099
4940613
4885170
4951915
4955481
4908860
4969369
4952072
4958402
4960607
4962889
4934931
4783317
4947047
5027035
4973190
4913084
4966400
4912613
4940371
4889532
4889364
4896971
4906733
4968921
5021834
4969571
4961428
4840333
4829930
4884361
5010773
4907755
4971350
4907275
4965758
4914174
4907506
4893145
4829904
4840899
4948503
4856640
4903652
4918887
4971224
4971220
4908579
4901679
4969125
4822635
4819321
4951555
4911561
4973306
4942595
4961933
4904906
4901421
4841821
4919029
4953334
4966386
4895849
4910233
4918967
4905826
4933846
4875236
4891275
4965600
4899611
4911037
4958000
4912677
4963641
4956030
4880188
4887179
4899177
4897023
4970281
4960917
4962172
4903184
4848834
4888708
4884995
4890261
4896854
4907605
4965117
4958497
4911494
4859435
4836393
4818782
4961688
4960858
4892814
4895667
4905728
4955711
4896935
4830062
4923200
4957676
4964402
4894032
4902152
4961138
4958110
4914718
4886562
4885151
4963579
4905268
4963420
4962985
4956975
4911912
4888290
4878626
4918034
4947102
4892052
4909112
4911861
4956267
4945572
4900061
4889554
4896816
4957650
4953002
4956135
4895811
4955396
4957304
4877423
4872744
4876223
4916097
4969649
4897746
4962844
4947173
4865151
4867785
4843294
4891509
4907655
4961412
4950175
4947146
4937292
4883409
4826237
4833299
4960575
4907252
4954894
4958352
4937963
4887951
4910109
4877552
4840769
4892965
4961377
4886658
4902229
4956599
4875782
4886078
4876947
4943895
4947401
4960362
4941921
4896008
4952581
4887539
4862897
4901683
4902508
4947944
4901638
4967722
4919187
4823598
4864728
4902766
4896208
4961732
4952777
4952394
4892576
4864421
4808718
4939437
4889861
4906766
4882744
4903623
4901234
4896483
4937479
4882297
4898946
4875946
4957539
4891998
4933493
4868743
4808640
4914105
4932511
4887317
4931043
4831227
4934084
4888580
4864169
4919905
4883932
4940501
4899081
4880998
4885422
4856671
4808884
4876114
4881034
4882732
4896357
4880465
4946533
4932162
4929515
4809499
4866283
4929263
4937639
4875278
4937339
4875046
4935143
4933937
4818300
4851746
4934147
4936100
4944039
4879076
4927512
4892079
4886203
4767343
4827879
4877927
4957985
4890870
4947905
4884381
4880544
4936417
4857385
4882484
4924221
4941738
4938911
4935248
4869658
4854531
4809975
4887169
4897044
4898019
4885719
4876630
4896859
4852410
4857001
4797946
4924741
4929977
4929859
4888789
4873913
4929771
4802101
4876656
4867191
4894226
4946927
4889342
4885505
4852500
4874500
4804877
4857975
4930070
4876475
4939795
4941082
4880902
4873365
4912519
4800639
4868961
4909326
4889947
4903109
4875773
4885125
4909467
4804197
4811703
4884852
4893933
4886300
4953576
4940356
4886738
4860211
4807716
4861773
4882290
4939120
4888841
4887146
4882745
4879460
4860357
4865856
4930863
4932915
4871766
4875695
4901461
4809152
4917309
4878983
4870573
4919650
4747777
4871444
4880214
4881132
4887789
4824086
4930745
4949093
4851791
4842613
4894120
4884018
4870635
4936297
4861114
4863576
4859073
4799333
4895277
4881384
4872755
4870310
4860815
4921760
4751432
4927698
4927381
4906518
4920064
4799806
4841972
4905770
4940893
4920130
4922620
4930770
4836190
4804495
4864702
4910891
4865909
4932192
4852803
4851142
4879629
4850704
4839909
4838031
4848841
4921431
4925610
4867094
4734798
4815189
4928070
4870630
4914300
4906025
4859717
4855260
4845003
4886340
4912573
4860454
4933028
4869234
4829114
4799086
4859190
4861678
4934942
4913859
4939160
4876217
4796329
4879481
4883236
4942453
4930765
4877291
4881510
4827194
4865171
4935219
4917686
4866094
4860309
4919889
4905549
4846940
4867385
4873358
4915160
4900562
4853091
4826741
4839057
4870993
4880592
4938959
4841446
4860370
4806513
4934051
4872338
4874326
4871034
4887044
4865057
4819031
4804542
4861775
4921091
4873677
4907566
4882107
4830106
4851754
4881554
4864438
4918238
4864213
4893096
4794226
4895048
4918829
4910902
4862642
4848268
4805948
4817397
4867752
4912083
4917076
4889360
4780069
4890760
4909958
4919071
4866029
4867681
4847679
4847470
4794925
4852647
4876679
4907628
4912069
4866131
4835677
4791890
4889007
4802288
4855803
4859243
4910457
4862827
4863266
4791626
4908611
4913788
4853507
4866523
4861992
4912527
4865570
4750572
4915255
4866983
4850397
4838351
4872649
4914142
4911945
4898816
4783990
4876759
4876321
4856003
4911027
4858649
4751848
4869255
4853968
4910827
4861653
4827998
4854370
4864915
4908429
4863017
4870101
4868443
4862408
4769994
4836131
4924521
4834064
4863143
4860771
4871919
4812392
4803246
4885135
4866288
4910180
4856398
4845351
4862929
4864061
4858749
4823868
4813359
4854114
4863660
4858671
4876303
4861658
4835553
4845072
4842371
4871837
4868100
4864699
4798782
4858393
4871786
4861070
4836303
4855444
4858104
4854026
4904222
4894187
4833855
4883818
4865143
4913853
4909022
4856624
4694230
4878052
4858581
4916121
4817013
4819684
4847253
4861572
4859753
4777220
4868064
4901923
4898979
4855205
4777543
4852088
4880856
4907159
4919908
4904641
4901379
4752196
4872805
4863128
4887455
4835411
4790497
4924819
4861661
4741362
4871746
4898039
4917092
4848791
4746321
4864859
4850695
4772695
4862851
4897254
4852606
4898516
4826782
4849191
4784619
4894481
4909781
4696675
4954032
4897941
4832741
4846173
4901102
4836462
4837319
4826984
4853471
4861466
4843888
4808216
4781311
4923115
4848635
4785744
4830541
4856280
4896528
4782945
4830493
4828718
4850005
4860773
4859664
4800026
4777857
4827796
4905557
4818108
4819037
4858123
4899312
4862339
4844442
4834319
4804706
4885761
4867413
4840049
4846081
4726514
4861182
4839530
4833599
4818205
4841267
4886905
4794017
4905522
4737276
4845169
4858320
4899876
4781639
4864461
4856381
4864675
4795927
4850734
4751146
4884309
4896751
4901763
4814150
4855832
4851648
4801818
4885542
4786224
4805296
4827180
4908507
4809983
4765564
4854921
4868286
4730450
4854096
4899994
4851813
4821916
4827825
4863898
4824413
4858788
4766823
4891532
4837559
4766690
4853345
4752936
4890174
4877695
4802794
4903117
4698664
4903450
4737318
4823207
4901364
4740575
4828930
4836766
4710592
4774050
4860612
4826635
4762604
4814206
4836052
4772623
4865971
4741958
4756335
4856905
4818295
4776946
4830513
4761570
4743428
4856813
4763443
4755156
4906196
4713515
4880142
4836669
4840689
4831432
4828224
4756341
4853337
4774756
4740634
4829179
4791950
4855589
4809090
4778728
4831023
4851388
4773104
4857485
4844841
4761423
4856886
4817673
4786396
4708217
4880793
4848316
4837705
4851958
4728339
4862260
4732458
4873787
4738149
4859190
4741143
4828215
4760828
4826345
4786219
4804624
4836964
4816655
4857608
4852794
4683844
4842041
4842273
4826229
4800769
4800824
4784003
4814752
4773682
4831462
4843377
4797033
4785891
4881917
4801105
4818693
4868939
4814535
4789380
4747748
4784212
4875324
4728280
4843047
4757694
4799806
4816898
4822053
4814451
4846783
4819757
4645159
4854096
4876286
4879483
4741496
4892231
4712691
4873341
4777258
4859099
4754879
4822510
4926576
4791033
4863226
4763177
4898364
4747435
4848903
4817457
4726711
4809638
4809840
4811630
4810746
4841702
4716310
4849448
4837679
4870307
4817007
4824392
4834266
4773012
4686109
4900133
4842051
4727022
4805463
4813035
4858234
4824307
4707436
4885680
4734741
4894936
4832658
4850483
4784197
4810830
4777505
4847240
4834969
4712235
4846555
4809949
4825889
4814484
4750866
4796073
4872348
4895280
4811013
4768537
4841548
4734247
4841069
4833784
4669769
4803472
4871010
4780854
4812367
4800011
4750859
4889222
4744095
4826037
4779096
4807001
4781774
4827869
4867940
4736017
4847171
4728835
4840539
4699225
4801056
4810895
4723064
4838001
4740438
4832351
4803727
4816868
4761084
4807633
4826253
4736477
4886078
4735274
4833641
4821126
4781330
4891069
4673181
4831588
4727818
4897697
4775277
4733314
4811643
4733121
4749170
4850293
4730643
4842498
4679747
4875306
4810331
4769826
4822136
4745433
4839862
4819798
4785678
4888266
4733598
4842179
4730849
4836686
4779580
4888188
4723235
4792617
4831721
4845478
4779647
4785388
4759124
4812440
4776609
4794412
4789855
4836469
4815982
4740454
4840156
4798673
4874544
4720767
4919121
4757030
4759813
4894965
4788399
4836413
4785192
4876975
4686859
4865477
4784721
4765503
4806244
4766992
4780610
4767203
4797834
4767858
4815508
4794964
4777756
4726699
4853695
4776315
4841213
4796143
4731194
4893840
4739966
4823206
4726369
4850393
4736931
4886178
4759510
4863675
4763194
4781157
4800560
4818893
4728538
4790413
4801128
4773038
4828458
4745796
4832875
4676656
4864410
4802372
4815343
4770847
4713921
4792922
4770198
4818238
4751786
4827076
4774411
4808620
4762962
4832250
4719344
4882903
4732590
4837810
4746602
4844254
4677935
4936359
4708297
4790324
4858205
4671728
4846027
4790308
4810024
4691397
4828601
4700677
4804141
4831892
4706882
4839187
4735254
4867760
4695472
4895641
4820003
4835933
4777192
4840122
4683171
4895324
4733141
4821424
4726788
4842289
4676465
4894903
4737953
4841925
4731461
4890410
4793797
4840641
4701793
4865755
4741751
4810180
4739281
4887778
4693581
4842275
4678546
4894308
4671530
4757165
4848415
4737484
4826575
4780251
4842368
4730550
4841647
4732560
4845493
4730010
4846159
4768499
4865678
4791787
4691859
4837638
4783879
4807087
4675274
4890348
4688702
4809391
4739414
4842686
4699800
4865167
4761660
4893344
4757963
4854726
4804156
4839470
4800005
4821216
4740156
4715347
4838222
4796691
4881263
4741522
4836655
4797855
4764257
4794509
4836457
4747705
4815850
4823903
4797901
4780942
4725986
4835364
4733898
4870121
4697864
4888497
4732942
4840698
4731602
4894087
4809589
4788701
4827173
4730066
4803366
4767911
4815561
4731279
4789153
4779266
4783227
4751711
4879775
4733075
4798793
4713895
4863988
4798375
4804281
4711225
4832721
4716575
4869221
4676097
4869762
4803209
4774994
4804392
4707697
4816654
4787679
4792946
4714518
4894066
4645790
4890087
4681508
4839458
4696400
4839304
4714660
4893844
4763590
4825087
4757621
4807850
4734644
4790993
4786602
4869748
4740143
4856443
4661794
4825062
4720569
4838826
4708654
4802004
4768859
4839525
4758440
4833042
4752572
4769153
4823208
4790980
4826578
4755981
4818790
4779565
4761672
4815790
4854007
4798222
4801373
4711043
4830078
4792459
4799892
4707006
4830257
4763881
4868481
4703877
4839860
4761114
4864907
4743012
4877469
4654368
4812633
4683196
4787315
4732054
4863874
4725128
4762606
4851975
4734095
4781991
4703144
4834490
4715949
4867444
4669801
4839089
4766535
4883579
4629735
4891731
4748237
4867169
4781337
4783485
4765607
4745633
4692924
4809901
4795609
4756252
4788215
4723142
4810516
4781682
4752931
4803175
4803998
4736191
4789845
4781528
4805321
4727482
4834693
4681663
4834451
4699801
4892216
4704199
4839677
4697837
4846873
4668009
4811782
4674480
4839517
4715662
4839400
4647595
4862529
4698411
4814504
4760180
4865605
4700008
4811500
4649436
4862750
4705342
4804958
4687651
4891081
4684204
4799838
4692640
4803360
4786521
4719963
4815274
4640852
4920957
4668838
4841603
4678141
4833519
4765731
4799584
4711731
4835475
4662742
4870837
4678482
4814509
4750394
4852844
4700678
4818040
4762823
4865958
4729853
4846066
4746844
4807886
4807222
4826198
4713141
4912008
4685528
4788963
4775958
4803685
4787760
4749085
4808877
4703412
4828434
4725194
4826772
4760173
4728183
4813801
4701189
4868278
4699924
4879359
4693115
4783190
4699727
4866222
4733285
4812655
4699628
4792812
4736026
4743353
4811771
4698536
4792581
4695454
4812730
4746296
4774765
4683532
4835426
4669293
4891475
4737895
4841542
4720877
4796676
4671242
4798859
4751151
4870982
4706932
4806142
4750066
4889970
4651926
4827950
4761525
4805365
4714424
4813485
4760676
4861395
4651440
4802738
4734248
4828351
4733819
4755713
4764731
4735803
4732238
4845893
4721007
4771417
4760142
4740450
4798611
4769229
4854819
4667197
4841098
4694056
4865858
4682502
4807573
4694352
4832364
4695992
4836108
4730405
4779948
4660563
4803046
4768527
4860089
4723045
4848236
4669458
4854544
4729598
4775471
4703373
4880576
4718735
4764797
4742443
4837747
4762107
4755818
4690925
4822209
4705186
4860014
4707759
4826441
4677586
4825409
4695742
4798420
4786264
4828276
4809601
4747454
4768471
4793291
4793556
4816893
4751171
4758682
4813840
4885357
4786289
4781841
4772337
4679620
4690467
4779544
4786295
4796594
4744893
4745700
4799193
4780616
4702133
4807563
4658689
4860994
4672774
4800854
4721394
4867039
4649150
4839723
4709757
4867582
4713531
4769506
4789891
4762729
4747887
4717936
4849001
4702061
4816423
4667328
4841434
4638866
4811632
4708592
4818249
4725458
4758838
4773490
4857415
4715840
4776636
4738595
4738093
4764480
4658611
4785239
4747328
4814054
4749288
4842466
4706459
4795071
4676372
4810634
4697094
4797908
4674565
4814806
4701082
4787691
4758801
4798425
4676090
4841722
4651515
4873489
4676781
4865597
4615590
4866650
4655166
4778474
4733886
4822268
4698962
4783720
4732804
4757320
4745904
4764033
4701695
4848531
4677377
4869883
4666100
4817432
4654584
4844214
4792209
4827583
4823592
4792149
4727614
4767787
4762181
4739439
4777373
4775208
4718947
4766910
4744867
4750930
4825255
4711342
4806250
4674319
4814856
4673088
4866757
4740193
4873087
4688366
4865650
4619309
4871002
4645431
4849662
4676985
4862439
4631355
4791956
4730734
4870652
4677045
4872507
4749870
4825111
4699279
4791032
4703622
4824308
4671649
4869605
4736067
4816274
4742826
4817843
4776380
4847659
4680890
4808432
4696924
4806054
4762557
4801006
4729944
4786022
4727253
4391232
4400000
4221635
4200008
4200000
4200000
4060500
4000000
4000000
4000007
3999984
4000007
3999992
4000007
4000000
4000000
4000000
4000000
4000000
3999992
4000007
4000000
4000007
4000000
3999984
4000015
3999984
4000007
4000000
4000000
4000000
3999992
4000007
3938967
3900007
3900007
3899992
3900000
3899992
3900000
3900000
3900000
3900000
3900000
3900007
3900000
3899969
3900023
3900000
3900007
3998256
4000000
4000007
3999992
4000000
4000007
4000000
3999992
4000000
4000000
4000000
4000000
3999992
4000015
3999992
4000000
4000000
4000000
4000007
3999984
4000007
4000007
3999992
4000000
4000000
4000007
3999992
4000007
3999992
4000000
4000000
4000000
4000007
3999992
4000000
4000000
4000000
3999992
4000000
4000007
3936765
3900000
3900000
3900000
3900000
3899992
3900007
3900000
3900000
3900000
3899984
3900000
3900000
3900015
3902266
4000000
4000000
3999984
4000007
4000007
3999992
4000007
4000000
4000000
4000000
4000000
4000000
3999992
4000007
3999992
4000007
4000000
4000007
4000000
3999992
4000000
4000000
4000000
4000000
4000000
4000000
4000000
4000007
3999992
4000000
4000000
4000000
4000000
4000007
3999992
4000000
4000000
4000007
3999992
4000000
3999992
4000000
4000015
4000000
3999992
4000000
4000000
3999984
4000015
4000000
4000000
4000007
4000000
3999984
4000015
3999992
4000000
4000000
3999976
4000031
3999992
3997170
3995340
4000007
3998688
4000000
4000007
3999992
3999992
4000007
3998378
4000000
3999984
4000015
3999284
3998275
4000007
3999992
3988919
3994424
3998617
3999708
3998157
4000000
3999273
3997210
3999456
3999381
4000007
4000000
4000000
4000000
4000000
4000007
3998430
3999672
3999618
4000007
3999992
4000000
3998189
4000000
3999992
4000000
3999984
4000015
3999992
4000000
4000007
4000000
4000000
4000000
4000007
3997019
4000007
3999872
4000000
4000000
4000000
4000007
3999992
4000000
4000000
4000000
4000000
3999992
4000015
4000000
3999992
3967800
4000000
3999992
4000000
4000007
3999992
4000000
4000000
4000000
4000000
4000000
4000007
3999992
4000000
4000000
4000000
4000000
4000000
4000007
4000000
4000000
3999992
4000007
3999992
4000007
3999976
4000015
4000007
3999992
4000000
4000007
3999984
4000007
4000000
4000000
4000007
3999992
4000000
3999984
4000015
4000000
4000000
4000000
4000007
3999992
4000000
4000007
3999992
4000000
4000000
4000000
4000000
4000000
4000000
4000000
4000000
4000007
4000000
3999992
4000000
3999992
4000007
4000000
4000007
3999992
4000007
4000000
4000000
4000000
3999992
4000000
4000000
4000000
4000000
4000000
4000007
3999992
3999992
4000015
4000000
3999992
4000007
3999976
4000007
4000007
4000000
4000000
4000000
4000007
3999992
4000000
4000000
4000007
3999992
4000000
4000000
3999992
4000007
4000000
4000007
4000000
3999992
4000000
3999992
4000007
3999984
4000023
3999992
4000007
3999992
4000000
4000000
4000007
3999992
4000007
4000000
4000000
3999976
4000015
4000007
3999992
4000000
4000000
4000007
3999992
4000007
3999992
4000000
4000000
4000000
4000000
4000000
3999984
4000023
3999984
4000015
4000000
3999992
4000000
4096244
4100024
4100000
4099991
4100008
4100000
4099991
4079228
3914728
4000000
3999984
4000015
4000000
3999992
4000007
4000007
3999992
4000007
4000000
3999992
4000000
4000000
4000000
4000000
4000000
4000007
4000000
4000000
3999992
4000007
3999992
4000000
4000000
4000007
3999976
4000015
4000007
3999992
4000000
4000000
4000000
4000007
3999992
4000000
4000000
4000007
3999992
4000000
4000007
4000000
3999976
4000023
4000000
3999992
4000000
4000000
4000007
3999992
4000000
4000000
4000000
4000000
4000000
4000007
3999976
4000015
4000007
3999992
4000000
4000000
4000000
4000000
4000000
4000000
4000000
4000000
4000000
4000007
4000000
3999992
4000007
3999992
4000000
4000007
3999992
4000000
4000000
4000000
4000007
3999992
4000000
4086502
4099991
4099991
4100000
4100008
4100008
4099991
4098714
3899992
3994329
4000000
4000007
4000000
4000000
3999992
4000000
4000000
4000007
3999976
4000023
3999992
3999992
4135385
5067466
4943573
4400000
4400000
4222152
4199983
4200016
4199991
4200000
4044704
3999992
4000007
4000000
4000007
3999992
4000007
3999976
4000015
4000000
4000000
4000007
4000000
3999992
3999992
4000015
3999976
4000023
4000000
4000000
4000000
4000000
3999992
4000000
4000000
4000000
4000000
4000007
3999992
4000000
4000000
4000007
3999992
4000000
4000007
3999976
4000015
4000000
4000007
4000000
3999992
4000000
4000007
4000000
4000000
4000000
3999984
4000007
4000007
3999992
4000000
4000000
4000007
4000000
3999992
4000000
3999984
4000015
4000000
4000007
3999992
4000000
4000007
3999976
4000015
4000007
3999984
4000015
3999992
3999976
4000023
4000000
4000000
4000000
4000000
4000007
3999992
4000007
3999992
4000000
4000000
4000007
4000000
3999992
4000007
4000000
3999992
3999992
4000015
3999992
4000007
4000000
3999968
4000031
3999992
3999984
4000015
4000007
3999976
4000015
3999992
4036889
4100000
4100000
4100000
4100000
4100000
4099975
4100024
4000888
3961176
4000000
4000000
3999984
4000015
4000007
3999984
4000007
4000000
4000007
3999992
4000007
3999992
4000000
4000000
4000000
4000007
4000000
3999992
4000000
4000000
4000000
3999992
4000007
4000007
3999992
4000007
3999992
4000000
4000000
4000000
4000000
4000007
4000000
3999992
3999992
4000015
3999992
4000007
3999992
4000000
3999992
4000007
4000000
4000000
3999992
4000007
4000000
4000000
4000007
4000000
4000000
4000000
4000000
3999992
4000000
4000000
4000007
3999984
4000015
3999992
4000000
4000000
4000000
4000000
4000000
4000007
3999992
4000007
4000000
3999992
4000007
4095372
4100016
4099991
4100008
4100000
4100000
4099991
4071918
3960187
4000023
3999992
4000000
4000000
4000000
4000000
4000007
3999992
4000000
4000000
4000000
4000000
4000007
3999992
4000007
3999992
4000007
3999992
4000007
3999976
4000023
3999984
4000007
4000007
4000000
3999992
4000007
3999984
4000015
4000000
3999992
4000000
4000007
3999992
4000007
3999992
3999984
4000023
3999992
4000000
4000007
4000000
4000000
4000000
3999984
4000007
4000000
3999976
4000015
4000015
4000000
4000000
3999992
4000000
4000000
4000000
4000000
4000000
4000000
4000000
4000007
4000000
4000000
3999992
4067778
4100000
4100000
4100000
4100000
4100000
4099991
4100008
3938180
4000007
3999992
4000007
3999984
4000007
4000000
4000007
3999992
4000007
3999992
4000007
3999992
4000000
4000000
4000007
3999992
4000000
4000007
3999992
4000007
4000000
3999992
4000000
4000000
4000000
4000007
4000000
4000000
4000000
3999992
4000000
4000000
4000007
3999992
4000000
4000000
4000000
4000000
4000007
4000000
3999984
4000015
3999976
4000007
4000007
4000000
4000000
4000000
4000007
4000000
3999976
4000015
4000007
3999992
4000000
4000000
4000007
3999992
4000000
4030111
4099991
4100008
4100000
4100000
4100000
4100000
4100000
4002702
3955785
4000007
3999992
4000000
4000000
4000007
4000000
3999992
4000007
3999984
4000015
3999992
4000000
4000000
3999992
4000004
4000000
4000000
4000000
3999992
4000007
4000000
3999992
4000007
4000000
4000000
4000007
3999992
4000007
3999992
4000000
3999992
4000007
4000000
4000000
4000007
3999992
4000000
4000000
4000000
4000000
4000000
4000007
3999984
4000007
4000000
4000007
3999992
3999992
4000007
4000000
3999992
4000007
4000000
4000000
4000007
3999992
3999992
4000007
4000000
4000000
4000000
4000007
3999992
4000007
3999992
4000000
4000000
4000000
4000007
4000000
3999984
4000015
3999992
3999984
4000015
4000000
4048621
4099991
4100000
4100000
4100008
4100000
4100000
4100000
3971209
3976255
4000000
3999992
4000007
4000007
3999992
4000007
4000000
3999992
4000007
3999992
4000000
3999992
4000007
4000000
3999992
4000000
4000015
3999992
3999992
4000007
4000007
4000000
3999992
4000000
3999976
4000023
4000000
4000000
4000007
3999992
4000000
3999992
4000015
3999992
4000007
3999992
4000007
3999992
3999992
4000015
3999976
4000023
3999992
4000000
4000007
3999992
4000000
4000000
4000000
4000000
3999992
4000007
4000000
4000007
3999992
4000000
4000007
3999992
4000000
4000000
4000007
3999992
4000007
3999992
3999984
4000007
4000007
4000000
4000007
3999984
4000015
3999992
4000000
3999992
4000007
4000000
4000000
3999992
4000007
3999984
4000015
4000000
4004092
4100008
4099983
4100016
4100000
4100000
4099983
4100000
4088736
3900000
3990923
3999992
4000000
4000000
4000007
3999984
4000007
