1859987
2287905
4609780
5099989
5100010
5099989
5100000
5100010
5100000
5100000
5100000
5100010
5099979
5100000
5100000
5100010
5100000
5099979
5100030
5099979
5100010
5099989
5100010
5100000
5100000
5099969
5100040
5099989
5100010
5099380
5099111
5096205
5099507
5100000
5099989
5099288
5100000
5097456
5095661
5097223
5093487
5098331
5099625
5100000
5097160
5099175
5088396
5094775
5091738
5099693
5099303
5100010
5100000
5100000
5100000
5100010
5099989
5099989
5100010
5100000
5099989
5100010
5100000
5099979
5100020
5100000
5100000
5100000
5099989
5100010
5099989
5100010
5099989
5100010
5100000
5100000
5100010
5100000
5099989
5100010
5099979
5100010
5100000
5100000
5100000
5100000
5100000
5100000
5100000
5100010
5099989
5100010
5099979
5100010
5100010
5099989
5100000
5100000
5100010
5099989
5099989
5100010
5100000
5100000
5100000
5099989
5100020
5099989
5100000
5100000
5100010
5100000
5100000
5099989
5100000
5100010
5099989
5100000
5100000
5100010
5099969
5100020
5100000
5100000
5100000
5100000
5099989
5100010
5100010
5099979
5100020
5099989
5100000
5100000
5100000
5100000
5100010
5099979
5100010
5100010
5099989
5100010
5099989
5100000
5100010
5099979
5100010
5099989
5100020
5100000
5099989
5100000
5099989
5100010
5100000
5100000
5100000
5100000
5100010
5099989
5100000
5100010
5099989
5100010
5100000
5100000
5099989
5100000
5100010
5099989
5100000
5100010
5099989
5100000
5100000
5100000
5100000
5100010
5099989
5100000
5100010
5099989
5100000
5100000
5100000
5100000
5100000
5100000
5100000
5100000
5100000
5100000
5100000
5100000
5099989
5100020
5099979
5100010
5100000
5100000
5100000
5100000
5100010
5099989
5099643
5099989
5100000
5100010
5099989
5100000
5100000
5100000
5100010
5099989
5100000
5100000
5100000
5100000
5100000
5098420
5095541
5096491
5100000
5100010
5097682
5098569
5097473
5100020
5099989
5100000
5100010
5099989
5100000
5100000
5100000
5099989
5100010
5100010
5093417
5097397
5100000
5099284
5098444
5100010
5098014
5096291
5099277
5100020
5100000
5100010
5099979
5098570
5098509
5098546
5096922
5099140
5099989
5099989
5100010
5100000
5098642
5097328
5100010
5099989
5100000
5100000
5100000
5098244
5100010
5099989
5100000
5098252
5100000
5100000
5100000
5099989
5100020
5099989
5100000
5099989
5099193
5100000
5099989
5100010
5098548
5100010
5100000
5100010
5099989
5100000
5099989
5099301
5100000
5100000
5100000
5099290
5099989
5100010
5100010
5099979
5100010
5099989
5100010
5100000
5100010
5100000
5100000
5100000
5099979
5100000
5100010
5100000
5099989
5100020
5099989
5100000
5100000
5099989
5100010
5099989
5100010
5100000
5100010
5099989
5100000
5100010
5099989
5100000
5100000
5100000
5099989
5100010
5100000
5100010
5099989
5100000
5100000
5100010
5099989
5100010
5099979
5100010
5100000
5100000
5100000
5099989
5100010
5100000
5100000
5100000
5100000
5100000
5100000
5100000
5100010
5099989
5100000
5100000
5100010
5099989
5100000
5100000
5100000
5100000
5100000
5100000
5100000
5100000
5100010
5099989
5100000
5100010
5100000
5099989
5100000
5100000
5100010
5099989
5099979
5100020
5100000
5100000
5100000
5100000
5100010
5099989
5100000
5100000
5100000
5099989
5100010
5100000
5100000
5100000
5100000
5100010
5099989
5100000
5100010
5099989
5100000
5100000
5100000
5100000
5100000
5100000
5100010
5099989
5099989
5100010
5099989
5100010
5099969
5100030
5100000
5100000
5099989
5100010
5100000
5100000
5100010
5100000
5099959
5100030
5100000
5100000
5100000
5100000
5099989
5100010
5100000
5100000
5099989
5100010
5100000
5100000
5100000
5100000
5100000
5100000
5100000
5100010
5099989
5100010
5099989
5100000
5100000
5100000
5100000
5100000
5100000
5100000
5100010
5099979
5100010
5100000
5099989
5100010
5100000
5100000
5100000
5100000
5100000
5100000
5100000
5100000
5100000
5100000
5100000
5099979
5100020
5100000
5100000
5100000
5099979
5100020
5100000
5100010
5099989
5100000
5100000
5100010
5100000
5100000
5099989
5100000
5100000
5100000
5100000
5100000
5100010
5100000
5099989
5100000
5100000
5100000
5100010
5099989
5100000
5100000
5100010
5100000
5099989
5100000
5100010
5099989
5100010
5099989
5100000
5100000
5100000
5100000
5100000
5100000
5099989
5100000
5100020
5099989
5100010
5099989
5100000
5100000
5100000
5100000
5099989
5100010
5100010
5099989
5100000
5100000
5100000
5100010
5099989
5100000
5100000
5099989
5100010
5100000
5100000
5100000
5099989
5100020
5099989
5100000
5100010
5099989
5100000
5100000
5100000
5100000
5100000
5100000
5100000
5100000
5099989
5100010
5100000
5100000
5100000
5100000
5100000
5100010
5099989
5100000
5100000
5100000
5100000
5100000
5099989
5100010
5100010
5100000
5099989
5100000
5100000
5100000
5100010
5099989
5100010
5099989
5100000
5100000
5100000
5100000
5100010
5099989
5100000
5100000
5100000
5100000
5100010
5099989
5099979
5100020
5100000
5100010
5099989
5100000
5100010
5100000
5099989
5100000
5099989
5100020
5099989
5100000
5100000
5100000
5100000
5100000
5100000
5099989
5100010
5100000
5100010
5099979
5100010
5100010
5099959
5100030
5100000
5100000
5100000
5100000
5100000
5100000
5100000
5099989
5100010
5100000
5100000
5100000
5100000
5100010
5099989
5100000
5099979
5100020
5100000
5100010
5099989
5100000
5100000
5100000
5100000
5100000
5100000
5099989
5100010
5100000
5099989
5100010
5100000
5100000
5100000
5100000
5099989
5100010
5100000
5100000
5100000
5100010
5100000
5099989
5100000
5100000
5100000
5100000
5100000
5100000
5100000
5100000
5100000
5100000
5100010
5099969
5100030
5099989
5100010
5099989
5100000
5100000
5100000
5100000
5099989
5100010
5100000
5100000
5099979
5100020
5100010
5099989
5100000
5100000
5099989
5100020
5099989
5100010
5099989
5100000
5100010
5099989
5100000
5100000
5100000
5100000
5100000
5100000
5100000
5100000
5100000
5100000
5099989
5100010
5100000
5100000
5100000
5099989
5100020
5100000
5100000
5099989
5100000
5100010
5099989
5100000
5100000
5100000
5100000
5100000
5100000
5100010
5099989
5100010
5100000
5099979
5100010
5100000
5100010
5099979
5100000
5100020
5100000
5100000
5099979
5100020
5099989
5100010
5100000
5099989
5100010
5099979
5100020
5099969
5100020
5100010
5099989
5100000
5099979
5100030
5100000
5099989
5099989
5100010
5100000
5100000
5100000
5100000
5100010
5099989
5099989
5100010
5100000
5100000
5100000
5099989
5100010
5100000
5100000
5100010
5100000
5100000
5099989
5100000
5100010
5099989
5100000
5100000
5100010
5099989
5099979
5100020
5100000
5100000
5100010
5100000
5100000
5099979
5100000
5100010
5100000
5100000
5100000
5100000
5100010
5100000
5099989
5100010
5099989
5100000
5100010
5099989
5100000
5100000
5100000
5100000
5100000
5100000
5100000
5100000
5100000
5100000
5100000
5100010
5099989
5100010
5099989
5100000
5100000
5099989
5100020
5100000
5100000
5099989
5100010
5099989
5100000
5100010
5099989
5100010
5099989
5100000
5100000
5099989
5100010
5100000
5100000
5100000
5100000
5100000
5100000
5099989
5100010
5100000
5099979
5100020
5100000
5100000
5100000
5100000
5100000
5100010
5099989
5100000
5100000
5100010
5099989
5100000
5100000
5100010
5099989
5100000
5100000
5100000
5100000
5100000
5100000
5100000
5100000
5100000
5100010
5099989
5100000
5100000
5100000
5099989
5100010
5099989
5100010
5100000
5100000
5100000
5100000
5100000
5100000
5099989
5100020
5099989
5100010
5099989
5099989
5100010
5100010
5099989
5100000
5100000
5100000
5100000
5099979
5100020
5100000
5099989
5100010
5100000
5099989
5100010
5100000
5100000
5100000
5100000
5100000
5100000
5100000
5099989
5100010
5100000
5100000
5100010
5099969
5100030
5099989
5100000
5100000
5100000
5099989
5100010
5100000
5099969
5100040
5099989
5100010
5100000
5099989
5100000
5100000
5100000
5100000
5100000
5100010
5099989
5100010
5099989
5100000
5100000
5100000
5100000
5100000
5100000
5100000
5099989
5100010
5100000
5100000
5100000
5100000
5100000
5100000
5100000
5100000
5100000
5099989
5100010
5100010
5099989
5100000
5100000
5100000
5099989
5100000
5100010
5100000
5099989
5100020
5099989
5100000
5100000
5100000
5100010
5100000
5100000
5099979
5100020
5099989
5099979
5100010
5100020
5099989
5100000
5100000
5100000
5100000
5100000
5100000
5100000
5100000
5099979
5100020
5100000
5100000
5100010
5099969
5100020
5100000
5099989
5100010
5100000
5100000
5100000
5100000
5100000
5100000
5100000
5099989
5100010
5099989
5100000
5100010
5100010
5099989
5100000
5099979
5100000
5100020
5100000
5100000
5100010
5099989
5100000
5100000
5100000
5100000
5100000
5100000
5099989
5100020
5099989
5100000
5100000
5100010
5099979
5100000
5100010
5100000
5100000
5099989
5100010
5099979
5100030
5100000
5099989
5100010
5099979
5100010
5100000
5100010
5099989
5100010
5099979
5100010
5100000
5100000
5100000
5100000
5100000
5100000
5099989
5100010
5100010
5100000
5099989
5100000
5100000
5100000
5100000
5100000
5100010
5100000
5099979
5100010
5100000
5100010
5099979
5100000
5100010
5100000
5100000
5100000
5100000
5100010
5099989
5100000
5100010
5099989
5100000
5100000
5100000
5099989
5100010
5100000
5099979
5100020
5099989
5100010
5098951
5100000
5100000
5100010
5099989
5100000
5100000
5100000
5100000
5100000
5100000
5100000
5100000
5100000
5100000
5100010
5100000
5099989
5100010
5099989
5100000
5100000
5100000
5100010
5099989
5100000
5100000
5099979
5100020
5100010
5099989
5099993
5100010
5100000
5100010
5099989
5100000
5099979
5099836
5100010
5098768
5100000
5100010
5099979
5100020
5099979
5100020
5100000
5100000
5100000
5097610
5100000
5100010
5100000
5100000
5100000
5100000
5100010
5099979
5100010
5100000
5099989
5098006
5100000
5099989
5100020
5099989
5100000
5100000
5100000
5099544
5100000
5097692
5100000
5100010
5099989
5096954
5100000
5100010
5099989
5097707
5099989
5100000
5100000
5099105
5100010
5099989
5100000
5087726
5100010
5099408
5100000
5100000
5100000
5100000
5100010
5099989
5099200
5097159
5098773
5100000
5097487
5100000
5098873
5097252
5096740
5100000
5097307
5099499
5099624
5095363
5098930
5097400
5097541
5097803
5097688
5100000
5098934
5100010
5099509
5099043
5100010
5100010
5097507
5099358
5100000
5099730
5095569
5098848
5097568
5097697
5098550
5100000
5100010
5098488
5095579
5099369
5097852
5096013
5095206
5098860
5097500
5096613
5100010
5098019
5097010
5097441
5100000
5099285
5098712
5098292
5099229
5098856
5098568
5098843
5098323
5097811
5096602
5098403
5099929
5098549
5099989
5100010
5098792
5097020
5098303
5097513
5097041
5100000
5099181
5099483
5099989
5100010
5100000
5098413
5100000
5096814
5096992
5099989
5098567
5100010
5098548
5099319
5099395
5099757
5098542
5100000
5099245
5098563
5097985
5099389
5099676
5098994
5098531
5100000
5095360
5098021
5100020
5099302
5097653
5099290
5097909
5099989
5094734
5098542
5098475
5100000
5097894
5100010
5100000
5099979
5100010
5100000
5100010
5099989
5100000
5100000
5100010
5099989
5098234
5097850
5099268
5098557
5098813
5099989
5096884
5098367
5099191
5099289
5098951
5098349
5099429
5099117
5098249
5100020
5097490
5099429
5099979
5100010
5100010
5099989
5098748
5099300
5099064
5097885
5099272
5096437
5099301
5098563
5095189
5099864
5094819
5098837
5098206
5097998
5096284
5098557
5099424
5096913
5098833
5098421
5096517
5099294
5098541
5098608
5096413
5099989
5094669
5096507
5099670
5099026
5093922
5099186
5096414
5096998
5099107
5098382
5097320
5095967
5099222
5100000
5094889
5099639
5099761
5099287
5100010
5098237
5099487
5100000
5099059
5097915
5098880
5100000
5098414
5099290
5099989
5100000
5099979
5097880
5100000
5100000
5099287
5100000
5099286
5100000
5100000
5100010
5099989
5100010
5099989
5100000
5099292
5099989
5100000
5100000
5100000
5100000
5100010
5100000
5098553
5100000
5100000
5100000
5099390
5099989
5100010
5100000
5100010
5099569
5100010
5100000
5100000
5096362
5100010
5099989
5100010
5100000
5099989
5100010
5100000
5100000
5100000
5100000
5099989
5100000
5100010
5099278
5100010
5099989
5100000
5100000
5100000
5099989
5100010
5100000
5100000
5100000
5100000
5100000
5099989
5100020
5099989
5100000
5100000
5100000
5100000
5100000
5100000
5100000
5100000
5100000
5100000
5100000
5100010
5099989
5100000
5100000
5100000
5100000
5100000
5100000
5100000
5100000
5100010
5099979
5100010
5099989
5100000
5100020
5100000
5100000
5100000
5100000
5099989
5100010
5099989
5100000
5100000
5100000
5100000
5100010
5099989
5100000
5100000
5099989
5100020
5099979
5100010
5100010
5099989
5100000
5100000
5100000
5100010
5100000
5099989
5100000
5100010
5099989
5100000
5100000
5099979
5100020
5100000
5100000
5100000
5100000
5100010
5099989
5100000
5099989
5100000
5100010
5099989
5100010
5100000
5100000
5100000
5100000
5100000
5099989
5100010
5100000
5100000
5099989
5100010
5100010
5099989
5100000
5100010
5099989
5100000
5100000
5100010
5099989
5099979
5100010
5100010
5100010
5099989
5100000
5100000
5100010
5099989
5100000
5100000
5100000
5100000
5100000
5100000
5100000
5100000
5100000
5100000
5100010
5100000
5099989
5100000
5100000
5100000
5100000
5099989
5100010
5100000
5100000
5099989
5100010
5100000
5100000
5100000
5100000
5100000
5100000
5099979
5100020
5099989
5100010
5100000
5099989
5100010
5100000
5099989
5100010
5100000
5100000
5099989
5100000
5100010
5100000
5100000
5100000
5099979
5100010
5100010
5099989
5100010
5100000
5099989
5100010
5099989
5100020
5099979
5100020
5100000
5099989
5099989
5099989
5100010
5100000
5100010
5100010
5100000
5099989
5099989
5100010
5100000
5100000
5100000
5099989
5100000
5100010
5100000
5100010
5099989
5099989
5100000
5100000
5100000
5100010
5100000
5100000
5100000
5100000
5100010
5100000
5099989
5100000
5100000
5099979
5100010
5100020
5099989
5100000
5100000
5100000
5099989
5100010
5100000
5099979
5100020
5099989
5100010
5100000
5100000
5099979
5100020
5100000
5099989
5100020
5100000
5099989
5100000
5100000
5099969
5100030
5099989
5100010
5100010
5100000
5100000
5099989
5100000
5099989
5100010
5100000
5100000
5100010
5099979
5100020
5099989
5100000
5100000
5100000
5100000
5100000
5099989
5100010
5099989
5100010
5099989
5100010
5100000
5100000
5100000
5100000
5100010
5100000
5099989
5100000
5100010
5099989
5100000
5100000
5100010
5099989
5100000
5100010
5099989
5100000
5100010
5099989
5100000
5100000
5100000
5100000
5100000
5100000
5100000
5100010
5099989
5100010
5099989
5100000
5100000
5100000
5099969
5100030
5099989
5100010
5100000
5100000
5099979
5100020
5100000
5100000
5100000
5100000
5100000
5100000
5100000
5100000
5100000
5099969
5100020
5100010
5100000
5100000
5100010
5099989
5100000
5100000
5100000
5100000
5100000
5100000
5100000
5100000
5100010
5100000
5099989
5100000
5099989
5100010
5100000
5099989
5100010
5100000
5100010
5099989
5100010
5099989
5100000
5100000
5100000
5100000
5100000
5100000
5100000
5099979
5100020
5100000
5100010
5099979
5100010
5100000
5100000
5099989
5100010
5100000
5100000
5100000
5099989
5100010
5100000
5100000
5100010
5100000
5099989
5100000
5100000
5100010
5100000
5099989
5100010
5099989
5100000
5100000
5100010
5099989
5100000
5100000
5100000
5100000
5100000
5100010
5099989
5100000
5100000
5100000
5100000
5100000
5100000
5100010
5099989
5100000
5100000
5100010
5099989
5099959
5100040
5100000
5100000
5100000
5100000
5100000
5099979
5100020
5100000
5099989
5100020
5099989
5100000
5099979
5100020
5100000
5100000
5100000
5100010
5099989
5099989
5100010
5100000
5100010
5099989
5100010
5099979
5100020
5099989
5100000
5100010
5099989
5100000
5100000
5100000
5100000
5100010
5099989
5100000
5100000
5100000
5100010
5099989
5100000
5100000
5100000
5100000
5100000
5100000
5100000
5100010
5099989
5100000
5100000
5100010
5099989
5100000
5100000
5100010
5099989
5100000
5100000
5099979
5100020
5099989
5100010
5099979
5100020
5100000
5100000
5100010
5099989
5100010
5099989
5100000
5100000
5100000
5100000
5100000
5100000
5100000
5100010
5099989
5100010
5099989
5100000
5100000
5100000
5100000
5100010
5099989
5100000
5100000
5100010
5099989
5100000
5100000
5100000
5100010
5099989
5100000
5100000
5099979
5100020
5100010
5099979
5100010
5100010
5099989
5100000
5100010
5099979
5100010
5100000
5100000
5100000
5099979
5100020
5100000
5100010
5099989
5099989
5100020
5099979
5100000
5100010
5100000
5100000
5100000
5100000
5100000
5100000
5100000
5100000
5100010
5099989
5100000
5100000
5100000
5100010
5099979
5100020
5100000
5100000
5100000
5099979
5100020
5100000
5099989
5100010
5100000
5099989
5099989
5100010
5100000
5100000
5099989
5100010
5099989
5100010
5100000
5100000
5100000
5100000
5100000
5099979
5100020
5100000
5100000
5100000
5100000
5100000
5100000
5100000
5100010
5099989
5100000
5100000
5100010
5099989
5100000
5100000
5100010
5099989
5099989
5100010
5100000
5100000
5100000
5099979
5100020
5100000
5100000
5100000
5100010
5099989
5100000
5100000
5100000
5099979
5100020
5100000
5100000
5100000
5100000
5100000
5100000
5100000
5099989
5100020
5099989
5099989
5100010
5100000
5100000
5100000
5100010
5099989
5100000
5100000
5100000
5100000
5100000
5100000
5100010
5100000
5099989
5100000
5100000
5100000
5100000
5100000
5100000
5100000
5100010
5100000
5099989
5100010
5100000
5099989
5100000
5100010
5099979
5100010
5100000
5100000
5100000
5100000
5099989
5100010
5100000
5100000
5100010
5099989
5100000
5100000
5100000
5100000
5100000
5100000
5100010
5099989
5100000
5100000
5100000
5100000
5100000
5100000
5100000
5100000
5100000
5100000
5100000
5100010
5099989
5100000
5100000
5100000
5100010
5099989
5100000
5100010
5099989
5100000
5100000
5100010
5099969
5100020
5100000
5100000
5100000
5100010
5100000
5099989
5100000
5100000
5100000
5100000
5100000
5100000
5100000
5100000
5100000
5100000
5100010
5100000
5099989
5100000
5099989
5100010
5099989
5100010
5100000
5100000
5100000
5100000
5100000
5100000
5100000
5100010
5099989
5100010
5099989
5099989
5100000
5100010
5100000
5100000
5100000
5100000
5100000
5100000
5100000
5100000
5100010
5099989
5100000
5100010
5100000
5099989
5100000
5100010
5100000
5100000
5099989
5100010
5099989
5100000
5100000
5100000
5100000
5099989
5100010
5100000
5100010
5099989
5100000
5100000
5100010
5099989
5100000
5100000
5100000
5100000
5100010
5099989
5100000
5100000
5100000
5100000
5100000
5100000
5100010
5099989
5099989
5100000
5100000
5099989
5100020
5071308
5100000
5100000
5100000
5100000
5100000
5100000
5100000
5099989
5100010
5100000
5100000
5100000
5100000
5100000
5100000
5100000
5100000
5100000
5100010
5099989
5100000
5100000
5100010
5099989
5100010
5100000
5099989
5100000
5100000
5100000
5099989
5100010
5100000
5100000
5100000
5100000
5100010
5099989
5100000
5099979
5100020
5100000
5099979
5100020
5100000
5100010
5099989
5100010
5099979
5100010
5100010
5099989
5100000
5100010
5099989
5100010
5099979
5100010
5100000
5099989
5100000
5100020
5100000
5099989
5100000
5100000
5100000
5100000
5100010
5099989
5100000
5100000
5100000
5100010
5099989
5100010
5099989
5100000
5100000
5100000
5100000
5100000
5100000
5100000
5100000
5100000
5100000
5100000
5100000
5099989
5100010
5100000
5100000
5100000
5100000
5100000
5099979
5100010
5100010
5100000
5100010
5099989
5100000
5100010
5099989
5100000
5100000
5100000
5100010
5099989
5100000
5100000
5100000
5100000
5100000
5100000
5100000
5100000
5100000
5099979
5100020
5100000
5099989
5100020
5100000
5099989
5100000
5100000
5100000
5100000
5100010
5099989
5100000
5100000
5100000
5100000
5100000
5100000
5100000
5100000
5100000
5100000
5100000
5100000
5100000
5099989
5100010
5100000
5100000
5100000
5099989
5100020
5099989
5100000
5100000
5100010
5099979
5100010
5100010
5099989
5100000
5100000
5100000
5100000
5100000
5100000
5099989
5100000
5100010
5099989
5100020
5099979
5100010
5100000
5100010
5099979
5100000
5100020
5099989
5100000
5100010
5099989
5100010
5099989
5100010
5099989
5100000
5100000
5100000
5099979
5100020
5100000
5100000
5100000
5100000
5100000
5100000
5100000
5100000
5100000
5099989
5099989
5100020
5099989
5100010
5100000
5099989
5100010
5100000
5100010
5100000
5099989
5100000
5100000
5100000
5100000
5100010
5100000
5099989
5100000
5100010
5099989
5100000
5100000
5100000
5100000
5100010
5099989
5100000
5100000
5100000
5100000
5100000
5100000
5100000
5100000
5100000
5100010
5099989
5100000
5100000
5100000
5100000
5100000
5100000
5100000
5100000
5100000
5100000
5100000
5100000
5100000
5100010
5099989
5100000
5100010
5099989
5100000
5099979
5100030
5099989
5100000
5100000
5099979
5100020
5100000
5100000
5099979
5100020
5100000
5100010
5099989
5100000
5099992
5100000
5100010
5100000
5100000
5100000
5100000
5100000
5100000
5100000
5100000
5100000
5100010
5099989
5100000
5099989
5100010
5100000
5100000
5100000
5100000
5100010
5099989
5100000
5100000
5100000
5100000
5100000
5100000
5100000
5100000
5100010
5099989
5100000
5100000
5100010
5099989
5100000
5100000
5100000
5100000
5099989
5100010
5100000
5100000
5100000
5100000
5100000
5100000
5100000
5100000
5100000
5100000
5100000
5100000
5100000
5100000
5100000
5100000
5099989
5100010
5100000
5100000
5100000
5100000
5100000
5100000
5100010
5099989
5100000
5100000
5100000
5100000
5100000
5099989
5100020
5099989
5100000
5100000
5100000
5100000
5100000
5099979
5100030
5099979
5100010
5100000
5099989
5100010
5100000
5100000
5100010
5099989
5100000
5100010
5099989
5100000
5100000
5100000
5100000
5100000
5100010
5099989
5100010
5099989
5099989
5100010
5100000
5100010
5099989
5100000
5100000
5100000
5100000
5099989
5100020
5099989
5100010
5099989
5100000
5100000
5100010
5100000
5099989
5100000
5099989
5100010
5100000
5100000
5100000
5100000
5100000
5100000
5099989
5100010
5100000
5100000
5100000
5100000
5100010
5099989
5100000
5100010
5099989
5100010
5100000
5100000
5099989
5100000
5100000
5100000
5100000
5099989
5100010
5100000
5100010
5100000
5100000
5099989
5100000
5100000
5100010
5099989
5100010
5099979
5100010
5100000
5100010
5099989
5100000
5100000
5100000
5099989
5100010
5100000
5100000
5100000
5100000
5100000
5099989
5100010
5100000
5100000
5100000
5100000
5100000
5100010
5099989
5100000
5100000
5100000
5100000
5100000
5100000
5100000
5100000
5100000
5099979
5100030
5099989
5100000
5100000
5100010
5100000
5100000
5099989
5100010
5099989
5100010
5100000
5100000
5099989
5100000
5100000
5100000
5100000
5100000
5100000
5100000
5100000
5100000
5100000
5100010
5100000
5099969
5100030
5099979
5100010
5100000
5100010
5100000
5099989
5100000
5100000
5100000
5100010
5099969
5100020
5100000
5100000
5100000
5100000
5100000
5099989
5100010
5100000
5100000
5100000
5100000
5100000
5100000
5099989
5100010
5100000
5100000
5100010
5099979
5100010
5100000
5100010
5099989
5100010
5100000
5099989
5100000
5100000
5100000
5100010
5099989
5100000
5100000
5100000
5100000
5100000
5100000
5100000
5100010
5099989
5100000
5100010
5099989
5100010
5099989
5100000
5100000
5100000
5100000
5100000
5100000
5100000
5100000
5100000
5100000
5100010
5099989
5100000
5100000
5100000
5100000
5100010
5099979
5100020
5099989
5100000
5100000
5100000
5100000
5100000
5100000
5100010
5100000
5100000
5099989
5100000
5100000
5100000
5100010
5100000
5099989
5099989
5100020
5099989
5100000
5100000
5099989
5100020
5100000
5100000
5100000
5099989
5100000
5100000
5100000
5100000
5100000
5099989
5100020
5100000
5099989
5100000
5100000
5100000
5100010
5100000
5099989
5100010
5099989
5099989
5100000
5100010
5100010
5099989
5100000
5100000
5100000
5100010
5099989
5100000
5099989
5100010
5100000
5099989
5100010
5100000
5100000
5100000
5100000
5100010
5099989
5100000
5099989
5100010
5100000
5100000
5100000
5100010
5099979
5100000
5100010
5100000
5100010
5099989
5099989
5100010
5100000
5100000
5100000
5100000
5100000
5100000
5100000
5100000
5100010
5099989
5099989
5100010
5100000
5100000
5099989
5100010
5100000
5100010
5099989
5100000
5100000
5099989
5100020
5100000
5099989
5100010
5099979
5100000
5100010
5100000
5100000
5100000
5100010
5099989
5100010
5099989
5099989
5100010
5100000
5100000
5100000
5100000
5100010
5099969
5100020
5100000
5100000
5100010
5099989
5100010
5099989
5100000
5099989
5100010
5100000
5100010
5099989
5100000
5100000
5100010
5099989
5100000
5100000
5100000
5100000
5099989
5100010
5100000
5100000
5100010
5099979
5100010
5100000
5100000
5099989
5100000
5100010
5100000
5100000
5100000
5100010
5099989
5100000
5100000
5100000
5100000
5100000
5100010
5099989
5100010
5099989
5100000
5100010
5099989
5100000
5100000
5100000
5100000
5100000
5100000
5100000
5100010
5100000
5100000
5099989
5100010
5099989
5099989
5100010
5100000
5100000
5100000
5099989
5100000
5100010
5100000
5100000
5100000
5100000
5100010
5100000
5099989
5100010
5099989
5100000
5100000
5100010
5099989
5100000
5100010
5100000
5099989
5100000
5100000
5098925
5099989
5099959
5099969
5100070
5098443
5099989
5099979
5100020
5100000
5100000
5099979
5100020
5099979
5100020
5097686
5100000
5100000
5100000
5099989
5100010
5100000
5100000
5099979
5100030
5099989
5100000
5100000
5100000
5100010
5099989
5100010
5099423
5100000
5100000
5099281
5099740
5099263
5100000
5100010
5099829
5098010
5099125
5099797
5098286
5100000
5100000
5100000
5100000
5098603
5100000
5096426
5100000
5100000
5100000
5100000
5099644
5100000
5099989
5097951
5098267
5100000
5100000
5099465
5100000
5099979
5100030
5099592
5100000
5095789
5100000
5097792
5098998
5100000
5100000
5098438
5097497
5099744
5097706
5099643
5097063
5099157
5100000
5099754
5097281
5100010
5097681
5097630
5099654
5094972
5097688
5095270
5096876
5097064
5094227
5092209
5098824
5098209
5093067
5099149
5098800
5099075
5100000
5097155
5098262
5097747
5095239
5098432
5095122
5097271
5098879
5099440
5098772
5099183
5098775
5097682
5098027
5098285
5097711
5094652
5097678
5098455
5099431
5099979
5097998
5096780
5095002
5100000
5100010
5099989
5099112
5094408
5099155
5098122
5098572
5100010
5098357
5098609
5096330
5095562
5096583
5097185
5099425
5099080
5095518
5098347
5098674
5099979
5098909
5096740
5099164
5099845
5096853
5098173
5097692
5096298
5098798
5099242
5097381
5098115
5098474
5098982
5099188
5099989
5097774
5096183
5099346
5098699
5094026
5097124
5097757
5097122
5098589
5099270
5097010
5095030
5097110
5100000
5100000
5098311
5098374
5099330
5099330
5098048
5099311
5098039
5099200
5096766
5099412
5100010
5099497
5098517
5098580
5099801
5099325
5099457
5098621
5098265
5096928
5098223
5099623
5097754
5095490
5093930
5097730
5098873
5098950
5099160
5095129
5095745
5099757
5100000
5099049
5098253
5098368
5100000
5099909
5096996
5100010
5099058
5100010
5096790
5095308
5099585
5100000
5096249
5098599
5098815
5099989
5098591
5095834
5098245
5097083
5097989
5097820
5097753
5098787
5100000
5097693
5098172
5095081
5098470
5099355
5094784
5097757
5098840
5096488
5099989
5098207
5098796
5095287
5096074
5096559
5094668
5096694
5098160
5096896
5099361
5094528
5094870
5099559
5098736
5099836
5097827
5097831
5098305
5096711
5098541
5096686
5099226
5097666
5099989
5099487
5095244
5100000
5097570
5094776
5097420
5095605
5098836
5099173
5100000
5099598
5095444
5098765
5099465
5095925
5098304
5099852
5097086
5097406
5098489
5096606
5098228
5098722
5098281
5096382
5099209
5099989
5098543
5100010
5097795
5099555
5098519
5098907
5099677
5098788
5096471
5096696
5100000
5097121
5099567
5100000
5096550
5100000
5099288
5098533
5099260
5100010
5099287
5098501
5098544
5100010
5100010
5099989
5100000
5100000
5098572
5099579
5099263
5098535
5097966
5099287
5100000
5099989
5100010
5100000
5099989
5099989
5098570
5100000
5100000
5099979
5100020
5097812
5099721
5099989
5099989
5100020
5099989
5100000
5099866
5099600
5099291
5100000
5100000
5100000
5100000
5100000
5100000
5100000
5100000
5100000
5100000
5100000
5100000
5100000
5100000
5099979
5100020
5100000
5100000
5100000
5100000
5100000
5100000
5100000
5099244
5094066
5100000
5100000
5100000
5098249
5091990
5100010
5099989
5100010
5100000
5096055
5100000
5100010
5100000
5099989
5099297
5095943
5090344
5096665
5100000
5093849
5095179
5099299
5098257
5099989
5100000
5099284
5098736
5100000
5099989
5100010
5100000
5099989
5097695
5092533
5088022
5094647
5093707
5092350
5094659
5094709
5092905
5094125
5085765
5096761
5100000
5093550
5095665
5098411
5098540
5093503
5090976
5097369
5097703
5090703
5100010
5099989
5100010
5099962
5094465
5096109
5100000
5100000
5098394
5099481
5097696
5093728
5099606
5100000
5093006
5095576
5099371
5099644
5098505
5100000
5100000
5099330
5100000
5099268
5099301
5100000
5099025
5094309
5094120
5099904
5098522
5097852
5092985
5099267
5093590
5090040
5087219
5090723
5084970
5087768
5093044
5087957
5088332
5088166
5086844
5093000
5086656
5088045
5085104
5085654
5088021
5087512
5092229
5088689
5090398
5085685
5088958
5085670
5090354
5087871
5096301
5099989
5097942
5100000
5098245
5100000
5099979
5100010
5090076
5099362
5099297
5095031
5100000
5099298
5100000
5099989
5092055
5085504
5099989
5095127
5085692
5083333
5085517
5090533
5088431
5089821
5099336
5097222
5097840
5096622
5097363
5095692
5098158
5099675
5099160
5099989
5098498
5088635
5098208
5099277
5100000
5100000
5100000
5100000
5071045
5100000
5100000
5098845
5100000
5100000
5100000
5097033
5087554
5096086
5097808
5099989
5091933
5095388
5086758
5092785
5087851
5085702
5085680
5087714
5089503
5097685
5094195
5099291
5100000
5100000
5100010
5094443
5087412
5087952
5086182
5089989
5089575
5089520
5086950
5094639
5100000
5100000
5098499
5097670
5086446
5089881
5089477
5087119
5099185
5098756
5096157
5099841
5099989
5100010
5097735
5099353
5100010
5093723
5097569
5097281
5092972
5092053
5096052
5098614
5098937
5099989
5092490
5099555
5100000
5096277
5098337
5095531
5094942
5092149
5088150
5095623
5097278
5094726
5096707
5100010
5099979
5100010
5098563
5100000
5094760
5092463
5098765
5100000
5100010
5099989
5099287
5100010
5099279
5097548
5093002
5099781
5098571
5100000
5100000
5100000
5100000
5100000
5100000
5100000
5100000
5100000
5100000
5100000
5100000
5100000
5094916
5100000
5100000
5100010
5100000
5100000
5099281
5100000
5100000
5100000
5097626
5094200
5100000
5098558
5100000
5095538
5100000
5100000
5100000
5100000
5100000
5100010
5099989
5100000
5100000
5100000
5100000
5100000
5100000
5099989
5100010
5100000
5100000
5100000
5100000
5100000
5100000
5100010
5099989
5100000
5100000
5100010
5099989
5100000
5100010
5099979
5100010
5100000
5100000
5100010
5099989
5100000
5100000
5099989
5100010
5100000
5100000
5100000
5100000
5100000
5100000
5100000
5100000
5100000
5100000
5100000
5099989
5100020
5099989
5100000
5100010
5099989
5100000
5100000
5100000
5100000
5100000
5100010
5099989
5100000
5100000
5100000
5100000
5099989
5100000
5100010
5100000
5100000
5100000
5100000
5100000
5100000
5099979
5100020
5100000
5100000
5100000
5100000
5100000
5100000
5100010
5099989
5100010
5099989
5100000
5100000
5100000
5100000
5100000
5100000
5099989
5100020
5100000
5099989
5100000
5100000
5100000
5100000
5100010
5100000
5099989
5100000
5100000
5100010
5100000
5099989
5100000
5100000
5100000
5100000
5100000
5100000
5100000
5100000
5100000
5100000
5100000
5100000
5099989
5100010
5100000
5100000
5100000
5100000
5100000
5100010
5100000
5099989
5100000
5100010
5099989
5100000
5100000
5099989
5100010
5100000
5100000
5100000
5099989
5100020
5100000
5099989
5100000
5100000
5100000
5100000
5100000
5100000
5100010
5099989
5100010
5099979
5100010
5100000
5100010
5099989
5100010
5099989
5100000
5100000
5100000
5099989
5100000
5100000
5100010
5100010
5099989
5100010
5099989
5100000
5100000
5100000
5099989
5100010
5100000
5100000
5100010
5099989
5100010
5100000
5099979
5100010
5100000
5100000
5100000
5100000
5100000
5100000
5100000
5100000
5100000
5100000
5100010
5099989
5100000
5099989
5100010
5100000
5100000
5100000
5100000
5099989
5100010
5100010
5099989
5099989
5099989
5100020
5100000
5100000
5100000
5099989
5100010
5099989
5100010
5100000
5100000
5100000
5100000
5100000
5100000
5099989
5100020
5099989
5100000
5100000
5100010
5099989
5100000
5100010
5099989
5100000
5100000
5100010
5099989
5100000
5100010
5099989
5100000
5100010
5099989
5100000
5100000
5100000
5100000
5100000
5100000
5100000
5100010
5099989
5100000
5100000
5100000
5100000
5100000
5099989
5100010
5100000
5100000
5100000
5100000
5099989
5100020
5099989
5100000
5100000
5100000
5100000
5100000
5100000
5100000
5100000
5100010
5100000
5099989
5100000
5100000
5100000
5100000
5100010
5100000
5099979
5100010
5100000
5100010
5099989
5100010
5099989
5100010
5099989
5100010
5100000
5099989
5099989
5100020
5099989
5100000
5099979
5100020
5100000
5100000
5100000
5100000
5100000
5100000
5100000
5100010
5099989
5100000
5100010
5100000
5100000
5099989
5100000
5100000
5100000
5100000
5100000
5100010
5099989
5100000
5100000
5100000
5100000
5100000
5100000
5100000
5100010
5099989
5100000
5099989
5100010
5100010
5099989
5100000
5100010
5099989
5100010
5099989
5100010
5099989
5100000
5100000
5100000
5100000
5100010
5099989
5100000
5100000
5100010
5099979
5100010
5100000
5100000
5100000
5100010
5099989
5100000
5100000
5100000
5100000
5100000
5100000
5099989
5100020
5099989
5100000
5100000
5100000
5100000
5100000
5100000
5100000
5100000
5100010
5099989
5100000
5099979
5100020
5100000
5100010
5099989
5100000
5100000
5100000
5100000
5100000
5100000
5100010
5099989
5100000
5100000
5100000
5100000
5100010
5099989
5100000
5100000
5100000
5100000
5100000
5100000
5100000
5100000
5100010
5100000
5099989
5100010
5100000
5099989
5100000
5099989
5100010
5100000
5100000
5100000
5100000
5100000
5100010
5099989
5100000
5100010
5099989
5100000
5100000
5099979
5100020
5100000
5100010
5099989
5100000
5100000
5100010
5100000
5099989
5099989
5100000
5100010
5100000
5100010
5099989
5100000
5100000
5100010
5099989
5099979
5100020
5100000
5100000
5100000
5100010
5100000
5099989
5100000
5100000
5100000
5100000
5100000
5099989
5100010
5100000
5100000
5100000
5100000
5100000
5100000
5100000
5100000
5100010
5099989
5100010
5099989
5100000
5100000
5100000
5100000
5100000
5100000
5100000
5100000
5100000
5100000
5100000
5099989
5100020
5099989
5100000
5100000
5100000
5100000
5100010
5099989
5100000
5100010
5099989
5100000
5100000
5100000
5100000
5100010
5099989
5100010
5099989
5100000
5100000
5099989
5100010
5100010
5099989
5099989
5100000
5100010
5100000
5100000
5100000
5100000
5100000
5100000
5100000
5100000
5100000
5100000
5100000
5100010
5099979
5100020
5099989
5100000
5100000
5100000
5100000
5099989
5100020
5099989
5100000
5100000
5100000
5100000
5100000
5100010
5099989
5100000
5100000
5100000
5100010
5099989
5100000
5099716
5100000
5099989
5099989
5100010
5100010
5100010
5100000
5099989
5100010
5100000
5099989
5100010
5100000
5099989
5100000
5100000
5100000
5100000
5100010
5099979
5100010
5100000
5100010
5099989
5100000
5100000
5100000
5099979
5100020
5100000
5100000
5100000
5099535
5100000
5100000
5100010
5099979
5100010
5099989
5098142
5099989
5100010
5099989
5100000
5099526
5097075
5099526
5100000
5096938
5100010
5099458
5100000
5100010
5099989
5098164
5098452
5099989
5097798
5099989
5100000
5099609
5099989
5100020
5099979
5096558
5096260
5099545
5099989
5100000
5098399
5100000
5098425
5097537
5100020
5099663
5098682
5098990
5097692
5095660
5096411
5097910
5099028
5097929
5098581
5094860
5099597
5095772
5100000
5097460
5099450
5092689
5099383
5099653
5100000
5099273
5094703
5096863
5100010
5095168
5097915
5099489
5100010
5099364
5100010
5099513
5099362
5098647
5099035
5098668
5096553
5097109
5095867
5098626
5098910
5100010
5095383
5100010
5097188
5097044
5097683
5095606
5097856
5096035
5099373
5067244
5100010
5095690
5096085
5097617
5098481
5099297
5096035
5100000
5097337
5093356
5093573
5092330
5099409
5099888
5090808
5093078
5092599
5094362
5097516
5097382
5100000
5100000
5099446
5099989
5099676
5099989
5100010
5100000
5099989
5100000
5098124
5100000
5100010
5099989
5099894
5100000
5099979
5099965
5094989
5095563
5094417
5095979
5100000
5100000
5100000
5100000
5100000
5100010
5099989
5100000
5100000
5100000
5098652
5099290
5100000
5100000
5100000
5100000
5100010
5099989
5100000
5100000
5100000
5099989
5100010
5100000
5100000
5100000
5100000
5100000
5100000
5100000
5100000
5100000
5099940
5097693
5095386
5097269
5099515
5097395
5097543
5095924
5098983
5097684
5100000
5097365
5097461
5098303
5097929
5097686
5100000
5095040
5097702
5099312
5096183
5098287
5095678
5095561
5097699
5099559
5099989
5096256
5096747
5096801
5093930
5097195
5094207
5097597
5097371
5095669
5087996
5093012
5095309
5092328
5097990
5097431
5098872
5097676
5095399
5100000
5100010
5093665
5095816
5100000
5099663
5099077
5100000
5100000
5100000
5099989
5100010
5100000
5100010
5100000
5100000
5099989
5100010
5099989
5100000
5100010
5099959
5100030
5100000
5100000
5100000
5100000
5099979
5100020
5100000
5100000
5100000
5100000
5100010
5099979
5100010
5100000
5100000
5100000
5100000
5100000
5100010
5099989
5100000
5100000
5100000
5100000
5099989
5100000
5100020
5099989
5100010
5099989
5100000
5100010
5099989
5100000
5100000
5100000
5100000
5100000
5100000
5100000
5100000
5100000
5100000
5100000
5100000
5100000
5100000
5100000
5099989
5100000
5100010
5100000
5099989
5100020
5099989
5100000
5100010
5099989
5100000
5100000
5100000
5100000
5100000
5100000
5100010
5099969
5100010
5100020
5099989
5100000
5100000
5100000
5100000
5100010
5099989
5100000
5100000
5100000
5100000
5100000
5100000
5099989
5100010
5100010
5099989
5100000
5100000
5099989
5100020
5099989
5100000
5100000
5100000
5100000
5100010
5099989
5100010
5099989
5100000
5100010
5100000
5100000
5099989
5100000
5100000
5100000
5100010
5099989
5100000
5100000
5100000
5100010
5100000
5099989
5100000
5100000
5099989
5100010
5100000
5100000
5100010
5099989
5098665
5099989
5100020
5099989
5100000
5100010
5090338
5090595
5092632
5088593
5095550
5090132
5089456
5093165
5096600
5093623
5091986
5087025
5089224
5087178
5095224
5100000
5100000
5099989
5100010
5100000
5100000
5100000
5100000
5100010
5100000
5099989
5100000
5100000
5100000
5100010
5099989
5100010
5099989
5099969
5100030
5100000
5100000
5100000
5100000
5100000
5100000
5099989
5096345
5093187
5090488
5088134
5093296
5091631
5089391
5083333
5096260
5090968
5099989
5093091
5090316
5090270
5092624
5096450
5099979
5100020
5100000
5099989
5100000
5099989
5100020
5099989
5100000
5100010
5099989
5100000
5100000
5100000
5099989
5090567
5089821
5094874
5088669
5090783
5086745
5091864
5098362
5093419
5097609
5092810
5085539
5095465
5083333
5087105
5088555
5096470
5092251
5095666
5093280
5092742
5089865
5098515
5093722
5091299
5088459
5095459
5092126
5092923
5093096
5089863
5093058
5092498
5091007
5089001
5092937
5087113
5093842
5097834
5100010
5099281
5096328
5100000
5100010
5099989
5093424
5092244
5089682
5093987
5088210
5092744
5099265
5086740
5087300
5090883
5092955
5085180
5093366
5085848
5088900
5084929
5076346
5089848
5090941
5093087
5096326
5098787
5094538
5095883
5100010
5100000
5099979
5100010
5100000
5097190
5088325
5099855
5100010
5099989
5097811
5092675
5089146
5099780
5098453
5097095
5096344
5091993
5093346
5092131
5098546
5097045
5094875
5097185
5093068
5098055
5097270
5096997
5099199
5097197
5099293
5092602
5094933
5097880
5094817
5100000
5098559
5099989
5098597
5100000
5094832
5100010
5099989
5100000
5100000
5100000
5100010
5099989
5100010
5099989
5100000
5099300
5098531
5100000
5100000
5100000
5100000
5098495
5099306
5097800
5100000
5096346
5100000
5098735
5099296
5100000
5100000
5100010
5099989
5100000
5100000
5100000
5100000
5100000
5100010
5099989
5099989
5100010
5100010
5096954
5099314
5100010
5099289
5096973
5100000
5100000
5100010
5099283
5099989
5100000
5100000
5100000
5099254
5100010
5099969
5099310
5100000
5100000
5099979
5100020
5100000
5100000
5100010
5099989
5100010
5099989
5100010
5097110
5099989
5100000
5100000
5099323
5099989
5100000
5100010
5099989
5100000
5100000
5100000
5100000
5100000
5099989
5100010
5099989
5100010
5100000
5099281
5098585
5100000
5099989
5100000
5099989
5098560
5100000
5100000
5100000
5100000
5100000
5100000
5100000
5099989
5100000
5100020
5100000
5099989
5100000
5100000
5100000
5100000
5100000
5100000
5100000
5100000
5100000
5100000
5100000
5100000
5100000
5100000
5100000
5100000
5100000
5100000
5100000
5100000
5100000
5100010
5100000
5099989
5100000
5100000
5100000
5100000
5100000
5100010
5099989
5100010
5099989
5100010
5099989
5100000
5100000
5100000
5099989
5100010
5100010
5099989
5100010
5099989
5100010
5100000
5099989
5100000
5100010
5099989
5100000
5100000
5100010
5100000
5099989
5100000
5100000
5100000
5100000
5100000
5099979
5100030
5099989
5100000
5100000
5100000
5100000
5100000
5100000
5100010
5100000
5099989
5100000
5100000
