2859664
3296037
5090053
5100115
5100000
5100000
5100000
5100010
5099989
5100010
5099989
5100010
5099989
5100000
5099989
5100020
5100000
5099989
5099989
5100020
5099989
5100010
5099989
5100010
5100000
5100000
5100000
5100000
5099969
5100030
5100000
5099989
5100000
5100020
5099979
5100000
5100010
5100000
5100000
5100000
5100000
5100000
5099979
5100020
5100000
5100000
5100000
5100010
5099979
5100020
5099989
5100000
5099989
5100000
5100010
5099979
5100020
5100000
5099989
5100000
5100000
5100000
5100000
5100000
5100010
5099989
5100000
5100000
5100000
5100010
5100000
5099989
5100010
5100000
5099989
5100010
5100000
5100000
5097692
5100000
5100000
5099989
5100000
5097692
5100000
5098025
5097717
5097682
5095378
5091034
5095368
5088564
5095376
5095405
5093393
5093554
5095227
5095808
5091080
5098493
5099989
5099989
5100010
5099989
5100010
5099989
5098556
5099558
5099742
5099989
5100000
5099989
5100020
5100000
5099989
5100000
5100010
5099989
5100000
5100000
5100000
5100010
5099989
5100000
5100000
5100000
5100000
5100020
5099989
5100000
5099989
5100010
5100000
5100010
5099989
5100000
5100000
5100000
5100000
5100000
5100000
5100000
5099989
5100000
5100000
5100010
5099989
5100000
5100010
5100010
5099979
5100010
5100010
5099979
5100020
5099979
5099989
5100010
5100000
5100010
5099989
5100000
5100000
5100000
5100010
5100000
5100000
5099989
5100000
5100010
5099989
5100000
5100010
5099989
5100000
5100010
5100000
5099989
5100010
5099989
5100000
5100010
5099989
5099989
5100020
5100000
5099989
5100010
5099989
5099989
5100030
5099979
5100000
5100010
5099989
5100000
5099989
5100020
5099979
5100010
5100010
5099989
5100000
5100000
5100010
5099979
5100010
5100000
5100010
5100000
5099989
5100010
5099989
5100000
5099989
5100020
5100000
5100000
5099989
5100000
5099989
5100020
5100000
5099989
5100010
5100000
5099989
5100010
5099989
5100000
5100020
5099989
5100000
5100000
5100000
5100000
5100000
5100010
5099989
5100000
5100000
5099123
5099989
5097544
5100000
5099372
5098965
5095679
5098859
5099645
5098052
5099172
5099821
5100000
5100000
5097817
5100000
5097809
5099664
5098808
5099290
5097074
5098039
5098837
5097819
5099445
5096912
5099490
5099356
5098052
5096905
5098402
5099299
5100000
5100010
5097806
5100000
5100000
5098585
5099834
5100000
5099979
5099568
5099989
5100020
5100000
5099989
5100010
5100000
5100010
5099280
5099456
5100000
5100000
5100000
5100000
5100000
5100000
5100000
5100000
5100000
5100000
5100000
5100000
5100000
5100000
5100000
5099989
5100000
5100020
5099989
5100000
5100000
5100000
5100000
5100010
5099959
5100030
5100000
5100000
5100010
5099989
5100000
5100000
5100010
5099989
5100000
5099989
5100010
5100000
5100000
5100000
5099989
5100010
5100000
5100000
5100000
5100000
5100000
5100000
5100000
5100000
5100000
5100000
5100000
5100000
5100000
5100010
5099989
5100000
5100000
5100000
5100000
5100000
5100000
5099979
5100020
5100000
5100000
5100000
5100010
5099979
5100000
5100010
5100000
5100000
5100010
5099969
5100020
5100000
5100010
5099989
5100000
5100000
5100000
5100010
5099989
5100000
5100000
5100000
5100000
5100010
5099989
5100000
5100000
5100000
5100000
5100000
5100000
5100000
5100000
5100000
5100000
5100000
5100000
5100000
5100000
5100000
5100000
5100000
5100000
5100000
5100000
5100000
5100000
5100000
5100000
5100010
5099969
5100030
5100000
5099989
5100000
5100000
5099989
5100010
5100010
5099989
5100000
5100010
5099989
5100000
5100010
5099989
5099989
5100010
5100000
5100000
5100000
5100000
5100000
5100000
5100000
5100010
5099989
5099979
5100020
5100000
5100000
5100000
5100000
5100000
5100000
5100000
5100000
5100000
5100000
5099989
5100010
5100000
5100000
5100010
5099989
5100000
5100000
5100000
5100000
5100010
5099989
5100000
5100000
5100000
5100000
5100000
5099989
5100010
5100010
5099989
5100000
5100000
5100000
5100000
5100000
5100010
5099989
5100000
5100000
5100000
5100000
5100000
5100000
5100000
5100000
5100000
5100000
5100000
5100000
5100000
5100000
5100000
5100010
5099989
5100000
5100010
5100000
5099989
5100000
5100000
5100000
5100000
5100000
5100000
5100000
5100000
5100000
5100010
5099989
5100000
5100000
5100000
5100000
5100010
5099989
5100000
5100000
5100000
5100000
5100010
5099989
5100000
5100000
5100000
5100000
5100000
5100000
5099979
5100020
5100000
5100000
5100000
5100000
5100000
5100000
5100000
5100000
5100010
5099989
5100000
5100000
5100000
5099989
5100000
5100000
5100010
5099989
5100020
5099989
5100010
5100000
5100000
5099989
5100000
5100010
5099989
5100000
5099989
5100010
5100010
5099989
5100010
5099989
5100000
5100010
5099989
5100010
5099989
5100000
5100000
5099989
5100010
5100010
5100000
5099989
5100000
5100000
5100000
5100000
5100000
5100000
5100000
5100000
5100000
5100000
5100000
5100000
5100000
5100000
5100000
5099989
5100010
5100000
5100000
5100000
5100000
5100000
5099979
5100020
5100000
5100000
5100000
5100010
5099989
5099979
5100020
5100010
5100000
5099989
5100010
5099989
5100010
5099989
5100000
5100000
5100000
5100000
5100010
5100000
5099989
5099989
5099989
5100030
5099979
5100010
5100000
5099989
5100010
5100010
5099989
5100000
5100000
5100010
5099989
5100000
5100000
5100000
5099989
5100010
5100000
5100000
5100000
5100000
5100000
5100000
5100000
5100000
5100000
5100000
5099989
5100010
5100000
5100000
5100000
5100000
5100000
5100000
5100000
5100000
5100000
5100010
5099989
5100000
5100000
5100000
5100010
5099989
5099979
5100020
5100000
5100000
5100000
5100000
5100000
5100000
5100010
5099989
5100000
5100000
5100000
5100000
5100000
5100010
5099989
5100010
5099989
5100000
5099989
5100010
5100000
5100000
5100000
5100000
5100000
5100000
5100000
5100000
5099989
5100010
5100000
5100000
5100010
5099989
5100000
5099989
5100010
5100000
5100000
5100000
5100010
5099989
5100000
5100000
5099989
5100010
5099989
5100010
5100000
5100000
5100000
5100000
5100010
5099989
5099989
5100000
5100010
5100000
5100000
5100000
5100000
5100000
5100000
5100000
5099979
5100020
5100000
5100000
5100000
5100000
5100000
5100010
5099989
5100010
5099989
5100000
5100010
5099989
5099979
5100020
5100000
5100010
5099989
5100010
5099989
5100000
5099979
5100020
5100000
5100000
5100000
5100000
5100000
5100000
5100000
5100000
5100010
5099989
5100000
5100000
5100000
5100000
5100000
5100000
5099989
5100010
5100000
5100000
5100000
5100000
5100000
5100000
5099979
5100020
5099989
5100010
5100000
5100000
5100000
5100000
5100000
5100010
5099989
5100000
5100000
5100000
5100000
5099989
5099174
5099259
5097725
5098687
5099000
5100000
5100000
5100010
5099832
5097052
5098540
5100000
5099288
5098775
5096310
5095751
5100000
5099283
5099674
5096844
5098988
5098681
5100000
5099910
5099040
5099989
5099989
5100010
5100000
5100000
5099989
5100010
5099286
5100000
5100010
5099989
5100000
5100000
5100000
5100000
5100000
5100000
5100000
5100000
5100000
5099989
5100010
5100010
5099989
5099979
5100030
5100000
5099989
5100000
5100000
5100000
5100000
5100000
5100000
5100000
5100000
5100000
5100000
5100000
5100000
5100000
5100000
5100010
5099989
5100000
5100000
5100000
5100000
5100000
5100000
5100000
5100000
5100000
5100010
5099989
5100000
5100000
5100000
5100000
5100000
5100010
5099979
5100010
5100000
5100010
5099989
5100000
5100000
5100000
5100000
5100000
5099979
5100020
5100000
5100000
5100010
5099989
5100000
5100000
5100000
5100000
5100000
5100000
5100000
5100000
5100000
5100010
5099989
5100000
5100000
5100000
5100000
5100000
5100010
5099989
5100000
5099979
5100020
5100000
5100000
5100000
5100000
5100000
5100010
5099989
5100000
5100000
5100000
5100000
5100000
5100010
5099989
5100000
5100000
5100000
5100000
5100000
5100000
5100010
5099989
5100000
5100000
5100000
5100000
5100010
5099989
5099989
5100020
5099989
5100000
5100000
5100000
5100000
5100000
5100010
5099979
5100010
5100010
5099989
5100010
5100000
5099989
5100010
5099989
5100000
5100000
5100000
5100000
5100000
5100000
5100000
5100000
5100000
5100000
5100000
5100000
5100010
5099989
5100000
5100010
5099979
5100010
5100000
5100000
5100000
5100000
5100000
5100000
5100000
5100000
5100000
5100000
5100000
5100000
5100010
5099989
5100000
5100000
5100000
5100010
5099989
5100000
5100000
5100000
5100010
5099989
5099979
5100020
5100000
5100000
5100000
5100000
5100000
5100000
5100000
5100000
5099989
5100010
5100000
5100010
5099989
5099989
5100010
5100000
5099989
5100010
5100000
5100000
5100000
5100000
5099989
5100010
5100000
5100000
5100000
5100000
5099989
5100010
5100010
5099989
5100010
5099969
5100020
5100000
5100010
5099989
5100000
5100000
5100000
5100000
5100000
5099989
5100010
5100000
5100000
5100000
5100000
5100000
5100000
5099979
5100020
5100000
5100010
5099989
5100000
5100000
5100000
5100000
5100000
5100000
5100000
5100000
5100000
5064093
5100020
5100000
5100000
5100000
5099989
5100010
5100000
5100000
5100000
5100010
5099989
5100000
5100000
5100000
5100000
5100000
5099989
5100010
5100000
5100000
5100010
5100000
5099989
5100000
5100000
5100010
5099979
5100010
5100000
5100000
5100000
5100010
5099989
5100000
5100000
5099989
5100010
5100000
5100000
5100000
5100010
5099989
5100000
5100010
5099989
5100000
5100000
5100000
5100000
5100000
5099989
5100010
5100000
5100000
5100000
5100000
5100000
5100000
5099989
5100010
5100000
5100000
5100000
5100000
5100000
5100000
5100000
5100000
5100000
5100000
5100000
5100000
5100000
5100000
5100000
5100000
5100000
5100000
5100000
5100000
5100000
5100000
5100000
5100000
5100010
5099989
5099989
5100020
5099989
5100010
5099989
5100000
5100000
5100000
5099989
5100010
5100000
5100000
5100010
5099989
5100000
5100000
5100000
5100000
5100000
5100000
5100000
5100000
5100000
5100000
5100000
5099989
5100010
5100000
5100000
5100000
5100000
5100000
5100000
5100010
5099979
5100010
5100000
5100000
5100010
5100000
5100000
5099989
5100000
5100000
5100000
5100000
5100000
5099989
5100010
5100000
5100000
5099989
5100010
5100000
5100000
5100000
5100000
5100000
5100000
5100000
5100000
5100000
5100010
5099989
5100000
5100000
5100000
5100000
5100000
5099979
5100020
5100000
5100000
5099989
5100010
5099979
5100020
5100000
5100000
5100000
5100000
5100000
5100010
5099989
5100000
5100000
5100000
5100000
5100000
5100000
5099989
5100010
5100000
5100010
5099989
5100000
5100010
5100000
5099989
5100000
5100010
5099989
5100000
5100000
5100000
5100000
5100000
5100000
5100010
5099989
5100000
5100000
5100010
5099979
5100010
5100000
5100000
5100000
5099989
5100020
5100000
5099989
5100000
5100010
5099989
5099969
5100030
5100010
5100000
5099989
5100000
5100000
5100010
5099989
5100000
5100000
5099979
5100020
5100000
5100000
5100000
5100010
5099989
5100000
5100000
5099989
5100010
5100000
5100000
5100000
5100000
5099989
5100010
5100000
5100000
5100000
5100000
5100000
5100000
5100000
5100000
5100000
5100000
5100000
5100000
5100000
5100000
5100000
5100000
5100000
5100010
5099989
5100000
5100000
5099989
5100000
5100010
5099989
5100010
5100000
5100000
5099989
5100010
5100000
5100000
5100010
5099989
5100000
5100010
5099989
5100000
5100000
5099979
5100020
5100000
5100000
5100000
5100000
5100000
5100000
5100000
5099989
5100020
5099989
5100000
5100000
5100000
5100000
5100000
5100000
5100000
5100000
5100000
5099989
5100010
5100000
5100010
5099989
5100010
5099989
5100000
5100000
5100000
5099989
5100010
5100000
5099989
5100010
5100010
5099989
5100000
5100000
5100000
5100010
5099989
5100000
5100000
5100000
5100000
5100000
5100000
5099979
5100020
5100000
5100000
5100000
5100000
5100000
5100010
5099989
5100010
5099989
5099989
5100020
5099989
5100000
5099989
5100010
5100000
5100000
5100000
5100000
5100010
5100000
5100000
5100000
5099989
5100010
5099989
5099989
5100010
5100000
5100000
5100000
5100000
5099989
5100020
5099989
5100000
5100010
5099989
5100000
5100000
5100000
5099989
5100010
5100010
5099989
5100000
5099989
5100010
5100000
5100000
5100010
5100000
5099989
5100000
5100010
5100000
5099989
5099979
5100020
5100000
5100000
5100000
5100000
5100000
5100000
5100000
5100000
5100000
5100000
5099989
5100000
5100020
5099989
5100000
5100000
5100000
5100000
5100000
5099989
5100010
5100000
5100000
5100010
5099989
5100000
5100000
5100000
5099979
5100020
5100000
5100000
5100000
5099989
5100010
5100000
5100000
5100000
5100000
5099979
5100020
5100000
5100000
5100000
5099989
5100010
5100000
5100000
5100000
5100010
5100000
5099979
5100010
5100000
5100000
5100010
5099989
5100000
5100010
5099979
5100010
5099979
5100020
5100000
5100000
5100000
5100000
5100000
5099559
5100000
5100000
5100000
5099989
5100010
5100000
5100000
5100000
5100000
5097877
5100000
5100000
5100010
5099989
5100000
5099092
5099979
5098291
5099111
5100000
5100000
5100000
5096286
5100000
5097680
5098108
5099836
5097084
5098684
5100000
5100000
5099261
5100000
5100000
5100000
5100000
5099325
5099891
5093823
5098307
5099369
5099509
5097697
5097617
5094614
5099860
5096142
5094695
5097718
5098485
5098774
5100010
5097518
5098590
5096717
5098024
5100020
5100010
5095349
5093032
5098510
5097585
5097169
5097247
5097534
5098643
5098928
5099282
5099666
5096040
5097734
5100020
5099477
5093332
5099344
5099826
5099671
5099979
5098821
5097690
5097692
5093619
5098940
5097585
5097541
5093437
5097712
5095753
5100000
5100000
5098545
5098788
5094807
5098550
5100000
5098275
5096844
5090002
5095087
5098723
5099288
5098212
5099940
5098140
5098405
5097488
5090300
5097287
5096752
5099002
5100000
5097808
5099325
5093210
5093362
5098924
5099714
5099683
5095853
5096396
5100000
5098175
5090842
5096280
5095463
5099475
5099280
5094855
5091653
5097182
5097872
5098243
5098017
5097057
5099290
5098783
5100000
5099989
5098923
5099288
5095584
5098648
5097255
5098415
5097648
5087492
5091524
5097621
5099989
5099472
5100000
5100010
5099989
5100000
5100000
5100000
5100000
5100000
5100000
5100000
5099273
5100000
5100000
5100000
5100000
5100010
5099989
5100000
5100000
5100000
5100000
5100010
5099989
5100000
5100000
5099989
5100010
5100010
5099989
5100000
5100000
5100000
5100000
5100000
5099989
5100010
5100000
5100000
5100010
5099979
5100010
5100000
5100000
5100000
5100000
5100000
5100010
5099979
5100020
5099989
5100000
5100000
5100000
5100000
5100000
5100000
5099989
5100010
5100000
5100000
5100000
5100010
5099989
5099979
5100020
5100000
5100000
5100010
5099989
5100000
5100000
5100000
5100000
5100000
5100000
5100000
5100000
5100000
5100010
5099989
5100000
5100010
5100000
5099979
5100020
5099979
5100010
5100000
5100000
5100000
5100000
5100000
5100000
5100010
5100000
5099979
5100020
5099989
5100000
5100000
5099989
5100010
5099989
5100010
5100000
5100000
5100010
5099989
5099979
5100020
5100000
5100000
5100000
5100000
5100000
5100000
5100010
5099989
5100000
5100010
5099979
5100020
5099989
5100000
5100000
5100000
5100010
5099989
5100000
5100000
5100000
5099989
5100010
5100000
5100000
5100000
5100010
5099989
5100000
5100000
5099989
5100010
5100000
5100000
5099989
5100010
5100000
5100000
5100000
5100010
5099979
5100010
5100000
5100010
5099989
5099979
5100020
5100000
5100000
5100000
5099989
5100000
5100010
5100000
5100010
5099989
5100000
5100010
5099989
5100000
5100010
5099989
5100000
5100010
5099989
5099969
5100030
5100000
5100000
5100000
5099989
5100010
5100000
5100000
5100000
5100000
5100000
5099989
5100010
5100000
5100000
5100010
5099989
5100000
5100000
5099979
5100010
5100010
5100000
5100000
5100000
5100000
5099989
5100010
5100000
5100000
5100000
5100000
5100000
5100000
5100010
5099989
5100000
5100000
5100000
5100000
5099989
5100010
5100000
5100000
5099989
5100010
5099989
5100010
5100000
5100000
5100010
5099989
5100000
5100010
5099989
5100000
5100000
5100000
5100000
5100000
5100000
5100010
5099979
5100010
5099989
5100010
5100000
5100000
5100000
5100000
5100000
5100000
5100000
5100000
5100000
5100000
5100010
5099989
5100010
5099989
5100000
5100010
5099969
5100020
5099989
5100010
5100000
5100000
5100000
5100000
5100000
5099979
5100020
5100000
5100000
5100000
5100010
5099989
5100000
5100000
5100000
5100000
5099979
5100020
5100000
5100010
5099989
5100000
5100000
5100000
5099979
5100020
5100000
5100010
5099989
5100010
5099989
5099989
5100010
5100010
5099989
5100000
5100010
5099989
5100000
5100000
5100000
5100000
5100000
5099989
5100020
5099989
5100000
5100000
5100000
5100000
5100000
5099989
5100010
5100000
5100000
5100000
5100000
5100000
5099989
5100010
5100000
5100000
5100000
5100000
5099989
5100010
5100000
5100000
5100000
5100000
5100000
5100000
5100000
5099989
5100020
5100000
5099989
5100000
5099989
5100010
5100000
5100000
5100000
5100000
5100000
5100000
5100000
5100000
5100000
5100000
5100000
5099979
5100030
5099989
5100000
5100000
5100010
5099989
5100000
5099989
5100010
5099989
5100010
5100000
5100000
5100000
5100000
5100000
5100000
5100010
5099989
5099979
5100030
5099989
5100000
5100000
5099989
5100010
5100000
5100000
5100000
5100010
5100000
5099989
5100000
5100000
5100000
5100000
5100000
5100000
5100000
5100000
5100000
5100000
5100000
5100010
5099979
5099556
5098014
5098307
5100010
5099989
5100000
5100010
5099989
5099529
5097620
5098499
5099276
5098460
5100000
5100000
5100000
5099322
5100000
5100000
5100000
5100000
5096562
5094533
5100000
5100000
5100000
5098443
5096067
5095479
5098885
5097825
5097469
5096262
5097687
5096615
5100000
5099322
5099989
5097703
5099989
5097674
5097675
5097140
5091674
5100000
5097685
5094477
5092862
5096668
5097122
5100000
5096668
5095983
5093989
5097692
5096651
5095477
5095372
5097702
5097655
5095153
5092742
4964984
5097377
5096935
5098714
5090755
5097684
5097671
5100020
5096461
5094577
5091531
4926728
5099292
5100000
5097692
5100000
5100000
5100000
5097692
5097431
5100000
5097055
5096002
5094010
5096752
5097691
5095349
5095349
5097714
5100000
5100000
5099218
5100000
5096043
5090448
5098497
5095405
5091125
5092621
5090461
5092673
5093456
5091862
5094233
5095358
5090736
5090399
5095647
5095369
5097699
5088949
5092442
5095357
5094872
5092665
5091635
5093059
5093086
5095360
5092916
5093056
5094359
5087984
5032199
5032024
5088216
5090935
4966466
5100000
5093025
5093061
5092875
5090892
5093054
5089445
5089705
5095335
5085970
5085675
5085686
5088005
5089504
5092584
5087776
5088261
5088517
5084765
5086945
5088447
5088000
5085729
5090733
5088256
5086520
5090489
5091820
5087990
5083769
5090725
5092967
5091639
5085686
5090332
5087982
5083996
5090160
5090278
5090345
5090344
5088370
5093812
5086305
5085670
5084815
5090040
4903042
5085658
5092673
5086914
5090644
5088870
5090254
5096122
5085282
5090799
5092127
5091526
5091039
5084054
5092278
5092244
5088928
5085675
5091990
5086378
5088014
5092889
5090443
5093009
5090569
5087075
5093931
5091078
5089536
5088590
5086249
5089468
5093910
5093170
5096578
5093922
5100000
5099989
5100010
5100000
5098144
5088618
5100000
5099989
5100010
5099989
5100010
5100000
5100010
5099989
5097146
5099989
5100010
5099989
4966779
5098514
5099989
5096391
5100000
5099989
4906650
5100000
5100000
5100000
5100000
5100010
5099989
5099979
5100020
5100000
5100000
5100000
5100000
5100000
5099989
5100010
5099989
5100020
5099989
5100000
5100010
5099989
5100000
5100000
5100000
5100000
5100000
5100000
5100000
5100000
5100000
5100000
5100000
5099979
5100020
5099989
5100020
5099989
5100000
4955191
5099263
5098399
4973932
5092601
5100000
5100000
5099301
5100000
5097834
4962079
5100000
4966105
5100010
5097962
5097415
5099389
5100010
5098557
5096160
5100000
5100000
5100000
5100000
5100000
5100000
5100000
5098560
5100000
5100000
5099290
5100000
5100000
5100000
5100000
5099989
5100010
5100000
5100000
5100010
5099989
5100000
5100000
5100000
5100000
5100000
4910996
5094167
4976665
5100000
5100000
5100000
5100000
5100000
5100000
5100000
5100000
5100000
5100000
5100010
5099989
5100000
5100000
5100000
5100000
5100000
5100000
5100000
5100000
5100010
5100000
5100000
5099989
5100010
4916715
5099013
4905188
5097106
5100000
5100000
4936162
5072360
5100000
4906295
5100010
4910900
4986677
5073754
5100010
4919352
5100010
5100010
5099989
5100000
4894593
5098903
5100000
5062564
5002679
5100010
5099989
4902954
5093915
5100030
5099989
5100000
4964376
5100000
5100000
4962921
5099749
5082762
4904734
5097798
4982231
5099829
4903823
5100000
5100000
5100000
5100000
4964207
5098310
4905441
5100020
4917391
5097795
5100000
4911080
5095794
4962994
5100010
4924105
5095908
5100000
5100000
4904011
5094650
4913621
5097833
4913127
5099979
5023795
5039688
5100000
4935939
5072280
4960725
5008924
5059496
4969134
5100000
4913217
5100000
4917076
5100000
4901114
5100010
5100000
5100000
4965455
4900483
5096295
4969443
4979026
5100000
4970791
4905616
5099866
5100000
4897726
5100000
4973653
5037700
5030484
4911529
4972796
5083108
5100020
4966773
4955100
5050729
4975518
5077984
4991776
4965202
4908058
5097875
4914310
4964140
5098252
4898671
5098286
4910999
4943584
5070439
4966986
5003460
5063990
4969047
5099989
4966699
5094015
4910537
4963660
4915546
5082880
4982432
4964309
4910927
5098465
4912445
4971622
4912640
5098534
4916944
5034440
5028836
4913894
4904546
5096580
4892234
5099989
4910126
4911908
5006810
5009800
4916365
5035171
5071736
4991660
4959574
5013007
5040486
4970050
4968878
5018315
4989792
4861823
4914108
5100000
4906703
4962810
4965729
4963503
4965192
4995226
5018567
4971971
4919689
4975083
4920503
5100000
4969823
4900762
4962269
4963670
4963191
5006846
4944263
4969595
4980345
4987023
5078684
4963516
4910854
4905741
5051536
5010277
4960423
4903038
4921659
5095714
4969053
4960435
4977436
4906587
5098321
4967313
4926155
4981334
5005904
4939449
4920676
4963712
4935232
5044584
4931786
4967592
4911042
4979552
5035891
5045449
4908649
4922028
4957382
4902931
5002225
4988842
4904043
4948730
5052303
4910554
4973524
4972650
4957889
5047653
4912441
4965271
4959692
4916722
4906595
5099634
4971834
4970361
4923337
4906811
5040168
5035077
4906519
4977684
4965781
4904527
4913925
4989528
5014003
4932325
4963734
4958847
4914742
5013171
5001398
4943385
4915281
4901726
4899084
5058430
5005072
4911047
4912956
4921855
4901649
4906551
4998560
5021058
4971462
4908860
4919191
4898402
4973738
4908640
4900230
4949126
4985787
5040991
4981247
4968998
4906542
4914871
4967308
4943797
4904020
4974607
5024225
4985817
4921464
4916097
4919171
4970531
4965460
4975376
4975319
5000810
4949345
4903369
4932606
4995184
4994568
4957867
4958176
4893597
5009748
4910621
4901756
4912737
4921624
4962846
4920857
4900994
4905666
4946408
4998632
4982646
4905731
4898616
4923169
4902929
4917280
4905566
4919710
5017078
5035940
4970270
4973132
4925255
4963544
4909604
4911512
4904110
4976196
4971090
5011335
5054882
4904940
5034685
4959373
4913649
4962931
4969353
4915613
4901544
4903301
4900516
4973087
4962495
4974623
5006252
5002485
4956753
4914916
4960613
4975744
4960723
4909252
4909125
4903762
4967334
5003426
5014318
4874466
5009292
4934029
4909004
4908812
4896811
4972361
4969168
4860592
4903811
4970721
4992694
5017025
4969858
4912281
4911145
4903522
4972582
4901271
4907782
4975960
4928971
5010983
4983861
4908090
4909416
4916513
4973283
4908260
4908850
4911810
4910192
4957074
4960658
4908399
4905881
4965159
4907841
5022531
4964634
4997464
4925221
4921399
4967924
4972146
4907173
4899125
4901693
4905282
4969344
4962430
4960425
5006601
5047579
4895151
4914303
4973602
5011349
4922555
4912611
4910209
4901540
4901536
4965528
4903437
4966550
4895924
4993135
4886830
5010324
4916630
5028846
5014399
4880931
5000781
4962432
4965672
4955618
4916804
4966719
4915940
4894193
4911134
4929136
5016796
4971423
4904847
4966434
4955873
4976145
4920146
4910846
4901109
4967602
4948019
5085537
5050594
4928512
4935040
4913372
4898324
4967352
4967075
4909048
4977563
4898559
4903132
4964170
4905261
4897909
4901764
4961901
4950127
4992455
4885116
5004904
4884023
4890928
4937675
5014808
4949638
4934246
4881379
4993141
5009424
4915891
4986297
4922881
4956878
4893452
4901670
4950426
4900960
4962387
4984812
5003915
4895142
5001261
4928907
4967283
4896905
4892596
4956205
4951294
4962431
4961536
4899020
4918069
4956709
4911462
4898884
4964149
4957182
4909977
4908004
4972421
4947097
4894230
4959630
4902501
4894500
4965785
4893432
4966369
4936581
5025127
4854265
5002897
4907447
4970774
4898416
4948854
4948475
4954472
4901897
4965204
4883402
4953695
5007960
4842651
4868441
4939388
4876491
4972217
4867926
4932474
4996510
4905735
4963043
4906240
4862411
5001475
4922300
4925867
4878207
4863995
4958292
4890658
4984377
4871385
5002604
4889910
4871796
4941264
4956357
4962765
4904429
4897088
4893375
4902304
4891178
4964632
4956155
4952440
4890946
4951423
4956859
4930677
4886096
4868438
4823138
4890729
4916476
4956640
4955325
4907550
4908071
4952637
4961059
4914157
4867760
4851658
4898502
4908623
4950462
4960340
4954694
4906059
4881382
4955953
4896038
4898837
4909340
4947273
4938236
4907797
4955609
4870971
4966218
4898756
4952458
4905415
4868283
4858641
4954754
4963036
4885788
4959251
4953905
4949399
4882317
4946532
4880327
4946126
4874246
4829664
4987094
4896975
4859053
4954942
4955600
4951345
4936476
4934571
4884590
4912703
4951404
4897654
4881333
4890067
4891296
4895121
4947272
4945182
4867686
4931775
4886015
4907662
4900355
4893238
4940331
4836495
4820779
4832588
4964563
4946400
4953384
4945789
4890413
4904354
4894425
4878030
4931643
4891969
4979978
4876844
4958379
4788617
4880449
4950170
4822574
4939357
4894846
4895125
4944592
4946393
4891636
4946916
4826488
4832077
4880728
4946142
4954951
4944839
4948638
4839428
4848253
4863995
4902178
4903643
4952837
4945532
4895761
4891265
4880583
4864655
4883524
4889386
4916570
4879974
4893143
4884554
4939440
4886901
4934270
4887570
4886245
4864251
4891671
4875433
4891654
4892137
4885710
4888563
4935323
4873989
4950480
4887873
4933589
4889606
4866874
4832808
4894189
4945737
4896278
4881376
4885300
4885718
4883008
4931913
4878667
4847527
4862577
4864900
4890217
4869471
4902052
4901327
4931628
4873948
4844856
4860728
4877916
4947709
4934393
4885766
4939314
4889752
4895308
4873638
4854452
4859105
4878797
4950176
4942052
4885081
4932266
4924195
4846736
4856524
4816989
4943914
4885443
4953039
4934448
4869152
4892266
4918546
4856733
4859815
4931773
4874379
4939914
4888301
4881778
4878117
4815347
4855110
4922313
4874848
4937730
4937235
4925066
4921162
4906980
4839795
4852780
4883853
4937014
4884848
4915429
4927692
4849024
4856580
4833080
4886332
4921323
4864485
4870622
4932777
4860822
4875153
4850045
4803488
4813270
4931427
4903579
4874172
4816572
4915933
4853533
4919980
4911368
4822974
4860176
4880974
4883449
4879574
4914479
4879144
4929908
4930855
4836914
4798569
4830901
4927532
4910670
4855118
4914703
4887727
4865833
4880105
4929389
4911199
4876748
4921070
4918292
4866368
4842383
4827415
4864007
4883444
4876841
4866430
4923161
4856096
4863081
4805846
4799704
4924760
4859751
4914441
4853925
4926457
4873149
4880123
4845708
4808287
4854306
4870148
4924085
4929868
4912358
4924501
4904816
4844630
4800545
4824518
4924160
4945045
4916515
4857522
4849306
4861823
4855545
4888917
4942655
4929376
4914609
4872972
4888793
4855627
4864401
4924477
4865821
4938681
4869765
4929430
4861336
4880366
4848243
4800522
4926838
4909327
4918093
4865786
4909287
4846984
4850119
4868753
4928723
4921673
4876484
4888859
4925258
4865634
4808971
4787006
4868849
4931810
4910228
4909883
4860676
4863647
4915714
4839161
4841536
4909876
4914747
4914194
4873964
4914616
4861725
4902005
4873027
4841131
4823596
4877177
4926979
4856540
4914355
4914068
4858076
4851064
4808401
4906558
4916347
4908074
4867503
4877049
4833287
4856584
4915175
4881315
4874905
4904509
4854052
4866646
4867889
4799927
4782411
4843363
4919647
4859217
4858800
4856488
4858651
4886486
4874847
4805695
4834650
4939208
4868187
4905797
4919667
4840866
4883281
4872429
4899235
4912227
4864733
4848864
4858679
4836816
4791579
4893855
4916905
4856267
4921498
4894205
4925086
4834049
4870349
4844670
4902792
4856015
4868933
4871540
4865068
4920501
4898485
4844667
4796049
4830105
4863631
4917838
4925722
4911169
4883597
4890362
4858599
4858592
4869071
4814023
4840194
4854912
4836099
4918781
4917176
4858952
4862330
4864888
4874512
4833879
4878661
4907924
4924479
4858609
4854085
4812966
4854125
4862916
4915629
4920989
4748531
4916881
4858198
4924979
4910021
4920546
4862686
4799081
4843722
4904557
4846610
4863486
4911913
4858794
4838633
4785642
4836072
4915119
4909763
4907438
4911327
4904457
4793951
4840030
4877680
4832746
4857465
4926234
4913558
4910311
4812327
4859318
4916736
4925022
4902437
4911122
4858486
4849442
4886652
4837232
4798704
