0.045166015625000
0.197143554687500
0.695434570312500
0.870605468750000
0.696838378906250
0.901977539062500
0.698913574218750
0.905090332031250
0.691467285156250
0.910400390625000
0.721679687500000
0.880432128906250
0.720520019531250
0.912048339843750
0.727539062500000
0.912231445312500
0.728759765625000
0.918029785156250
0.725402832031250
0.907226562500000
0.714843750000000
0.924865722656250
0.734985351562500
0.923400878906250
0.732482910156250
0.740112304687500
0.915527343750000
0.740356445312500
0.932861328125000
0.706909179687500
0.963989257812500
0.726318359375000
0.915649414062500
0.777221679687500
0.896667480468750
0.741271972656250
0.937805175781250
0.742919921875000
0.745483398437500
0.931579589843750
0.740600585937500
0.937561035156250
0.735473632812500
0.919982910156250
0.739074707031250
0.919433593750000
0.771301269531250
0.943969726562500
0.747253417968750
0.907653808593750
0.740844726562500
0.931335449218750
0.743225097656250
0.941345214843750
0.745361328125000
0.754821777343750
0.930358886718750
0.734130859375000
0.749084472656250
0.761230468750000
0.939025878906250
0.750488281250000
0.933349609375000
0.746826171875000
0.939697265625000
0.744323730468750
0.932373046875000
0.742736816406250
0.932006835937500
0.757202148437500
0.938720703125000
0.741516113281250
0.930419921875000
0.754760742187500
0.943298339843750
0.764526367187500
0.943725585937500
0.760070800781250
0.938964843750000
0.760925292968750
0.939819335937500
0.730590820312500
0.947204589843750
0.764038085937500
0.942810058593750
0.762451171875000
0.754272460937500
0.948486328125000
0.754699707031250
0.950195312500000
0.759033203125000
0.943237304687500
0.763549804687500
0.952575683593750
0.751770019531250
0.953063964843750
0.733337402343750
0.950317382812500
0.769836425781250
0.927124023437500
0.755798339843750
0.773742675781250
0.953491210937500
0.761108398437500
0.952453613281250
0.759826660156250
0.934204101562500
0.755981445312500
0.951660156250000
0.766174316406250
0.946289062500000
0.753173828125000
0.955871582031250
0.755432128906250
0.957031250000000
0.756103515625000
0.965637207031250
0.765502929687500
0.958618164062500
0.763488769531250
0.934509277343750
0.764221191406250
0.952575683593750
0.767517089843750
0.960815429687500
0.771179199218750
0.767211914062500
0.951171875000000
0.764221191406250
0.946777343750000
0.768066406250000
0.960815429687500
0.771301269531250
0.956665039062500
0.763183593750000
0.952453613281250
0.769714355468750
0.957336425781250
0.764343261718750
0.947265625000000
0.758422851562500
0.956909179687500
0.761474609375000
0.953491210937500
0.771301269531250
0.949157714843750
0.775207519531250
0.955749511718750
0.775329589843750
0.770935058593750
0.963562011718750
0.774658203125000
0.950988769531250
0.765441894531250
0.964416503906250
0.765991210937500
0.950500488281250
0.778259277343750
0.968261718750000
0.764282226562500
0.964599609375000
0.769592285156250
0.954528808593750
0.766845703125000
0.960144042968750
0.772338867187500
0.961425781250000
0.778015136718750
0.963012695312500
0.768920898437500
0.965270996093750
0.769470214843750
0.772521972656250
0.964294433593750
0.782775878906250
0.955749511718750
0.767456054687500
0.959167480468750
0.743713378906250
0.960266113281250
0.765075683593750
0.967285156250000
0.772644042968750
0.953308105468750
0.941101074218750
0.765197753906250
0.953308105468750
0.770629882812500
0.959594726562500
0.776428222656250
0.962158203125000
0.766906738281250
0.781311035156250
0.955261230468750
0.776672363281250
0.935729980468750
0.942565917968750
0.769775390625000
0.950073242187500
0.775329589843750
0.974304199218750
0.763854980468750
0.960693359375000
0.765808105468750
0.953918457031250
0.773986816406250
0.955932617187500
0.779357910156250
0.780761718750000
0.954528808593750
0.776550292968750
0.961975097656250
0.770080566406250
0.964904785156250
0.777282714843750
0.958190917968750
0.776428222656250
0.955017089843750
0.768371582031250
0.955749511718750
0.780029296875000
0.945983886718750
0.781555175781250
0.976806640625000
0.772583007812500
0.945129394531250
0.798278808593750
0.945922851562500
0.800109863281250
0.943664550781250
0.782165527343750
0.984497070312500
0.781677246093750
0.991027832031250
0.771179199218750
0.970886230468750
0.767456054687500
0.976501464843750
0.748291015625000
0.980712890625000
0.774902343750000
0.980651855468750
0.773742675781250
0.988464355468750
0.792114257812500
0.940673828125000
0.777038574218750
0.953552246093750
0.769470214843750
0.978759765625000
0.770874023437500
0.968994140625000
0.773559570312500
0.977478027343750
0.773315429687500
0.973999023437500
0.771606445312500
0.986328125000000
0.787170410156250
0.988403320312500
0.778625488281250
0.789672851562500
0.984130859375000
0.779296875000000
0.984497070312500
0.780395507812500
0.982849121093750
0.958801269531250
0.789367675781250
0.791320800781250
0.972290039062500
0.779113769531250
0.958312988281250
0.977539062500000
0.776550292968750
0.982666015625000
0.782348632812500
0.987670898437500
0.789367675781250
0.782836914062500
0.982910156250000
0.779602050781250
0.983947753906250
0.781311035156250
0.978515625000000
0.786315917968750
0.985290527343750
0.793212890625000
0.991699218750000
0.789428710937500
0.979064941406250
0.790222167968750
0.986328125000000
0.787414550781250
0.987670898437500
0.783508300781250
0.990844726562500
0.787597656250000
0.789550781250000
0.977416992187500
0.793762207031250
0.989379882812500
0.783386230468750
0.989196777343750
0.795715332031250
0.978698730468750
0.799743652343750
0.979614257812500
0.789367675781250
0.979675292968750
0.795288085937500
0.984069824218750
0.791564941406250
0.791198730468750
0.991027832031250
0.791076660156250
0.994262695312500
0.779479980468750
0.988891601562500
0.779235839843750
0.984008789062500
0.783691406250000
0.985046386718750
0.794189453125000
0.984741210937500
0.794860839843750
0.977966308593750
0.788635253906250
0.982849121093750
0.791320800781250
0.981262207031250
0.791320800781250
0.985412597656250
0.793395996093750
0.989868164062500
0.797790527343750
0.792480468750000
0.989746093750000
0.786682128906250
1.001525878906250
0.789794921875000
1.002258300781250
0.800354003906250
0.993774414062500
0.793945312500000
0.987182617187500
0.796691894531250
0.951965332031250
0.793945312500000
0.987915039062500
0.787780761718750
0.992004394531250
0.797180175781250
0.989746093750000
0.791809082031250
0.997131347656250
0.767517089843750
0.990417480468750
0.793273925781250
0.972045898437500
0.797241210937500
0.990478515625000
0.802551269531250
0.786010742187500
0.999145507812500
0.789855957031250
0.994995117187500
0.795837402343750
0.982177734375000
0.795715332031250
0.985412597656250
0.803710937500000
0.996398925781250
0.801574707031250
0.999633789062500
0.804626464843750
0.798217773437500
1.000122070312500
0.787597656250000
0.994018554687500
0.785095214843750
1.001525878906250
0.786804199218750
0.984497070312500
0.791748046875000
0.993164062500000
0.795104980468750
0.986267089843750
0.808349609375000
0.994140625000000
0.785766601562500
0.997924804687500
0.801147460937500
0.790222167968750
0.989013671875000
0.960632324218750
0.798950195312500
0.800476074218750
1.002502441406250
0.795776367187500
1.016540527343750
0.813049316406250
0.986694335937500
0.810974121093750
0.811096191406250
1.003540039062500
0.821899414062500
1.000305175781250
0.804748535156250
0.986999511718750
0.778564453125000
0.995544433593750
0.809936523437500
0.980651855468750
0.796447753906250
0.995727539062500
0.802856445312500
1.004821777343750
0.817932128906250
0.789978027343750
0.992553710937500
0.797790527343750
1.006042480468750
0.797729492187500
0.992614746093750
0.787353515625000
0.992675781250000
0.790771484375000
0.977783203125000
0.783569335937500
0.995178222656250
0.976501464843750
0.790893554687500
1.000061035156250
0.795898437500000
0.990112304687500
0.802978515625000
0.800720214843750
1.007507324218750
0.800170898437500
1.008178710937500
0.817871093750000
0.968322753906250
0.791687011718750
0.994934082031250
0.788879394531250
0.999084472656250
0.801818847656250
0.987060546875000
0.797668457031250
0.987915039062500
0.798339843750000
0.989990234375000
0.801757812500000
0.993530273437500
0.800842285156250
0.993713378906250
0.808471679687500
0.997253417968750
0.792480468750000
1.002380371093750
0.791320800781250
0.998596191406250
0.801086425781250
0.998413085937500
0.793029785156250
0.994079589843750
0.795166015625000
0.813476562500000
0.994873046875000
0.977905273437500
0.789184570312500
0.997375488281250
0.791259765625000
0.804443359375000
1.000549316406250
0.802795410156250
0.959228515625000
0.974304199218750
0.797790527343750
1.002929687500000
0.789916992187500
0.996459960937500
0.796264648437500
1.001037597656250
0.800659179687500
0.791931152343750
0.999755859375000
0.810058593750000
0.990051269531250
0.807678222656250
0.999511718750000
0.769775390625000
0.992187500000000
0.796936035156250
0.999023437500000
0.777465820312500
0.987976074218750
0.962463378906250
0.791381835937500
0.801025390625000
1.007202148437500
0.802429199218750
0.987060546875000
0.797790527343750
0.997192382812500
0.808471679687500
0.992858886718750
0.803894042968750
0.991516113281250
0.790161132812500
0.980041503906250
0.800109863281250
1.001220703125000
0.792297363281250
0.993103027343750
0.796630859375000
0.964172363281250
0.790832519531250
0.998291015625000
0.795227050781250
0.999206542968750
0.795166015625000
0.996337890625000
0.789367675781250
0.997497558593750
0.801879882812500
0.989318847656250
0.787475585937500
0.798828125000000
0.992126464843750
0.972290039062500
0.790344238281250
0.994812011718750
0.785766601562500
0.997558593750000
0.784973144531250
0.797912597656250
0.990356445312500
0.797851562500000
0.987792968750000
0.794799804687500
0.969177246093750
0.979309082031250
0.791992187500000
0.958557128906250
0.789489746093750
0.991149902343750
0.788635253906250
0.984191894531250
0.790527343750000
1.000854492187500
0.788818359375000
0.973022460937500
0.803405761718750
1.002929687500000
0.790771484375000
1.001403808593750
0.789245605468750
0.795043945312500
0.994262695312500
0.796630859375000
0.985290527343750
0.791076660156250
1.005187988281250
0.788513183593750
0.988647460937500
0.796264648437500
0.983093261718750
0.789978027343750
0.981628417968750
0.795104980468750
0.982177734375000
0.795715332031250
0.985839843750000
0.967651367187500
0.789855957031250
0.794250488281250
0.986389160156250
0.805297851562500
0.986572265625000
0.780151367187500
0.991516113281250
0.782958984375000
0.998535156250000
0.797119140625000
1.000549316406250
0.790588378906250
0.969238281250000
0.786743164062500
1.003906250000000
0.790039062500000
0.997314453125000
0.795593261718750
0.999267578125000
0.788635253906250
0.995239257812500
0.790588378906250
0.993103027343750
0.797851562500000
0.990661621093750
0.795227050781250
1.002685546875000
0.813232421875000
0.784423828125000
0.986206054687500
0.784423828125000
0.997802734375000
0.803649902343750
1.005493164062500
0.794616699218750
0.995910644531250
0.788757324218750
0.995117187500000
0.783264160156250
1.001037597656250
0.789062500000000
0.811218261718750
0.996093750000000
0.788696289062500
0.985778808593750
0.784240722656250
0.989013671875000
0.781616210937500
0.984375000000000
0.948181152343750
0.923645019531250
0.803039550781250
0.978332519531250
0.769836425781250
1.001953125000000
0.802673339843750
0.802612304687500
0.977905273437500
0.807373046875000
0.999450683593750
0.804931640625000
0.995361328125000
0.784057617187500
1.008544921875000
0.752319335937500
0.939758300781250
0.970825195312500
0.794372558593750
0.986022949218750
0.799682617187500
0.989685058593750
0.796813964843750
0.978637695312500
0.801330566406250
0.994873046875000
0.765380859375000
0.975646972656250
0.814086914062500
0.994628906250000
0.786743164062500
0.977783203125000
0.795776367187500
0.782836914062500
0.795227050781250
1.004089355468750
0.795104980468750
1.001647949218750
0.803039550781250
1.005065917968750
0.802124023437500
0.999023437500000
0.801513671875000
0.796386718750000
1.000610351562500
0.805847167968750
0.994201660156250
0.806030273437500
0.999694824218750
0.798278808593750
0.995300292968750
0.796936035156250
0.973632812500000
0.784362792968750
1.001647949218750
0.800354003906250
0.981506347656250
0.797912597656250
0.998901367187500
0.803466796875000
1.006103515625000
0.796508789062500
1.006774902343750
0.800598144531250
1.005920410156250
0.792114257812500
1.000183105468750
0.796447753906250
0.801330566406250
1.004150390625000
0.803222656250000
1.003234863281250
0.791870117187500
0.998657226562500
0.792053222656250
1.006408691406250
0.797668457031250
1.006225585937500
0.806762695312500
0.993530273437500
0.798461914062500
1.005249023437500
0.797363281250000
0.996826171875000
0.795776367187500
0.994689941406250
0.809570312500000
0.795959472656250
0.993591308593750
0.797180175781250
1.006835937500000
0.796203613281250
0.995239257812500
0.803039550781250
0.995422363281250
0.805297851562500
1.001586914062500
0.792785644531250
0.996398925781250
0.805419921875000
1.004760742187500
0.786193847656250
1.005676269531250
0.797607421875000
0.805786132812500
0.998229980468750
0.793823242187500
1.007568359375000
0.816772460937500
1.001953125000000
0.802673339843750
1.004821777343750
0.800720214843750
0.989990234375000
0.794738769531250
1.005615234375000
0.803588867187500
0.799682617187500
1.001770019531250
0.802673339843750
0.971069335937500
0.997558593750000
0.804321289062500
0.805175781250000
0.991699218750000
0.799804687500000
0.990234375000000
0.813354492187500
0.975952148437500
0.806640625000000
1.001647949218750
0.802307128906250
1.007263183593750
0.801757812500000
0.991455078125000
0.795288085937500
0.993164062500000
0.794311523437500
1.009887695312500
0.805664062500000
0.989990234375000
0.792907714843750
0.992431640625000
0.797607421875000
0.998718261718750
0.810913085937500
1.009155273437500
0.805297851562500
1.005737304687500
0.801757812500000
1.002807617187500
0.797302246093750
0.808410644531250
1.003662109375000
0.808776855468750
0.997375488281250
0.807556152343750
0.992675781250000
0.800109863281250
1.005249023437500
0.815124511718750
1.007751464843750
0.809936523437500
0.977966308593750
0.808471679687500
1.023559570312500
0.804199218750000
1.016174316406250
0.807800292968750
1.019409179687500
0.809875488281250
0.817687988281250
1.016906738281250
0.806579589843750
1.013549804687500
0.799804687500000
1.010681152343750
0.813659667968750
1.010253906250000
0.807128906250000
1.011596679687500
0.816345214843750
0.980651855468750
0.801940917968750
1.018432617187500
0.805236816406250
0.823425292968750
1.009155273437500
0.810363769531250
1.013366699218750
0.823059082031250
1.001037597656250
0.812438964843750
1.034484863281250
0.822265625000000
0.806579589843750
0.980224609375000
0.992431640625000
0.773498535156250
0.963195800781250
0.801452636718750
1.015441894531250
0.970092773437500
0.814208984375000
0.821777343750000
1.012207031250000
0.817077636718750
1.002502441406250
0.990112304687500
0.808044433593750
0.803894042968750
0.978332519531250
1.006469726562500
0.805236816406250
1.009887695312500
0.807495117187500
1.003784179687500
0.814819335937500
1.010131835937500
0.812133789062500
0.825500488281250
1.009826660156250
0.817749023437500
1.006347656250000
0.827880859375000
1.002807617187500
0.815002441406250
1.009643554687500
0.814086914062500
1.014709472656250
0.804077148437500
1.026611328125000
0.994262695312500
0.993103027343750
0.807983398437500
1.013183593750000
0.805297851562500
1.000305175781250
0.806152343750000
1.015625000000000
0.807739257812500
1.007202148437500
0.816284179687500
0.808776855468750
1.014770507812500
0.987731933593750
0.809692382812500
0.809265136718750
1.013610839843750
0.805358886718750
1.010559082031250
0.808227539062500
1.012451171875000
0.802246093750000
1.012573242187500
0.809326171875000
1.017578125000000
0.810363769531250
1.013061523437500
0.802429199218750
1.013671875000000
0.812316894531250
1.005554199218750
0.816711425781250
1.010803222656250
0.815734863281250
1.011901855468750
0.812622070312500
1.017150878906250
0.807556152343750
1.009765625000000
0.807495117187500
1.008239746093750
0.815612792968750
1.004028320312500
0.806152343750000
1.005493164062500
0.821655273437500
0.807434082031250
1.019104003906250
0.803039550781250
1.018249511718750
0.802185058593750
1.023376464843750
0.812377929687500
1.003784179687500
0.800476074218750
1.009521484375000
0.804931640625000
1.007568359375000
0.802124023437500
1.009765625000000
0.814208984375000
1.006408691406250
0.813415527343750
1.010986328125000
0.806701660156250
1.010314941406250
0.808471679687500
1.004272460937500
0.806396484375000
1.003173828125000
0.810485839843750
1.015625000000000
0.810180664062500
1.001892089843750
0.808044433593750
1.009643554687500
0.797851562500000
1.013183593750000
0.808410644531250
1.018493652343750
0.815124511718750
1.016967773437500
0.806457519531250
1.012573242187500
0.818359375000000
1.008178710937500
0.817504882812500
0.809814453125000
1.015380859375000
0.810302734375000
1.020141601562500
0.808776855468750
1.026123046875000
0.813232421875000
1.014404296875000
0.797607421875000
0.987792968750000
0.798706054687500
1.008300781250000
0.807739257812500
1.015197753906250
0.802673339843750
1.015136718750000
0.811523437500000
1.021606445312500
0.819824218750000
1.011657714843750
0.782226562500000
1.006042480468750
0.805847167968750
1.009094238281250
1.013366699218750
0.802917480468750
1.015625000000000
0.803100585937500
1.011108398437500
0.807128906250000
1.002685546875000
0.806396484375000
1.014709472656250
0.804992675781250
1.008850097656250
0.804321289062500
1.003234863281250
0.813293457031250
0.997741699218750
0.813293457031250
1.007202148437500
0.808288574218750
0.999328613281250
0.813476562500000
1.007690429687500
0.808166503906250
1.013732910156250
0.813781738281250
1.010131835937500
0.818847656250000
1.011840820312500
0.807067871093750
1.010620117187500
0.812011718750000
1.009460449218750
0.784790039062500
1.012573242187500
0.805725097656250
0.981384277343750
0.809692382812500
1.020751953125000
0.813842773437500
1.021606445312500
0.784057617187500
1.024047851562500
0.812622070312500
1.018615722656250
0.817687988281250
1.012756347656250
0.812622070312500
1.011596679687500
0.807739257812500
1.009216308593750
0.820739746093750
1.016174316406250
0.797729492187500
1.044250488281250
0.804077148437500
0.971069335937500
0.810974121093750
1.004394531250000
0.982849121093750
0.798522949218750
0.997131347656250
0.819091796875000
1.020690917968750
0.813598632812500
1.011596679687500
0.818664550781250
1.010375976562500
0.796630859375000
1.035339355468750
0.785034179687500
1.009094238281250
0.811035156250000
0.989074707031250
0.810607910156250
1.011657714843750
0.818847656250000
1.020202636718750
0.806457519531250
1.020812988281250
0.814636230468750
1.020507812500000
0.813354492187500
1.009155273437500
0.810058593750000
1.012878417968750
0.810119628906250
1.008056640625000
0.824584960937500
1.031066894531250
0.817016601562500
1.020507812500000
0.816589355468750
1.012207031250000
0.808837890625000
1.018798828125000
0.814636230468750
1.014038085937500
0.815246582031250
1.017700195312500
0.812927246093750
1.016052246093750
0.805297851562500
1.023803710937500
0.814636230468750
1.017456054687500
0.812072753906250
1.014099121093750
0.811462402343750
1.027221679687500
0.811767578125000
1.024658203125000
0.814697265625000
1.020751953125000
0.825683593750000
1.011474609375000
0.813964843750000
1.017456054687500
0.818054199218750
1.008483886718750
0.810668945312500
1.011901855468750
0.818908691406250
1.022216796875000
0.806884765625000
1.013366699218750
0.801208496093750
1.019226074218750
0.813293457031250
1.013916015625000
0.808837890625000
1.014648437500000
0.811401367187500
1.029663085937500
0.806945800781250
1.002258300781250
0.809326171875000
1.011779785156250
0.820373535156250
1.007202148437500
0.825012207031250
1.017395019531250
0.820800781250000
1.006347656250000
0.811767578125000
1.010498046875000
0.815856933593750
1.010437011718750
0.815490722656250
1.008178710937500
0.808410644531250
0.991088867187500
0.808715820312500
1.015563964843750
0.815490722656250
1.022399902343750
0.822204589843750
1.017944335937500
0.823974609375000
1.023376464843750
0.829345703125000
1.010925292968750
0.814880371093750
1.015869140625000
0.814025878906250
1.023864746093750
0.785034179687500
1.011840820312500
0.812927246093750
1.011901855468750
0.811035156250000
1.016723632812500
0.805969238281250
1.007934570312500
0.815429687500000
1.015441894531250
0.811218261718750
1.025146484375000
0.811828613281250
1.007019042968750
0.820556640625000
1.023010253906250
0.818847656250000
1.005981445312500
0.819946289062500
1.011901855468750
0.806274414062500
1.024780273437500
0.805541992187500
1.011962890625000
0.813598632812500
1.010620117187500
0.809692382812500
1.011901855468750
0.815795898437500
1.008239746093750
0.821594238281250
1.011230468750000
0.810180664062500
0.965759277343750
0.827209472656250
1.005981445312500
0.820739746093750
1.022033691406250
0.813964843750000
1.020324707031250
0.806396484375000
1.009826660156250
0.810974121093750
1.016113281250000
0.811401367187500
1.015625000000000
0.808593750000000
1.023742675781250
0.810607910156250
1.028747558593750
0.819580078125000
1.019470214843750
0.813415527343750
1.011047363281250
0.825134277343750
1.026062011718750
0.820922851562500
1.011779785156250
0.816772460937500
1.017822265625000
0.807678222656250
1.024963378906250
0.813049316406250
1.019836425781250
0.811035156250000
0.997131347656250
0.760375976562500
1.026916503906250
0.810974121093750
1.015136718750000
0.805969238281250
1.018371582031250
0.808105468750000
1.008605957031250
1.013671875000000
0.818420410156250
1.021362304687500
0.805786132812500
1.030456542968750
0.814758300781250
1.022766113281250
0.811767578125000
0.997680664062500
0.813781738281250
1.025939941406250
0.814453125000000
0.836059570312500
1.047546386718750
0.814453125000000
1.029541015625000
0.822937011718750
1.015319824218750
0.816345214843750
1.038085937500000
0.810607910156250
1.018859863281250
0.810424804687500
1.025756835937500
0.822570800781250
1.034301757812500
0.823425292968750
1.031066894531250
0.809326171875000
1.015258789062500
0.825378417968750
1.014038085937500
0.744873046875000
1.006896972656250
0.820251464843750
1.026062011718750
0.832336425781250
1.015869140625000
0.822998046875000
1.013183593750000
0.829833984375000
0.962585449218750
0.832580566406250
0.818298339843750
1.032287597656250
0.818969726562500
0.977844238281250
0.813476562500000
1.037475585937500
0.818603515625000
1.018798828125000
0.819458007812500
1.023925781250000
0.824035644531250
0.820312500000000
0.820983886718750
0.976318359375000
0.834533691406250
0.813537597656250
1.041015625000000
0.823242187500000
1.029663085937500
0.811645507812500
1.023315429687500
0.817932128906250
1.027587890625000
0.818359375000000
1.019958496093750
0.825439453125000
1.030273437500000
0.815185546875000
1.033996582031250
0.822753906250000
1.022521972656250
0.825317382812500
0.815490722656250
1.031311035156250
0.815429687500000
1.018493652343750
0.811401367187500
1.026855468750000
0.818969726562500
1.029235839843750
0.816772460937500
1.015014648437500
0.814208984375000
1.019714355468750
0.825012207031250
1.022033691406250
0.818420410156250
0.965881347656250
0.830749511718750
1.020019531250000
0.766418457031250
0.966430664062500
0.840881347656250
1.019348144531250
0.822021484375000
0.816711425781250
1.031738281250000
0.811401367187500
1.024047851562500
0.827270507812500
1.011718750000000
0.811279296875000
0.997924804687500
1.019287109375000
0.813232421875000
1.017456054687500
0.811767578125000
1.020019531250000
0.823486328125000
1.026428222656250
0.813720703125000
1.019897460937500
0.822021484375000
1.017761230468750
0.819641113281250
1.018310546875000
0.814453125000000
1.022094726562500
0.819580078125000
1.014709472656250
0.810913085937500
1.021301269531250
0.818664550781250
1.017639160156250
0.816406250000000
1.018493652343750
0.817749023437500
1.026916503906250
0.815795898437500
1.011230468750000
0.813903808593750
0.986999511718750
0.824829101562500
1.013732910156250
0.824890136718750
0.815551757812500
1.033264160156250
0.824523925781250
0.988952636718750
0.819946289062500
1.031921386718750
0.822937011718750
1.037475585937500
0.813781738281250
1.017578125000000
0.823120117187500
0.997253417968750
0.808593750000000
0.974548339843750
0.831115722656250
1.013122558593750
0.740905761718750
1.043334960937500
0.816101074218750
1.641113281250000
0.827941894531250
0.976074218750000
0.811340332031250
1.019470214843750
0.751159667968750
1.012512207031250
0.816101074218750
1.013977050781250
0.728210449218750
1.036315917968750
0.785583496093750
1.005798339843750
0.820739746093750
0.963073730468750
0.821411132812500
1.027099609375000
0.809570312500000
1.019226074218750
0.814086914062500
1.017395019531250
0.780822753906250
1.008544921875000
0.832092285156250
0.934936523437500
0.830627441406250
1.035461425781250
0.819580078125000
1.039489746093750
0.816589355468750
1.031372070312500
0.823547363281250
0.947875976562500
0.814453125000000
0.794982910156250
1.016479492187500
0.767883300781250
1.032165527343750
0.783264160156250
0.994689941406250
0.800598144531250
1.011779785156250
0.772216796875000
1.036682128906250
0.791687011718750
1.004943847656250
0.821838378906250
0.786132812500000
1.032653808593750
0.769836425781250
1.014831542968750
0.792968750000000
1.032653808593750
0.770568847656250
1.013977050781250
0.738769531250000
0.999633789062500
0.755432128906250
1.034057617187500
0.779724121093750
1.004882812500000
0.810119628906250
0.811279296875000
0.986877441406250
0.817932128906250
0.986938476562500
0.797912597656250
0.968200683593750
0.801818847656250
0.995849609375000
0.754943847656250
0.979858398437500
0.807800292968750
0.978149414062500
0.954833984375000
0.821899414062500
0.775817871093750
1.004882812500000
0.799865722656250
1.028869628906250
0.756530761718750
0.970214843750000
0.832641601562500
0.978637695312500
0.780578613281250
0.825988769531250
0.974914550781250
0.758422851562500
1.037414550781250
0.767944335937500
0.994934082031250
0.812622070312500
0.775878906250000
1.035034179687500
0.776855468750000
0.987609863281250
0.815124511718750
0.973754882812500
0.790588378906250
1.015686035156250
0.764587402343750
1.011413574218750
0.821655273437500
0.772094726562500
0.997009277343750
0.766113281250000
1.011657714843750
0.813720703125000
0.981506347656250
0.807006835937500
0.996459960937500
0.807250976562500
0.771972656250000
0.997558593750000
0.781677246093750
0.981933593750000
0.831176757812500
0.988281250000000
0.736389160156250
1.026733398437500
0.771301269531250
0.996337890625000
0.826110839843750
0.989379882812500
0.781921386718750
0.962829589843750
0.773193359375000
1.016845703125000
0.743408203125000
0.944091796875000
0.764709472656250
1.010620117187500
0.750427246093750
0.982788085937500
0.833923339843750
0.974243164062500
0.781066894531250
1.015747070312500
0.753723144531250
0.977966308593750
0.832763671875000
0.766662597656250
1.032592773437500
0.775634765625000
1.006530761718750
0.816528320312500
0.976745605468750
0.791198730468750
1.018249511718750
0.795104980468750
0.819152832031250
0.993713378906250
0.781311035156250
1.024719238281250
0.793273925781250
0.986511230468750
0.826660156250000
0.959960937500000
0.777526855468750
0.785827636718750
1.021423339843750
0.789672851562500
0.981201171875000
0.841857910156250
0.940124511718750
0.760742187500000
0.972045898437500
0.835510253906250
0.984741210937500
0.785339355468750
0.790527343750000
0.997741699218750
0.774658203125000
0.986999511718750
0.792968750000000
1.032104492187500
0.768005371093750
0.775390625000000
0.993164062500000
0.813964843750000
0.955993652343750
0.770507812500000
1.007019042968750
0.810974121093750
0.997741699218750
0.768005371093750
0.961303710937500
0.806762695312500
0.805053710937500
0.981140136718750
0.755798339843750
0.990783691406250
0.768493652343750
0.976135253906250
0.835449218750000
0.982421875000000
0.780395507812500
0.796447753906250
1.008300781250000
0.783996582031250
0.979492187500000
0.760986328125000
0.829895019531250
0.992675781250000
0.767150878906250
0.949340820312500
0.822814941406250
0.988342285156250
0.770263671875000
0.967163085937500
0.831909179687500
0.967468261718750
0.786499023437500
0.964721679687500
0.765808105468750
0.982666015625000
0.813415527343750
0.979370117187500
0.768249511718750
0.774841308593750
0.957458496093750
0.770935058593750
0.969482421875000
0.813354492187500
0.973144531250000
0.812988281250000
1.003234863281250
0.761230468750000
1.002868652343750
0.744384765625000
0.986083984375000
0.812072753906250
0.819274902343750
0.964660644531250
0.770263671875000
0.963806152343750
0.786560058593750
0.967041015625000
0.782714843750000
0.992553710937500
0.783813476562500
0.813354492187500
0.981750488281250
0.773925781250000
0.961669921875000
0.769226074218750
0.994506835937500
0.775634765625000
0.964843750000000
0.789184570312500
0.958068847656250
0.780883789062500
0.946472167968750
0.935363769531250
0.852783203125000
0.734863281250000
0.993469238281250
0.954895019531250
0.779846191406250
0.955383300781250
0.790710449218750
0.810668945312500
0.994567871093750
0.765625000000000
0.971496582031250
0.744018554687500
0.954528808593750
0.943115234375000
0.782897949218750
0.763793945312500
0.982543945312500
0.798400878906250
0.997985839843750
0.809631347656250
0.994689941406250
0.759155273437500
0.794128417968750
0.993347167968750
0.779907226562500
0.973205566406250
0.785156250000000
0.977233886718750
0.802612304687500
0.987731933593750
0.794555664062500
0.968566894531250
0.770812988281250
0.949829101562500
0.742004394531250
0.961059570312500
0.805908203125000
0.816589355468750
0.947753906250000
0.797485351562500
0.984130859375000
0.792846679687500
0.978210449218750
0.780578613281250
0.978759765625000
0.765747070312500
0.990844726562500
0.808288574218750
0.964294433593750
0.774108886718750
0.769409179687500
0.978576660156250
0.769775390625000
0.991760253906250
0.808959960937500
0.990478515625000
0.818237304687500
0.777282714843750
0.972900390625000
0.784057617187500
0.979064941406250
0.768615722656250
0.976196289062500
0.783630371093750
1.001281738281250
0.796020507812500
0.774841308593750
0.967712402343750
0.759277343750000
0.997497558593750
0.783264160156250
0.996337890625000
0.767150878906250
0.972229003906250
0.848876953125000
0.789184570312500
0.983764648437500
0.744567871093750
0.997619628906250
0.754882812500000
0.988342285156250
0.777709960937500
0.978698730468750
0.772399902343750
0.977905273437500
0.772033691406250
0.990295410156250
0.791931152343750
0.981628417968750
0.784545898437500
0.760681152343750
0.988403320312500
0.794616699218750
1.001220703125000
0.800231933593750
0.970520019531250
0.776733398437500
0.785766601562500
0.983520507812500
0.780639648437500
1.005126953125000
0.789611816406250
1.003356933593750
0.818542480468750
0.798950195312500
1.003417968750000
0.785522460937500
0.991638183593750
0.773254394531250
0.992004394531250
0.783203125000000
0.804931640625000
0.988647460937500
0.803283691406250
0.949707031250000
0.795959472656250
0.960754394531250
0.782287597656250
0.916748046875000
0.769348144531250
0.976806640625000
0.818237304687500
0.965698242187500
0.803955078125000
0.962097167968750
0.818298339843750
0.777954101562500
0.963500976562500
0.779602050781250
1.006896972656250
0.801269531250000
0.961669921875000
0.776489257812500
0.984741210937500
0.782592773437500
0.925048828125000
0.744445800781250
0.999267578125000
0.786254882812500
0.982543945312500
0.798400878906250
0.965454101562500
0.816101074218750
0.985473632812500
0.781372070312500
0.977844238281250
0.787963867187500
0.780395507812500
0.967285156250000
0.797729492187500
1.006164550781250
0.782531738281250
0.985534667968750
0.793334960937500
1.008239746093750
0.758483886718750
0.988159179687500
0.779785156250000
0.992614746093750
0.761901855468750
0.781188964843750
0.983642578125000
0.768005371093750
1.002380371093750
0.793212890625000
0.964355468750000
0.779785156250000
0.939331054687500
0.813903808593750
0.958312988281250
0.769958496093750
1.001342773437500
0.790649414062500
0.990234375000000
0.782348632812500
0.781616210937500
0.962768554687500
0.766540527343750
1.004638671875000
0.817321777343750
0.982299804687500
0.820495605468750
0.962402343750000
0.793945312500000
0.997314453125000
0.772277832031250
0.770690917968750
0.985717773437500
0.810119628906250
0.983032226562500
0.780334472656250
0.976013183593750
0.758300781250000
0.991760253906250
0.788635253906250
0.774536132812500
0.970520019531250
0.953308105468750
0.812377929687500
0.969726562500000
0.815185546875000
0.775268554687500
0.971984863281250
0.783203125000000
0.980712890625000
0.783142089843750
0.995605468750000
0.809265136718750
0.812927246093750
0.935607910156250
0.944458007812500
0.735229492187500
0.969970703125000
0.794128417968750
0.984497070312500
0.812255859375000
0.769226074218750
0.987915039062500
0.765869140625000
0.966186523437500
0.794799804687500
0.969909667968750
0.751464843750000
0.992004394531250
0.766845703125000
0.973571777343750
0.777893066406250
0.962707519531250
0.783691406250000
1.001159667968750
0.793518066406250
0.942871093750000
0.778625488281250
0.950256347656250
0.809265136718750
0.773620605468750
0.992004394531250
0.792846679687500
0.957153320312500
0.787719726562500
0.959655761718750
0.795715332031250
0.790832519531250
0.986267089843750
0.609680175781250
1.004821777343750
0.816711425781250
0.989562988281250
0.768310546875000
0.977355957031250
0.765930175781250
0.789062500000000
1.004699707031250
0.962951660156250
0.768676757812500
0.982177734375000
0.776000976562500
0.762084960937500
0.971557617187500
0.969726562500000
0.805358886718750
0.774108886718750
0.964233398437500
0.768310546875000
0.978637695312500
0.770446777343750
1.001953125000000
0.734924316406250
0.982177734375000
0.776123046875000
0.952148437500000
0.812438964843750
0.944152832031250
0.798339843750000
0.966979980468750
0.798706054687500
0.915039062500000
0.809814453125000
0.967834472656250
0.784851074218750
0.981018066406250
0.810485839843750
0.987792968750000
0.793762207031250
0.935913085937500
0.784973144531250
0.787780761718750
0.996032714843750
0.791503906250000
0.939086914062500
0.809387207031250
0.976684570312500
0.774291992187500
0.969177246093750
0.777648925781250
0.777832031250000
0.980773925781250
0.817687988281250
0.937377929687500
0.778015136718750
0.995666503906250
0.780029296875000
0.984313964843750
0.784973144531250
0.787536621093750
0.983764648437500
0.798950195312500
1.007629394531250
0.762695312500000
0.993652343750000
0.768493652343750
0.944091796875000
0.808715820312500
0.944519042968750
0.767395019531250
0.792358398437500
0.950012207031250
0.801879882812500
0.991943359375000
0.795776367187500
0.995666503906250
0.766784667968750
0.790344238281250
0.959838867187500
0.791992187500000
0.958557128906250
0.798034667968750
1.001831054687500
0.778076171875000
0.969726562500000
0.794982910156250
0.960266113281250
0.794372558593750
0.938659667968750
0.795532226562500
0.789367675781250
0.969482421875000
0.782165527343750
0.958923339843750
0.789672851562500
0.966979980468750
0.748168945312500
0.954895019531250
0.786071777343750
0.952148437500000
0.763549804687500
0.965820312500000
0.766662597656250
1.004882812500000
0.798400878906250
0.793334960937500
0.993225097656250
0.776550292968750
0.994079589843750
0.798706054687500
0.770385742187500
0.958312988281250
0.795043945312500
0.950927734375000
0.790283203125000
0.982910156250000
0.785705566406250
1.001464843750000
0.775207519531250
0.774780273437500
0.950317382812500
0.776428222656250
0.989746093750000
0.792297363281250
0.994140625000000
0.779968261718750
0.787048339843750
0.943481445312500
0.968383789062500
0.805297851562500
0.789916992187500
0.963562011718750
0.788269042968750
0.967407226562500
0.760681152343750
1.007141113281250
0.787292480468750
1.001892089843750
0.765075683593750
0.972656250000000
0.791259765625000
0.750793457031250
0.982788085937500
0.773620605468750
0.956298828125000
0.926940917968750
0.779174804687500
0.789978027343750
0.991577148437500
0.947937011718750
0.760925292968750
0.947814941406250
0.806091308593750
0.941833496093750
0.787719726562500
0.924560546875000
0.804443359375000
0.986877441406250
0.792846679687500
0.778076171875000
0.991394042968750
0.802001953125000
0.799316406250000
0.936401367187500
0.910278320312500
0.772094726562500
0.996520996093750
0.811096191406250
0.985534667968750
0.791198730468750
0.796020507812500
0.957702636718750
0.771606445312500
0.905456542968750
0.795959472656250
0.982482910156250
0.802917480468750
0.958801269531250
0.801208496093750
0.991882324218750
0.806091308593750
0.796630859375000
0.956848144531250
0.750061035156250
0.990539550781250
0.775878906250000
1.017089843750000
0.765686035156250
0.989135742187500
0.775634765625000
0.788574218750000
0.963256835937500
0.788574218750000
0.984130859375000
0.782714843750000
0.958984375000000
0.806640625000000
0.986267089843750
0.792785644531250
0.913085937500000
0.790283203125000
0.789184570312500
0.970275878906250
0.771301269531250
1.019470214843750
0.799072265625000
0.974426269531250
0.791625976562500
0.771423339843750
0.952575683593750
0.795776367187500
0.941772460937500
0.804687500000000
0.979125976562500
0.781555175781250
0.985229492187500
0.798278808593750
0.795288085937500
0.959228515625000
0.766296386718750
0.963867187500000
0.782165527343750
0.789794921875000
1.009887695312500
0.757812500000000
1.010131835937500
0.780334472656250
0.967346191406250
0.801086425781250
0.957824707031250
0.794921875000000
0.791870117187500
1.002258300781250
0.796813964843750
0.990600585937500
0.787536621093750
0.966674804687500
0.750244140625000
0.960021972656250
0.785888671875000
0.795837402343750
0.996276855468750
0.785095214843750
0.989624023437500
0.772277832031250
0.947326660156250
0.788452148437500
0.989562988281250
0.764343261718750
0.979797363281250
0.779052734375000
0.773986816406250
1.010498046875000
0.800415039062500
0.921813964843750
0.795043945312500
0.988708496093750
0.797668457031250
0.780822753906250
1.018127441406250
0.790649414062500
0.983398437500000
0.782836914062500
0.962646484375000
0.788818359375000
0.943359375000000
0.774536132812500
0.788208007812500
0.994140625000000
0.779968261718750
0.954162597656250
0.795104980468750
0.959350585937500
0.795532226562500
0.964721679687500
0.786010742187500
0.786499023437500
1.010314941406250
0.794372558593750
0.992675781250000
0.790771484375000
0.801452636718750
0.956237792968750
0.795593261718750
0.960815429687500
0.794189453125000
1.002258300781250
0.803405761718750
0.980651855468750
0.787536621093750
0.958862304687500
0.782165527343750
0.946105957031250
0.786621093750000
0.775268554687500
0.949401855468750
0.790344238281250
0.981872558593750
0.802062988281250
0.957092285156250
0.796447753906250
0.942810058593750
0.799011230468750
0.937561035156250
0.769958496093750
0.994689941406250
0.786193847656250
0.996582031250000
0.772094726562500
0.971801757812500
0.803955078125000
0.944458007812500
0.787414550781250
0.794250488281250
0.983337402343750
0.782165527343750
0.978515625000000
0.799194335937500
0.990478515625000
0.783081054687500
0.787414550781250
0.972534179687500
0.782531738281250
0.961242675781250
0.758483886718750
1.010925292968750
0.803039550781250
0.984191894531250
0.770507812500000
0.786437988281250
0.960937500000000
0.791076660156250
0.949462890625000
0.764221191406250
0.991638183593750
0.784118652343750
0.987731933593750
0.801574707031250
0.961181640625000
0.746215820312500
0.929748535156250
0.789123535156250
0.803955078125000
0.966979980468750
0.777587890625000
1.019104003906250
0.765808105468750
0.900756835937500
0.787170410156250
0.988586425781250
0.981079101562500
0.796264648437500
0.761962890625000
0.961975097656250
0.776428222656250
0.962402343750000
0.792175292968750
1.009460449218750
0.779724121093750
1.019592285156250
0.769714355468750
0.973388671875000
0.769714355468750
0.811401367187500
0.987915039062500
0.775390625000000
1.032409667968750
0.792297363281250
0.975708007812500
0.778076171875000
0.773010253906250
0.959838867187500
0.974060058593750
0.774291992187500
0.779296875000000
0.973022460937500
0.959289550781250
0.789367675781250
0.789672851562500
0.975402832031250
0.801757812500000
1.014648437500000
0.769226074218750
1.006958007812500
0.766174316406250
0.974426269531250
0.781799316406250
0.967834472656250
0.784057617187500
0.788635253906250
1.014526367187500
0.772705078125000
1.010681152343750
0.790832519531250
0.958007812500000
0.797241210937500
0.798706054687500
0.964050292968750
0.809814453125000
1.017150878906250
0.772583007812500
0.998413085937500
0.765319824218750
0.962829589843750
0.746765136718750
0.971130371093750
0.796997070312500
0.771240234375000
1.013854980468750
0.758178710937500
0.970275878906250
0.794799804687500
0.935363769531250
0.763427734375000
0.952331542968750
0.799011230468750
0.969177246093750
0.788024902343750
1.016296386718750
0.783264160156250
0.995117187500000
0.795715332031250
0.754089355468750
0.965698242187500
0.790344238281250
1.006530761718750
0.808471679687500
0.983459472656250
0.764221191406250
0.972656250000000
0.780700683593750
0.973022460937500
0.800415039062500
0.781250000000000
0.976501464843750
0.784606933593750
1.007080078125000
0.739562988281250
0.987609863281250
0.780456542968750
0.989135742187500
0.795349121093750
0.974243164062500
0.778686523437500
0.981262207031250
0.771240234375000
0.970581054687500
0.765380859375000
0.997558593750000
0.791870117187500
0.959289550781250
0.783264160156250
0.940612792968750
0.789978027343750
0.945373535156250
0.746520996093750
1.005737304687500
0.762512207031250
0.985656738281250
0.808166503906250
0.784729003906250
0.947143554687500
0.779052734375000
0.980529785156250
0.812744140625000
1.001098632812500
0.784790039062500
0.784179687500000
1.010559082031250
0.762939453125000
0.967041015625000
0.800964355468750
0.804077148437500
0.934753417968750
0.979187011718750
0.799743652343750
0.960083007812500
0.805236816406250
0.963134765625000
0.785461425781250
0.795715332031250
0.951354980468750
0.770935058593750
1.029663085937500
0.784118652343750
0.989746093750000
0.807250976562500
0.899047851562500
0.794311523437500
0.973083496093750
0.790527343750000
0.992187500000000
0.818725585937500
0.754882812500000
0.978881835937500
0.805297851562500
0.999084472656250
0.788696289062500
0.810974121093750
0.988281250000000
0.759704589843750
0.976013183593750
0.771667480468750
0.989013671875000
0.775573730468750
1.014587402343750
0.766174316406250
0.996276855468750
0.800048828125000
0.793457031250000
0.959838867187500
0.760742187500000
0.973693847656250
0.805297851562500
0.816467285156250
0.978576660156250
0.799072265625000
0.984558105468750
0.796020507812500
0.781127929687500
1.024719238281250
0.767272949218750
1.018371582031250
0.787597656250000
0.960021972656250
0.762939453125000
0.779724121093750
0.976806640625000
0.782409667968750
1.014404296875000
0.764831542968750
0.987915039062500
0.789611816406250
0.946472167968750
0.769287109375000
1.004150390625000
0.780456542968750
0.975952148437500
0.766723632812500
0.975097656250000
0.746032714843750
0.965393066406250
0.795349121093750
0.942443847656250
0.764404296875000
0.934570312500000
0.771972656250000
0.978088378906250
0.941101074218750
0.763549804687500
0.974731445312500
0.810119628906250
0.805480957031250
0.997924804687500
0.777282714843750
0.950988769531250
0.778625488281250
0.998107910156250
0.745422363281250
0.950012207031250
0.775817871093750
0.974792480468750
0.807189941406250
0.968505859375000
0.800109863281250
0.966430664062500
0.804382324218750
0.916564941406250
0.806945800781250
0.979431152343750
0.797851562500000
0.980651855468750
0.773925781250000
0.813171386718750
0.971557617187500
0.768371582031250
0.974914550781250
0.765563964843750
1.009216308593750
0.765075683593750
0.987854003906250
0.777709960937500
0.968322753906250
0.796447753906250
1.026672363281250
0.789794921875000
0.756713867187500
0.988830566406250
0.782836914062500
0.974975585937500
0.798339843750000
0.962280273437500
0.778808593750000
0.958618164062500
0.795471191406250
0.984680175781250
0.764099121093750
0.966247558593750
0.767822265625000
0.968200683593750
0.615722656250000
0.834777832031250
1.002990722656250
0.812561035156250
0.996643066406250
0.741699218750000
0.987792968750000
0.812683105468750
0.798522949218750
0.980224609375000
0.921020507812500
0.797119140625000
0.979003906250000
0.787597656250000
0.770935058593750
0.961059570312500
0.800598144531250
0.988525390625000
0.808898925781250
0.928039550781250
0.803466796875000
0.951416015625000
0.815979003906250
0.776123046875000
1.012756347656250
0.788696289062500
1.005493164062500
0.760864257812500
0.971435546875000
0.791564941406250
0.982482910156250
0.787658691406250
0.979309082031250
0.782043457031250
0.799377441406250
0.976684570312500
0.795532226562500
0.968139648437500
0.763427734375000
0.979736328125000
0.793334960937500
0.806335449218750
1.022033691406250
0.786682128906250
0.959655761718750
0.804626464843750
0.948730468750000
0.766967773437500
0.988647460937500
0.752624511718750
1.010803222656250
0.804504394531250
0.948852539062500
0.719909667968750
0.961669921875000
0.800781250000000
0.976806640625000
0.774108886718750
0.999755859375000
0.741333007812500
1.001037597656250
0.794738769531250
0.798217773437500
0.988952636718750
0.746154785156250
0.997070312500000
0.805786132812500
0.976806640625000
0.771423339843750
0.952087402343750
0.798889160156250
0.997131347656250
0.770690917968750
0.984802246093750
0.759033203125000
0.954162597656250
0.785278320312500
0.806579589843750
0.967773437500000
0.798522949218750
0.982055664062500
0.783996582031250
0.979064941406250
0.790405273437500
0.945861816406250
0.773437500000000
0.991333007812500
0.779541015625000
0.967102050781250
0.766052246093750
0.999267578125000
0.803222656250000
0.795227050781250
1.002258300781250
0.805175781250000
0.809936523437500
0.962951660156250
0.778625488281250
1.022277832031250
0.770385742187500
0.913391113281250
0.795410156250000
0.979858398437500
0.801879882812500
0.948608398437500
0.788940429687500
0.964721679687500
0.773132324218750
0.992248535156250
0.791748046875000
0.962097167968750
0.779907226562500
0.954345703125000
0.802001953125000
0.982360839843750
0.759399414062500
0.809448242187500
0.981079101562500
0.765869140625000
1.003234863281250
0.791442871093750
0.940856933593750
0.759399414062500
1.003295898437500
0.763000488281250
1.010742187500000
0.734069824218750
0.993469238281250
0.786254882812500
0.963012695312500
0.786621093750000
0.993041992187500
0.784545898437500
0.769409179687500
1.000183105468750
0.766296386718750
1.005615234375000
0.738769531250000
0.989746093750000
0.767333984375000
0.964904785156250
0.780395507812500
0.952270507812500
0.778259277343750
1.009033203125000
0.730468750000000
0.929382324218750
0.827880859375000
0.987365722656250
0.717956542968750
0.964050292968750
0.777648925781250
0.995178222656250
0.784118652343750
0.951782226562500
0.807739257812500
0.968200683593750
0.778381347656250
0.963928222656250
0.913452148437500
0.768066406250000
0.815307617187500
0.908081054687500
1.013000488281250
0.734802246093750
0.963500976562500
0.781311035156250
0.957763671875000
0.807373046875000
0.963928222656250
0.739379882812500
0.801208496093750
0.977355957031250
0.778503417968750
0.988647460937500
0.808532714843750
0.943725585937500
0.821166992187500
0.789672851562500
0.955322265625000
0.786437988281250
0.949829101562500
0.811279296875000
1.014648437500000
0.775390625000000
0.803771972656250
0.978881835937500
0.765991210937500
0.972778320312500
0.951171875000000
0.723327636718750
0.954467773437500
0.798156738281250
0.974243164062500
0.797790527343750
0.791870117187500
0.963806152343750
0.792663574218750
0.966003417968750
0.780578613281250
0.972900390625000
0.775634765625000
0.777099609375000
0.981506347656250
0.795959472656250
0.973510742187500
0.789672851562500
0.969787597656250
0.817260742187500
0.770751953125000
0.953308105468750
0.823120117187500
0.960449218750000
0.789306640625000
0.986328125000000
0.755737304687500
0.985229492187500
0.787292480468750
0.960144042968750
0.770141601562500
0.959533691406250
0.784606933593750
0.930969238281250
0.804260253906250
0.974975585937500
0.796447753906250
0.782897949218750
0.984619140625000
0.900512695312500
0.787536621093750
0.994201660156250
0.749389648437500
0.961914062500000
0.780700683593750
0.958618164062500
0.790222167968750
0.995178222656250
0.735717773437500
0.974670410156250
0.764099121093750
0.978698730468750
0.797058105468750
0.912414550781250
0.800537109375000
0.982666015625000
0.777648925781250
0.764221191406250
0.999206542968750
0.735351562500000
0.999877929687500
0.781188964843750
0.930664062500000
0.796813964843750
0.968811035156250
0.761047363281250
1.005676269531250
0.779052734375000
1.030639648437500
0.780273437500000
0.773010253906250
0.979675292968750
0.790710449218750
0.980834960937500
0.755065917968750
0.963134765625000
0.754760742187500
0.981201171875000
0.757507324218750
0.990295410156250
0.759216308593750
0.993164062500000
0.776245117187500
0.775817871093750
0.971069335937500
0.931701660156250
0.767700195312500
1.006713867187500
0.763061523437500
0.777099609375000
0.951721191406250
0.810241699218750
0.979248046875000
0.820312500000000
0.937622070312500
0.767822265625000
1.023803710937500
0.759277343750000
0.977661132812500
0.760314941406250
0.768310546875000
0.997680664062500
0.748107910156250
0.984619140625000
0.736389160156250
0.991333007812500
0.789245605468750
0.981933593750000
0.801330566406250
0.949768066406250
0.808288574218750
0.794311523437500
0.990539550781250
0.769958496093750
0.962951660156250
0.778198242187500
0.989257812500000
0.743713378906250
1.014160156250000
0.770935058593750
0.964843750000000
0.809753417968750
0.922851562500000
0.770446777343750
0.972900390625000
0.761169433593750
0.970397949218750
0.751159667968750
1.010864257812500
0.740539550781250
0.972167968750000
0.718139648437500
0.989135742187500
0.747070312500000
1.008850097656250
0.748840332031250
1.013671875000000
0.776550292968750
0.803588867187500
0.977783203125000
0.801025390625000
0.977416992187500
0.829833984375000
0.760009765625000
0.987426757812500
0.897399902343750
0.777160644531250
0.947753906250000
0.754821777343750
1.006408691406250
0.767211914062500
0.946777343750000
0.781311035156250
0.948303222656250
0.760498046875000
0.944030761718750
0.946044921875000
0.775024414062500
0.974365234375000
0.793701171875000
0.760803222656250
0.991210937500000
0.773193359375000
0.969238281250000
0.781311035156250
0.967834472656250
0.748168945312500
0.992492675781250
0.772460937500000
0.949157714843750
0.785217285156250
0.965026855468750
0.800170898437500
0.981262207031250
0.780883789062500
0.995056152343750
0.776977539062500
0.996948242187500
0.799072265625000
0.753967285156250
0.955993652343750
0.792968750000000
0.938293457031250
0.815917968750000
0.978454589843750
0.802307128906250
0.986694335937500
0.789733886718750
0.797851562500000
0.938598632812500
0.809875488281250
0.975158691406250
0.765502929687500
1.020751953125000
0.758178710937500
0.796569824218750
0.985046386718750
0.786987304687500
0.983642578125000
0.750427246093750
0.972167968750000
0.779357910156250
0.782531738281250
0.972534179687500
0.830627441406250
0.950134277343750
0.757324218750000
0.979370117187500
0.760437011718750
0.978698730468750
0.766540527343750
0.963806152343750
0.758850097656250
0.980041503906250
0.778442382812500
0.806091308593750
0.990539550781250
0.792724609375000
0.945617675781250
0.817871093750000
0.766784667968750
1.015808105468750
0.799255371093750
0.989807128906250
0.773559570312500
0.996704101562500
0.765930175781250
0.804443359375000
0.963134765625000
0.946716308593750
0.813964843750000
0.782409667968750
0.980529785156250
0.772583007812500
0.960632324218750
0.806274414062500
0.950561523437500
0.821411132812500
0.955932617187500
0.830078125000000
0.751464843750000
0.986633300781250
0.759094238281250
0.999938964843750
0.764587402343750
1.016296386718750
0.737670898437500
0.987243652343750
0.771423339843750
0.968627929687500
0.759826660156250
0.964782714843750
0.810119628906250
0.907653808593750
0.805725097656250
0.953002929687500
0.828979492187500
0.770690917968750
1.008117675781250
0.786071777343750
1.016113281250000
0.763549804687500
0.936401367187500
0.750427246093750
0.968872070312500
0.778381347656250
0.783935546875000
0.995239257812500
0.948425292968750
0.760253906250000
0.788513183593750
0.956176757812500
0.980773925781250
0.777282714843750
0.785766601562500
1.001464843750000
0.796997070312500
0.806579589843750
0.962341308593750
0.821838378906250
0.957885742187500
0.792907714843750
0.956909179687500
0.822265625000000
0.790893554687500
0.964355468750000
0.776977539062500
1.004211425781250
0.785705566406250
1.001464843750000
0.765930175781250
0.807556152343750
0.988769531250000
0.795043945312500
0.826232910156250
0.943115234375000
0.783874511718750
0.962097167968750
0.809082031250000
0.941772460937500
0.786987304687500
0.985839843750000
0.764892578125000
0.969116210937500
0.784179687500000
0.830871582031250
0.956481933593750
0.805114746093750
0.988464355468750
0.806945800781250
0.956848144531250
0.737121582031250
0.964782714843750
0.765075683593750
1.004943847656250
0.776977539062500
0.797790527343750
0.973327636718750
0.794067382812500
0.927734375000000
0.806579589843750
0.975158691406250
0.791992187500000
0.982666015625000
0.812194824218750
0.945007324218750
0.817871093750000
0.754333496093750
0.993957519531250
0.780761718750000
0.960998535156250
0.760864257812500
0.971435546875000
0.741088867187500
1.004272460937500
0.790954589843750
1.007141113281250
0.736816406250000
0.777099609375000
0.987243652343750
0.751464843750000
0.979003906250000
0.798522949218750
0.946411132812500
0.761169433593750
0.982482910156250
0.760620117187500
0.966552734375000
0.768432617187500
0.979797363281250
0.959594726562500
0.775390625000000
0.746948242187500
0.988586425781250
0.758300781250000
0.959533691406250
0.780517578125000
0.996643066406250
0.792419433593750
0.964355468750000
0.790100097656250
0.982666015625000
0.802307128906250
0.946838378906250
0.778930664062500
0.961486816406250
0.767517089843750
0.989685058593750
0.742736816406250
0.985717773437500
0.789306640625000
0.786376953125000
0.945678710937500
0.816040039062500
0.950561523437500
0.808654785156250
0.927856445312500
0.811889648437500
0.996520996093750
0.803527832031250
0.773803710937500
0.965148925781250
0.927185058593750
0.828552246093750
0.780944824218750
0.985473632812500
0.744567871093750
0.999572753906250
0.747985839843750
0.962097167968750
0.746948242187500
0.989501953125000
0.767333984375000
1.001586914062500
0.742065429687500
0.958007812500000
0.776306152343750
0.991516113281250
0.762390136718750
0.986206054687500
0.733764648437500
1.005981445312500
0.764099121093750
0.988830566406250
0.770568847656250
1.000122070312500
0.781921386718750
0.790527343750000
0.978759765625000
0.747619628906250
1.005798339843750
0.740661621093750
0.923583984375000
0.638183593750000
1.018188476562500
0.804748535156250
0.946716308593750
0.803588867187500
0.978271484375000
0.819213867187500
0.930603027343750
0.811523437500000
0.788696289062500
1.002502441406250
0.779418945312500
1.029846191406250
0.766296386718750
0.989624023437500
0.743774414062500
0.953918457031250
0.817626953125000
0.787170410156250
0.984863281250000
0.789367675781250
0.973022460937500
0.769409179687500
1.001586914062500
0.768310546875000
0.784790039062500
0.968139648437500
0.970642089843750
0.762939453125000
0.792480468750000
0.979736328125000
0.775756835937500
1.006774902343750
0.761901855468750
1.005187988281250
0.766906738281250
0.974365234375000
0.793579101562500
0.818420410156250
0.928955078125000
0.802978515625000
0.975646972656250
0.825561523437500
0.767700195312500
1.005737304687500
0.783447265625000
0.991027832031250
0.767578125000000
0.986389160156250
0.791137695312500
0.989440917968750
0.761718750000000
0.790222167968750
0.967529296875000
0.757751464843750
0.983154296875000
0.766113281250000
1.008544921875000
1.321105957031250
0.808776855468750
0.975891113281250
0.920715332031250
0.798706054687500
0.803161621093750
0.935729980468750
0.804077148437500
0.941345214843750
0.799682617187500
0.939086914062500
0.809509277343750
0.966857910156250
0.808898925781250
0.772338867187500
0.992736816406250
0.774169921875000
1.003723144531250
0.798522949218750
0.984375000000000
0.745544433593750
0.959045410156250
0.770751953125000
1.008605957031250
0.730957031250000
0.976013183593750
0.771850585937500
0.982849121093750
0.759826660156250
0.789001464843750
0.936096191406250
1.004699707031250
0.744262695312500
0.973510742187500
0.743957519531250
1.009460449218750
0.747009277343750
0.780395507812500
1.001953125000000
0.784912109375000
0.963073730468750
0.773864746093750
0.815368652343750
0.941650390625000
0.806030273437500
0.935607910156250
0.803588867187500
0.940429687500000
0.811706542968750
0.959289550781250
0.768798828125000
0.964294433593750
0.786743164062500
1.009155273437500
0.763549804687500
0.967834472656250
0.752990722656250
0.985839843750000
0.773864746093750
0.983886718750000
0.811096191406250
0.949584960937500
0.798339843750000
0.949096679687500
0.819213867187500
0.900573730468750
0.813659667968750
0.949523925781250
0.838806152343750
0.964965820312500
0.830627441406250
0.749877929687500
1.026184082031250
0.789306640625000
0.965820312500000
0.772644042968750
0.977539062500000
0.780639648437500
0.931152343750000
0.939697265625000
0.796142578125000
0.770385742187500
0.951782226562500
0.786010742187500
1.010375976562500
0.775634765625000
0.967102050781250
0.785339355468750
0.807983398437500
1.003417968750000
0.759277343750000
0.951171875000000
0.966125488281250
0.763916015625000
1.018859863281250
0.759155273437500
0.975463867187500
0.730895996093750
1.014526367187500
0.773498535156250
0.796875000000000
0.957397460937500
0.782958984375000
0.999389648437500
0.773986816406250
0.966369628906250
0.816955566406250
0.975585937500000
0.817993164062500
0.808532714843750
0.940734863281250
0.786926269531250
0.966735839843750
0.789428710937500
0.926818847656250
0.800292968750000
0.955688476562500
0.823730468750000
0.997070312500000
0.817993164062500
0.977966308593750
0.808959960937500
0.776733398437500
0.999328613281250
0.767089843750000
0.982666015625000
0.776489257812500
0.990478515625000
0.767517089843750
1.013000488281250
0.745117187500000
1.018859863281250
0.759643554687500
0.976440429687500
0.783020019531250
0.749938964843750
0.979370117187500
0.783630371093750
0.965942382812500
0.789550781250000
0.978027343750000
0.801940917968750
1.001953125000000
0.805480957031250
0.759033203125000
1.015502929687500
0.789611816406250
0.988891601562500
0.777160644531250
1.004455566406250
0.778808593750000
0.954284667968750
0.765136718750000
0.988403320312500
0.787719726562500
1.002014160156250
0.763488769531250
0.808776855468750
0.975830078125000
0.833618164062500
0.960144042968750
0.789489746093750
0.799072265625000
0.926208496093750
0.811157226562500
0.924255371093750
0.803710937500000
0.970642089843750
0.788635253906250
0.957763671875000
0.820617675781250
0.930725097656250
0.812622070312500
0.944763183593750
0.814208984375000
0.997558593750000
0.811096191406250
0.919616699218750
0.826416015625000
0.749084472656250
1.007873535156250
0.765502929687500
0.964477539062500
0.782653808593750
0.987487792968750
0.789489746093750
1.001831054687500
0.790100097656250
0.770996093750000
0.984375000000000
0.788269042968750
0.960754394531250
0.776794433593750
0.986877441406250
0.804992675781250
0.984313964843750
0.794067382812500
0.981079101562500
0.771118164062500
0.971984863281250
0.755798339843750
0.812377929687500
0.987182617187500
0.814880371093750
0.953857421875000
0.808715820312500
0.924560546875000
0.812744140625000
0.767089843750000
1.004516601562500
0.791320800781250
0.981811523437500
0.761718750000000
1.015747070312500
0.776306152343750
0.961730957031250
0.748107910156250
0.978942871093750
0.771179199218750
1.006713867187500
0.758666992187500
0.998474121093750
0.742980957031250
1.025634765625000
0.776123046875000
0.980102539062500
0.754882812500000
0.986145019531250
0.800048828125000
0.779663085937500
0.991699218750000
0.740295410156250
0.992492675781250
0.951660156250000
0.761108398437500
0.807617187500000
0.990905761718750
0.805297851562500
0.985595703125000
0.798217773437500
0.829772949218750
0.943481445312500
0.826660156250000
0.921264648437500
0.823974609375000
0.942077636718750
0.815856933593750
0.949951171875000
0.816955566406250
0.935913085937500
0.819519042968750
0.947448730468750
0.806518554687500
0.917053222656250
0.826965332031250
0.911987304687500
0.826171875000000
0.933349609375000
0.798706054687500
0.999084472656250
0.824523925781250
0.927246093750000
0.804321289062500
0.948730468750000
0.847473144531250
0.961914062500000
0.821655273437500
0.749694824218750
1.011230468750000
0.757934570312500
0.969909667968750
0.762939453125000
1.000305175781250
0.758666992187500
0.950927734375000
0.935607910156250
0.747924804687500
0.982788085937500
0.813659667968750
0.923461914062500
0.786132812500000
0.957519531250000
0.825073242187500
0.779785156250000
0.984802246093750
0.783447265625000
1.031494140625000
0.765991210937500
0.980041503906250
0.773803710937500
0.764221191406250
1.035766601562500
0.757446289062500
0.981811523437500
0.764099121093750
0.990417480468750
0.770324707031250
1.043151855468750
0.763793945312500
0.989624023437500
0.783142089843750
1.007873535156250
0.733703613281250
0.946838378906250
1.007263183593750
0.776916503906250
0.800842285156250
1.030273437500000
0.779296875000000
0.997375488281250
0.787292480468750
0.820190429687500
0.982482910156250
0.794982910156250
1.007202148437500
0.805541992187500
0.954284667968750
0.833984375000000
0.782470703125000
0.957336425781250
0.947753906250000
0.807678222656250
0.981262207031250
0.799499511718750
0.937072753906250
0.786315917968750
1.006591796875000
0.851623535156250
0.962463378906250
0.835144042968750
0.752258300781250
1.011413574218750
0.769714355468750
0.971679687500000
0.776123046875000
0.999267578125000
0.799438476562500
0.998718261718750
0.750671386718750
0.985229492187500
0.806396484375000
0.780273437500000
0.981506347656250
0.777099609375000
1.022644042968750
0.747985839843750
0.980407714843750
0.751953125000000
1.031250000000000
0.782409667968750
0.959167480468750
0.803405761718750
0.957946777343750
0.782226562500000
0.991455078125000
0.796813964843750
0.987670898437500
0.818786621093750
0.984497070312500
0.805603027343750
0.972717285156250
0.748352050781250
0.989929199218750
0.775878906250000
0.972778320312500
0.796325683593750
0.827758789062500
0.956848144531250
0.844055175781250
0.981933593750000
0.814880371093750
0.971374511718750
0.791198730468750
0.961914062500000
0.823120117187500
0.971130371093750
0.802307128906250
0.949340820312500
0.833496093750000
0.775268554687500
1.027221679687500
0.748657226562500
1.001281738281250
0.755432128906250
1.016723632812500
0.722167968750000
1.003967285156250
0.772399902343750
1.010009765625000
0.916198730468750
0.809692382812500
0.782653808593750
1.032958984375000
0.792846679687500
0.994262695312500
0.760375976562500
1.021728515625000
0.776184082031250
0.993469238281250
0.749145507812500
0.793701171875000
0.998474121093750
0.798583984375000
1.000854492187500
0.777770996093750
1.004821777343750
0.811767578125000
0.948486328125000
0.791198730468750
0.967651367187500
0.793273925781250
0.798156738281250
0.956909179687500
0.834594726562500
0.983764648437500
0.812438964843750
0.994812011718750
0.836669921875000
0.921997070312500
0.801879882812500
0.960083007812500
0.845275878906250
0.928588867187500
0.795593261718750
0.780334472656250
1.034667968750000
0.779418945312500
1.011169433593750
0.757202148437500
1.000915527343750
0.775939941406250
0.977783203125000
0.781005859375000
0.809082031250000
0.985473632812500
0.957336425781250
0.782104492187500
0.981445312500000
0.771789550781250
0.800903320312500
0.991149902343750
0.813171386718750
1.000366210937500
0.804382324218750
0.996459960937500
0.759216308593750
0.849609375000000
0.932617187500000
0.817810058593750
0.969665527343750
0.827148437500000
0.921936035156250
0.809692382812500
0.991210937500000
0.792724609375000
0.979492187500000
0.792358398437500
0.812622070312500
0.983276367187500
0.925659179687500
0.778259277343750
0.952026367187500
0.807678222656250
0.952331542968750
0.830200195312500
0.803894042968750
1.023132324218750
0.756286621093750
1.035034179687500
0.735778808593750
0.993225097656250
0.763610839843750
0.971496582031250
0.776428222656250
1.011718750000000
0.769897460937500
0.958618164062500
0.959106445312500
0.832519531250000
0.778015136718750
0.999694824218750
0.773498535156250
0.988464355468750
0.776245117187500
0.981079101562500
0.732727050781250
1.028686523437500
0.739318847656250
0.975036621093750
0.951232910156250
0.792541503906250
0.781738281250000
0.971923828125000
0.775939941406250
0.966613769531250
0.787231445312500
0.981933593750000
0.779602050781250
0.986083984375000
0.945922851562500
0.840515136718750
0.764831542968750
1.014831542968750
0.794921875000000
1.021423339843750
0.791870117187500
0.989868164062500
0.755432128906250
0.993469238281250
0.770568847656250
0.792297363281250
0.965698242187500
0.771728515625000
1.007507324218750
0.800109863281250
0.981323242187500
0.779113769531250
0.977294921875000
0.770141601562500
0.981567382812500
0.792663574218750
1.015869140625000
0.779968261718750
0.809814453125000
0.966918945312500
0.837524414062500
0.945068359375000
0.854370117187500
0.934570312500000
0.822387695312500
0.947753906250000
0.814636230468750
0.948486328125000
0.815917968750000
0.942321777343750
0.843200683593750
0.915710449218750
0.788879394531250
0.932373046875000
0.796752929687500
0.991149902343750
0.784729003906250
0.784179687500000
0.856872558593750
0.825012207031250
0.980163574218750
0.774963378906250
0.948059082031250
0.800720214843750
0.987670898437500
0.788696289062500
0.964355468750000
0.810241699218750
0.952880859375000
0.811889648437500
0.796264648437500
0.974365234375000
0.936584472656250
0.803466796875000
0.782714843750000
0.974182128906250
0.784790039062500
1.010070800781250
0.771789550781250
0.976989746093750
0.803649902343750
0.766113281250000
1.005920410156250
0.774719238281250
0.972167968750000
0.778625488281250
0.968566894531250
0.785156250000000
0.995910644531250
0.749267578125000
0.963684082031250
0.788085937500000
0.813720703125000
0.985778808593750
0.766662597656250
0.951843261718750
0.845031738281250
0.986633300781250
0.797424316406250
0.950866699218750
0.834533691406250
0.934143066406250
0.787536621093750
0.937072753906250
0.825134277343750
0.944396972656250
0.822570800781250
0.946716308593750
0.820800781250000
0.780395507812500
1.007934570312500
0.757263183593750
1.004943847656250
0.785156250000000
0.996032714843750
0.783996582031250
0.789245605468750
1.010864257812500
0.798950195312500
0.993041992187500
0.774291992187500
0.984130859375000
0.796691894531250
1.005065917968750
0.783447265625000
0.815124511718750
0.964050292968750
0.832153320312500
0.966003417968750
0.815673828125000
0.927795410156250
0.943481445312500
0.790222167968750
0.985168457031250
0.791442871093750
0.851318359375000
0.967956542968750
0.767211914062500
0.958496093750000
0.825561523437500
0.994018554687500
0.832092285156250
0.756408691406250
0.998901367187500
0.812194824218750
0.999023437500000
0.766784667968750
0.952392578125000
0.788696289062500
0.983764648437500
0.779846191406250
0.989868164062500
0.944702148437500
0.807739257812500
0.782775878906250
1.008056640625000
0.771301269531250
0.985534667968750
0.731445312500000
0.990478515625000
0.771850585937500
0.987182617187500
0.783264160156250
1.022705078125000
0.770385742187500
0.795532226562500
1.001586914062500
0.766601562500000
1.006774902343750
0.789916992187500
0.825866699218750
0.980590820312500
0.768310546875000
0.985290527343750
0.833557128906250
0.919921875000000
0.821228027343750
0.962890625000000
0.809692382812500
0.973449707031250
0.822937011718750
0.947326660156250
0.789245605468750
0.787109375000000
1.018676757812500
0.755432128906250
1.014587402343750
0.765380859375000
0.960693359375000
0.766601562500000
1.029663085937500
0.773498535156250
1.008789062500000
0.762817382812500
1.018737792968750
0.761291503906250
1.036437988281250
0.784179687500000
0.756408691406250
0.996032714843750
0.767089843750000
0.969848632812500
0.991210937500000
0.809020996093750
0.788635253906250
0.976013183593750
0.773315429687500
1.003906250000000
0.822570800781250
1.032043457031250
0.762817382812500
0.979431152343750
0.799438476562500
0.991210937500000
0.749633789062500
1.002380371093750
0.780883789062500
1.012023925781250
0.798583984375000
0.817932128906250
0.989685058593750
0.836181640625000
0.788696289062500
1.029724121093750
0.736450195312500
1.021362304687500
0.748474121093750
0.988281250000000
0.788146972656250
0.791564941406250
0.979125976562500
0.966186523437500
0.775817871093750
0.992431640625000
0.778442382812500
1.003601074218750
0.775695800781250
0.810180664062500
1.016235351562500
0.771911621093750
0.980590820312500
0.768554687500000
0.969726562500000
0.980773925781250
0.770141601562500
1.019165039062500
0.789062500000000
0.779052734375000
0.989074707031250
0.780151367187500
0.985717773437500
0.825805664062500
0.978576660156250
0.795410156250000
0.951049804687500
0.767700195312500
0.999633789062500
0.769958496093750
0.974548339843750
0.791381835937500
0.974670410156250
0.769042968750000
1.007446289062500
0.812316894531250
0.845947265625000
0.921997070312500
0.995666503906250
0.786193847656250
0.821777343750000
1.019348144531250
0.831176757812500
0.898132324218750
0.965820312500000
0.799987792968750
0.801391601562500
0.950195312500000
0.828063964843750
0.948181152343750
0.819824218750000
0.957336425781250
0.830444335937500
0.798461914062500
1.026245117187500
0.778869628906250
1.025390625000000
0.777404785156250
0.966552734375000
0.738464355468750
1.018371582031250
0.797363281250000
0.953613281250000
0.769042968750000
1.019958496093750
0.895141601562500
0.826477050781250
0.806518554687500
1.019897460937500
0.754882812500000
1.015319824218750
0.772827148437500
1.018066406250000
0.777770996093750
0.811889648437500
1.017456054687500
0.987854003906250
0.737792968750000
1.020751953125000
0.775024414062500
0.793518066406250
0.964660644531250
1.028320312500000
0.722290039062500
0.997436523437500
0.797424316406250
0.793212890625000
0.971313476562500
0.989624023437500
0.772033691406250
1.004028320312500
0.762390136718750
0.821289062500000
1.008544921875000
0.743408203125000
1.006286621093750
0.760986328125000
0.995483398437500
0.770690917968750
0.990356445312500
0.798828125000000
0.977111816406250
0.965759277343750
0.786499023437500
0.793090820312500
0.989257812500000
0.986816406250000
0.771972656250000
0.980407714843750
0.793579101562500
0.782226562500000
0.983398437500000
0.974548339843750
0.780029296875000
0.794189453125000
0.985900878906250
0.811096191406250
0.951599121093750
0.795349121093750
1.019470214843750
0.795715332031250
0.839843750000000
0.997436523437500
0.826416015625000
0.948791503906250
0.818115234375000
0.967163085937500
0.819152832031250
0.951416015625000
0.841247558593750
0.953186035156250
0.818908691406250
0.782043457031250
1.020446777343750
0.757690429687500
1.033386230468750
0.763366699218750
0.819152832031250
0.647766113281250
0.686218261718750
0.553771972656250
0.656982421875000
0.546813964843750
0.570617675781250
0.426513671875000
0.554260253906250
0.438598632812500
0.543395996093750
0.433105468750000
0.548767089843750
0.430786132812500
0.527770996093750
0.432250976562500
0.537048339843750
0.419006347656250
0.539245605468750
0.443725585937500
0.517089843750000
0.449096679687500
0.518066406250000
0.427551269531250
0.434570312500000
0.538269042968750
0.423339843750000
0.521667480468750
