2145774
2380315
4768699
5096755
5100000
5098163
5095362
5095348
5090648
5085675
5087989
5092016
5099989
5100010
5100000
5100000
5100000
5100010
5099979
5100000
5100010
5100000
5100000
5100010
5099989
5100000
5100000
5100000
5100000
5099989
5100020
5099989
5100000
5100000
5100000
5100000
5100000
5100000
5100000
5100000
5100000
5100000
5100000
5100000
5099866
5100000
5100000
5100000
5100000
5100000
5100000
5100000
5099989
5100010
5100000
5100000
5100000
5100000
5100000
5100000
5100010
5099989
5099989
5100010
5100000
5100010
5099989
5100000
5100000
5100000
5100000
5100000
5100000
5090831
5100010
5100000
5099989
5100010
5099989
5099989
5100000
5100020
5099969
5100030
5099989
5100000
5099989
5100010
5099989
5100020
5099989
5100000
5100000
5099989
5100010
5100000
5100000
5100010
5100000
5099989
5100000
5100010
5100000
5099989
5100000
5100000
5100010
5099989
5100000
5100000
5100000
5100000
5100010
5099979
5100010
5100000
5100000
5100000
5100000
5100000
5100000
5100000
5100000
5100000
5100010
5100000
5099989
5100010
5100000
5099989
5100000
5100000
5099989
5100010
5100000
5099979
5100020
5100000
5100010
5099989
5100000
5100000
5100000
5100010
5099989
5100010
5099989
5100000
5100000
5100000
5100000
5100000
5100010
5099989
5100000
5100010
5099979
5100010
5100000
5100000
5100000
5099989
5100010
5100000
5100010
5099989
5100000
5100000
5100010
5099989
5100000
5100000
5100000
5100000
5100000
5100000
5100000
5100000
5100000
5100000
5100000
5100000
5100000
5100000
5100000
5100010
5099989
5100000
5100000
5100000
5100000
5100000
5100000
5100000
5100000
5100000
5100000
5100000
5100000
5100010
5099989
5100000
5100010
5099989
5100000
5100000
5100000
5100010
5099989
5100000
5100010
5100000
5099969
5100030
5099989
5100000
5099989
5100010
5100000
5100000
5100000
5100000
5100000
5100000
5100000
5100010
5099989
5100010
5099979
5100010
5100000
5100010
5100000
5099989
5100000
5100000
5100000
5100000
5100000
5100010
5100000
5099989
5100000
5100010
5100000
5100000
5099989
5100000
5100000
5100000
5100010
5099989
5100000
5100000
5100000
5100000
5100000
5100000
5099725
5097579
5098821
5096231
5095128
5096794
5100010
5100000
5099294
5100000
5099989
5100010
5100000
5100000
5100000
5100000
5100010
5100000
5100000
5099979
5100010
5100000
5099989
5100010
5100000
5100000
5100000
5100000
5100000
5100010
5099989
5100000
5100000
5100000
5100000
5100000
5100000
5100000
5100000
5100000
5100000
5100010
5099989
5100000
5100000
5100000
5100000
5099989
5100010
5099979
5100030
5099989
5100000
5100000
5100010
5099979
5100010
5100000
5099969
5100030
5100000
5100000
5099989
5100010
5100000
5099969
5100020
5100010
5100010
5099979
5100010
5100000
5100000
5099989
5100010
5100000
5100000
5100000
5100000
5099989
5100010
5100000
5099989
5100000
5100020
5099989
5099989
5100000
5100010
5100000
5099989
5100000
5100010
5100000
5099989
5100000
5100000
5099989
5100010
5100010
5100000
5100000
5100010
5099989
5100000
5100000
5099989
5100000
5100010
5099979
5100010
5100010
5100000
5100000
5100000
5099989
5100000
5100000
5100010
5100000
5099989
5100000
5100020
5099979
5100010
5100010
5099989
5100000
5100000
5100000
5100000
5100000
5100010
5099989
5099989
5100020
5099969
5100020
5100000
5099979
5100020
5100000
5100010
5100000
5099969
5100020
5100000
5100000
5099979
5100020
5100000
5100000
5100000
5100000
5100000
5099989
5100010
5100010
5099989
5100000
5099989
5100010
5100000
5100000
5100000
5099989
5100010
5100000
5100000
5100000
5100000
5099989
5100010
5100000
5100000
5100010
5099989
5100000
5100000
5100000
5100000
5100000
5100010
5099989
5100000
5100000
5100000
5100000
5099979
5100030
5099989
5100000
5100000
5100000
5100000
5100010
5099989
5100000
5099989
5100010
5100000
5100000
5100000
5100000
5100000
5100000
5099989
5100010
5100010
5099969
5100020
5099989
5100010
5100000
5100000
5100000
5100010
5099989
5099989
5100010
5100000
5099989
5100020
5099989
5100000
5100000
5100000
5100000
5099989
5100010
5100000
5100000
5100000
5100000
5100000
5100000
5099989
5100020
5100000
5100000
5099989
5100000
5100010
5099979
5100020
5099989
5100010
5099989
5100000
5100000
5100000
5100000
5100000
5100000
5100000
5099979
5100030
5099989
5100000
5099989
5099989
5100010
5100010
5100010
5099989
5100000
5100010
5099989
5100000
5100000
5100000
5100000
5100000
5099979
5100020
5100000
5100000
5100000
5100000
5100000
5100000
5099989
5100010
5100000
5100000
5100000
5100000
5100000
5100010
5099989
5100010
5100000
5099989
5099979
5100020
5100000
5100000
5100000
5099979
5100020
5100000
5100010
5099989
5100010
5099989
5100010
5099989
5100010
5099989
5100000
5100000
5100000
5100000
5100000
5100000
5100000
5100000
5100000
5100000
5100010
5099979
5100010
5100000
5100000
5100000
5100000
5100000
5100000
5100000
5100000
5100000
5100000
5100010
5099989
5100010
5099989
5100010
5099989
5100000
5100000
5100000
5100000
5100000
5100000
5100000
5100010
5100000
5100000
5100000
5099989
5100010
5099989
5099979
5100020
5100000
5100000
5100000
5100000
5100000
5100000
5100000
5100000
5100000
5099989
5100010
5100000
5100000
5100000
5100010
5099989
5099989
5100020
5099989
5100010
5099989
5100000
5100000
5100000
5100000
5100000
5100000
5100000
5099979
5100020
5100000
5100000
5100000
5100000
5100010
5099989
5100000
5100000
5100000
5100000
5100000
5100000
5099989
5100010
5099872
5100000
5100010
5099989
5098279
5100010
5099989
5099989
5097698
5099492
5097693
5098822
5098657
5097423
5100000
5099075
5099989
5099511
5098404
5098288
5100010
5098689
5095401
5097713
5100020
5098519
5099978
5099989
5097677
5099141
5097693
5100000
5099898
5095291
5096216
5100000
5099014
5099314
5098814
5099800
5098746
5097699
5096019
5097603
5100000
5097021
5099542
5096822
5100010
5097658
5095382
5096091
5095050
5097531
5099005
5096157
5091009
5094792
5097445
5099236
5097649
5090634
5094759
5097495
5097812
5099274
5097756
5099372
5098904
5094638
5095210
5098270
5100000
5100000
5099816
5098829
5098458
5096723
5093737
5092223
5093129
5097894
5095086
5096086
5099279
5099989
5097809
5099665
5095997
5096779
5094966
5092901
5095227
5098939
5099265
5094317
5097590
5095299
5096514
5094056
5095131
5090015
5088525
5092678
5087379
5091023
5098346
5100000
5100000
5100010
5099989
5100000
5097828
5100020
5099979
5100010
5100000
5100000
5100010
5099989
5100010
5099989
5100000
5100000
5100000
5100000
5100000
5100000
5100010
5099989
5100000
5100000
5100000
5100000
5100010
5100000
5099989
5099989
5100010
5100000
5100000
5100000
5100010
5099989
5100000
5100000
5100000
5100000
5099293
5100000
5099278
5100000
5100010
5099989
5100000
5100000
5100000
5098576
5098519
5090630
5082066
5088915
5100000
5100000
5095548
5096644
5085675
5085118
5088008
5092633
5099869
5088553
5089080
5092576
5085663
5085671
5092124
5087601
5100000
5100010
5100000
5099979
5100010
5100010
5099979
5100010
5100000
5100000
5100000
5100000
5099989
5100010
5100000
5100000
5100000
5100000
5100000
5100000
5100000
5100000
5100000
5099989
5057174
5100000
5100000
5100000
5100000
5100010
5099969
5100020
5100000
5100000
5100000
5100000
5100000
5100000
5099979
5100020
5100000
5100000
5099989
5100010
5100000
5100000
5099989
5100020
5099989
5100000
5099989
5100010
5100000
5100000
5100000
5100000
5100000
5100000
5100000
5099989
5100010
5099989
5100010
5100000
5100000
5100010
5099989
5100000
5100000
5099979
5100020
5100000
5100000
5100000
5100000
5100010
5099989
5099989
5100010
5100000
5100000
5100000
5100000
5099989
5100010
5100010
5099979
5100010
5100010
5100000
5099989
5100000
5100000
5099989
5100010
5100010
5099989
5100000
5100000
5100000
5100000
5100000
5100000
5100000
5100010
5099989
5100000
5099989
5100010
5099989
5100010
5100000
5100000
5100000
5100000
5100000
5100000
5100000
5100010
5100000
5099989
5100000
5100000
5099989
5100010
5100010
5099989
5100000
5100000
5100010
5099989
5100000
5099989
5100000
5100010
5099979
5100020
5100000
5100000
5100000
5100000
5100010
5099989
5100000
5100000
5100000
5100000
5100000
5100000
5100000
5100000
5100000
5100010
5099979
5100010
5100000
5100000
5100000
5099979
5100020
5100000
5100000
5100000
5100000
5100000
5100000
5100000
5100000
5100000
5100000
5100000
5100000
5100000
5100000
5100000
5100000
5100000
5100000
5100000
5100000
5100000
5100010
5099989
5100000
5100010
5099979
5100010
5100000
5099989
5100020
5099989
5099989
5100010
5100000
5100000
5100000
5100010
5099989
5100000
5100000
5099979
5100020
5100000
5099989
5100020
5099979
5100020
5100000
5100000
5099989
5097537
5100010
5100010
5097532
5100000
5098281
5097201
5097341
5099989
5100000
5096783
5097761
5097766
5097661
5098105
5093071
5100000
5095472
5094975
5097497
5098469
5097592
5098339
5099989
5096861
5095236
5095057
5099978
5097693
5100000
5100000
5100000
5094288
5097679
5099515
5095877
5099979
5096087
5095902
5099630
5095385
5097702
5093092
5093049
5099989
5093253
5093051
5092202
5089249
5095384
5097675
5097657
5095381
5097692
5096654
5091770
5095905
5097150
5090731
5097068
5098300
5094030
5092065
5097691
5094432
5100010
5094486
5096266
5091407
5095000
5090480
5097642
5097046
5093704
5099989
5095971
5097315
5097309
5095546
5092388
5093341
5094348
5095399
5090729
5092537
5091270
5097692
5099989
5095382
5095304
5092625
5092677
5084354
5095362
5095916
5092531
5092857
5088575
5089775
5089325
5086681
5092659
5090354
5090317
5085685
5090299
5096454
5093040
5090734
5088413
5086045
5089678
5091639
5091441
5085664
5093455
5090342
5083818
5092222
5085679
5010450
4989633
5093087
5090358
5083333
5086741
5091614
5092172
5088587
5084755
5088465
5088392
5088958
5090323
5088016
5089268
5085675
5092892
5090184
5086070
5092705
5089314
5088016
5088023
5084950
5087902
5087443
5085670
5090348
5085778
5090125
5087995
5089585
5072478
4984058
5100000
5100000
5099989
5100010
5100010
5099989
5100000
5100010
5099989
5100000
5099989
5100010
5100000
5100000
5100000
5100000
5099989
5100010
5100000
5100000
5100000
5100000
5100000
5100000
5100010
5100000
5099989
5100000
5100000
5099989
5100010
5099989
5100020
5099989
5100010
5099989
5100000
5099989
5100010
4980217
5100010
5098524
5100000
5094048
5096176
5097818
5098561
5098516
4904502
5086224
5092137
5097166
5021975
4976442
5100010
5100000
5099979
5100020
5097821
5100010
5097071
5097343
5098474
4964620
5093164
5088615
5097101
5098561
5098440
5097774
5099261
5100010
5097783
5096301
5094942
5097796
5094008
5095654
5093664
5100000
5091766
5098399
5096939
5097823
5093709
5094906
5100000
5100000
5100010
5099989
5100000
5100000
5100000
5100000
5100000
5100000
5098543
4904044
5096124
5094246
4914373
4908176
5098533
5099989
5100000
5099989
5100000
5100010
5100000
5100000
5100000
5100000
5100010
5100000
5099989
5100000
5100000
5100000
5100010
5099979
5100010
5100000
5100000
5100000
5100000
5099989
5100010
5100010
5099989
5099989
5100010
5100000
5100000
5100000
5100010
5099989
5100010
5099989
5100000
5100000
5067659
5003084
5099989
5100010
5100010
5099989
5100000
5100000
4966385
5100010
5100010
5100000
5100000
5099989
5100000
5100020
4981669
5094252
4965025
5099567
5100000
4966186
5097823
5100010
5099994
5008332
5006136
5100010
5100000
4965504
5100000
5099989
5100010
4909352
5099989
4909024
5093455
5099989
4905026
5099415
5099979
5100020
5100000
5100000
5100000
4964861
5099414
5099989
4968347
5100000
5100010
5099989
5100000
5100000
5100000
5100000
4895481
5100000
4971368
5100000
4961198
5099161
4963869
4928127
5064052
5100020
4954868
5099979
4916214
5089771
5098028
4965832
5093409
4909129
5099989
4983315
5100000
4906484
5099652
4917922
5096840
4901707
5100000
4971875
4981055
5023468
5099989
4914309
5099979
4972539
4993071
5019920
4961607
5098162
4972074
4964040
5027626
5028918
4966062
5092010
4930112
4954458
5053423
5099979
4920867
4907728
5098579
4975872
4970359
5014777
4981530
4908457
5097478
4902884
4944267
5055891
4962077
5083858
4927769
4969615
5095832
4978289
4962741
5096356
4907218
4999453
5064146
4909459
4938841
5062225
4966993
5099282
4906761
4968767
5005885
5066178
4914738
5054960
4972281
4968495
5034410
5033923
4903314
5100010
4904417
4961578
5100000
4972017
4969273
4965997
4965614
5099447
4912711
4898818
4909980
5095564
4967091
4964319
5014583
4981626
4964930
5097932
4924837
4959748
5061749
4941204
5100000
4969578
4950451
5065875
4903062
4974705
5099235
4970732
5057496
5013532
4914642
5100000
4961374
4963446
5075569
4999622
4910717
4908851
5099615
4969632
4914709
5080528
4925018
4913821
4967369
5096274
4974974
4952833
4908014
5074547
4932442
4975354
4960939
5098210
4899057
4910888
4909805
5090689
4969998
4908672
4982247
5088118
4972637
4909392
4965653
4980290
4979009
5031064
4967677
4904907
4913455
4921593
5036581
4981428
4960182
4904790
5098503
4967182
4897745
4905949
5017553
5057361
4916310
4909143
5041337
5009912
4911307
4906841
5015601
4997688
4966073
4905846
4967500
4990579
5020396
4961493
4918158
4958625
4965858
4903745
4969130
4960247
4929084
5078962
4968928
4972620
4970633
4919468
4922292
4973176
5033837
4992554
4942960
4915004
4948620
4906875
4961281
4966672
4909705
4973144
5008348
4936331
4915631
4899057
4972410
4904428
4969455
4909786
4984218
5018629
5008527
4884070
5062117
4922786
4970342
4967239
4962340
4906351
4917889
4956715
5015247
4932184
4944683
4919423
4969365
4968866
4909827
4912478
4902608
4970598
4972571
5054273
5010059
4896552
4974614
4967873
4973040
4966900
4909869
4913067
4908985
4985439
5012720
4967463
4914191
4904857
4904760
4841866
4962993
4979395
5007640
4984067
4964500
4966894
4946905
4965032
4904078
4913721
4965268
5009936
4992874
4907852
4906897
4908149
4916800
4913187
4968875
4993718
5018089
4960839
4907746
4966651
4905819
4920054
4894565
4976189
5032151
4993913
4951129
4905308
4904637
4963286
4967489
4968079
4897379
4897950
5100000
4977495
4902259
4908029
4970656
4954677
4965219
4892038
4970763
4954349
4992280
4902591
4965643
4960475
5027881
4973892
4908858
4918399
4913231
4973144
4952444
4985163
4900239
4961574
4907836
4889240
4957574
4985068
4967479
4964355
4995069
5046282
4956806
4903257
4895302
4912008
4968275
4895409
4973512
4992633
4988703
4971289
4912559
4968794
4918254
4906209
4903956
4970873
4903057
4901568
4967982
4960320
4960993
4962431
4905118
4979994
4996420
4885643
5013647
4954851
4914059
4895770
4906807
4957729
4958690
4907561
4901435
4969335
5065492
4973792
4954688
4957800
4958959
4951328
4957949
4897858
4960885
4905800
4962938
4895746
5019447
5006752
4976682
4907052
4899993
4888637
4951516
4891669
4903624
4944412
4899058
4956425
4908318
4914084
5066081
4951010
4950801
4964848
4948854
4962080
4900398
4958547
4898705
4897611
4962855
4947824
4921251
5032826
4888361
5039729
4960530
4900014
4891249
4932774
4892099
4978848
4987693
4961088
4951763
4946176
4895008
4901799
4905177
4949601
4915326
4996956
4977436
4952281
4896032
4898677
4911390
4904593
4952564
4900183
5003365
4901902
4968044
4894564
4948940
4901441
4960328
4992148
4908924
4956894
4945530
4953967
4951305
4894127
4900905
4944017
4949046
4897597
4950748
4903752
4957363
4901458
4956375
4905799
4853242
4875218
4984814
4929989
4941898
4874110
4920609
4903395
4902001
4959867
4888373
4880922
5079331
4920785
5053514
4972346
4894190
4958245
4876156
4942257
4951433
4936742
4918944
4959103
4900218
4940359
4902775
4874028
4984432
4908924
4857432
4943040
4882834
4893828
4945758
4942622
4866480
4939541
4951056
4932688
4897656
4982850
4844665
4973714
4871398
4978753
4869050
4864336
4943059
4990843
4923688
4910336
4812465
4932413
4892801
4941884
4875536
4895187
4949711
4934883
4884348
4939638
4900093
4895775
4876868
4938755
4945347
4890880
4945950
4881871
4886966
4876314
4900633
4876451
4943987
4930294
4941600
4888261
4894800
4804364
4974280
4767407
4815397
4952535
4947276
4936514
4937799
4926512
4894533
4875282
4863453
4857873
4878188
4893744
4947419
4927661
4878812
4927813
4901668
4918931
4922131
4862258
4866310
4869246
4939414
4874593
4888911
4889285
4921590
4811484
4865063
4821009
4901156
4931311
4870020
4876127
4945841
4928304
4945526
4871705
4879616
4885351
4898959
4808658
4843697
4865600
4898104
4945851
4938695
4918265
4928267
4844373
4866317
4868589
4952458
4932944
4932144
4874577
4899531
4893631
4896160
4860801
4959178
4806870
4875755
4930143
4936696
4937694
4930341
4879824
4925386
4897638
4859315
4875663
4878473
4943077
4871385
4866904
4879090
4869874
4921502
4935390
4886946
4924164
4881168
4858064
4798736
4899933
4934980
4889798
4878784
4886222
4883119
4880011
4903877
4800351
4811639
4889531
4932436
4877735
4917488
4888144
4923549
4835383
4849174
4903782
4884252
4864350
4845594
4926364
4868134
4923600
4926790
4923974
4812928
4856771
4881697
4928790
4874157
4926436
4948117
4870060
4867383
4843835
4829979
4936687
4881472
4877519
4875265
4924074
4869566
4923788
4790556
4880759
4921027
4855033
4866727
4921028
4914112
4861956
4867408
4789697
4804652
4833333
4885993
4925744
4922554
4862201
4860847
4895301
4836061
4845324
4834133
4860390
4873231
4915194
4909263
4867375
4880580
4796959
4841832
4877281
4860387
4932525
4914188
4867837
4942125
4866883
4899004
4829356
4804406
4890922
4930301
4914066
4922632
4923861
4853908
4799819
4863159
4908979
4922361
4814668
4915952
4859907
4866758
4941870
4863730
4806833
4878662
4935888
4933745
4926573
4912297
4922711
4860968
4814855
4850562
4850608
4881009
4878281
4923339
4892891
4869380
4842143
4843162
4850839
4876708
4880955
4888045
4872830
4930950
4909667
4886138
4907516
4826901
4806211
4945099
4915930
4918979
4928253
4918122
4872190
4878920
4883225
4853560
4803518
4844958
4863180
4927371
4912851
4901581
4904026
4839224
4844709
4794703
4921986
4878449
4881312
4867029
4923363
4855753
4851795
4826538
4843464
4898974
4893855
4858345
4916710
4868929
4907633
4900113
4850867
4815143
4860705
4875430
4905666
4900467
4859777
4862819
4905597
4872499
4812196
4867848
4842184
4909720
4872884
4866901
4862253
4865103
4912121
4888319
4791927
4784701
4864525
4867188
4908191
4857866
4925960
4910474
4812000
4822056
4863300
4901094
4925292
4898085
4782287
4897119
4908706
4860196
4864847
4900151
4853997
4917654
4912509
4800251
4878695
4872130
4919903
4933131
4935110
4854482
4849051
4789135
4873366
4912761
4867389
4863181
4919061
4848574
4825815
4888642
4876262
4854152
4922819
4913952
4917605
4902412
4848349
4849813
4843256
4876449
4867310
4875846
4849040
4920059
4888985
4842015
4839708
4903035
4854101
4870144
4913749
4902813
4900812
4860938
4847599
4841302
4815465
4866677
4903935
4908929
4862024
4862009
4861507
4869330
4780312
4918802
4905116
4907033
4859482
4848315
4904582
4852109
4831900
4807190
4855846
4856572
4907610
4853116
4897495
4914767
4797714
4837844
4829952
4852276
4904247
4865852
4857193
4849413
4902006
4796392
4909439
4838645
4857058
4855991
4854536
4898735
4828783
4880736
4856516
4865308
4846207
4847186
4855142
4876847
4781159
4792968
4872603
4854613
4858088
4901867
4891742
4855883
4827781
4783104
4891893
4859564
4912664
4840946
4848116
4848580
4901134
4794296
4831646
4832803
4908325
4856395
4860859
4904887
4900300
4888036
4819279
4843096
4846693
4856743
4901939
4906480
4848759
4856456
4889606
4758656
4844641
4907288
4847633
4895038
4900704
4785886
4772067
4888051
4907588
4841462
4902384
4792217
4799394
4842732
4850260
4898394
4891311
4901415
4855321
4848330
4863693
4847219
4774966
4821150
4859328
4845938
4850310
4846305
4862453
4860380
4895796
4845472
4892500
4889454
4892674
4779219
4822439
4789623
4849677
4843572
4848315
4902229
4858902
4893983
4805312
4781924
4847943
4894956
4899364
4838915
4818693
4805376
4850617
4848929
4854342
4845510
4781867
4855515
4853931
4853891
4894416
4733226
4838255
4889356
4893452
4836742
4844302
4798595
4897024
4836345
4807321
4774490
4905204
4879310
4886567
4897886
4850075
4772831
4848767
4898991
4879228
4788676
4841427
4891637
4898502
4891892
4728656
4901597
4846172
4838683
4825630
4824349
4831012
4885684
4894131
4851790
4889553
4844655
4783923
4893394
4901949
4879494
4816272
4828449
4803849
4851621
4846807
4892182
4844225
4832130
4774075
4771641
4825908
5007765
4837567
4895698
4848635
4745731
4893869
4878641
4842638
4887303
4774723
4866886
4892335
4835936
4788868
4777472
4887338
4844871
4836603
4770438
4833675
4866695
4894531
4890690
4842739
4818048
4845161
4832989
4832277
4891403
4812348
4842028
4844694
4821003
4897343
4887481
4843633
4655059
4844959
4845734
4844351
4893917
4838532
4842022
4740717
4891055
4822201
4840666
4840592
4846454
4852688
4867887
4816537
4834374
4891014
4821357
4847134
4786734
4836100
4735251
4887149
4844391
4854483
4788280
4836590
4891896
4802089
4821512
4840777
4842080
4840947
4845179
4847837
4790976
4778282
4840724
4841674
4871217
4796963
4836084
4806577
4896631
4834146
4829613
4758769
4890034
4878519
4844615
4831975
4838665
4839521
4810040
4900464
4837393
4799839
4903215
4872430
4863838
4839456
4726251
4841605
4840557
4834973
4888960
4745054
4773001
4900958
4840410
4768461
4883083
4809365
4853534
4838745
4897342
4823643
4710387
4891056
4837948
4839197
4807975
4766921
4762740
4821333
4873352
4845043
4817809
4729669
4897699
4886790
4800499
4856511
4848457
4817651
4766543
4874272
4842957
4800757
4806701
4875202
4840624
4836090
4782156
4712130
4886879
4841505
4767298
4886669
4833005
4811675
4796955
4842013
4874409
4807898
4713715
4834521
4845886
4830409
4826736
4874520
4796985
4823445
4823891
4848418
4837367
4701008
4845024
4786619
4844033
4850208
4817955
4825027
4835288
4673485
4874256
4869865
4820815
4737538
4866237
4821658
4773078
4782478
4845680
4865925
4838261
4728091
4873286
4888033
4735492
4868117
4843523
4719907
4840931
4837108
4844204
4770084
4758806
4803909
4840186
4786988
4728283
4781782
4754619
4841193
4816202
4805901
4710865
4839760
4730765
4820272
4897359
4819080
4814019
4743384
4862965
4887321
4783517
4888844
4781297
4833806
4843330
4688056
4776661
4870945
4821154
4737248
4817613
4818230
4807794
4760392
4813945
4841808
4772605
4763274
4901034
4735685
4883274
4841631
4678966
4812773
4842563
4806758
4830845
4777218
4794070
4769476
4813622
4803686
4829510
4733925
4836073
4828378
4781544
4887869
4728710
4840247
4792396
4870334
4876121
4842568
4704225
4834055
4835431
4705479
4761909
4839186
4807789
4799252
4819387
4870877
4734451
4836330
4780272
4840961
4689086
4805522
4814438
4802555
4828362
4756774
4840854
4741619
4843805
4831290
4748245
4814288
4878829
4786877
4892870
4723774
4843691
4780857
4835862
4681168
4893959
4783610
4895234
4740876
4886879
4794603
4932517
4835559
4727936
4845302
4724779
4838977
4864332
4777921
4881265
4684146
4867507
4834909
4775368
4834901
4754417
4849220
4702680
4761777
4885806
4733769
4834521
4727512
4850628
4732515
4887022
4774886
4889431
4729837
4932338
4659392
4835748
4810076
4836684
4742745
4845927
4775209
4832256
4705708
4897024
4769639
4832569
4771437
4845930
4681615
4886740
4723868
4838624
4779396
4837478
4732873
4882549
4732352
4833870
4786655
4866453
4761177
4794974
4860901
4781635
4745055
4885401
4729276
4879097
4692562
4865904
4755783
4787622
4875461
4823514
4727412
4782376
4779842
4775700
4872820
4727798
4875434
4733404
4827484
4765225
4784282
4862483
4713538
4827375
4869238
4691456
4868805
4703857
4869799
4722152
4798104
4735564
4767978
4813135
4795839
4832953
4743303
4791585
4807662
4723271
4879796
4757307
4728474
4867426
4712623
4803412
4766620
4857759
4782401
4735520
4833055
4777839
4889689
4770404
4838641
4737003
4844821
4697583
4868986
4822048
4772758
4888145
4721923
4837292
4770906
4784378
4801905
4760659
4869223
4733865
4891341
4720098
4853874
4691114
4888981
4679105
4891851
4722116
4883503
4689070
4821948
4807527
4722829
4799779
4761928
4817415
4773896
4889972
4702874
4839414
4755270
4887418
4735607
4823711
4724829
4828800
4729949
4890938
4746887
4869911
4765171
4816430
4724761
4841693
4723833
4838054
4734053
4857316
4760047
4837636
4769729
4775293
4742872
4796560
4852604
4794399
4816923
4711522
4840462
4760287
4808027
4682024
4888479
4680175
4856768
4738843
4768398
4795886
4810862
4737006
4735307
4871230
4739535
4820980
4762718
4841536
4812248
4762299
4809698
4788672
4832557
4749972
4856771
4707088
4798577
4793559
4774925
4774289
4823648
4779824
4765990
4771650
4793197
4825073
4777395
4845124
4749836
4856482
4730369
4833047
4726963
4856515
4723041
4890806
4666628
4843013
4770560
4813625
4677846
4831896
4721498
4838370
4726943
4879516
4666970
4876699
4726723
4833053
4719984
4892824
4727633
4844123
4704600
4832990
4730268
4891556
4734994
4871157
4717759
4866246
4715120
4844772
4763478
4845939
4691013
4834831
4770672
4799157
4792350
4854505
4692329
4823017
4781347
4819199
4768489
4805281
4753588
4737866
4799219
4841926
4883527
4722818
4840271
4725741
4852759
4706283
4820966
4691366
4827106
4727421
4812522
4709565
4887204
4706166
4838115
4715379
4892576
4710454
4845739
4684278
4864785
4728140
4809284
4726869
4842553
4723387
4871631
4723045
4807385
4775141
4837779
4839791
4703458
4823390
4875087
4875157
4769660
4777057
4767931
4798946
4864202
4784209
4774078
4748078
4788594
4744866
4871218
4657690
4884350
4698218
4796340
4845231
4741521
4826913
4730165
4835592
4641142
4897901
4647637
4886075
4691933
4836926
4694055
4890445
4657307
4826557
4768260
4791795
4759730
4766000
4801198
4817918
4786326
4733233
4823157
4764053
4763813
4696475
4849801
4674825
4872416
4725761
4802933
4728808
4891654
4693329
4883338
4699988
4864921
4731871
4810418
4729537
4806066
4750242
4788474
4712696
4835370
4743244
4749379
4754964
4774960
4767360
4692490
4806072
4785138
4819287
4660154
4874133
4678322
4842034
4716095
4868664
4692459
4889114
4680313
4842328
4680992
4824098
4686841
4887623
4704704
4815837
4672462
4886650
4655755
4834568
4729974
4804731
4741060
4811841
4765239
4813773
4665412
4784095
4762829
4774126
4774874
4719070
4810065
4675849
4939119
4692885
4822690
4712178
4784744
4842237
4719557
4720174
4790350
4790238
4747156
4828254
4810239
4774136
4835899
4783552
4759109
4775417
4809318
4796907
4881512
4692424
4858827
4680923
4865714
4670411
4824737
4733976
4886571
4646090
4839618
4775415
4789404
4660751
4882394
4705307
4811980
4629664
4837250
4732467
4871241
4711693
4809668
4732205
4812244
4736433
4819358
4693302
4887641
4700607
4805169
4707890
4816014
4633247
4810909
4746345
4846668
4736700
4872853
4693813
4802848
4718580
4796713
4788918
4748330
4741326
4743903
4788357
4821936
4783251
4814114
4750041
4731342
4783675
4723744
4855704
4713979
4817424
4699520
4833851
4662134
4811939
4665358
4888407
4629049
4816857
4711168
4850074
4677188
4839983
4712400
4876669
4644498
4770704
4806536
4769862
4802847
4761089
4815293
4680451
4853233
4709553
4844196
4733877
4832727
4679326
4808072
4701364
4856425
4761759
4767838
4815474
4685738
4743984
4720553
4792884
4729711
4752189
4731506
4796182
4740498
4732079
4720063
4783544
4766668
4740528
4784949
4799426
4783572
4745177
4808167
4738785
4867680
4687226
4805430
4686543
4887701
4667383
4811054
4728803
4809173
4707068
4805702
4660646
4803738
4737200
4861482
4725630
4776033
4727647
4764827
4718775
4767878
4729439
4834610
4736365
4709738
4772909
4705691
4768314
4714360
4872305
4693818
4841996
4647390
4878648
4682557
4887620
4712537
4793699
4662284
4812965
4708732
4839963
4659991
4883042
4674207
4878475
4674420
4801022
4755373
4797428
4630770
4873447
4651235
4790544
4705242
4869820
4645358
4854610
4720292
4843528
4731074
4711595
4760737
4735963
4796769
4705557
4810161
4720405
4742928
4764201
4756246
4733151
4773272
4697659
4823172
4692797
4794615
4793162
4746407
4816751
4833269
4736457
4798959
4721176
4813971
4694144
4807806
4704945
4809402
4674023
4807652
4638514
4847654
4749892
4745302
4745937
4756709
4760299
4752644
4670585
4812708
4717572
4818036
4710736
4817404
4664056
4874949
4620905
4806572
4729665
4823870
4735299
4811204
4684673
4879229
4696820
4794860
4802963
4841241
4740054
4800756
4756237
4807848
4690692
4874434
4626766
4806685
4759234
4792898
4792755
4766456
4748014
4734716
4771426
4784343
4784868
4694763
4801625
4740727
4815041
4741104
4844450
4719766
4808621
4747100
4774246
4751838
4884464
4691412
4818246
4671616
4820794
4627709
4793173
4627282
4887270
4691553
4865894
4621584
4804861
4735159
4810534
4684469
4801593
4783536
4770439
4698910
4809535
4739759
4812428
4674356
4859192
4678701
4798592
4735983
4833070
4649857
4832042
4691196
4857063
4695563
4746219
4726335
4819182
4731974
4803914
4751792
4754821
4813885
4725591
4840133
4767828
4787128
4750578
4858963
4693078
4765774
4753532
4756951
4675059
4868462
4739128
4794134
4689618
4861193
4671144
4808069
4740258
4871052
4703387
4795099
4797468
4882868
4681998
4745281
4635848
4861808
4813786
4770086
4675169
4799588
4741237
4818630
4651489
4767229
4691847
4832393
4713477
4768140
4675464
4754996
4743825
4764427
4747696
4747530
4810456
4798272
4807042
4719815
4851790
4700885
4818291
4657632
4842419
4683122
4860380
4674522
4807419
4654581
4920760
4635790
4857915
4618352
4875876
4644325
4812300
4735618
4804399
4625277
4861254
4677591
4861278
4658344
4836392
4670642
4747600
4765016
4724265
4714095
4742073
4751444
4692659
4824246
4781754
4783587
4708325
4803024
4723168
4837930
4739312
4772501
4681156
4776127
4701400
4800432
4751130
4831998
4709113
4854621
4638839
4818870
4671439
4833767
4717357
4792574
4679889
4793396
4707045
4863119
4665024
4840282
4643963
4857508
4649569
4794532
4639145
4800331
4624295
4831502
4706453
4749743
4694896
4761651
4663949
4818566
4723269
4841522
4712265
4755490
4695476
4859768
4737305
4778731
4727043
4807106
4715861
4802904
4648573
4817438
4620034
4851720
4640535
4837927
4636098
4795603
4656540
4801978
4661033
4845997
4696449
4832315
4706808
4743646
4756937
4762176
4776973
4721477
4825358
4719886
4747035
4745604
4770053
4670109
4784985
4690959
4837982
4673267
4739325
4707102
4792972
4753753
4768003
4721798
4999990
4714498
4773372
4759909
4700386
4756627
4743569
4736112
4711619
4794706
4686011
4802165
4684500
4755234
4694984
4743640
4682967
4769498
4710023
4819031
4615749
4809417
4701654
4760229
4669254
4736130
4679692
4776630
4734382
4785888
4703390
4726017
4666776
4765781
4721130
4743484
4694024
4739578
4858401
4701581
4805190
4677192
4875088
4644041
4790189
4664257
4750459
4669652
4844432
4677550
4792954
4595719
4837491
4709156
4812328
4701687
4810316
4716300
4885815
4633043
4853317
4701059
4861415
4676166
4803426
4676723
4759730
4759853
4775031
4781422
4696001
4819667
4715208
4689412
4769970
4740849
4796024
4781776
4720806
4753463
4751343
4750468
4700964
4784650
4714651
4795467
4750707
4818495
4595538
4821956
4684427
4830577
4714092
4856457
4694340
4757353
4663543
4804891
4616375
4812704
4625484
4829135
4627050
4862356
4692098
4808476
4626229
4809792
4669985
4783725
4688484
4752333
4761504
4697381
4760226
4775007
4762811
4719859
4703699
4720393
4754610
4691513
4816715
4741358
4773102
4718704
4784241
4751446
4813327
4671107
4790588
4708201
4814212
4676274
4859674
4662863
4841910
4680892
4819780
4717503
4807222
4628116
4866271
4674165
4810178
4716175
4801844
4652553
4817659
4769747
4891359
4733661
4767667
4686646
4830578
4669076
4770882
4746900
4836858
4805807
4784958
4774668
4732016
4764899
4745687
4774995
4661505
4799282
4631636
4790244
4656421
4809564
4692714
4803216
4638936
4830206
4670751
4820829
4613566
4806254
4763829
4816584
4681604
4817525
4739043
4771513
4625172
4866731
4694076
4808573
4711165
4816127
4706210
4882618
4685921
4848606
4723735
4802473
4633289
4801905
4621194
4812682
4663123
4811073
4714312
4825417
4744164
4805994
4705791
4770672
4787332
4860465
4726202
4691989
4740756
4794431
4733284
4756395
4716076
4697527
4718184
4760813
4785478
4710864
4798128
4780341
4840028
4664182
4806765
4636833
4801098
4688030
4807251
4694299
4859106
4655579
4775095
4697044
4832609
4661160
4843376
4668022
4875579
4620409
4842219
4741036
4869607
4684267
4819529
4691795
4814450
4711449
4866926
4629991
4807876
4696062
4806499
4654297
4835750
4685287
4843306
4638150
4880884
4649906
4796995
4692519
4775185
4682526
4811541
4708884
4868184
4669874
4809673
4676512
4875585
4699463
4842028
4575136
4873833
4679025
4816624
4666877
4865597
4638615
4847396
4686827
4833214
4673866
4808248
4725810
4792989
4725693
4824579
4745291
4714109
4742560
4727191
4768528
4747982
4851893
4712847
4793019
4735368
4805417
4675618
4872649
4681457
4461665
4372660
4200008
4199991
4200000
4169678
4000007
3999992
3999984
4000023
3999992
4000007
4000000
3999992
4000000
4000007
4000000
3999992
4000007
3999992
4000000
4000000
4000000
4000007
3999992
4000007
4000000
3909084
