1841182
3421582
5100161
5099989
5100020
5099989
5100000
5100000
5100000
5100000
5100000
5100010
5100000
5099989
5100000
5100000
5100000
5100000
5100000
5100000
5100000
5099989
5100010
5100000
5100000
5095706
5097699
5094621
5094937
5094304
5094157
5093871
5094930
5099294
5095403
5100000
5097848
5100000
5100000
5098393
5100000
5099982
5099314
5099989
5100010
5100000
5100000
5100000
5100000
5100000
5100000
5100010
5099989
5100000
5100000
5100000
5100000
5100000
5100000
5100010
5099989
5100000
5100000
5100000
5100010
5099989
5100000
5099989
5100010
5100010
5099989
5100000
5100000
5100010
5099989
5100000
5100000
5100010
5099989
5100010
5099979
5100010
5100000
5100000
5100000
5100000
5100000
5100000
5100000
5100010
5100000
5099989
5100000
5099989
5100010
5100000
5100000
5100010
5099989
5100000
5100000
5100010
5099989
5100000
5100000
5099989
5100010
5100000
5100000
5100010
5099989
5100000
5100000
5100000
5100000
5100000
5100000
5100000
5100000
5100010
5099989
5099969
5100040
5099989
5100000
5100000
5100000
5100010
5099989
5100010
5099989
5100000
5099989
5100010
5100000
5100010
5099989
5100000
5100010
5099989
5100000
5100000
5100000
5100000
5100000
5100010
5099989
5100010
5099989
5100000
5100000
5100010
5099989
5100000
5100000
5100000
5100000
5100000
5100000
5100000
5100000
5100000
5100000
5100000
5100000
5100000
5100000
5100000
5100010
5099989
5100000
5100010
5100000
5099989
5100000
5100010
5099989
5099634
5100000
5100010
5100000
5099989
5100010
5099979
5100020
5099989
5099989
5100010
5097468
5100000
5100000
5100010
5095938
5099989
5099390
5099450
5099384
5099989
5100000
5097681
5095619
5098125
5091416
5100000
5100000
5100000
5099131
5099116
5099292
5100000
5099511
5098856
5096447
5099740
5100000
5100000
5098250
5096917
5096530
5099721
5098143
5095583
5100000
5098275
5098214
5100000
5100000
5100010
5099662
5100000
5100010
5097513
5100010
5097637
5096933
5099299
5100000
5099989
5099416
5099989
5100000
5100010
5099989
5100000
5100000
5100000
5100000
5099979
5100030
5099989
5100010
5100000
5099989
5100000
5099979
5100010
5100010
5100000
5100010
5099989
5100000
5100000
5100000
5099989
5100020
5099989
5100010
5099989
5100000
5100000
5100000
5100000
5100010
5099989
5100000
5100010
5099989
5100000
5099989
5100020
5099979
5100010
5100000
5100000
5100000
5100000
5100010
5100000
5100000
5100000
5099989
5100010
5100000
5099989
5100010
5099989
5100000
5100010
5099989
5100010
5100000
5099989
5100000
5100010
5099989
5100010
5100000
5099989
5100000
5100000
5100000
5100010
5100000
5099989
5100010
5099989
5100000
5099989
5100010
5100000
5100000
5100000
5100000
5100000
5100010
5100000
5099989
5100010
5099989
5100000
5099979
5100030
5100000
5099989
5100000
5100000
5100000
5099989
5100010
5100010
5100000
5099989
5100000
5100000
5100000
5100000
5100000
5100000
5100010
5099989
5099989
5100010
5100000
5100000
5100000
5099989
5100010
5100000
5100010
5099989
5100000
5100010
5099989
5100010
5099989
5100000
5100010
5099989
5100000
5100000
5100000
5100000
5100010
5099989
5100000
5100000
5100000
5100000
5100010
5100000
5100000
5100000
5099989
5099989
5100010
5100010
5099989
5100000
5100000
5100010
5099989
5100010
5099989
5100000
5100000
5100000
5100000
5100000
5100000
5100000
5100010
5099989
5100000
5100000
5100000
5100000
5100000
5100000
5100000
5100010
5099989
5100000
5100010
5099989
5100000
5100010
5099989
5100000
5100000
5100000
5100000
5100000
5100000
5100000
5100010
5099989
5100000
5100000
5100000
5100010
5100000
5099979
5100010
5100000
5100000
5100000
5100010
5099989
5100000
5100000
5100000
5100000
5100000
5100000
5100000
5100010
5099989
5100010
5099989
5100000
5100000
5100000
5100000
5100000
5100000
5100000
5100000
5100000
5100010
5099989
5100000
5100000
5100000
5100000
5100010
5099989
5100000
5100000
5100000
5100000
5100000
5100000
5100000
5100000
5100000
5100000
5100010
5099989
5100000
5100000
5100000
5100010
5099989
5100010
5099989
5100010
5100000
5100000
5099989
5100000
5100000
5100000
5100000
5100000
5100010
5099989
5100000
5100000
5100000
5100000
5100000
5100000
5100000
5100010
5099979
5100010
5100000
5100010
5100000
5099989
5100010
5099989
5100000
5100000
5100000
5100000
5100000
5100000
5100000
5100000
5100010
5099989
5098687
5099989
5100000
5100010
5099989
5100000
5100000
5100010
5099989
5100000
5100010
5099989
5100010
5099979
5100010
5100000
5100010
5099989
5100000
5100010
5099989
5100010
5099694
5100000
5100000
5100000
5100000
5099159
5100010
5099283
5099989
5100000
5100010
5099989
5100000
5099354
5100000
5099989
5099154
5099989
5100000
5100000
5100000
5100000
5100000
5100000
5100010
5097329
5100000
5100000
5100010
5099693
5100000
5100000
5099678
5100010
5100010
5099989
5100000
5098417
5100010
5099989
5100000
5099989
5100010
5099989
5100020
5099989
5100000
5100000
5100000
5100000
5100010
5099989
5100000
5100000
5100000
5100010
5099989
5100000
5100000
5100000
5100000
5100000
5100000
5100000
5100010
5099989
5099979
5100030
5099989
5100000
5100000
5100000
5100000
5100000
5100010
5099979
5100010
5100000
5100000
5100000
5100000
5100000
5100010
5100000
5099989
5099989
5100010
5100000
5100000
5100000
5100000
5100010
5099989
5100000
5100010
5099989
5100010
5099989
5100010
5099989
5099979
5100020
5100000
5100010
5099989
5100000
5100000
5100000
5100000
5100000
5100000
5100000
5100000
5100000
5100000
5100000
5100000
5100000
5100000
5100010
5099989
5100000
5099989
5100010
5100000
5100010
5100000
5099989
5100000
5100000
5100000
5100000
5100000
5100000
5100000
5100010
5099989
5100000
5100010
5100000
5099989
5100000
5100000
5100010
5100000
5099979
5100010
5100000
5100000
5100000
5100000
5100000
5100000
5100000
5100000
5100000
5100000
5099989
5100010
5100000
5100000
5100010
5100000
5099989
5100000
5100000
5100000
5100000
5100000
5100000
5100000
5099979
5100020
5100000
5100000
5100000
5100000
5100000
5100000
5100000
5100000
5100000
5100010
5100000
5099989
5100000
5100000
5100000
5099979
5100030
5099989
5100000
5100000
5100010
5099989
5100000
5100000
5100000
5100000
5100000
5100000
5100000
5100000
5100010
5099989
5100000
5100000
5100010
5099989
5099989
5100020
5099989
5100000
5100010
5099989
5100000
5100010
5099989
5100000
5099979
5100020
5100000
5100010
5100000
5099989
5100000
5100000
5100010
5099989
5100000
5100000
5100010
5099989
5100000
5100010
5100000
5099989
5100000
5100000
5100000
5100010
5099989
5100000
5100000
5100000
5100010
5099989
5100000
5100000
5100010
5099989
5100000
5100000
5100010
5099989
5100000
5100000
5099989
5100010
5100010
5099989
5100000
5100000
5100000
5100000
5100000
5100000
5100000
5100000
5099989
5100010
5100000
5100000
5100000
5100000
5100000
5100010
5100000
5100000
5099989
5100000
5100010
5099989
5100000
5100000
5099989
5100010
5100000
5100000
5100000
5100010
5099989
5100010
5099989
5100010
5099969
5100020
5100000
5100010
5099989
5100010
5099989
5100000
5100000
5100000
5100000
5100000
5100000
5100010
5099989
5099979
5100020
5100000
5100000
5100000
5100000
5100000
5100000
5100000
5100010
5099989
5100000
5100000
5100000
5099989
5100010
5100000
5100000
5100010
5099989
5100000
5100000
5100000
5100000
5100000
5100000
5100000
5100010
5099989
5100000
5100000
5100000
5100000
5100000
5100000
5100000
5100000
5100010
5099989
5099989
5100010
5100000
5100010
5100000
5099989
5100010
5100000
5099989
5100000
5100000
5065985
5100000
5100000
5100000
5100010
5099989
5100010
5099989
5100000
5100000
5099979
5100020
5100010
5099989
5100010
5099979
5100010
5100000
5100000
5100010
5100000
5099989
5100010
5099989
5100000
5100000
5100000
5100000
5100000
5100000
5100000
5100000
5100000
5100010
5099989
5100000
5100000
5100000
5100000
5100000
5100000
5100000
5100000
5100000
5099989
5100010
5099989
5100020
5099989
5100000
5100000
5099989
5100010
5100000
5100000
5100000
5100000
5100010
5099989
5100000
5100000
5100010
5100000
5099989
5100000
5100000
5100000
5100010
5100000
5100000
5099989
5100000
5100010
5100000
5100000
5100000
5099989
5100000
5100000
5100000
5100000
5100000
5100000
5100000
5100000
5100000
5100000
5100000
5100000
5100000
5099979
5100030
5099989
5100000
5100000
5100010
5099989
5100000
5099989
5100010
5100000
5100010
5099979
5100010
5099989
5100020
5099989
5099989
5100010
5100000
5100000
5100010
5099989
5100000
5100000
5100000
5100000
5100000
5099989
5100020
5099989
5100000
5100010
5100000
5099989
5100010
5099989
5100000
5100000
5100000
5100000
5100000
5100010
5100000
5100000
5099989
5100000
5100000
5100000
5100000
5100000
5100000
5100010
5099979
5100010
5100000
5100000
5099989
5100010
5099989
5100010
5100000
5100000
5100000
5100000
5099989
5100010
5100000
5100000
5100000
5100000
5100000
5099979
5100020
5100000
5100000
5100000
5100000
5100000
5100000
5100000
5099989
5100020
5099989
5100010
5099989
5100000
5100000
5100000
5100000
5099989
5100010
5100010
5099989
5100000
5100010
5099989
5100000
5100000
5100010
5100000
5099989
5100010
5099989
5100000
5100000
5100000
5100000
5100000
5100010
5099979
5100010
5100000
5100000
5100000
5100000
5100010
5100000
5100000
5099989
5100000
5100000
5100000
5099989
5100010
5099989
5100020
5099989
5100000
5099989
5100010
5100000
5100000
5100000
5100000
5100000
5100000
5100000
5100000
5100010
5099989
5100000
5099969
5100030
5100010
5099989
5100000
5100000
5100000
5100000
5100000
5100000
5099989
5100000
5100010
5100000
5100000
5100000
5100000
5100000
5100010
5099989
5100000
5100000
5100000
5100000
5100000
5100010
5099989
5100000
5100000
5100010
5099989
5100000
5100000
5100000
5100000
5100000
5100000
5100000
5100000
5100010
5100000
5099989
5100000
5100000
5100000
5100000
5100000
5100000
5100010
5099989
5100010
5099989
5100000
5100010
5100000
5099989
5100000
5100000
5100000
5099989
5100010
5100000
5100000
5100000
5100000
5100000
5100000
5100000
5100000
5099989
5100010
5100000
5065486
5100000
5100000
5100000
5100000
5099989
5100020
5099989
5100010
5099989
5100010
5099989
5100010
5099989
5100000
5100000
5100000
5100000
5100000
5099989
5100010
5100000
5100010
5100000
5099989
5100010
5099989
5100010
5099989
5099989
5100010
5100010
5100000
5099989
5100010
5099989
5100000
5100000
5100000
5100000
5100000
5100000
5100010
5099989
5100000
5099989
5100010
5100000
5100000
5100000
5099989
5100010
5100000
5100000
5100000
5100000
5100010
5100000
5099989
5099989
5100010
5100000
5100000
5100000
5100000
5100000
5100000
5100000
5100010
5100000
5100000
5099989
5099979
5100020
5100000
5100010
5100000
5100000
5100000
5099989
5100010
5099989
5100000
5100000
5100000
5099989
5100010
5099979
5100020
5100000
5100000
5100000
5100000
5100000
5100000
5100000
5100000
5100000
5100010
5099989
5100010
5087428
5100010
5100000
5100000
5100010
5099989
5100000
5100000
5100000
5100000
5100000
5100000
5100010
5100000
5099989
5100000
5100000
5100000
5100000
5100000
5100010
5099989
5099979
5100020
5100000
5100000
5100000
5100000
5100000
5100000
5100010
5100000
5100000
5099989
5100000
5100000
5100000
5100000
5100000
5099979
5100020
5100000
5100000
5100000
5100000
5100000
5099989
5100010
5100010
5099989
5100000
5100010
5099969
5100020
5100000
5100010
5099989
5100000
5100000
5100000
5100000
5100000
5100000
5100000
5100000
5100000
5100000
5100000
5100000
5100000
5100000
5100000
5100000
5100000
5100000
5100000
5100000
5100010
5099989
5100000
5100000
5100000
5099989
5100010
5100010
5099989
5100000
5100000
5100000
5100000
5100000
5100000
5100000
5100010
5099979
5100000
5099989
5100030
5099989
5100010
5099979
5100010
5100010
5100000
5100000
5100000
5100000
5099989
5100000
5100000
5099979
5100020
5100010
5100000
5099989
5100000
5100000
5099989
5100010
5100000
5099989
5100010
5100000
5100000
5100000
5100000
5100000
5100000
5099989
5100010
5100010
5099989
5100010
5099989
5100000
5100000
5100000
5100010
5099989
5100000
5083571
5100000
5100000
5100010
5100000
5099989
5100010
5099989
5099979
5100020
5100000
5100000
5100000
5100000
5100000
5100000
5100000
5100000
5100000
5100000
5100000
5100000
5100010
5100000
5099989
5100010
5099989
5100010
5100000
5099989
5100000
5100000
5100000
5100000
5100000
5100000
5100010
5100000
5099989
5100010
5099969
5100020
5100000
5100000
5100000
5100010
5099989
5100000
5100000
5100000
5100000
5100000
5100010
5099989
5100000
5100000
5100000
5100000
5100010
5099989
5100000
5099989
5100010
5100000
5100000
5100000
5100000
5100000
5100010
5100000
5099989
5100000
5100000
5099989
5100010
5100000
5100010
5099989
5100000
5100000
5100000
5100000
5100000
5100000
5100000
5100000
5100000
5100000
5100000
5100000
5100000
5100000
5100000
5100000
5100000
5100000
5100000
5100000
5099989
5100010
5100000
5076072
5100000
5100000
5100000
5100000
5099989
5100020
5099989
5100010
5099989
5100010
5099989
5100000
5100000
5100010
5099989
5100000
5100000
5100000
5100000
5099989
5100020
5099989
5099989
5100020
5099989
5100010
5099989
5100000
5100000
5100000
5100000
5100010
5100000
5099989
5100000
5100010
5099989
5100000
5100000
5100000
5100000
5100000
5100000
5099989
5100010
5100000
5100000
5100000
5100000
5100000
5100000
5100000
5100000
5100000
5100000
5100000
5100000
5100000
5100010
5099989
5100000
5099989
5100010
5100000
5100000
5099979
5100020
5100000
5100000
5100000
5100000
5100000
5100010
5099989
5100010
5099989
5100000
5100000
5100000
5100000
5100000
5100000
5100010
5100000
5099989
5100000
5100000
5100000
5100010
5099989
5100000
5100000
5100010
5099989
5100010
5099989
5100000
5100010
5099979
5100010
5100000
5100000
5100000
5100010
5099989
5100010
5100000
5099989
5100000
5100000
5100000
5100000
5100000
5100000
5100000
5100000
5100000
5100000
5100000
5100000
5100000
5100000
5099979
5100020
5100010
5100000
5099989
5100000
5100000
5100000
5100000
5100000
5100000
5100000
5100010
5099989
5100010
5099989
5100000
5100010
5100000
5100000
5099989
5100000
5100000
5100000
5100000
5100010
5099989
5100000
5100000
5100000
5100000
5100000
5100000
5100000
5100000
5100000
5100000
5100000
5100000
5100000
5100010
5099989
5072291
5100020
5099989
5100000
5100000
5100000
5100000
5100000
5100000
5100000
5100000
5100000
5100000
5100010
5100000
5099979
5100010
5100000
5100000
5100000
5100000
5100000
5100000
5100000
5100000
5100010
5099989
5100000
5100000
5100000
5100000
5100000
5100000
5100000
5100010
5099989
5100010
5099989
5100010
5099989
5100000
5100010
5099979
5100010
5100000
5100000
5100010
5099979
5100020
5099989
5100000
5100000
5100000
5100010
5099989
5100000
5099989
5100010
5100000
5100000
5100000
5099989
5100010
5100000
5100000
5100010
5100000
5100000
5099989
5100000
5099989
5099989
5100020
5100000
5100010
5099989
5100010
5099989
5100000
5099979
5100030
5099989
5100000
5100000
5100010
5099989
5100000
5100000
5100000
5100010
5099989
5100000
5100000
5100000
5100000
5100000
5099979
5100020
5100010
5099989
5100010
5099989
5100000
5100000
5100000
5100000
5100000
5100000
5100000
5100000
5100000
5100000
5099989
5100010
5100000
5100000
5100000
5099979
5100020
5100010
5099989
5100000
5100000
5100000
5100000
5099989
5100010
5100000
5100000
5100010
5099979
5100010
5100000
5100000
5099979
5100020
5100000
5100000
5099979
5100020
5100000
5100000
5100000
5100000
5100000
5100000
5100000
5100000
5100000
5100000
5100000
5100000
5100000
5100000
5100010
5099989
5100000
5100000
5100000
5100000
5100000
5100000
5100000
5100000
5100000
5100000
5100000
5099989
5100010
5100000
5100000
5100000
5100000
5100000
5100000
5100000
5100000
5100000
5100000
5100000
5100000
5100000
5100000
5100000
5100000
5100000
5100000
5100000
5100010
5099989
5100000
5100000
5100000
5100000
5100000
5100000
5100000
5099989
5100020
5099989
5100000
5100000
5100000
5100000
5100000
5100010
5099989
5100000
5100010
5099979
5100010
5100000
5100000
5100010
5099989
5100000
5099979
5100020
5100000
5100000
5100000
5100000
5100010
5099989
5100000
5100000
5100010
5099989
5100010
5099979
5100000
5100010
5100010
5099989
5100010
5099989
5100000
5100000
5100000
5100000
5100000
5100000
5100010
5100000
5100000
5099979
5100010
5100010
5100000
5099989
5100000
5100000
5100010
5099989
5100000
5100000
5099989
5100010
5100000
5100000
5100010
5099989
5100000
5100000
5100010
5099989
5100010
5099989
5100000
5100000
5100010
5099989
5100010
5100000
5100000
5100000
5099989
5100000
5099979
5100020
5100000
5100000
5100010
5099989
5100010
5099989
5100000
5099989
5100010
5100000
5100000
5072610
5100000
5100000
5100000
5100000
5100000
5100010
5100000
5099989
5100000
5100000
5100000
5100000
5100000
5100000
5100010
5099989
5100000
5100000
5100000
5099989
5100000
5100020
5099989
5100000
5100000
5100010
5099989
5100000
5100000
5100000
5100010
5100000
5099979
5100010
5100010
5099989
5100000
5100010
5099989
5100000
5100000
5099989
5100010
5099989
5100010
5099909
5099989
5100000
5100000
5100000
5100000
5100000
5100000
5100000
5100000
5100000
5100000
5100010
5099989
5100000
5100000
5100000
5100000
5100000
5097684
5099692
5100010
5100010
5099989
5100000
5098158
5100000
5100010
5099989
5100000
5097704
5098755
5100010
5099989
5100010
5100000
5100000
5100000
5100000
5100000
5099451
5099510
5098905
5096759
5100000
5100010
5099989
5100010
5100000
5099989
5100000
5100000
5100000
5099989
5100020
5100000
5099989
5100000
5099979
5100020
5100000
5100000
5100000
5099989
5100010
5100000
5100000
5100000
5091553
5100000
5100000
5100000
5100000
5100000
5100000
5100000
5100000
5100000
5099979
5100020
5100000
5100000
5100000
5099989
5100010
5099873
5100000
5100000
5098249
5099670
5099989
5099531
5098551
5100000
5100000
5100010
5099989
5100010
5095748
5099257
5099989
5100000
5098186
5100000
5100010
5099989
5097728
5100000
5099989
5100000
5100000
5099787
5100000
5097692
5099979
5098973
5098744
5100000
5100000
5099792
5100010
5099989
5100000
5100000
5100000
5100000
5100000
5099841
5100000
5100000
5100000
5100000
5100000
5100000
5100000
5100000
5100000
5100000
5100000
5100000
5100000
5100000
5099989
5100010
5100000
5100000
5100000
5100000
5100000
5100000
5100010
5099989
5100000
5100000
5100000
5100000
5100000
5100000
5100000
5100000
5100000
5100010
5099989
5100000
5099979
5100020
5100000
5100000
5100000
5100000
5100000
5100000
5100000
5100000
5100000
5100000
5100000
5099989
5100020
5099989
5100000
5100000
5100000
5099989
5100010
5100000
5100000
5100000
5100000
5100000
5100000
5100010
5099989
5100000
5100000
5100010
5099989
5100010
5099989
5100000
5100010
5100000
5099989
5099989
5100010
5100000
5100000
5100010
5099989
5100000
5100010
5099989
5100000
5100000
5099979
5100020
5100000
5100010
5099979
5100010
5100000
5100000
5100000
5100000
5100000
5100010
5099989
5100000
5100000
5099989
5100020
5099989
5100000
5100000
5100000
5100010
5099989
5100000
5100000
5100000
5099989
5100000
5100020
5099979
5100000
5100020
5099989
5100000
5100010
5099979
5100010
5100010
5099989
5100000
5100000
5100010
5099989
5100000
5100000
5100000
5100000
5100010
5100000
5099989
5100000
5100010
5099989
5100010
5100000
5099969
5100020
5100000
5100010
5100000
5099989
5099979
5100020
5100000
5100010
5099989
5100000
5100000
5100000
5100000
5100000
5100000
5100000
5100010
5099989
5100000
5100000
5100010
5099989
5100000
5099989
5100010
5100000
5100000
5100000
5100000
5100000
5100010
5099989
5100000
5100000
5100000
5100000
5099989
5100020
5099989
5100000
5100000
5100000
5099989
5100010
5100000
5099989
5100010
5100000
5100000
5100000
5100000
5099989
5100010
5100010
5100000
5099989
5100000
5100000
5100010
5099989
5100010
5099969
5100020
5100010
5099989
5100000
5100000
5100000
5100000
5100000
5100000
5100000
5100010
5099989
5100000
5100000
5100000
5100000
5100010
5100000
5099989
5100000
5100000
5100000
5100000
5099989
5100020
5099989
5100000
5100000
5099989
5100020
5099979
5100010
5100010
5099989
5100000
5100000
5100010
5099989
5100000
5100000
5100010
5099989
5100000
5100000
5100000
5099979
5100020
5100000
5100000
5100000
5099989
5100020
5099989
5100000
5100000
5100000
5099979
5100020
5100000
5100000
5100000
5099989
5100010
5100000
5100000
5099989
5100010
5100010
5099989
5100000
5099989
5100010
5100010
5100000
5099989
5100000
5100000
5100000
5100000
5100010
5099989
5099989
5100010
5100000
5100010
5099979
5100010
5099989
5100010
5100000
5100000
5099989
5100010
5100000
5100000
5100000
5100000
5100000
5100010
5099989
5100010
5099989
5100000
5100000
5100000
5100000
5100000
5100000
5100000
5100000
5100000
5100000
5100000
5100000
5100000
5100000
5100010
5099989
5100010
5099989
5100000
5100000
5099989
5100020
5099989
5100000
5100000
5100000
5100000
5100000
5100000
5100000
5100000
5099989
5100010
5100000
5099989
5100010
5100000
5100000
5070155
5100000
5100000
5100010
5099989
5100000
5100000
5099989
5100020
5099989
5100000
5100010
5099989
5100000
5099989
5100010
5100000
5100000
5099979
5100010
5100010
5100000
5100010
5099989
5100000
5100010
5099989
5100000
5100000
5100000
5100000
5100000
5100000
5100000
5100000
5100010
5099989
5100010
5099989
5100000
5100000
5100000
5100000
5100000
5100000
5100000
5100000
5100000
5100000
5100000
5100000
5099989
5100010
5100000
5100000
5100000
5100000
5100010
5100000
5099989
5100010
5100000
5099989
5100000
5100010
5099989
5100000
5100000
5100000
5100010
5099969
5100020
5100000
5099979
5100020
5100000
5100010
5099989
5100010
5100000
5099989
5100000
5100000
5100010
5099989
5100000
5100000
5100000
5100000
5099989
5100010
5100000
5100000
5100000
5100000
5100010
5099989
5100000
5100000
5100000
5100000
5100000
5100000
5100000
5100000
5100010
5099989
5100000
5100000
5100000
5100010
5099989
5100000
5100000
5100000
5100000
5100010
5099989
5100010
5099989
5100000
5100000
5100000
5099989
5100010
5100000
5100010
5099989
5100000
5100000
5100010
5099989
5100000
5100000
5100000
5100000
5100000
5099989
5100010
5100000
5100010
5099979
5100010
5100000
5100000
5100010
5099989
5100000
5100000
5100000
5100010
5099989
5100000
5100000
5100000
5100000
5100010
5099989
5100000
5100000
5099989
5100010
5100000
5100000
5100000
5100010
5099979
5100010
5100000
5100010
5099989
5100010
5099989
5100000
5100010
5099989
5100010
5099989
5100010
5100000
5099989
5100000
5100000
5099979
5100020
5100000
5100000
5100000
5100000
5100000
5099989
5100010
5100000
5100000
5100010
5099989
5099989
5100010
5100010
5099989
5100000
5100010
5099969
5100030
5100000
5100000
5099989
5100000
5100000
5100000
5100000
5099989
5100010
5100000
5099989
5100010
5100000
5099979
5100020
5100000
5100000
5100000
5100000
5100000
5100010
5099989
5100000
5100000
5100000
5100000
5100010
5099989
5100000
5099989
5100010
5100000
5100000
5100000
5100000
5100000
5100000
5100010
5100000
5099989
5100010
5099989
5100000
5100000
5100000
5100000
5100010
5100000
5099979
5100020
5099989
5100000
5100010
5099989
5100000
5100000
5100000
5099979
5100020
5100000
5100000
5100000
5073585
5100000
5100000
5099989
5100010
5100000
5100000
5100000
5100000
5100000
5100000
5100000
5100000
5100010
5099989
5100000
5100010
5099989
5100000
5100000
5100000
5100000
5100000
5100000
5100000
5100010
5099989
5100000
5099979
5100030
5099989
5100000
5100000
5100000
5100000
5100000
5100000
5100010
5099979
5100010
5100000
5100000
5100000
5100000
5100000
5100000
5100000
5100000
5099989
5100010
5100000
5100010
5099969
5100020
5100000
5100010
5100000
5100000
5099989
5100000
5100010
5099989
5099989
5100010
5100000
5100000
5100000
5100000
5100010
5100000
5099989
5100000
5100000
5100000
5100000
5100000
5100000
5100000
5100000
5100000
5099979
5100020
5100000
5100000
5100010
5099989
5100000
5100010
5099989
5100010
5099989
5099989
5100010
5100000
5100010
5099989
5100000
5100000
5100010
5099989
5100000
5100000
5100000
5100010
5099989
5100010
5100000
5099989
5100000
5099979
5100030
5099989
5100000
5100000
5100000
5100010
5099989
5100000
5100000
5099989
5100010
5100010
5100000
5099989
5100000
5100000
5099989
5100010
5100000
5100010
5099989
5100000
5100000
5100000
5100000
5100000
5100000
5100000
5100000
5100000
5062460
5100000
5100000
5100000
5100000
5100000
5100000
5099989
5100010
5100000
5100000
5100000
5100000
5100000
5100000
5099979
5100020
5100000
5100000
5100000
5100000
5100000
5100010
5099989
5100000
5100000
5099989
5100020
5100000
5100000
5099989
5100000
5100000
5100000
5100000
5100000
5100010
5099989
5100000
5100000
5100000
5100000
5099979
5100020
5100000
5100000
5100010
5099989
5100000
5100000
5100000
5100000
5100000
5100010
5099989
5100000
5100000
5100000
5100000
5100000
5100000
5100000
5100000
5100000
5100000
5100000
5100010
5100000
5099989
5100000
5100010
5100000
5097737
5100020
5100000
5095540
5097709
5099989
5099547
5100000
5098128
5099574
5099989
5100000
5098922
5098772
5100010
5100000
5097178
5100000
5094408
5097526
5100000
5097544
5100000
5100000
5097703
5099989
5099615
5099298
5099388
5100000
5097685
5098337
5097689
5100000
5100000
5100000
5100000
5100000
5097692
5098653
5099989
5098180
5098900
5097693
5100000
5100000
5100000
5097772
5100010
5099979
5097847
5098061
5100000
5098545
5098952
5097363
5097788
5098239
5099494
5097724
5095503
5098747
5096389
5100010
5095254
5099717
5097691
5096063
5098291
5096795
5096681
5097153
5099377
5099989
5100020
5096557
5100000
5100010
5097343
5092717
5095850
5097254
5096287
5098900
5100010
5097995
5099697
5097682
5097705
5095152
5097344
5093120
5097332
5094803
5097756
5099697
5089916
5097688
5095302
5095320
5099515
5095602
5096373
5095314
5094804
5097681
5094006
5093555
5097442
5092450
5097223
5098190
5099989
5095184
5094855
5095642
5098132
5096182
5095641
5096478
5099057
5095665
5091972
5094678
5095435
5095399
5095362
5095319
5092442
5094991
5094998
5093059
5096444
5094306
5091170
5093588
5094928
5097377
5097268
5094044
5095597
5093049
5095950
5093060
5090443
5092660
5091190
5100010
5088845
5097296
5092904
5091361
5088374
5094098
5091482
5094982
5093743
5093048
5096552
5094324
5096200
5088018
5094845
5094239
5094896
5089663
5095317
5099989
5092424
5092649
5088031
5095096
5091263
5094084
5096459
5095355
5093078
5091331
5097392
5093357
5088007
5090508
5091476
5093739
5096300
5095385
5095721
5093105
5095862
5090800
5090102
5095395
5090312
5098865
5091561
5095591
5090523
5094337
5095389
5094230
5089078
5094801
5096491
5090750
5097236
5094746
5087213
5097595
5092744
5091695
5089442
5091173
5090543
5099213
5095078
5095466
5094795
5094520
5095246
5092647
5091874
5097317
5089431
5099163
5092179
5091983
5094613
5092010
5095373
5090479
5087581
5092670
5089158
5091798
5093270
5091770
5095383
5088398
5091857
5091226
5092716
5092424
5094438
5085701
5085828
5090324
5090545
5091508
5097702
5088400
5088363
5087686
5090717
5093524
5086399
5096639
5089832
5088872
5094950
5095340
5088413
5093078
5091060
5092664
5092899
5089202
5085883
5088007
5091767
5100000
5100010
5099989
5095935
5099914
5100000
5100000
5100000
5100000
5099279
5100000
5094705
5085985
5085696
5088157
5088431
5092243
5085686
5083333
5087990
5088079
5088400
5087585
5095389
5096781
5100010
5100000
5083752
5100000
5096730
5090337
5089760
5089147
5088034
5092716
5100000
5100000
5099989
5099588
5100000
5100010
5099989
5100000
5100000
5100000
5100000
5100010
5099989
5100000
5099989
5100010
5100000
5100010
5099989
5099646
5098615
5095991
5094779
5095303
5092671
5085688
5096115
5089241
5094445
5047661
5092738
5090814
5096136
5098847
5100000
5097083
5099612
5100000
5090861
5086082
5095371
5093670
5100010
5094338
5091187
5098598
5094288
5093070
5091391
5092660
5092749
5099141
5100030
5099989
5093093
5087996
5096396
5100000
5100000
5100000
5100000
5097091
5093061
5090879
5094819
5095229
5093225
5097938
5097714
5093059
5091493
5098552
5099778
5100000
5100000
5097476
5095294
5098646
5100020
5100000
5099989
5100000
5100000
5100000
5100000
5100000
5100010
5099989
5100000
5099989
5100020
5099989
5100000
5100000
5100000
5100000
5100000
5100000
5100000
5100000
5100000
5100000
5100000
5100000
5100000
5100010
5100000
5099989
5100000
5100000
5100000
5100000
5100000
5100000
5100000
5100000
5099989
5100010
5100000
5100000
5100000
5100000
5100000
5100010
5099989
5100000
5100010
5099989
5100010
5099989
5100000
5100000
5099989
5100010
5100000
5100000
5100010
5099989
5100000
5099989
5100020
5099989
5100010
5099989
5100000
5100000
5100000
5100000
5100000
5100000
5100000
5100000
5100010
5100000
5099989
5100000
5100000
5100000
5100000
5100000
5100000
5100000
5100000
5100000
5100010
5099989
5099989
5100010
5100010
5099989
5100000
5100010
5099989
5100000
5100000
5100000
5100010
5099989
5100010
5099989
5100000
5100010
5099989
5099989
5100010
5100000
5100000
5100000
5100010
5099969
5100020
5100000
5100000
5100000
5100010
5099989
5100000
5100000
5100000
5099989
5100010
5100000
5100010
5099989
5100010
5099979
5100020
5099989
5100000
5100000
5100000
5100000
5100000
5100000
5100000
5100000
5100010
5099989
5100010
5099989
5100000
5100000
5100000
5099989
5100020
5100000
5099989
5100000
5100000
5100000
5100000
5100000
5099979
5100020
5100010
5099989
5100000
5100000
5100010
5099989
5100000
5100000
5100000
5100000
5100000
5100000
5100000
5100000
5100010
5100000
5099969
5100030
5099989
5100000
5100000
5100000
5100010
5099979
5100010
5100010
5099989
5100000
5100000
5100010
5100000
5099989
5100000
5099989
5100010
5100000
5100000
5100010
5099989
5100000
5100000
5100010
5099989
5100000
5100000
5100000
5100000
5100010
5100000
5099989
5100000
5099979
5100030
5100000
5099989
5100000
5100000
5100000
5100010
5099989
5100010
5100000
5099989
5100000
5100000
5100000
5100010
5099989
5100000
5100000
5100000
5100010
5099989
5100000
5100000
5100000
5100000
5100000
5100000
5100000
5100000
5100000
5100000
5100000
5100000
5100010
5099989
5100000
5100010
5099989
5099989
5100010
5100000
5100000
5100000
5100000
5100000
5100000
5100010
5099989
5100000
5100000
5099979
5100020
5100010
5099989
5100000
5100000
5100000
5100000
5100010
5099989
5100000
5100000
5100000
5100000
5100010
5100000
5099989
5100000
5100000
5100010
5099989
5099989
5100010
5100000
5100010
5099989
5100000
5100010
5099989
5100000
5100000
5100000
5100000
5099979
5100030
5100000
5100000
5099989
5100000
5100010
5099989
5100000
5100000
5100010
5099989
5100010
5099979
5100010
5100000
5100000
5100010
5099989
5100000
5100000
5099989
5100010
5100000
5100000
5100010
5099989
5100000
5100000
5100000
5100000
5100000
5100000
5100010
5099989
5100000
5100000
5100000
5100000
5100000
5100000
5100000
5100000
5100000
5100000
5100010
5099989
5100000
5100010
5099989
5100000
5100000
5100000
5100000
5099979
5100020
5100000
5100000
5100000
5100000
5100000
5100000
5100000
5100000
5100000
5071675
5100000
5100000
5100000
5099989
5100010
5100000
5100000
5100000
5099979
5100020
5100000
5100010
5099989
5100010
5099989
5100000
5099989
5100010
5100000
5100000
5100000
5100010
5099989
5100000
5100000
5100010
5099989
5100000
5100000
5100000
5100000
5100000
5100000
5100000
5100000
5100010
5099989
5100000
5100010
5099989
5100000
5100000
5100000
5100000
5100000
5099989
5100020
5099969
5100020
5099989
5100020
5099989
5100000
5100000
5100000
5100000
5100000
5100000
5100000
5100000
5100000
5100010
5100000
5099989
5100000
5100010
5099989
5100000
5100000
5100000
5100010
5099979
5100010
5100010
5099989
5100000
5100010
5099989
5099989
5100010
5099989
5100010
5100000
5100000
5100000
5100000
5100000
5100000
5089994
5100000
5100010
5099989
5100000
5099989
5100010
5099979
5100020
5100000
5100000
5100000
5100000
5100000
5100000
5100000
5100010
5100000
5099989
5100000
5100000
5100000
5100000
5100000
5100000
5100000
5100000
5100000
5100000
5100000
5100000
5100000
5100000
5100000
5100000
5100000
5100000
5100000
5100000
5100000
5100010
5099979
5100020
5099989
5100000
5099979
5100020
5100000
5100000
5100010
5100000
5099989
5099979
5100020
5100000
5100000
5100000
5100000
5100000
5100000
5100010
5099989
5100000
5100000
5100010
5099989
5100000
5100000
5100010
5099989
5100000
5100000
5100010
5099989
5100000
5099979
5100020
5100000
5100000
5100000
5100000
5100010
5099989
5100000
5099989
5100020
5100000
5099989
5100010
5099989
5100000
5100000
5100000
5100000
5100000
5100000
5100000
5100000
5100000
5100000
5100000
5100000
5099979
5100020
5100000
5100000
5100010
5100000
5099989
5100010
5100000
5100000
5099989
5099979
5100030
5099989
5100010
5099989
5100000
5100010
5100000
5099979
5100010
5100000
5100000
5100000
5100000
5100000
5100010
5100000
5099989
5100010
5099989
5100000
5100000
5100000
5100000
5100000
5100010
5099989
5100000
5100010
5100000
5099989
5100000
5100000
5100000
5100000
5099989
5100020
5099989
5100000
5100000
5100010
5099989
5100010
5099989
5100010
5100000
5099989
5099989
5100010
5100010
5099989
5100010
5100000
5099979
5100010
5100010
5099989
